10.0.0.51 - - [09/May/2026:05:40:44 +0000] "GET /api/users HTTP/1.1" 200 44049 "-" "Mozilla/5.0 (X11; Linux x86_64) AppleWebKit/537.36"
203.0.113.45 - - [09/May/2026:05:46:27 +0000] "GET /index.html HTTP/1.1" 200 36153 "-" "Mozilla/5.0 (X11; Linux x86_64) AppleWebKit/537.36"
93.184.216.34 - - [09/May/2026:05:47:19 +0000] "GET /api/search HTTP/1.1" 200 41225 "https://example.com/" "Mozilla/5.0 (Macintosh; Intel Mac OS X 10_15_7) AppleWebKit/537.36"
10.0.1.100 - - [09/May/2026:06:03:39 +0000] "POST /index.html HTTP/1.1" 200 36183 "-" "curl/7.68.0"
172.16.0.20 - - [09/May/2026:06:15:41 +0000] "GET /static/js/app.js HTTP/1.1" 200 16544 "https://example.com/" "Mozilla/5.0 (Macintosh; Intel Mac OS X 10_15_7) AppleWebKit/537.36"
172.16.0.10 - - [09/May/2026:06:13:06 +0000] "GET /index.html HTTP/1.1" 200 46390 "https://example.com/" "Mozilla/5.0 (Windows NT 10.0; Win64; x64) AppleWebKit/537.36"
192.168.1.100 - - [09/May/2026:06:34:14 +0000] "GET /api/users HTTP/1.1" 200 30954 "https://example.com/" "Mozilla/5.0 (Macintosh; Intel Mac OS X 10_15_7) AppleWebKit/537.36"
192.168.1.101 - - [09/May/2026:06:43:29 +0000] "GET /api/users HTTP/1.1" 200 38884 "https://example.com/" "Python-urllib/3.8"
192.168.1.102 - - [09/May/2026:06:39:27 +0000] "GET /index.html HTTP/1.1" 200 8543 "-" "Python-urllib/3.8"
10.0.0.50 - - [09/May/2026:06:55:54 +0000] "GET /api/users HTTP/1.1" 200 17034 "https://example.com/" "Mozilla/5.0 (Windows NT 10.0; Win64; x64) AppleWebKit/537.36"
172.16.0.20 - - [09/May/2026:06:56:01 +0000] "GET /static/css/style.css HTTP/1.1" 200 47652 "https://example.com/" "Python-urllib/3.8"
198.51.100.23 - - [09/May/2026:07:17:41 +0000] "GET / HTTP/1.1" 200 23306 "-" "Mozilla/5.0 (Macintosh; Intel Mac OS X 10_15_7) AppleWebKit/537.36"
192.168.1.100 - - [09/May/2026:07:26:05 +0000] "POST /api/products HTTP/1.1" 200 15752 "https://example.com/" "Mozilla/5.0 (Macintosh; Intel Mac OS X 10_15_7) AppleWebKit/537.36"
93.184.216.34 - - [09/May/2026:07:23:07 +0000] "GET /images/logo.png HTTP/1.1" 200 16928 "https://example.com/" "curl/7.68.0"
192.168.1.100 - - [09/May/2026:07:32:53 +0000] "GET /images/logo.png HTTP/1.1" 200 15026 "https://example.com/" "Mozilla/5.0 (Macintosh; Intel Mac OS X 10_15_7) AppleWebKit/537.36"
10.0.1.100 - - [09/May/2026:07:46:48 +0000] "GET / HTTP/1.1" 200 9792 "-" "Mozilla/5.0 (X11; Linux x86_64) AppleWebKit/537.36"
93.184.216.34 - - [09/May/2026:07:49:53 +0000] "GET /index.html HTTP/1.1" 200 46690 "https://example.com/" "Mozilla/5.0 (Windows NT 10.0; Win64; x64) AppleWebKit/537.36"
93.184.216.34 - - [09/May/2026:08:00:08 +0000] "GET /images/logo.png HTTP/1.1" 200 4012 "-" "curl/7.68.0"
172.16.0.20 - - [09/May/2026:08:04:32 +0000] "PATCH /api/products HTTP/1.1" 200 9735 "https://example.com/" "Mozilla/5.0 (X11; Linux x86_64) AppleWebKit/537.36"
10.0.1.100 - - [09/May/2026:08:16:04 +0000] "GET /static/js/app.js HTTP/1.1" 200 36440 "-" "curl/7.68.0"
192.168.1.102 - - [09/May/2026:08:30:01 +0000] "GET / HTTP/1.1" 200 1885 "-" "Python-urllib/3.8"
192.168.1.100 - - [09/May/2026:08:31:02 +0000] "POST /admin/login HTTP/1.1" 238 45744 "https://example.com/" "Mozilla/5.0 (Macintosh; Intel Mac OS X 10_15_7) AppleWebKit/537.36"
198.51.100.23 - - [09/May/2026:08:49:20 +0000] "GET /index.html HTTP/1.1" 200 50248 "https://example.com/" "Mozilla/5.0 (X11; Linux x86_64) AppleWebKit/537.36"
10.0.1.100 - - [09/May/2026:08:59:01 +0000] "GET /index.html HTTP/1.1" 200 35549 "https://example.com/" "curl/7.68.0"
198.51.100.23 - - [09/May/2026:09:06:20 +0000] "GET /static/js/app.js HTTP/1.1" 200 2497 "https://example.com/" "Mozilla/5.0 (Windows NT 10.0; Win64; x64) AppleWebKit/537.36"
192.168.1.101 - - [09/May/2026:09:12:24 +0000] "GET /api/search HTTP/1.1" 200 38797 "https://example.com/" "Mozilla/5.0 (X11; Linux x86_64) AppleWebKit/537.36"
192.168.1.102 - - [09/May/2026:09:27:00 +0000] "GET / HTTP/1.1" 200 3037 "-" "Mozilla/5.0 (Macintosh; Intel Mac OS X 10_15_7) AppleWebKit/537.36"
198.51.100.23 - - [09/May/2026:09:28:03 +0000] "GET /api/users HTTP/1.1" 200 10558 "-" "curl/7.68.0"
198.51.100.23 - - [09/May/2026:09:29:35 +0000] "GET /static/js/app.js HTTP/1.1" 200 40210 "-" "Mozilla/5.0 (Macintosh; Intel Mac OS X 10_15_7) AppleWebKit/537.36"
10.0.0.51 - - [09/May/2026:09:41:34 +0000] "GET /static/css/style.css HTTP/1.1" 200 32350 "https://example.com/" "Mozilla/5.0 (X11; Linux x86_64) AppleWebKit/537.36"
203.0.113.45 - - [09/May/2026:09:50:52 +0000] "GET / HTTP/1.1" 200 2177 "-" "Python-urllib/3.8"
192.168.1.100 - - [09/May/2026:09:53:57 +0000] "POST /api/orders HTTP/1.1" 200 13869 "https://example.com/" "Mozilla/5.0 (Windows NT 10.0; Win64; x64) AppleWebKit/537.36"
93.184.216.34 - - [09/May/2026:10:10:44 +0000] "GET /api/users HTTP/1.1" 200 41586 "https://example.com/" "Mozilla/5.0 (X11; Linux x86_64) AppleWebKit/537.36"
198.51.100.23 - - [09/May/2026:10:26:37 +0000] "GET /api/products HTTP/1.1" 200 48665 "-" "Mozilla/5.0 (Macintosh; Intel Mac OS X 10_15_7) AppleWebKit/537.36"
192.168.1.102 - - [09/May/2026:10:27:36 +0000] "POST /api/users HTTP/1.1" 200 47364 "-" "Mozilla/5.0 (X11; Linux x86_64) AppleWebKit/537.36"
93.184.216.34 - - [09/May/2026:10:38:28 +0000] "GET /api/products HTTP/1.1" 200 7298 "https://example.com/" "curl/7.68.0"
198.51.100.23 - - [09/May/2026:10:49:43 +0000] "GET / HTTP/1.1" 200 30806 "https://example.com/" "Mozilla/5.0 (X11; Linux x86_64) AppleWebKit/537.36"
10.0.0.50 - - [09/May/2026:10:59:34 +0000] "GET /static/js/app.js HTTP/1.1" 200 3037 "https://example.com/" "Python-urllib/3.8"
10.0.0.51 - - [09/May/2026:11:09:14 +0000] "PUT / HTTP/1.1" 200 24559 "https://example.com/" "Mozilla/5.0 (Macintosh; Intel Mac OS X 10_15_7) AppleWebKit/537.36"
198.51.100.23 - - [09/May/2026:11:02:22 +0000] "DELETE /api/products HTTP/1.1" 200 49754 "-" "curl/7.68.0"
93.184.216.34 - - [09/May/2026:11:15:42 +0000] "GET /static/js/app.js HTTP/1.1" 200 44192 "-" "Mozilla/5.0 (Windows NT 10.0; Win64; x64) AppleWebKit/537.36"
172.16.0.10 - - [09/May/2026:11:30:53 +0000] "GET /static/js/app.js HTTP/1.1" 200 7521 "-" "Mozilla/5.0 (Macintosh; Intel Mac OS X 10_15_7) AppleWebKit/537.36"
192.168.1.101 - - [09/May/2026:11:38:04 +0000] "GET /static/css/style.css HTTP/1.1" 200 12370 "https://example.com/" "Mozilla/5.0 (X11; Linux x86_64) AppleWebKit/537.36"
198.51.100.23 - - [09/May/2026:11:40:21 +0000] "GET / HTTP/1.1" 200 47049 "https://example.com/" "Mozilla/5.0 (Macintosh; Intel Mac OS X 10_15_7) AppleWebKit/537.36"
203.0.113.45 - - [09/May/2026:11:59:26 +0000] "GET /static/js/app.js HTTP/1.1" 200 1780 "-" "Python-urllib/3.8"
93.184.216.34 - - [09/May/2026:12:01:41 +0000] "GET / HTTP/1.1" 200 30105 "https://example.com/" "Mozilla/5.0 (Macintosh; Intel Mac OS X 10_15_7) AppleWebKit/537.36"
192.168.1.101 - - [09/May/2026:12:17:53 +0000] "PUT /index.html HTTP/1.1" 200 6475 "https://example.com/" "Python-urllib/3.8"
192.168.1.100 - - [09/May/2026:12:19:24 +0000] "GET /images/logo.png HTTP/1.1" 200 21123 "https://example.com/" "curl/7.68.0"
203.0.113.45 - - [09/May/2026:12:30:56 +0000] "POST /admin/login HTTP/1.1" 301 13597 "https://example.com/" "Mozilla/5.0 (Windows NT 10.0; Win64; x64) AppleWebKit/537.36"
10.0.1.100 - - [09/May/2026:12:28:16 +0000] "GET /index.html HTTP/1.1" 200 21363 "https://example.com/" "curl/7.68.0"
192.168.1.101 - - [09/May/2026:12:41:20 +0000] "PUT /images/logo.png HTTP/1.1" 200 11366 "-" "curl/7.68.0"
172.16.0.20 - - [09/May/2026:12:49:51 +0000] "PUT /images/logo.png HTTP/1.1" 200 13298 "https://example.com/" "Mozilla/5.0 (Macintosh; Intel Mac OS X 10_15_7) AppleWebKit/537.36"
198.51.100.23 - - [09/May/2026:12:53:40 +0000] "GET / HTTP/1.1" 200 20232 "https://example.com/" "curl/7.68.0"
192.168.1.101 - - [09/May/2026:13:20:57 +0000] "GET / HTTP/1.1" 200 7814 "-" "Mozilla/5.0 (Windows NT 10.0; Win64; x64) AppleWebKit/537.36"
192.168.1.102 - - [09/May/2026:13:12:04 +0000] "GET /index.html HTTP/1.1" 200 41865 "https://example.com/" "Python-urllib/3.8"
192.168.1.101 - - [09/May/2026:13:28:16 +0000] "GET /api/search HTTP/1.1" 200 26225 "https://example.com/" "Python-urllib/3.8"
10.0.0.50 - - [09/May/2026:13:28:26 +0000] "GET /index.html HTTP/1.1" 200 23830 "https://example.com/" "Mozilla/5.0 (Macintosh; Intel Mac OS X 10_15_7) AppleWebKit/537.36"
203.0.113.45 - - [09/May/2026:13:40:12 +0000] "POST /api/search HTTP/1.1" 200 42407 "-" "Mozilla/5.0 (X11; Linux x86_64) AppleWebKit/537.36"
10.0.0.50 - - [09/May/2026:13:50:42 +0000] "GET /images/logo.png HTTP/1.1" 200 23668 "-" "Python-urllib/3.8"
203.0.113.45 - - [09/May/2026:14:01:13 +0000] "GET / HTTP/1.1" 200 33150 "https://example.com/" "Mozilla/5.0 (X11; Linux x86_64) AppleWebKit/537.36"
10.0.1.100 - - [09/May/2026:14:14:40 +0000] "GET /index.html HTTP/1.1" 200 47937 "-" "Python-urllib/3.8"
10.0.1.100 - - [09/May/2026:14:22:22 +0000] "GET /api/products HTTP/1.1" 200 19713 "-" "Python-urllib/3.8"
172.16.0.10 - - [09/May/2026:14:36:55 +0000] "GET /index.html HTTP/1.1" 200 49092 "https://example.com/" "Mozilla/5.0 (Macintosh; Intel Mac OS X 10_15_7) AppleWebKit/537.36"
172.16.0.20 - - [09/May/2026:14:30:21 +0000] "GET /api/users HTTP/1.1" 200 42738 "https://example.com/" "Python-urllib/3.8"
10.0.0.51 - - [09/May/2026:14:43:39 +0000] "GET /index.html HTTP/1.1" 200 14886 "https://example.com/" "curl/7.68.0"
192.168.1.100 - - [09/May/2026:14:54:33 +0000] "GET /api/products HTTP/1.1" 200 47164 "-" "Mozilla/5.0 (Windows NT 10.0; Win64; x64) AppleWebKit/537.36"
203.0.113.45 - - [09/May/2026:15:11:32 +0000] "GET /api/products HTTP/1.1" 200 49827 "https://example.com/" "curl/7.68.0"
10.0.0.50 - - [09/May/2026:15:20:54 +0000] "GET /api/products HTTP/1.1" 200 27886 "-" "curl/7.68.0"
93.184.216.34 - - [09/May/2026:15:17:56 +0000] "GET /api/orders HTTP/1.1" 201 26986 "https://example.com/" "curl/7.68.0"
10.0.0.50 - - [09/May/2026:15:30:07 +0000] "GET /static/js/app.js HTTP/1.1" 200 38466 "https://example.com/" "Mozilla/5.0 (Macintosh; Intel Mac OS X 10_15_7) AppleWebKit/537.36"
192.168.1.100 - - [09/May/2026:15:39:41 +0000] "GET /static/css/style.css HTTP/1.1" 200 47936 "-" "curl/7.68.0"
93.184.216.34 - - [09/May/2026:15:47:29 +0000] "GET /static/css/style.css HTTP/1.1" 200 20663 "https://example.com/" "Mozilla/5.0 (Macintosh; Intel Mac OS X 10_15_7) AppleWebKit/537.36"
172.16.0.20 - - [09/May/2026:16:02:27 +0000] "GET /images/logo.png HTTP/1.1" 200 9326 "https://example.com/" "Mozilla/5.0 (Windows NT 10.0; Win64; x64) AppleWebKit/537.36"
93.184.216.34 - - [09/May/2026:15:55:08 +0000] "GET /images/logo.png HTTP/1.1" 200 44572 "https://example.com/" "curl/7.68.0"
172.16.0.20 - - [09/May/2026:16:09:13 +0000] "GET /index.html HTTP/1.1" 200 40507 "https://example.com/" "Mozilla/5.0 (X11; Linux x86_64) AppleWebKit/537.36"
10.0.1.100 - - [09/May/2026:16:27:56 +0000] "GET /images/logo.png HTTP/1.1" 200 1543 "https://example.com/" "Mozilla/5.0 (Windows NT 10.0; Win64; x64) AppleWebKit/537.36"
192.168.1.100 - - [09/May/2026:16:25:57 +0000] "POST /api/orders HTTP/1.1" 200 5459 "https://example.com/" "curl/7.68.0"
192.168.1.100 - - [09/May/2026:16:40:12 +0000] "GET /images/logo.png HTTP/1.1" 200 32075 "https://example.com/" "Mozilla/5.0 (Macintosh; Intel Mac OS X 10_15_7) AppleWebKit/537.36"
203.0.113.45 - - [09/May/2026:16:53:54 +0000] "POST / HTTP/1.1" 200 20315 "https://example.com/" "Mozilla/5.0 (X11; Linux x86_64) AppleWebKit/537.36"
10.0.0.51 - - [09/May/2026:16:50:52 +0000] "GET /index.html HTTP/1.1" 200 35967 "-" "curl/7.68.0"
10.0.0.50 - - [09/May/2026:17:07:42 +0000] "GET /static/css/style.css HTTP/1.1" 200 35204 "-" "Mozilla/5.0 (X11; Linux x86_64) AppleWebKit/537.36"
172.16.0.10 - - [09/May/2026:17:04:14 +0000] "GET /images/logo.png HTTP/1.1" 200 29055 "-" "curl/7.68.0"
192.168.1.100 - - [09/May/2026:17:19:52 +0000] "GET /index.html HTTP/1.1" 200 11958 "https://example.com/" "Python-urllib/3.8"
192.168.1.100 - - [09/May/2026:17:28:21 +0000] "GET /static/js/app.js HTTP/1.1" 200 28709 "https://example.com/" "Mozilla/5.0 (Macintosh; Intel Mac OS X 10_15_7) AppleWebKit/537.36"
10.0.0.50 - - [09/May/2026:17:29:36 +0000] "PUT /api/users HTTP/1.1" 200 40255 "https://example.com/" "curl/7.68.0"
192.168.1.100 - - [09/May/2026:17:44:36 +0000] "GET /index.html HTTP/1.1" 200 6302 "https://example.com/" "Mozilla/5.0 (X11; Linux x86_64) AppleWebKit/537.36"
192.168.1.101 - - [09/May/2026:17:51:32 +0000] "GET / HTTP/1.1" 200 36107 "https://example.com/" "Mozilla/5.0 (Windows NT 10.0; Win64; x64) AppleWebKit/537.36"
10.0.0.50 - - [09/May/2026:17:59:27 +0000] "POST / HTTP/1.1" 200 50079 "https://example.com/" "Mozilla/5.0 (Macintosh; Intel Mac OS X 10_15_7) AppleWebKit/537.36"
172.16.0.20 - - [09/May/2026:18:20:08 +0000] "GET /static/css/style.css HTTP/1.1" 200 22734 "-" "Mozilla/5.0 (X11; Linux x86_64) AppleWebKit/537.36"
203.0.113.45 - - [09/May/2026:18:18:00 +0000] "GET / HTTP/1.1" 200 48705 "https://example.com/" "Mozilla/5.0 (Macintosh; Intel Mac OS X 10_15_7) AppleWebKit/537.36"
192.168.1.101 - - [09/May/2026:18:34:24 +0000] "GET /static/js/app.js HTTP/1.1" 200 18711 "https://example.com/" "curl/7.68.0"
192.168.1.101 - - [09/May/2026:18:32:25 +0000] "GET /index.html HTTP/1.1" 200 11678 "-" "Mozilla/5.0 (Windows NT 10.0; Win64; x64) AppleWebKit/537.36"
172.16.0.20 - - [09/May/2026:18:56:43 +0000] "GET /api/users HTTP/1.1" 200 12931 "https://example.com/" "Mozilla/5.0 (Macintosh; Intel Mac OS X 10_15_7) AppleWebKit/537.36"
10.0.0.50 - - [09/May/2026:19:03:49 +0000] "GET /api/orders HTTP/1.1" 201 26415 "-" "Mozilla/5.0 (Macintosh; Intel Mac OS X 10_15_7) AppleWebKit/537.36"
172.16.0.20 - - [09/May/2026:19:12:29 +0000] "GET /images/logo.png HTTP/1.1" 200 16315 "https://example.com/" "Python-urllib/3.8"
172.16.0.10 - - [09/May/2026:19:21:34 +0000] "GET /api/products HTTP/1.1" 200 4664 "-" "curl/7.68.0"
10.0.1.100 - - [09/May/2026:19:32:27 +0000] "PUT /index.html HTTP/1.1" 200 8694 "https://example.com/" "Mozilla/5.0 (Windows NT 10.0; Win64; x64) AppleWebKit/537.36"
172.16.0.10 - - [09/May/2026:19:39:59 +0000] "GET /static/css/style.css HTTP/1.1" 200 33318 "https://example.com/" "curl/7.68.0"
172.16.0.20 - - [09/May/2026:19:34:49 +0000] "POST /api/products HTTP/1.1" 200 23548 "https://example.com/" "Mozilla/5.0 (X11; Linux x86_64) AppleWebKit/537.36"
172.16.0.10 - - [09/May/2026:19:45:38 +0000] "GET / HTTP/1.1" 200 7234 "https://example.com/" "Python-urllib/3.8"
10.0.1.100 - - [09/May/2026:19:54:51 +0000] "PATCH /images/logo.png HTTP/1.1" 200 50285 "https://example.com/" "Mozilla/5.0 (Windows NT 10.0; Win64; x64) AppleWebKit/537.36"
10.0.0.50 - - [09/May/2026:20:08:10 +0000] "GET / HTTP/1.1" 200 30843 "-" "curl/7.68.0"
172.16.0.20 - - [09/May/2026:20:17:19 +0000] "GET /api/users HTTP/1.1" 200 21812 "https://example.com/" "Mozilla/5.0 (Windows NT 10.0; Win64; x64) AppleWebKit/537.36"
172.16.0.10 - - [09/May/2026:20:19:16 +0000] "GET / HTTP/1.1" 200 5553 "-" "Python-urllib/3.8"
192.168.1.101 - - [09/May/2026:20:24:14 +0000] "GET /index.html HTTP/1.1" 200 32983 "-" "Mozilla/5.0 (Windows NT 10.0; Win64; x64) AppleWebKit/537.36"
192.168.1.100 - - [09/May/2026:20:47:33 +0000] "GET /api/products HTTP/1.1" 200 49580 "https://example.com/" "Python-urllib/3.8"
203.0.113.45 - - [09/May/2026:20:42:55 +0000] "GET /static/js/app.js HTTP/1.1" 200 34420 "-" "Mozilla/5.0 (Windows NT 10.0; Win64; x64) AppleWebKit/537.36"
192.168.1.100 - - [09/May/2026:20:55:02 +0000] "PUT / HTTP/1.1" 200 27845 "-" "Python-urllib/3.8"
10.0.1.100 - - [09/May/2026:21:15:38 +0000] "GET /static/js/app.js HTTP/1.1" 200 19648 "https://example.com/" "Python-urllib/3.8"
93.184.216.34 - - [09/May/2026:21:18:58 +0000] "GET /static/js/app.js HTTP/1.1" 200 37775 "https://example.com/" "curl/7.68.0"
10.0.1.100 - - [09/May/2026:21:32:12 +0000] "GET /api/search HTTP/1.1" 200 35819 "https://example.com/" "Mozilla/5.0 (Windows NT 10.0; Win64; x64) AppleWebKit/537.36"
172.16.0.10 - - [09/May/2026:21:29:42 +0000] "GET / HTTP/1.1" 200 31177 "https://example.com/" "Mozilla/5.0 (Windows NT 10.0; Win64; x64) AppleWebKit/537.36"
203.0.113.45 - - [09/May/2026:21:37:16 +0000] "GET /admin/login HTTP/1.1" 214 24756 "https://example.com/" "Mozilla/5.0 (X11; Linux x86_64) AppleWebKit/537.36"
10.0.1.100 - - [09/May/2026:21:48:27 +0000] "GET / HTTP/1.1" 200 602 "-" "Mozilla/5.0 (X11; Linux x86_64) AppleWebKit/537.36"
198.51.100.23 - - [09/May/2026:21:52:11 +0000] "GET /static/css/style.css HTTP/1.1" 200 26455 "https://example.com/" "Mozilla/5.0 (X11; Linux x86_64) AppleWebKit/537.36"
203.0.113.45 - - [09/May/2026:22:13:44 +0000] "GET /index.html HTTP/1.1" 200 15054 "https://example.com/" "curl/7.68.0"
192.168.1.101 - - [09/May/2026:22:24:04 +0000] "PUT /api/users HTTP/1.1" 200 10991 "-" "Mozilla/5.0 (X11; Linux x86_64) AppleWebKit/537.36"
192.168.1.100 - - [09/May/2026:22:19:13 +0000] "GET /images/logo.png HTTP/1.1" 200 45787 "https://example.com/" "Mozilla/5.0 (X11; Linux x86_64) AppleWebKit/537.36"
172.16.0.10 - - [09/May/2026:22:38:34 +0000] "GET /api/products HTTP/1.1" 200 28102 "https://example.com/" "curl/7.68.0"
203.0.113.45 - - [09/May/2026:22:50:00 +0000] "POST / HTTP/1.1" 200 30978 "https://example.com/" "Mozilla/5.0 (Macintosh; Intel Mac OS X 10_15_7) AppleWebKit/537.36"
203.0.113.45 - - [09/May/2026:22:56:33 +0000] "POST /static/js/app.js HTTP/1.1" 200 7464 "-" "curl/7.68.0"
172.16.0.20 - - [09/May/2026:22:53:02 +0000] "GET /index.html HTTP/1.1" 200 34884 "https://example.com/" "Mozilla/5.0 (Macintosh; Intel Mac OS X 10_15_7) AppleWebKit/537.36"
192.168.1.102 - - [09/May/2026:23:04:30 +0000] "GET /index.html HTTP/1.1" 200 40822 "-" "Python-urllib/3.8"
93.184.216.34 - - [09/May/2026:23:10:40 +0000] "GET /images/logo.png HTTP/1.1" 200 22327 "https://example.com/" "Mozilla/5.0 (X11; Linux x86_64) AppleWebKit/537.36"
198.51.100.23 - - [09/May/2026:23:26:28 +0000] "GET /api/products HTTP/1.1" 200 16295 "-" "curl/7.68.0"
172.16.0.10 - - [09/May/2026:23:36:00 +0000] "GET /index.html HTTP/1.1" 200 17111 "https://example.com/" "Mozilla/5.0 (Macintosh; Intel Mac OS X 10_15_7) AppleWebKit/537.36"
10.0.0.51 - - [09/May/2026:23:47:46 +0000] "GET /index.html HTTP/1.1" 200 32320 "-" "Mozilla/5.0 (Windows NT 10.0; Win64; x64) AppleWebKit/537.36"
172.16.0.20 - - [09/May/2026:23:55:32 +0000] "GET /api/products HTTP/1.1" 200 15856 "https://example.com/" "Mozilla/5.0 (Windows NT 10.0; Win64; x64) AppleWebKit/537.36"
192.168.1.102 - - [10/May/2026:00:01:31 +0000] "GET /static/css/style.css HTTP/1.1" 200 22070 "https://example.com/" "Mozilla/5.0 (Macintosh; Intel Mac OS X 10_15_7) AppleWebKit/537.36"
10.0.0.50 - - [10/May/2026:00:07:20 +0000] "GET /images/logo.png HTTP/1.1" 200 35742 "-" "Mozilla/5.0 (X11; Linux x86_64) AppleWebKit/537.36"
10.0.0.51 - - [10/May/2026:00:17:26 +0000] "GET /api/internal HTTP/1.1" 501 321 "-" "Mozilla/5.0 (Macintosh; Intel Mac OS X 10_15_7) AppleWebKit/537.36"
192.168.1.101 - - [10/May/2026:00:16:49 +0000] "POST /images/logo.png HTTP/1.1" 200 16752 "https://example.com/" "Python-urllib/3.8"
10.0.0.50 - - [10/May/2026:00:37:09 +0000] "GET /api/users HTTP/1.1" 200 16971 "https://example.com/" "Mozilla/5.0 (Windows NT 10.0; Win64; x64) AppleWebKit/537.36"
203.0.113.45 - - [10/May/2026:00:35:53 +0000] "POST /admin/login HTTP/1.1" 225 22351 "https://example.com/" "Mozilla/5.0 (X11; Linux x86_64) AppleWebKit/537.36"
10.0.0.50 - - [10/May/2026:00:49:21 +0000] "PUT /api/users HTTP/1.1" 200 27182 "-" "curl/7.68.0"
192.168.1.100 - - [10/May/2026:00:55:44 +0000] "GET /static/css/style.css HTTP/1.1" 200 46901 "-" "Mozilla/5.0 (X11; Linux x86_64) AppleWebKit/537.36"
203.0.113.45 - - [10/May/2026:00:59:58 +0000] "GET / HTTP/1.1" 200 46415 "-" "Mozilla/5.0 (X11; Linux x86_64) AppleWebKit/537.36"
172.16.0.20 - - [10/May/2026:01:23:04 +0000] "GET /api/search HTTP/1.1" 200 45910 "-" "Mozilla/5.0 (Macintosh; Intel Mac OS X 10_15_7) AppleWebKit/537.36"
172.16.0.20 - - [10/May/2026:01:16:42 +0000] "GET /api/search HTTP/1.1" 200 40714 "https://example.com/" "Python-urllib/3.8"
192.168.1.101 - - [10/May/2026:01:25:08 +0000] "PATCH /api/search HTTP/1.1" 200 27947 "-" "Mozilla/5.0 (Macintosh; Intel Mac OS X 10_15_7) AppleWebKit/537.36"
10.0.0.50 - - [10/May/2026:01:43:45 +0000] "GET /index.html HTTP/1.1" 200 3439 "-" "Python-urllib/3.8"
93.184.216.34 - - [10/May/2026:01:42:29 +0000] "GET /index.html HTTP/1.1" 200 44461 "https://example.com/" "Mozilla/5.0 (Macintosh; Intel Mac OS X 10_15_7) AppleWebKit/537.36"
10.0.1.100 - - [10/May/2026:01:53:06 +0000] "GET /index.html HTTP/1.1" 200 30006 "https://example.com/" "curl/7.68.0"
10.0.1.100 - - [10/May/2026:02:00:05 +0000] "GET /api/users HTTP/1.1" 200 32367 "-" "Python-urllib/3.8"
203.0.113.45 - - [10/May/2026:02:09:25 +0000] "POST /images/logo.png HTTP/1.1" 200 13718 "https://example.com/" "curl/7.68.0"
172.16.0.10 - - [10/May/2026:02:32:07 +0000] "GET /api/search HTTP/1.1" 200 37925 "https://example.com/" "Mozilla/5.0 (X11; Linux x86_64) AppleWebKit/537.36"
172.16.0.20 - - [10/May/2026:02:40:26 +0000] "GET /api/users HTTP/1.1" 200 49015 "-" "Mozilla/5.0 (X11; Linux x86_64) AppleWebKit/537.36"
192.168.1.100 - - [10/May/2026:02:39:39 +0000] "GET /index.html HTTP/1.1" 200 15877 "https://example.com/" "Python-urllib/3.8"
10.0.1.100 - - [10/May/2026:02:49:28 +0000] "GET /api/products HTTP/1.1" 200 8153 "-" "curl/7.68.0"
10.0.0.50 - - [10/May/2026:02:58:35 +0000] "POST /api/products HTTP/1.1" 200 26117 "-" "Mozilla/5.0 (X11; Linux x86_64) AppleWebKit/537.36"
93.184.216.34 - - [10/May/2026:03:15:56 +0000] "POST /images/logo.png HTTP/1.1" 200 36680 "-" "Python-urllib/3.8"
172.16.0.10 - - [10/May/2026:03:25:26 +0000] "PUT /admin/login HTTP/1.1" 350 12785 "-" "Mozilla/5.0 (X11; Linux x86_64) AppleWebKit/537.36"
192.168.1.101 - - [10/May/2026:03:18:54 +0000] "POST /index.html HTTP/1.1" 200 35842 "https://example.com/" "Python-urllib/3.8"
192.168.1.100 - - [10/May/2026:03:35:31 +0000] "GET /api/search HTTP/1.1" 200 9902 "https://example.com/" "curl/7.68.0"
172.16.0.20 - - [10/May/2026:03:43:07 +0000] "GET /index.html HTTP/1.1" 200 8892 "https://example.com/" "Python-urllib/3.8"
192.168.1.102 - - [10/May/2026:03:50:24 +0000] "GET /images/logo.png HTTP/1.1" 200 27327 "https://example.com/" "Mozilla/5.0 (Macintosh; Intel Mac OS X 10_15_7) AppleWebKit/537.36"
192.168.1.100 - - [10/May/2026:04:08:55 +0000] "PUT /api/orders HTTP/1.1" 200 36970 "https://example.com/" "Mozilla/5.0 (X11; Linux x86_64) AppleWebKit/537.36"
10.0.1.100 - - [10/May/2026:04:08:21 +0000] "GET /images/logo.png HTTP/1.1" 200 36623 "-" "curl/7.68.0"
198.51.100.23 - - [10/May/2026:04:23:09 +0000] "GET / HTTP/1.1" 200 45694 "https://example.com/" "curl/7.68.0"
10.0.0.50 - - [10/May/2026:04:29:17 +0000] "GET /api/users HTTP/1.1" 200 9809 "https://example.com/" "curl/7.68.0"
192.168.1.101 - - [10/May/2026:04:29:00 +0000] "GET /images/logo.png HTTP/1.1" 200 24954 "https://example.com/" "Mozilla/5.0 (Windows NT 10.0; Win64; x64) AppleWebKit/537.36"
10.0.1.100 - - [10/May/2026:04:36:27 +0000] "GET /api/products HTTP/1.1" 200 48406 "https://example.com/" "Mozilla/5.0 (Windows NT 10.0; Win64; x64) AppleWebKit/537.36"
203.0.113.45 - - [10/May/2026:04:50:11 +0000] "GET /images/logo.png HTTP/1.1" 200 41368 "https://example.com/" "Python-urllib/3.8"
10.0.0.50 - - [10/May/2026:05:05:14 +0000] "POST /images/logo.png HTTP/1.1" 200 16352 "https://example.com/" "Python-urllib/3.8"
10.0.1.100 - - [10/May/2026:05:13:00 +0000] "GET /images/logo.png HTTP/1.1" 200 12200 "https://example.com/" "Mozilla/5.0 (Macintosh; Intel Mac OS X 10_15_7) AppleWebKit/537.36"
192.168.1.101 - - [10/May/2026:05:11:31 +0000] "GET / HTTP/1.1" 200 20984 "https://example.com/" "Mozilla/5.0 (Macintosh; Intel Mac OS X 10_15_7) AppleWebKit/537.36"
198.51.100.23 - - [10/May/2026:05:29:58 +0000] "POST /api/products HTTP/1.1" 200 24746 "-" "Mozilla/5.0 (Macintosh; Intel Mac OS X 10_15_7) AppleWebKit/537.36"
93.184.216.34 - - [10/May/2026:05:31:28 +0000] "GET /static/css/style.css HTTP/1.1" 200 27031 "https://example.com/" "Mozilla/5.0 (Macintosh; Intel Mac OS X 10_15_7) AppleWebKit/537.36"
10.0.1.100 - - [10/May/2026:05:41:15 +0000] "GET /static/css/style.css HTTP/1.1" 200 3540 "https://example.com/" "Mozilla/5.0 (X11; Linux x86_64) AppleWebKit/537.36"
203.0.113.45 - - [10/May/2026:05:55:04 +0000] "GET /api/products HTTP/1.1" 200 9193 "https://example.com/" "Mozilla/5.0 (X11; Linux x86_64) AppleWebKit/537.36"
198.51.100.23 - - [10/May/2026:05:57:38 +0000] "GET /static/js/app.js HTTP/1.1" 200 1024 "https://example.com/" "Python-urllib/3.8"
198.51.100.23 - - [10/May/2026:06:20:17 +0000] "POST / HTTP/1.1" 200 12244 "https://example.com/" "Mozilla/5.0 (Windows NT 10.0; Win64; x64) AppleWebKit/537.36"
198.51.100.23 - - [10/May/2026:06:20:41 +0000] "DELETE /api/users HTTP/1.1" 200 7634 "https://example.com/" "Python-urllib/3.8"
93.184.216.34 - - [10/May/2026:06:20:11 +0000] "GET /admin/login HTTP/1.1" 254 28923 "-" "Python-urllib/3.8"
10.0.1.100 - - [10/May/2026:06:33:13 +0000] "GET /api/search HTTP/1.1" 200 40901 "https://example.com/" "curl/7.68.0"
192.168.1.102 - - [10/May/2026:06:50:06 +0000] "GET / HTTP/1.1" 200 22522 "https://example.com/" "Python-urllib/3.8"
192.168.1.102 - - [10/May/2026:06:49:36 +0000] "POST /api/orders HTTP/1.1" 200 47940 "-" "Mozilla/5.0 (X11; Linux x86_64) AppleWebKit/537.36"
10.0.1.100 - - [10/May/2026:06:59:14 +0000] "GET /static/js/app.js HTTP/1.1" 200 32158 "https://example.com/" "curl/7.68.0"
192.168.1.102 - - [10/May/2026:07:08:25 +0000] "POST / HTTP/1.1" 200 44826 "https://example.com/" "Python-urllib/3.8"
172.16.0.10 - - [10/May/2026:07:21:06 +0000] "GET /images/logo.png HTTP/1.1" 200 44035 "https://example.com/" "curl/7.68.0"
172.16.0.10 - - [10/May/2026:07:27:07 +0000] "POST /static/css/style.css HTTP/1.1" 200 37413 "https://example.com/" "Mozilla/5.0 (Windows NT 10.0; Win64; x64) AppleWebKit/537.36"
198.51.100.23 - - [10/May/2026:07:46:24 +0000] "GET /static/js/app.js HTTP/1.1" 200 13742 "https://example.com/" "Python-urllib/3.8"
192.168.1.102 - - [10/May/2026:07:36:42 +0000] "GET /static/css/style.css HTTP/1.1" 200 4373 "https://example.com/" "curl/7.68.0"
172.16.0.20 - - [10/May/2026:07:47:47 +0000] "GET /index.html HTTP/1.1" 200 10231 "https://example.com/" "Python-urllib/3.8"
198.51.100.23 - - [10/May/2026:08:07:33 +0000] "POST /admin/login HTTP/1.1" 364 31296 "https://example.com/" "curl/7.68.0"
93.184.216.34 - - [10/May/2026:08:15:46 +0000] "GET /api/users HTTP/1.1" 200 29647 "-" "Mozilla/5.0 (X11; Linux x86_64) AppleWebKit/537.36"
10.0.0.51 - - [10/May/2026:08:16:14 +0000] "GET / HTTP/1.1" 200 43957 "-" "Python-urllib/3.8"
192.168.1.102 - - [10/May/2026:08:32:48 +0000] "GET /static/js/app.js HTTP/1.1" 200 23546 "-" "Mozilla/5.0 (Macintosh; Intel Mac OS X 10_15_7) AppleWebKit/537.36"
192.168.1.100 - - [10/May/2026:08:29:35 +0000] "GET /index.html HTTP/1.1" 200 10674 "https://example.com/" "curl/7.68.0"
192.168.1.100 - - [10/May/2026:08:52:30 +0000] "PATCH /admin/login HTTP/1.1" 281 8650 "https://example.com/" "Python-urllib/3.8"
10.0.1.100 - - [10/May/2026:08:49:59 +0000] "GET /api/orders HTTP/1.1" 201 42175 "-" "curl/7.68.0"
10.0.1.100 - - [10/May/2026:09:12:13 +0000] "GET /api/products HTTP/1.1" 200 13366 "-" "curl/7.68.0"
10.0.0.51 - - [10/May/2026:09:20:49 +0000] "GET /static/css/style.css HTTP/1.1" 200 25710 "https://example.com/" "Mozilla/5.0 (Windows NT 10.0; Win64; x64) AppleWebKit/537.36"
192.168.1.102 - - [10/May/2026:09:17:43 +0000] "POST / HTTP/1.1" 200 7348 "https://example.com/" "curl/7.68.0"
10.0.0.51 - - [10/May/2026:09:21:25 +0000] "GET /index.html HTTP/1.1" 200 1099 "-" "Mozilla/5.0 (X11; Linux x86_64) AppleWebKit/537.36"
203.0.113.45 - - [10/May/2026:09:45:15 +0000] "GET /index.html HTTP/1.1" 200 15408 "https://example.com/" "Mozilla/5.0 (Macintosh; Intel Mac OS X 10_15_7) AppleWebKit/537.36"
10.0.0.50 - - [10/May/2026:09:46:22 +0000] "GET /images/logo.png HTTP/1.1" 200 34604 "-" "Mozilla/5.0 (Macintosh; Intel Mac OS X 10_15_7) AppleWebKit/537.36"
93.184.216.34 - - [10/May/2026:09:47:20 +0000] "GET /api/orders HTTP/1.1" 200 3189 "https://example.com/" "curl/7.68.0"
198.51.100.23 - - [10/May/2026:09:58:43 +0000] "POST /images/logo.png HTTP/1.1" 200 14816 "-" "Python-urllib/3.8"
93.184.216.34 - - [10/May/2026:10:13:31 +0000] "GET /api/users HTTP/1.1" 200 29144 "https://example.com/" "Mozilla/5.0 (X11; Linux x86_64) AppleWebKit/537.36"
192.168.1.100 - - [10/May/2026:10:17:43 +0000] "GET /static/js/app.js HTTP/1.1" 200 38102 "https://example.com/" "Mozilla/5.0 (Macintosh; Intel Mac OS X 10_15_7) AppleWebKit/537.36"
192.168.1.102 - - [10/May/2026:10:26:17 +0000] "GET / HTTP/1.1" 200 21868 "https://example.com/" "Mozilla/5.0 (Macintosh; Intel Mac OS X 10_15_7) AppleWebKit/537.36"
203.0.113.45 - - [10/May/2026:10:35:28 +0000] "GET /api/search HTTP/1.1" 200 45032 "https://example.com/" "Mozilla/5.0 (Macintosh; Intel Mac OS X 10_15_7) AppleWebKit/537.36"
10.0.0.51 - - [10/May/2026:10:38:04 +0000] "POST /api/products HTTP/1.1" 200 30744 "https://example.com/" "curl/7.68.0"
203.0.113.45 - - [10/May/2026:10:59:55 +0000] "POST /notfound HTTP/1.1" 404 198 "https://example.com/" "Mozilla/5.0 (X11; Linux x86_64) AppleWebKit/537.36"
172.16.0.10 - - [10/May/2026:10:57:03 +0000] "POST /api/search HTTP/1.1" 200 5914 "-" "Mozilla/5.0 (Macintosh; Intel Mac OS X 10_15_7) AppleWebKit/537.36"
192.168.1.102 - - [10/May/2026:11:08:46 +0000] "GET /api/search HTTP/1.1" 200 29411 "https://example.com/" "Mozilla/5.0 (X11; Linux x86_64) AppleWebKit/537.36"
192.168.1.102 - - [10/May/2026:11:15:53 +0000] "PATCH /static/css/style.css HTTP/1.1" 200 46154 "https://example.com/" "Mozilla/5.0 (Macintosh; Intel Mac OS X 10_15_7) AppleWebKit/537.36"
172.16.0.20 - - [10/May/2026:11:24:38 +0000] "GET / HTTP/1.1" 200 7163 "https://example.com/" "Mozilla/5.0 (X11; Linux x86_64) AppleWebKit/537.36"
10.0.0.50 - - [10/May/2026:11:41:50 +0000] "POST /static/css/style.css HTTP/1.1" 200 30551 "https://example.com/" "curl/7.68.0"
10.0.1.100 - - [10/May/2026:11:48:03 +0000] "GET /api/users HTTP/1.1" 200 43678 "https://example.com/" "Mozilla/5.0 (X11; Linux x86_64) AppleWebKit/537.36"
10.0.1.100 - - [10/May/2026:11:54:32 +0000] "POST /index.html HTTP/1.1" 200 41880 "-" "Mozilla/5.0 (Windows NT 10.0; Win64; x64) AppleWebKit/537.36"
192.168.1.101 - - [10/May/2026:12:05:36 +0000] "GET /images/logo.png HTTP/1.1" 200 21546 "https://example.com/" "Python-urllib/3.8"
93.184.216.34 - - [10/May/2026:12:11:21 +0000] "PUT /static/js/app.js HTTP/1.1" 200 25455 "https://example.com/" "curl/7.68.0"
10.0.0.50 - - [10/May/2026:12:22:26 +0000] "GET /api/products HTTP/1.1" 200 6587 "https://example.com/" "Mozilla/5.0 (X11; Linux x86_64) AppleWebKit/537.36"
10.0.0.50 - - [10/May/2026:12:28:42 +0000] "POST /index.html HTTP/1.1" 200 25598 "https://example.com/" "Mozilla/5.0 (Macintosh; Intel Mac OS X 10_15_7) AppleWebKit/537.36"
172.16.0.10 - - [10/May/2026:12:30:05 +0000] "GET /index.html HTTP/1.1" 200 49723 "https://example.com/" "Mozilla/5.0 (Windows NT 10.0; Win64; x64) AppleWebKit/537.36"
192.168.1.100 - - [10/May/2026:12:55:15 +0000] "POST / HTTP/1.1" 200 25139 "https://example.com/" "curl/7.68.0"
10.0.0.51 - - [10/May/2026:12:59:18 +0000] "GET /api/users HTTP/1.1" 200 7942 "https://example.com/" "Mozilla/5.0 (Macintosh; Intel Mac OS X 10_15_7) AppleWebKit/537.36"
10.0.0.50 - - [10/May/2026:13:13:32 +0000] "GET /static/js/app.js HTTP/1.1" 200 47892 "https://example.com/" "Mozilla/5.0 (X11; Linux x86_64) AppleWebKit/537.36"
10.0.1.100 - - [10/May/2026:13:11:31 +0000] "PUT /images/logo.png HTTP/1.1" 200 38412 "-" "Python-urllib/3.8"
192.168.1.102 - - [10/May/2026:13:30:54 +0000] "GET /api/products HTTP/1.1" 200 45002 "https://example.com/" "curl/7.68.0"
192.168.1.102 - - [10/May/2026:13:32:59 +0000] "GET /index.html HTTP/1.1" 200 4449 "-" "Mozilla/5.0 (Windows NT 10.0; Win64; x64) AppleWebKit/537.36"
10.0.0.50 - - [10/May/2026:13:46:35 +0000] "POST /index.html HTTP/1.1" 200 10281 "-" "Mozilla/5.0 (Macintosh; Intel Mac OS X 10_15_7) AppleWebKit/537.36"
192.168.1.102 - - [10/May/2026:13:50:48 +0000] "POST /admin/login HTTP/1.1" 397 19621 "https://example.com/" "curl/7.68.0"
192.168.1.101 - - [10/May/2026:14:05:31 +0000] "GET /index.html HTTP/1.1" 200 31228 "https://example.com/" "Mozilla/5.0 (X11; Linux x86_64) AppleWebKit/537.36"
93.184.216.34 - - [10/May/2026:14:12:40 +0000] "GET /api/internal HTTP/1.1" 502 249 "https://example.com/" "Mozilla/5.0 (X11; Linux x86_64) AppleWebKit/537.36"
10.0.0.50 - - [10/May/2026:14:05:22 +0000] "GET /index.html HTTP/1.1" 200 23815 "https://example.com/" "Python-urllib/3.8"
10.0.1.100 - - [10/May/2026:14:28:01 +0000] "POST /static/js/app.js HTTP/1.1" 200 28449 "https://example.com/" "Python-urllib/3.8"
192.168.1.101 - - [10/May/2026:14:40:09 +0000] "POST /api/products HTTP/1.1" 200 5577 "https://example.com/" "curl/7.68.0"
192.168.1.101 - - [10/May/2026:14:49:24 +0000] "GET / HTTP/1.1" 200 26366 "https://example.com/" "curl/7.68.0"
203.0.113.45 - - [10/May/2026:14:51:56 +0000] "GET /images/logo.png HTTP/1.1" 200 2698 "-" "Python-urllib/3.8"
198.51.100.23 - - [10/May/2026:15:05:35 +0000] "GET /images/logo.png HTTP/1.1" 200 21266 "https://example.com/" "Mozilla/5.0 (Windows NT 10.0; Win64; x64) AppleWebKit/537.36"
172.16.0.20 - - [10/May/2026:15:07:36 +0000] "GET /api/products HTTP/1.1" 200 26697 "https://example.com/" "Mozilla/5.0 (Windows NT 10.0; Win64; x64) AppleWebKit/537.36"
192.168.1.102 - - [10/May/2026:15:05:33 +0000] "GET /api/search HTTP/1.1" 200 12569 "-" "Mozilla/5.0 (Macintosh; Intel Mac OS X 10_15_7) AppleWebKit/537.36"
10.0.1.100 - - [10/May/2026:15:26:00 +0000] "GET /images/logo.png HTTP/1.1" 200 11984 "https://example.com/" "Mozilla/5.0 (Windows NT 10.0; Win64; x64) AppleWebKit/537.36"
10.0.0.50 - - [10/May/2026:15:36:17 +0000] "GET /admin/login HTTP/1.1" 376 7938 "https://example.com/" "Mozilla/5.0 (Macintosh; Intel Mac OS X 10_15_7) AppleWebKit/537.36"
172.16.0.20 - - [10/May/2026:15:46:20 +0000] "POST /api/orders HTTP/1.1" 201 33093 "-" "Mozilla/5.0 (Macintosh; Intel Mac OS X 10_15_7) AppleWebKit/537.36"
192.168.1.102 - - [10/May/2026:15:40:16 +0000] "GET /index.html HTTP/1.1" 200 35160 "https://example.com/" "Mozilla/5.0 (X11; Linux x86_64) AppleWebKit/537.36"
203.0.113.45 - - [10/May/2026:15:49:58 +0000] "GET /static/js/app.js HTTP/1.1" 200 7367 "https://example.com/" "Mozilla/5.0 (Windows NT 10.0; Win64; x64) AppleWebKit/537.36"
203.0.113.45 - - [10/May/2026:16:13:21 +0000] "GET /static/js/app.js HTTP/1.1" 200 37903 "https://example.com/" "curl/7.68.0"
203.0.113.45 - - [10/May/2026:16:11:31 +0000] "GET /api/products HTTP/1.1" 200 1901 "https://example.com/" "Mozilla/5.0 (Windows NT 10.0; Win64; x64) AppleWebKit/537.36"
172.16.0.20 - - [10/May/2026:16:27:28 +0000] "POST /api/search HTTP/1.1" 200 21801 "https://example.com/" "Mozilla/5.0 (Windows NT 10.0; Win64; x64) AppleWebKit/537.36"
172.16.0.10 - - [10/May/2026:16:28:05 +0000] "GET /static/css/style.css HTTP/1.1" 200 31481 "-" "Python-urllib/3.8"
192.168.1.101 - - [10/May/2026:16:34:51 +0000] "PUT /api/users HTTP/1.1" 200 25445 "https://example.com/" "curl/7.68.0"
198.51.100.23 - - [10/May/2026:16:52:37 +0000] "GET /api/search HTTP/1.1" 200 33039 "-" "Mozilla/5.0 (Windows NT 10.0; Win64; x64) AppleWebKit/537.36"
10.0.0.50 - - [10/May/2026:17:01:07 +0000] "POST /notfound HTTP/1.1" 404 249 "https://example.com/" "Mozilla/5.0 (Macintosh; Intel Mac OS X 10_15_7) AppleWebKit/537.36"
10.0.1.100 - - [10/May/2026:17:09:06 +0000] "PUT / HTTP/1.1" 200 815 "-" "curl/7.68.0"
203.0.113.45 - - [10/May/2026:17:13:32 +0000] "GET /api/products HTTP/1.1" 200 14839 "https://example.com/" "Mozilla/5.0 (Macintosh; Intel Mac OS X 10_15_7) AppleWebKit/537.36"
93.184.216.34 - - [10/May/2026:17:29:27 +0000] "GET /api/search HTTP/1.1" 200 43238 "https://example.com/" "Mozilla/5.0 (X11; Linux x86_64) AppleWebKit/537.36"
172.16.0.10 - - [10/May/2026:17:23:50 +0000] "GET /images/logo.png HTTP/1.1" 200 36280 "https://example.com/" "Mozilla/5.0 (X11; Linux x86_64) AppleWebKit/537.36"
192.168.1.101 - - [10/May/2026:17:44:58 +0000] "GET /index.html HTTP/1.1" 200 23005 "-" "Mozilla/5.0 (Macintosh; Intel Mac OS X 10_15_7) AppleWebKit/537.36"
172.16.0.10 - - [10/May/2026:18:00:10 +0000] "POST /index.html HTTP/1.1" 200 5196 "-" "curl/7.68.0"
10.0.0.50 - - [10/May/2026:18:06:31 +0000] "GET /images/logo.png HTTP/1.1" 200 46626 "https://example.com/" "Python-urllib/3.8"
198.51.100.23 - - [10/May/2026:18:05:40 +0000] "GET /static/css/style.css HTTP/1.1" 200 31198 "https://example.com/" "Mozilla/5.0 (Macintosh; Intel Mac OS X 10_15_7) AppleWebKit/537.36"
93.184.216.34 - - [10/May/2026:18:14:32 +0000] "POST /static/js/app.js HTTP/1.1" 200 38232 "-" "Mozilla/5.0 (X11; Linux x86_64) AppleWebKit/537.36"
203.0.113.45 - - [10/May/2026:18:19:08 +0000] "POST /index.html HTTP/1.1" 200 41262 "-" "Mozilla/5.0 (X11; Linux x86_64) AppleWebKit/537.36"
192.168.1.102 - - [10/May/2026:18:28:08 +0000] "GET /api/users HTTP/1.1" 200 30912 "https://example.com/" "Mozilla/5.0 (Macintosh; Intel Mac OS X 10_15_7) AppleWebKit/537.36"
203.0.113.45 - - [10/May/2026:18:34:46 +0000] "POST /index.html HTTP/1.1" 200 3206 "https://example.com/" "curl/7.68.0"
172.16.0.10 - - [10/May/2026:18:43:43 +0000] "GET /index.html HTTP/1.1" 200 18633 "-" "Python-urllib/3.8"
192.168.1.101 - - [10/May/2026:19:07:30 +0000] "POST /static/js/app.js HTTP/1.1" 200 28605 "https://example.com/" "Mozilla/5.0 (Windows NT 10.0; Win64; x64) AppleWebKit/537.36"
10.0.1.100 - - [10/May/2026:19:12:50 +0000] "DELETE /static/css/style.css HTTP/1.1" 200 49190 "-" "Mozilla/5.0 (Macintosh; Intel Mac OS X 10_15_7) AppleWebKit/537.36"
172.16.0.20 - - [10/May/2026:19:18:44 +0000] "GET /api/search HTTP/1.1" 200 34009 "-" "curl/7.68.0"
192.168.1.100 - - [10/May/2026:19:25:07 +0000] "PATCH /api/orders HTTP/1.1" 200 17516 "-" "Python-urllib/3.8"
93.184.216.34 - - [10/May/2026:19:29:25 +0000] "GET / HTTP/1.1" 200 49089 "https://example.com/" "Mozilla/5.0 (Windows NT 10.0; Win64; x64) AppleWebKit/537.36"
93.184.216.34 - - [10/May/2026:19:43:57 +0000] "GET /images/logo.png HTTP/1.1" 200 24871 "-" "Mozilla/5.0 (Windows NT 10.0; Win64; x64) AppleWebKit/537.36"
192.168.1.101 - - [10/May/2026:20:00:18 +0000] "POST /admin/login HTTP/1.1" 369 29781 "https://example.com/" "Python-urllib/3.8"
203.0.113.45 - - [10/May/2026:20:00:43 +0000] "POST /static/js/app.js HTTP/1.1" 200 49298 "https://example.com/" "Mozilla/5.0 (X11; Linux x86_64) AppleWebKit/537.36"
172.16.0.10 - - [10/May/2026:20:08:09 +0000] "GET /api/products HTTP/1.1" 200 2084 "https://example.com/" "Python-urllib/3.8"
172.16.0.20 - - [10/May/2026:20:23:15 +0000] "GET /static/css/style.css HTTP/1.1" 200 20621 "-" "Mozilla/5.0 (Macintosh; Intel Mac OS X 10_15_7) AppleWebKit/537.36"
172.16.0.10 - - [10/May/2026:20:23:07 +0000] "GET /static/css/style.css HTTP/1.1" 200 17937 "https://example.com/" "curl/7.68.0"
172.16.0.10 - - [10/May/2026:20:42:37 +0000] "POST / HTTP/1.1" 200 41643 "https://example.com/" "Mozilla/5.0 (Macintosh; Intel Mac OS X 10_15_7) AppleWebKit/537.36"
192.168.1.102 - - [10/May/2026:20:39:07 +0000] "POST /index.html HTTP/1.1" 200 46034 "https://example.com/" "Mozilla/5.0 (Macintosh; Intel Mac OS X 10_15_7) AppleWebKit/537.36"
172.16.0.10 - - [10/May/2026:21:00:42 +0000] "GET /api/search HTTP/1.1" 200 16577 "-" "Mozilla/5.0 (Windows NT 10.0; Win64; x64) AppleWebKit/537.36"
192.168.1.100 - - [10/May/2026:21:00:41 +0000] "POST /images/logo.png HTTP/1.1" 200 2895 "https://example.com/" "Mozilla/5.0 (Windows NT 10.0; Win64; x64) AppleWebKit/537.36"
10.0.0.50 - - [10/May/2026:21:02:25 +0000] "GET /api/search HTTP/1.1" 200 1180 "https://example.com/" "Python-urllib/3.8"
198.51.100.23 - - [10/May/2026:21:18:22 +0000] "GET /index.html HTTP/1.1" 200 3819 "https://example.com/" "Mozilla/5.0 (Windows NT 10.0; Win64; x64) AppleWebKit/537.36"
10.0.0.51 - - [10/May/2026:21:30:03 +0000] "GET / HTTP/1.1" 200 25460 "-" "Python-urllib/3.8"
10.0.0.50 - - [10/May/2026:21:42:33 +0000] "POST /api/search HTTP/1.1" 200 21690 "https://example.com/" "Mozilla/5.0 (X11; Linux x86_64) AppleWebKit/537.36"
198.51.100.23 - - [10/May/2026:21:40:20 +0000] "GET /static/js/app.js HTTP/1.1" 200 36665 "https://example.com/" "Mozilla/5.0 (Macintosh; Intel Mac OS X 10_15_7) AppleWebKit/537.36"
10.0.1.100 - - [10/May/2026:21:49:58 +0000] "POST / HTTP/1.1" 200 21581 "https://example.com/" "curl/7.68.0"
172.16.0.20 - - [10/May/2026:21:57:51 +0000] "GET /index.html HTTP/1.1" 200 39709 "-" "Mozilla/5.0 (Macintosh; Intel Mac OS X 10_15_7) AppleWebKit/537.36"
192.168.1.100 - - [10/May/2026:22:15:59 +0000] "POST /images/logo.png HTTP/1.1" 200 43039 "https://example.com/" "Mozilla/5.0 (X11; Linux x86_64) AppleWebKit/537.36"
10.0.0.50 - - [10/May/2026:22:10:37 +0000] "GET / HTTP/1.1" 200 2016 "-" "Python-urllib/3.8"
192.168.1.102 - - [10/May/2026:22:18:28 +0000] "GET /index.html HTTP/1.1" 200 36901 "https://example.com/" "Mozilla/5.0 (X11; Linux x86_64) AppleWebKit/537.36"
172.16.0.10 - - [10/May/2026:22:43:47 +0000] "GET /static/css/style.css HTTP/1.1" 200 30345 "https://example.com/" "Mozilla/5.0 (Macintosh; Intel Mac OS X 10_15_7) AppleWebKit/537.36"
203.0.113.45 - - [10/May/2026:22:45:18 +0000] "GET / HTTP/1.1" 200 18381 "-" "curl/7.68.0"
93.184.216.34 - - [10/May/2026:23:02:34 +0000] "GET / HTTP/1.1" 200 28164 "https://example.com/" "Mozilla/5.0 (Macintosh; Intel Mac OS X 10_15_7) AppleWebKit/537.36"
172.16.0.20 - - [10/May/2026:22:58:00 +0000] "GET /images/logo.png HTTP/1.1" 200 29020 "https://example.com/" "Python-urllib/3.8"
192.168.1.101 - - [10/May/2026:23:02:21 +0000] "GET /static/js/app.js HTTP/1.1" 200 5203 "https://example.com/" "curl/7.68.0"
10.0.0.51 - - [10/May/2026:23:17:18 +0000] "POST /static/js/app.js HTTP/1.1" 200 37752 "https://example.com/" "Mozilla/5.0 (Windows NT 10.0; Win64; x64) AppleWebKit/537.36"
192.168.1.102 - - [10/May/2026:23:35:40 +0000] "GET /static/css/style.css HTTP/1.1" 200 13958 "https://example.com/" "Python-urllib/3.8"
172.16.0.20 - - [10/May/2026:23:44:56 +0000] "GET /images/logo.png HTTP/1.1" 200 8861 "https://example.com/" "Mozilla/5.0 (X11; Linux x86_64) AppleWebKit/537.36"
203.0.113.45 - - [10/May/2026:23:49:33 +0000] "GET /static/css/style.css HTTP/1.1" 200 20457 "https://example.com/" "Mozilla/5.0 (Windows NT 10.0; Win64; x64) AppleWebKit/537.36"
10.0.1.100 - - [10/May/2026:23:47:52 +0000] "GET /static/js/app.js HTTP/1.1" 200 43736 "https://example.com/" "Python-urllib/3.8"
172.16.0.20 - - [10/May/2026:23:52:49 +0000] "GET / HTTP/1.1" 200 7347 "https://example.com/" "Python-urllib/3.8"
192.168.1.101 - - [11/May/2026:00:05:04 +0000] "GET /static/css/style.css HTTP/1.1" 200 44794 "-" "curl/7.68.0"
203.0.113.45 - - [11/May/2026:00:13:41 +0000] "GET /api/products HTTP/1.1" 200 26947 "https://example.com/" "curl/7.68.0"
192.168.1.101 - - [11/May/2026:00:31:28 +0000] "GET /admin/login HTTP/1.1" 290 41711 "https://example.com/" "Mozilla/5.0 (Macintosh; Intel Mac OS X 10_15_7) AppleWebKit/537.36"
172.16.0.20 - - [11/May/2026:00:45:50 +0000] "GET /static/css/style.css HTTP/1.1" 200 22160 "https://example.com/" "Python-urllib/3.8"
10.0.1.100 - - [11/May/2026:00:49:15 +0000] "GET /static/js/app.js HTTP/1.1" 200 21412 "https://example.com/" "curl/7.68.0"
203.0.113.45 - - [11/May/2026:00:53:49 +0000] "GET / HTTP/1.1" 200 28267 "https://example.com/" "Mozilla/5.0 (Windows NT 10.0; Win64; x64) AppleWebKit/537.36"
192.168.1.101 - - [11/May/2026:01:12:15 +0000] "GET /images/logo.png HTTP/1.1" 200 32849 "https://example.com/" "Python-urllib/3.8"
192.168.1.102 - - [11/May/2026:01:06:28 +0000] "POST /api/users HTTP/1.1" 200 30921 "https://example.com/" "Mozilla/5.0 (Macintosh; Intel Mac OS X 10_15_7) AppleWebKit/537.36"
172.16.0.20 - - [11/May/2026:01:17:56 +0000] "POST /index.html HTTP/1.1" 200 14023 "-" "curl/7.68.0"
10.0.1.100 - - [11/May/2026:01:25:48 +0000] "POST /index.html HTTP/1.1" 200 18481 "-" "curl/7.68.0"
203.0.113.45 - - [11/May/2026:01:28:51 +0000] "GET /api/users HTTP/1.1" 200 24423 "https://example.com/" "Mozilla/5.0 (Windows NT 10.0; Win64; x64) AppleWebKit/537.36"
10.0.0.51 - - [11/May/2026:01:46:14 +0000] "GET /api/search HTTP/1.1" 200 42327 "https://example.com/" "Mozilla/5.0 (X11; Linux x86_64) AppleWebKit/537.36"
172.16.0.20 - - [11/May/2026:02:01:57 +0000] "GET / HTTP/1.1" 200 12527 "https://example.com/" "Mozilla/5.0 (Macintosh; Intel Mac OS X 10_15_7) AppleWebKit/537.36"
192.168.1.101 - - [11/May/2026:02:12:18 +0000] "GET /static/js/app.js HTTP/1.1" 200 48247 "https://example.com/" "Mozilla/5.0 (Windows NT 10.0; Win64; x64) AppleWebKit/537.36"
10.0.0.50 - - [11/May/2026:02:03:05 +0000] "GET /static/js/app.js HTTP/1.1" 200 28623 "https://example.com/" "Mozilla/5.0 (Macintosh; Intel Mac OS X 10_15_7) AppleWebKit/537.36"
192.168.1.102 - - [11/May/2026:02:17:49 +0000] "GET /images/logo.png HTTP/1.1" 200 23604 "https://example.com/" "Mozilla/5.0 (Macintosh; Intel Mac OS X 10_15_7) AppleWebKit/537.36"
93.184.216.34 - - [11/May/2026:02:27:54 +0000] "GET /static/css/style.css HTTP/1.1" 200 35403 "https://example.com/" "curl/7.68.0"
192.168.1.100 - - [11/May/2026:02:43:10 +0000] "GET /api/search HTTP/1.1" 200 6635 "https://example.com/" "Mozilla/5.0 (Macintosh; Intel Mac OS X 10_15_7) AppleWebKit/537.36"
10.0.1.100 - - [11/May/2026:02:47:41 +0000] "POST /images/logo.png HTTP/1.1" 200 2143 "-" "Python-urllib/3.8"
172.16.0.20 - - [11/May/2026:03:01:03 +0000] "GET /api/products HTTP/1.1" 200 12505 "-" "curl/7.68.0"
172.16.0.10 - - [11/May/2026:03:05:25 +0000] "GET /static/js/app.js HTTP/1.1" 200 15197 "-" "curl/7.68.0"
10.0.1.100 - - [11/May/2026:03:08:06 +0000] "GET / HTTP/1.1" 200 9832 "https://example.com/" "Mozilla/5.0 (Macintosh; Intel Mac OS X 10_15_7) AppleWebKit/537.36"
192.168.1.102 - - [11/May/2026:03:21:59 +0000] "GET /api/search HTTP/1.1" 200 23267 "https://example.com/" "curl/7.68.0"
10.0.0.51 - - [11/May/2026:03:32:14 +0000] "GET /static/js/app.js HTTP/1.1" 200 20332 "-" "Mozilla/5.0 (Windows NT 10.0; Win64; x64) AppleWebKit/537.36"
93.184.216.34 - - [11/May/2026:03:37:58 +0000] "GET / HTTP/1.1" 200 29600 "-" "Mozilla/5.0 (Macintosh; Intel Mac OS X 10_15_7) AppleWebKit/537.36"
10.0.0.50 - - [11/May/2026:03:53:24 +0000] "POST /index.html HTTP/1.1" 200 34377 "https://example.com/" "Mozilla/5.0 (Windows NT 10.0; Win64; x64) AppleWebKit/537.36"
198.51.100.23 - - [11/May/2026:03:45:35 +0000] "GET / HTTP/1.1" 200 18408 "-" "Mozilla/5.0 (X11; Linux x86_64) AppleWebKit/537.36"
172.16.0.10 - - [11/May/2026:04:04:31 +0000] "PUT / HTTP/1.1" 200 37486 "-" "Python-urllib/3.8"
10.0.0.50 - - [11/May/2026:04:08:53 +0000] "GET /images/logo.png HTTP/1.1" 200 44997 "https://example.com/" "curl/7.68.0"
192.168.1.101 - - [11/May/2026:04:24:38 +0000] "GET / HTTP/1.1" 200 34291 "https://example.com/" "Mozilla/5.0 (X11; Linux x86_64) AppleWebKit/537.36"
192.168.1.102 - - [11/May/2026:04:21:07 +0000] "POST / HTTP/1.1" 200 44708 "https://example.com/" "Mozilla/5.0 (Macintosh; Intel Mac OS X 10_15_7) AppleWebKit/537.36"
192.168.1.102 - - [11/May/2026:04:36:26 +0000] "GET / HTTP/1.1" 200 20752 "-" "curl/7.68.0"
172.16.0.10 - - [11/May/2026:04:44:34 +0000] "GET /index.html HTTP/1.1" 200 22991 "https://example.com/" "Mozilla/5.0 (Windows NT 10.0; Win64; x64) AppleWebKit/537.36"
198.51.100.23 - - [11/May/2026:04:49:03 +0000] "POST /static/js/app.js HTTP/1.1" 200 24825 "-" "Mozilla/5.0 (X11; Linux x86_64) AppleWebKit/537.36"
172.16.0.20 - - [11/May/2026:04:56:29 +0000] "GET /api/users HTTP/1.1" 200 33551 "https://example.com/" "Mozilla/5.0 (Windows NT 10.0; Win64; x64) AppleWebKit/537.36"
192.168.1.100 - - [11/May/2026:05:16:42 +0000] "POST /api/search HTTP/1.1" 200 32750 "-" "Mozilla/5.0 (Macintosh; Intel Mac OS X 10_15_7) AppleWebKit/537.36"
192.168.1.102 - - [11/May/2026:05:26:52 +0000] "GET /images/logo.png HTTP/1.1" 200 10071 "https://example.com/" "Mozilla/5.0 (Macintosh; Intel Mac OS X 10_15_7) AppleWebKit/537.36"
198.51.100.23 - - [11/May/2026:05:21:31 +0000] "GET / HTTP/1.1" 200 8497 "https://example.com/" "Mozilla/5.0 (Macintosh; Intel Mac OS X 10_15_7) AppleWebKit/537.36"
198.51.100.23 - - [11/May/2026:05:40:21 +0000] "GET /static/css/style.css HTTP/1.1" 200 17647 "https://example.com/" "Python-urllib/3.8"
192.168.1.100 - - [11/May/2026:05:41:04 +0000] "PUT /images/logo.png HTTP/1.1" 200 15844 "-" "Mozilla/5.0 (Macintosh; Intel Mac OS X 10_15_7) AppleWebKit/537.36"
93.184.216.34 - - [11/May/2026:05:59:37 +0000] "POST /images/logo.png HTTP/1.1" 200 5968 "https://example.com/" "Mozilla/5.0 (X11; Linux x86_64) AppleWebKit/537.36"
10.0.0.50 - - [11/May/2026:05:59:02 +0000] "PUT /static/css/style.css HTTP/1.1" 200 12588 "https://example.com/" "curl/7.68.0"
192.168.1.102 - - [11/May/2026:06:17:37 +0000] "PATCH /index.html HTTP/1.1" 200 39496 "https://example.com/" "Mozilla/5.0 (Macintosh; Intel Mac OS X 10_15_7) AppleWebKit/537.36"
172.16.0.20 - - [11/May/2026:06:14:43 +0000] "POST /static/css/style.css HTTP/1.1" 200 39317 "https://example.com/" "curl/7.68.0"
172.16.0.10 - - [11/May/2026:06:30:19 +0000] "GET /static/css/style.css HTTP/1.1" 200 7718 "https://example.com/" "Python-urllib/3.8"
10.0.0.51 - - [11/May/2026:06:33:33 +0000] "GET /static/js/app.js HTTP/1.1" 200 743 "-" "Mozilla/5.0 (Macintosh; Intel Mac OS X 10_15_7) AppleWebKit/537.36"
10.0.0.51 - - [11/May/2026:06:43:46 +0000] "DELETE / HTTP/1.1" 200 33005 "https://example.com/" "Mozilla/5.0 (X11; Linux x86_64) AppleWebKit/537.36"
172.16.0.10 - - [11/May/2026:07:05:14 +0000] "POST /api/products HTTP/1.1" 200 44562 "https://example.com/" "Mozilla/5.0 (Macintosh; Intel Mac OS X 10_15_7) AppleWebKit/537.36"
192.168.1.101 - - [11/May/2026:07:10:10 +0000] "PATCH /api/products HTTP/1.1" 200 7030 "https://example.com/" "Mozilla/5.0 (Windows NT 10.0; Win64; x64) AppleWebKit/537.36"
10.0.0.51 - - [11/May/2026:07:19:09 +0000] "GET /index.html HTTP/1.1" 200 33645 "https://example.com/" "curl/7.68.0"
172.16.0.20 - - [11/May/2026:07:15:55 +0000] "GET / HTTP/1.1" 200 38531 "-" "curl/7.68.0"
172.16.0.10 - - [11/May/2026:07:23:42 +0000] "GET /images/logo.png HTTP/1.1" 200 49626 "https://example.com/" "curl/7.68.0"
10.0.1.100 - - [11/May/2026:07:36:32 +0000] "GET /api/orders HTTP/1.1" 201 2780 "https://example.com/" "curl/7.68.0"
10.0.1.100 - - [11/May/2026:07:53:25 +0000] "GET /api/orders HTTP/1.1" 200 5341 "https://example.com/" "curl/7.68.0"
