10.0.0.50 - - [25/Apr/2026:22:56:10 +0000] "GET /images/logo.png HTTP/1.1" 200 9754 "-" "Mozilla/5.0 (X11; Linux x86_64) AppleWebKit/537.36"
93.184.216.34 - - [25/Apr/2026:23:03:39 +0000] "GET / HTTP/1.1" 200 22425 "https://example.com/" "Mozilla/5.0 (Windows NT 10.0; Win64; x64) AppleWebKit/537.36"
10.0.0.51 - - [25/Apr/2026:23:18:04 +0000] "GET /api/orders HTTP/1.1" 200 36479 "-" "Mozilla/5.0 (Macintosh; Intel Mac OS X 10_15_7) AppleWebKit/537.36"
203.0.113.45 - - [25/Apr/2026:23:18:44 +0000] "GET /static/css/style.css HTTP/1.1" 200 18903 "-" "Python-urllib/3.8"
192.168.1.102 - - [25/Apr/2026:23:22:08 +0000] "GET /admin/login HTTP/1.1" 352 40616 "https://example.com/" "Mozilla/5.0 (Macintosh; Intel Mac OS X 10_15_7) AppleWebKit/537.36"
172.16.0.20 - - [25/Apr/2026:23:39:56 +0000] "DELETE /api/users HTTP/1.1" 200 8341 "https://example.com/" "Mozilla/5.0 (Windows NT 10.0; Win64; x64) AppleWebKit/537.36"
203.0.113.45 - - [25/Apr/2026:23:55:58 +0000] "PUT /static/css/style.css HTTP/1.1" 200 37766 "-" "Mozilla/5.0 (Windows NT 10.0; Win64; x64) AppleWebKit/537.36"
93.184.216.34 - - [26/Apr/2026:00:04:05 +0000] "GET / HTTP/1.1" 200 3108 "-" "Mozilla/5.0 (Windows NT 10.0; Win64; x64) AppleWebKit/537.36"
10.0.1.100 - - [25/Apr/2026:23:56:58 +0000] "POST /api/users HTTP/1.1" 200 5096 "-" "Mozilla/5.0 (X11; Linux x86_64) AppleWebKit/537.36"
172.16.0.20 - - [26/Apr/2026:00:08:59 +0000] "GET /api/orders HTTP/1.1" 201 2448 "-" "Mozilla/5.0 (Macintosh; Intel Mac OS X 10_15_7) AppleWebKit/537.36"
198.51.100.23 - - [26/Apr/2026:00:30:13 +0000] "GET /index.html HTTP/1.1" 200 17191 "https://example.com/" "Mozilla/5.0 (X11; Linux x86_64) AppleWebKit/537.36"
172.16.0.10 - - [26/Apr/2026:00:27:55 +0000] "GET /api/search HTTP/1.1" 200 9055 "https://example.com/" "Mozilla/5.0 (Windows NT 10.0; Win64; x64) AppleWebKit/537.36"
172.16.0.10 - - [26/Apr/2026:00:33:57 +0000] "GET /api/users HTTP/1.1" 200 9434 "-" "curl/7.68.0"
192.168.1.102 - - [26/Apr/2026:00:51:16 +0000] "GET /notfound HTTP/1.1" 404 232 "-" "Python-urllib/3.8"
203.0.113.45 - - [26/Apr/2026:00:59:09 +0000] "GET /api/search HTTP/1.1" 200 35812 "https://example.com/" "Mozilla/5.0 (X11; Linux x86_64) AppleWebKit/537.36"
192.168.1.100 - - [26/Apr/2026:00:56:29 +0000] "POST /static/js/app.js HTTP/1.1" 200 39536 "-" "Mozilla/5.0 (Macintosh; Intel Mac OS X 10_15_7) AppleWebKit/537.36"
192.168.1.100 - - [26/Apr/2026:01:17:27 +0000] "GET /index.html HTTP/1.1" 200 734 "https://example.com/" "Mozilla/5.0 (Macintosh; Intel Mac OS X 10_15_7) AppleWebKit/537.36"
172.16.0.10 - - [26/Apr/2026:01:19:03 +0000] "GET /api/search HTTP/1.1" 200 8028 "https://example.com/" "Python-urllib/3.8"
10.0.0.50 - - [26/Apr/2026:01:33:23 +0000] "GET /admin/login HTTP/1.1" 257 9418 "https://example.com/" "Mozilla/5.0 (X11; Linux x86_64) AppleWebKit/537.36"
93.184.216.34 - - [26/Apr/2026:01:41:27 +0000] "GET / HTTP/1.1" 200 14625 "https://example.com/" "Mozilla/5.0 (Macintosh; Intel Mac OS X 10_15_7) AppleWebKit/537.36"
10.0.0.51 - - [26/Apr/2026:01:44:55 +0000] "POST /api/users HTTP/1.1" 200 37548 "https://example.com/" "Mozilla/5.0 (X11; Linux x86_64) AppleWebKit/537.36"
192.168.1.101 - - [26/Apr/2026:01:50:07 +0000] "GET /static/css/style.css HTTP/1.1" 200 28428 "-" "Mozilla/5.0 (Windows NT 10.0; Win64; x64) AppleWebKit/537.36"
10.0.1.100 - - [26/Apr/2026:02:05:08 +0000] "GET /api/users HTTP/1.1" 200 27767 "-" "Mozilla/5.0 (Macintosh; Intel Mac OS X 10_15_7) AppleWebKit/537.36"
192.168.1.100 - - [26/Apr/2026:02:14:29 +0000] "GET / HTTP/1.1" 200 43096 "https://example.com/" "Mozilla/5.0 (Macintosh; Intel Mac OS X 10_15_7) AppleWebKit/537.36"
198.51.100.23 - - [26/Apr/2026:02:26:12 +0000] "POST /api/users HTTP/1.1" 200 37648 "-" "Mozilla/5.0 (X11; Linux x86_64) AppleWebKit/537.36"
192.168.1.101 - - [26/Apr/2026:02:31:57 +0000] "GET / HTTP/1.1" 200 14608 "https://example.com/" "Mozilla/5.0 (Macintosh; Intel Mac OS X 10_15_7) AppleWebKit/537.36"
172.16.0.10 - - [26/Apr/2026:02:45:24 +0000] "GET /static/css/style.css HTTP/1.1" 200 25768 "https://example.com/" "Python-urllib/3.8"
172.16.0.10 - - [26/Apr/2026:02:54:53 +0000] "GET /api/products HTTP/1.1" 200 42030 "-" "Python-urllib/3.8"
172.16.0.10 - - [26/Apr/2026:02:50:50 +0000] "GET /index.html HTTP/1.1" 200 4855 "-" "Python-urllib/3.8"
93.184.216.34 - - [26/Apr/2026:03:14:58 +0000] "GET /static/css/style.css HTTP/1.1" 200 24822 "https://example.com/" "Mozilla/5.0 (X11; Linux x86_64) AppleWebKit/537.36"
198.51.100.23 - - [26/Apr/2026:03:12:24 +0000] "GET /static/css/style.css HTTP/1.1" 200 20134 "https://example.com/" "Python-urllib/3.8"
203.0.113.45 - - [26/Apr/2026:03:22:15 +0000] "GET /api/products HTTP/1.1" 200 17550 "https://example.com/" "Mozilla/5.0 (Windows NT 10.0; Win64; x64) AppleWebKit/537.36"
172.16.0.10 - - [26/Apr/2026:03:32:59 +0000] "GET /static/css/style.css HTTP/1.1" 200 27325 "https://example.com/" "Python-urllib/3.8"
10.0.1.100 - - [26/Apr/2026:03:51:36 +0000] "GET /api/search HTTP/1.1" 200 7536 "https://example.com/" "Mozilla/5.0 (Macintosh; Intel Mac OS X 10_15_7) AppleWebKit/537.36"
198.51.100.23 - - [26/Apr/2026:03:42:26 +0000] "GET /api/users HTTP/1.1" 200 22393 "https://example.com/" "Mozilla/5.0 (Windows NT 10.0; Win64; x64) AppleWebKit/537.36"
192.168.1.100 - - [26/Apr/2026:04:00:33 +0000] "GET / HTTP/1.1" 200 47582 "-" "curl/7.68.0"
172.16.0.10 - - [26/Apr/2026:04:06:44 +0000] "DELETE /admin/login HTTP/1.1" 251 18207 "https://example.com/" "curl/7.68.0"
172.16.0.10 - - [26/Apr/2026:04:15:06 +0000] "GET /api/products HTTP/1.1" 200 7384 "-" "curl/7.68.0"
10.0.1.100 - - [26/Apr/2026:04:23:45 +0000] "GET /index.html HTTP/1.1" 200 12504 "-" "curl/7.68.0"
172.16.0.20 - - [26/Apr/2026:04:29:42 +0000] "GET /images/logo.png HTTP/1.1" 200 9336 "-" "Python-urllib/3.8"
93.184.216.34 - - [26/Apr/2026:04:40:20 +0000] "GET /api/orders HTTP/1.1" 200 15493 "https://example.com/" "Python-urllib/3.8"
93.184.216.34 - - [26/Apr/2026:04:59:42 +0000] "GET /images/logo.png HTTP/1.1" 200 19632 "-" "curl/7.68.0"
172.16.0.10 - - [26/Apr/2026:05:00:15 +0000] "GET /admin/login HTTP/1.1" 253 6053 "https://example.com/" "Mozilla/5.0 (X11; Linux x86_64) AppleWebKit/537.36"
10.0.0.50 - - [26/Apr/2026:05:06:35 +0000] "GET / HTTP/1.1" 200 21050 "-" "Python-urllib/3.8"
192.168.1.102 - - [26/Apr/2026:05:12:45 +0000] "GET /api/users HTTP/1.1" 200 6262 "-" "Python-urllib/3.8"
172.16.0.10 - - [26/Apr/2026:05:24:03 +0000] "PUT /api/users HTTP/1.1" 200 16413 "https://example.com/" "curl/7.68.0"
10.0.0.51 - - [26/Apr/2026:05:27:22 +0000] "GET /images/logo.png HTTP/1.1" 200 28288 "https://example.com/" "Mozilla/5.0 (X11; Linux x86_64) AppleWebKit/537.36"
192.168.1.102 - - [26/Apr/2026:05:35:15 +0000] "GET /static/css/style.css HTTP/1.1" 200 19500 "https://example.com/" "Mozilla/5.0 (Macintosh; Intel Mac OS X 10_15_7) AppleWebKit/537.36"
192.168.1.101 - - [26/Apr/2026:05:54:03 +0000] "POST /static/css/style.css HTTP/1.1" 200 4059 "-" "Python-urllib/3.8"
172.16.0.20 - - [26/Apr/2026:05:51:24 +0000] "PATCH /admin/login HTTP/1.1" 228 21140 "-" "Mozilla/5.0 (X11; Linux x86_64) AppleWebKit/537.36"
172.16.0.20 - - [26/Apr/2026:06:12:42 +0000] "GET /api/search HTTP/1.1" 200 21629 "https://example.com/" "Mozilla/5.0 (X11; Linux x86_64) AppleWebKit/537.36"
93.184.216.34 - - [26/Apr/2026:06:09:15 +0000] "GET / HTTP/1.1" 200 25103 "https://example.com/" "curl/7.68.0"
192.168.1.100 - - [26/Apr/2026:06:18:32 +0000] "GET /static/js/app.js HTTP/1.1" 200 41727 "https://example.com/" "curl/7.68.0"
172.16.0.10 - - [26/Apr/2026:06:28:36 +0000] "GET /static/css/style.css HTTP/1.1" 200 45748 "https://example.com/" "Python-urllib/3.8"
198.51.100.23 - - [26/Apr/2026:06:38:12 +0000] "GET /static/js/app.js HTTP/1.1" 200 29748 "-" "Mozilla/5.0 (Macintosh; Intel Mac OS X 10_15_7) AppleWebKit/537.36"
192.168.1.101 - - [26/Apr/2026:06:54:11 +0000] "DELETE /api/users HTTP/1.1" 200 24686 "https://example.com/" "Mozilla/5.0 (Macintosh; Intel Mac OS X 10_15_7) AppleWebKit/537.36"
192.168.1.100 - - [26/Apr/2026:06:56:21 +0000] "POST /index.html HTTP/1.1" 200 27972 "-" "Mozilla/5.0 (X11; Linux x86_64) AppleWebKit/537.36"
10.0.0.51 - - [26/Apr/2026:07:17:38 +0000] "GET /api/users HTTP/1.1" 200 9525 "https://example.com/" "Mozilla/5.0 (Windows NT 10.0; Win64; x64) AppleWebKit/537.36"
172.16.0.10 - - [26/Apr/2026:07:12:30 +0000] "POST /api/internal HTTP/1.1" 503 311 "https://example.com/" "Python-urllib/3.8"
172.16.0.20 - - [26/Apr/2026:07:21:39 +0000] "GET /api/search HTTP/1.1" 200 22331 "https://example.com/" "curl/7.68.0"
198.51.100.23 - - [26/Apr/2026:07:34:00 +0000] "PATCH /static/js/app.js HTTP/1.1" 200 20576 "https://example.com/" "Python-urllib/3.8"
10.0.0.50 - - [26/Apr/2026:07:43:33 +0000] "POST /static/js/app.js HTTP/1.1" 200 46590 "https://example.com/" "Mozilla/5.0 (Macintosh; Intel Mac OS X 10_15_7) AppleWebKit/537.36"
10.0.0.51 - - [26/Apr/2026:07:50:36 +0000] "GET /images/logo.png HTTP/1.1" 200 47676 "https://example.com/" "curl/7.68.0"
198.51.100.23 - - [26/Apr/2026:08:06:47 +0000] "POST /admin/login HTTP/1.1" 342 22478 "-" "Mozilla/5.0 (Macintosh; Intel Mac OS X 10_15_7) AppleWebKit/537.36"
10.0.0.51 - - [26/Apr/2026:08:06:43 +0000] "GET /api/users HTTP/1.1" 200 4425 "-" "curl/7.68.0"
172.16.0.10 - - [26/Apr/2026:08:27:02 +0000] "POST /static/js/app.js HTTP/1.1" 200 17883 "-" "Mozilla/5.0 (Windows NT 10.0; Win64; x64) AppleWebKit/537.36"
172.16.0.20 - - [26/Apr/2026:08:34:33 +0000] "GET / HTTP/1.1" 200 29274 "https://example.com/" "curl/7.68.0"
192.168.1.100 - - [26/Apr/2026:08:33:11 +0000] "GET /index.html HTTP/1.1" 200 25288 "https://example.com/" "curl/7.68.0"
203.0.113.45 - - [26/Apr/2026:08:39:38 +0000] "GET /images/logo.png HTTP/1.1" 200 45352 "https://example.com/" "Mozilla/5.0 (Windows NT 10.0; Win64; x64) AppleWebKit/537.36"
93.184.216.34 - - [26/Apr/2026:08:49:17 +0000] "GET /images/logo.png HTTP/1.1" 200 30075 "https://example.com/" "Python-urllib/3.8"
192.168.1.101 - - [26/Apr/2026:09:00:07 +0000] "GET /static/js/app.js HTTP/1.1" 200 15263 "https://example.com/" "curl/7.68.0"
192.168.1.100 - - [26/Apr/2026:09:12:34 +0000] "POST /api/products HTTP/1.1" 200 31038 "https://example.com/" "Python-urllib/3.8"
192.168.1.101 - - [26/Apr/2026:09:16:53 +0000] "GET / HTTP/1.1" 200 6081 "https://example.com/" "Python-urllib/3.8"
93.184.216.34 - - [26/Apr/2026:09:24:46 +0000] "POST /api/users HTTP/1.1" 200 19494 "https://example.com/" "Python-urllib/3.8"
10.0.1.100 - - [26/Apr/2026:09:34:53 +0000] "GET /index.html HTTP/1.1" 200 16340 "https://example.com/" "Mozilla/5.0 (Windows NT 10.0; Win64; x64) AppleWebKit/537.36"
192.168.1.102 - - [26/Apr/2026:09:38:12 +0000] "GET /api/users HTTP/1.1" 200 7459 "https://example.com/" "Mozilla/5.0 (Windows NT 10.0; Win64; x64) AppleWebKit/537.36"
198.51.100.23 - - [26/Apr/2026:09:48:25 +0000] "POST /index.html HTTP/1.1" 200 37137 "https://example.com/" "Mozilla/5.0 (Macintosh; Intel Mac OS X 10_15_7) AppleWebKit/537.36"
192.168.1.102 - - [26/Apr/2026:10:08:16 +0000] "GET /static/js/app.js HTTP/1.1" 200 50094 "-" "Python-urllib/3.8"
203.0.113.45 - - [26/Apr/2026:10:09:44 +0000] "GET /static/css/style.css HTTP/1.1" 200 16214 "-" "Mozilla/5.0 (X11; Linux x86_64) AppleWebKit/537.36"
192.168.1.101 - - [26/Apr/2026:10:28:37 +0000] "PUT /images/logo.png HTTP/1.1" 200 12119 "https://example.com/" "Mozilla/5.0 (Windows NT 10.0; Win64; x64) AppleWebKit/537.36"
172.16.0.20 - - [26/Apr/2026:10:20:11 +0000] "GET /api/search HTTP/1.1" 200 2414 "https://example.com/" "Python-urllib/3.8"
10.0.0.51 - - [26/Apr/2026:10:41:43 +0000] "GET /api/orders HTTP/1.1" 201 27297 "https://example.com/" "Mozilla/5.0 (Windows NT 10.0; Win64; x64) AppleWebKit/537.36"
192.168.1.101 - - [26/Apr/2026:10:36:51 +0000] "PUT /api/search HTTP/1.1" 200 15590 "https://example.com/" "Mozilla/5.0 (Macintosh; Intel Mac OS X 10_15_7) AppleWebKit/537.36"
172.16.0.20 - - [26/Apr/2026:10:45:08 +0000] "GET /images/logo.png HTTP/1.1" 200 28644 "https://example.com/" "Mozilla/5.0 (Macintosh; Intel Mac OS X 10_15_7) AppleWebKit/537.36"
203.0.113.45 - - [26/Apr/2026:10:54:06 +0000] "GET /api/orders HTTP/1.1" 201 22193 "https://example.com/" "Mozilla/5.0 (Windows NT 10.0; Win64; x64) AppleWebKit/537.36"
172.16.0.20 - - [26/Apr/2026:11:07:07 +0000] "PATCH /admin/login HTTP/1.1" 304 5007 "https://example.com/" "Mozilla/5.0 (X11; Linux x86_64) AppleWebKit/537.36"
172.16.0.10 - - [26/Apr/2026:11:10:50 +0000] "GET /admin/login HTTP/1.1" 371 37096 "https://example.com/" "Mozilla/5.0 (X11; Linux x86_64) AppleWebKit/537.36"
192.168.1.101 - - [26/Apr/2026:11:35:30 +0000] "GET /api/users HTTP/1.1" 200 37805 "-" "Python-urllib/3.8"
203.0.113.45 - - [26/Apr/2026:11:29:36 +0000] "GET /images/logo.png HTTP/1.1" 200 706 "https://example.com/" "Mozilla/5.0 (X11; Linux x86_64) AppleWebKit/537.36"
172.16.0.20 - - [26/Apr/2026:11:42:49 +0000] "GET / HTTP/1.1" 200 42776 "-" "Mozilla/5.0 (Macintosh; Intel Mac OS X 10_15_7) AppleWebKit/537.36"
10.0.1.100 - - [26/Apr/2026:11:50:31 +0000] "GET /static/js/app.js HTTP/1.1" 200 33189 "https://example.com/" "curl/7.68.0"
192.168.1.102 - - [26/Apr/2026:12:07:01 +0000] "POST / HTTP/1.1" 200 39658 "-" "Mozilla/5.0 (X11; Linux x86_64) AppleWebKit/537.36"
192.168.1.102 - - [26/Apr/2026:12:08:37 +0000] "GET /api/orders HTTP/1.1" 201 7453 "-" "Mozilla/5.0 (Windows NT 10.0; Win64; x64) AppleWebKit/537.36"
172.16.0.10 - - [26/Apr/2026:12:22:35 +0000] "GET /static/css/style.css HTTP/1.1" 200 13468 "https://example.com/" "Mozilla/5.0 (Macintosh; Intel Mac OS X 10_15_7) AppleWebKit/537.36"
10.0.0.51 - - [26/Apr/2026:12:38:08 +0000] "GET /images/logo.png HTTP/1.1" 200 33299 "https://example.com/" "Python-urllib/3.8"
192.168.1.100 - - [26/Apr/2026:12:34:07 +0000] "GET / HTTP/1.1" 200 47941 "https://example.com/" "curl/7.68.0"
192.168.1.100 - - [26/Apr/2026:12:39:26 +0000] "GET / HTTP/1.1" 200 44178 "-" "Mozilla/5.0 (Windows NT 10.0; Win64; x64) AppleWebKit/537.36"
172.16.0.20 - - [26/Apr/2026:12:48:45 +0000] "GET /images/logo.png HTTP/1.1" 200 35778 "-" "Mozilla/5.0 (Windows NT 10.0; Win64; x64) AppleWebKit/537.36"
93.184.216.34 - - [26/Apr/2026:13:10:58 +0000] "POST /static/js/app.js HTTP/1.1" 200 11774 "-" "Python-urllib/3.8"
192.168.1.102 - - [26/Apr/2026:13:16:44 +0000] "GET /api/orders HTTP/1.1" 200 27366 "-" "curl/7.68.0"
10.0.0.50 - - [26/Apr/2026:13:19:43 +0000] "GET /static/js/app.js HTTP/1.1" 200 8316 "-" "Mozilla/5.0 (X11; Linux x86_64) AppleWebKit/537.36"
93.184.216.34 - - [26/Apr/2026:13:23:34 +0000] "GET /api/search HTTP/1.1" 200 35027 "https://example.com/" "Mozilla/5.0 (Macintosh; Intel Mac OS X 10_15_7) AppleWebKit/537.36"
93.184.216.34 - - [26/Apr/2026:13:33:13 +0000] "GET /api/users HTTP/1.1" 200 48763 "-" "Mozilla/5.0 (Windows NT 10.0; Win64; x64) AppleWebKit/537.36"
93.184.216.34 - - [26/Apr/2026:13:52:54 +0000] "POST /static/js/app.js HTTP/1.1" 200 29633 "-" "Mozilla/5.0 (Macintosh; Intel Mac OS X 10_15_7) AppleWebKit/537.36"
172.16.0.10 - - [26/Apr/2026:14:05:22 +0000] "GET /api/orders HTTP/1.1" 201 872 "https://example.com/" "Python-urllib/3.8"
10.0.0.51 - - [26/Apr/2026:14:06:25 +0000] "GET /index.html HTTP/1.1" 200 8427 "https://example.com/" "curl/7.68.0"
10.0.0.51 - - [26/Apr/2026:14:08:40 +0000] "GET /api/products HTTP/1.1" 200 12421 "-" "Mozilla/5.0 (Macintosh; Intel Mac OS X 10_15_7) AppleWebKit/537.36"
93.184.216.34 - - [26/Apr/2026:14:16:36 +0000] "GET /api/users HTTP/1.1" 200 37681 "https://example.com/" "Python-urllib/3.8"
192.168.1.102 - - [26/Apr/2026:14:31:55 +0000] "POST /static/css/style.css HTTP/1.1" 200 16791 "https://example.com/" "Mozilla/5.0 (Macintosh; Intel Mac OS X 10_15_7) AppleWebKit/537.36"
203.0.113.45 - - [26/Apr/2026:14:45:30 +0000] "GET /api/users HTTP/1.1" 200 25017 "https://example.com/" "Mozilla/5.0 (X11; Linux x86_64) AppleWebKit/537.36"
198.51.100.23 - - [26/Apr/2026:14:44:37 +0000] "GET /images/logo.png HTTP/1.1" 200 49431 "https://example.com/" "Mozilla/5.0 (X11; Linux x86_64) AppleWebKit/537.36"
192.168.1.101 - - [26/Apr/2026:14:45:57 +0000] "GET /api/search HTTP/1.1" 200 15809 "-" "Mozilla/5.0 (X11; Linux x86_64) AppleWebKit/537.36"
198.51.100.23 - - [26/Apr/2026:15:08:32 +0000] "GET /api/products HTTP/1.1" 200 23857 "https://example.com/" "Python-urllib/3.8"
192.168.1.100 - - [26/Apr/2026:15:10:36 +0000] "POST / HTTP/1.1" 200 33852 "https://example.com/" "Python-urllib/3.8"
10.0.0.51 - - [26/Apr/2026:15:22:08 +0000] "GET /index.html HTTP/1.1" 200 25933 "https://example.com/" "Mozilla/5.0 (Macintosh; Intel Mac OS X 10_15_7) AppleWebKit/537.36"
198.51.100.23 - - [26/Apr/2026:15:33:09 +0000] "GET /index.html HTTP/1.1" 200 11229 "https://example.com/" "curl/7.68.0"
10.0.0.50 - - [26/Apr/2026:15:36:22 +0000] "GET / HTTP/1.1" 200 8082 "https://example.com/" "Mozilla/5.0 (Windows NT 10.0; Win64; x64) AppleWebKit/537.36"
192.168.1.101 - - [26/Apr/2026:15:46:41 +0000] "GET /images/logo.png HTTP/1.1" 200 50356 "https://example.com/" "Python-urllib/3.8"
10.0.0.50 - - [26/Apr/2026:15:59:00 +0000] "GET / HTTP/1.1" 200 29383 "-" "Python-urllib/3.8"
10.0.1.100 - - [26/Apr/2026:16:06:55 +0000] "POST /api/products HTTP/1.1" 200 14849 "https://example.com/" "curl/7.68.0"
10.0.0.50 - - [26/Apr/2026:16:14:55 +0000] "PATCH /static/css/style.css HTTP/1.1" 200 40505 "https://example.com/" "curl/7.68.0"
198.51.100.23 - - [26/Apr/2026:16:18:43 +0000] "GET /static/css/style.css HTTP/1.1" 200 5095 "https://example.com/" "Mozilla/5.0 (X11; Linux x86_64) AppleWebKit/537.36"
192.168.1.100 - - [26/Apr/2026:16:27:37 +0000] "GET / HTTP/1.1" 200 15233 "https://example.com/" "Mozilla/5.0 (X11; Linux x86_64) AppleWebKit/537.36"
10.0.1.100 - - [26/Apr/2026:16:43:08 +0000] "DELETE / HTTP/1.1" 200 42212 "https://example.com/" "Mozilla/5.0 (Windows NT 10.0; Win64; x64) AppleWebKit/537.36"
192.168.1.102 - - [26/Apr/2026:16:38:25 +0000] "POST /static/js/app.js HTTP/1.1" 200 35751 "https://example.com/" "Mozilla/5.0 (Macintosh; Intel Mac OS X 10_15_7) AppleWebKit/537.36"
10.0.0.50 - - [26/Apr/2026:16:46:57 +0000] "GET /api/search HTTP/1.1" 200 34680 "-" "Mozilla/5.0 (X11; Linux x86_64) AppleWebKit/537.36"
10.0.0.51 - - [26/Apr/2026:17:00:55 +0000] "DELETE /api/users HTTP/1.1" 200 3867 "-" "Python-urllib/3.8"
192.168.1.102 - - [26/Apr/2026:17:05:46 +0000] "PUT /images/logo.png HTTP/1.1" 200 1928 "https://example.com/" "curl/7.68.0"
172.16.0.10 - - [26/Apr/2026:17:17:36 +0000] "GET /images/logo.png HTTP/1.1" 200 32720 "https://example.com/" "Mozilla/5.0 (Macintosh; Intel Mac OS X 10_15_7) AppleWebKit/537.36"
192.168.1.102 - - [26/Apr/2026:17:32:34 +0000] "GET /images/logo.png HTTP/1.1" 200 40006 "https://example.com/" "curl/7.68.0"
172.16.0.20 - - [26/Apr/2026:17:30:39 +0000] "GET /static/css/style.css HTTP/1.1" 200 36139 "-" "curl/7.68.0"
10.0.0.51 - - [26/Apr/2026:17:48:46 +0000] "PUT /index.html HTTP/1.1" 200 32771 "-" "Python-urllib/3.8"
192.168.1.101 - - [26/Apr/2026:17:54:49 +0000] "POST /api/users HTTP/1.1" 200 10585 "https://example.com/" "Mozilla/5.0 (X11; Linux x86_64) AppleWebKit/537.36"
10.0.1.100 - - [26/Apr/2026:18:14:21 +0000] "GET /api/search HTTP/1.1" 200 41554 "https://example.com/" "Mozilla/5.0 (Macintosh; Intel Mac OS X 10_15_7) AppleWebKit/537.36"
93.184.216.34 - - [26/Apr/2026:18:19:47 +0000] "GET /static/css/style.css HTTP/1.1" 200 45307 "https://example.com/" "curl/7.68.0"
172.16.0.20 - - [26/Apr/2026:18:26:32 +0000] "GET /api/orders HTTP/1.1" 200 37453 "https://example.com/" "Mozilla/5.0 (Macintosh; Intel Mac OS X 10_15_7) AppleWebKit/537.36"
203.0.113.45 - - [26/Apr/2026:18:39:11 +0000] "POST /index.html HTTP/1.1" 200 21521 "https://example.com/" "Mozilla/5.0 (X11; Linux x86_64) AppleWebKit/537.36"
192.168.1.102 - - [26/Apr/2026:18:39:10 +0000] "GET /static/css/style.css HTTP/1.1" 200 12027 "https://example.com/" "Mozilla/5.0 (X11; Linux x86_64) AppleWebKit/537.36"
93.184.216.34 - - [26/Apr/2026:18:39:09 +0000] "GET /static/css/style.css HTTP/1.1" 200 26045 "https://example.com/" "Mozilla/5.0 (Macintosh; Intel Mac OS X 10_15_7) AppleWebKit/537.36"
10.0.0.51 - - [26/Apr/2026:18:56:05 +0000] "GET /static/css/style.css HTTP/1.1" 200 44910 "https://example.com/" "Mozilla/5.0 (X11; Linux x86_64) AppleWebKit/537.36"
192.168.1.100 - - [26/Apr/2026:19:11:40 +0000] "POST /api/search HTTP/1.1" 200 20382 "https://example.com/" "Python-urllib/3.8"
192.168.1.100 - - [26/Apr/2026:19:13:27 +0000] "POST /images/logo.png HTTP/1.1" 200 15239 "-" "curl/7.68.0"
172.16.0.10 - - [26/Apr/2026:19:24:00 +0000] "GET /api/products HTTP/1.1" 200 17068 "https://example.com/" "Mozilla/5.0 (Windows NT 10.0; Win64; x64) AppleWebKit/537.36"
192.168.1.101 - - [26/Apr/2026:19:30:53 +0000] "GET /static/css/style.css HTTP/1.1" 200 24365 "-" "Python-urllib/3.8"
10.0.0.50 - - [26/Apr/2026:19:42:14 +0000] "POST /api/products HTTP/1.1" 200 1621 "-" "Mozilla/5.0 (X11; Linux x86_64) AppleWebKit/537.36"
172.16.0.20 - - [26/Apr/2026:19:43:01 +0000] "GET / HTTP/1.1" 200 24335 "https://example.com/" "curl/7.68.0"
172.16.0.20 - - [26/Apr/2026:20:03:42 +0000] "GET /api/users HTTP/1.1" 200 13935 "https://example.com/" "Python-urllib/3.8"
93.184.216.34 - - [26/Apr/2026:20:16:09 +0000] "GET /images/logo.png HTTP/1.1" 200 17328 "-" "Python-urllib/3.8"
93.184.216.34 - - [26/Apr/2026:20:17:05 +0000] "GET /api/orders HTTP/1.1" 200 42700 "https://example.com/" "Mozilla/5.0 (Macintosh; Intel Mac OS X 10_15_7) AppleWebKit/537.36"
10.0.0.51 - - [26/Apr/2026:20:16:08 +0000] "GET /api/users HTTP/1.1" 200 28676 "https://example.com/" "Mozilla/5.0 (Macintosh; Intel Mac OS X 10_15_7) AppleWebKit/537.36"
10.0.0.51 - - [26/Apr/2026:20:27:15 +0000] "GET / HTTP/1.1" 200 41978 "https://example.com/" "Python-urllib/3.8"
192.168.1.102 - - [26/Apr/2026:20:34:01 +0000] "GET / HTTP/1.1" 200 16463 "https://example.com/" "Mozilla/5.0 (Windows NT 10.0; Win64; x64) AppleWebKit/537.36"
10.0.1.100 - - [26/Apr/2026:20:58:28 +0000] "GET /images/logo.png HTTP/1.1" 200 22195 "-" "Mozilla/5.0 (X11; Linux x86_64) AppleWebKit/537.36"
172.16.0.20 - - [26/Apr/2026:20:59:32 +0000] "GET /static/css/style.css HTTP/1.1" 200 26080 "https://example.com/" "Mozilla/5.0 (Windows NT 10.0; Win64; x64) AppleWebKit/537.36"
172.16.0.20 - - [26/Apr/2026:20:59:11 +0000] "GET /api/orders HTTP/1.1" 201 931 "https://example.com/" "curl/7.68.0"
203.0.113.45 - - [26/Apr/2026:21:09:03 +0000] "GET /static/js/app.js HTTP/1.1" 200 17554 "https://example.com/" "Mozilla/5.0 (X11; Linux x86_64) AppleWebKit/537.36"
10.0.0.50 - - [26/Apr/2026:21:32:11 +0000] "GET /api/users HTTP/1.1" 200 20257 "-" "Mozilla/5.0 (X11; Linux x86_64) AppleWebKit/537.36"
10.0.0.50 - - [26/Apr/2026:21:31:52 +0000] "GET / HTTP/1.1" 200 16000 "https://example.com/" "Mozilla/5.0 (Macintosh; Intel Mac OS X 10_15_7) AppleWebKit/537.36"
10.0.1.100 - - [26/Apr/2026:21:39:28 +0000] "POST / HTTP/1.1" 200 13581 "https://example.com/" "Mozilla/5.0 (X11; Linux x86_64) AppleWebKit/537.36"
93.184.216.34 - - [26/Apr/2026:21:51:39 +0000] "GET /index.html HTTP/1.1" 200 35792 "-" "Python-urllib/3.8"
192.168.1.100 - - [26/Apr/2026:22:08:19 +0000] "GET /admin/login HTTP/1.1" 200 12236 "https://example.com/" "curl/7.68.0"
10.0.0.50 - - [26/Apr/2026:21:59:42 +0000] "GET /static/js/app.js HTTP/1.1" 200 31845 "-" "Mozilla/5.0 (Macintosh; Intel Mac OS X 10_15_7) AppleWebKit/537.36"
93.184.216.34 - - [26/Apr/2026:22:25:34 +0000] "POST /static/css/style.css HTTP/1.1" 200 9227 "-" "Python-urllib/3.8"
198.51.100.23 - - [26/Apr/2026:22:34:49 +0000] "PUT /index.html HTTP/1.1" 200 30764 "https://example.com/" "Mozilla/5.0 (Macintosh; Intel Mac OS X 10_15_7) AppleWebKit/537.36"
192.168.1.102 - - [26/Apr/2026:22:31:07 +0000] "GET / HTTP/1.1" 200 29407 "https://example.com/" "Mozilla/5.0 (Windows NT 10.0; Win64; x64) AppleWebKit/537.36"
192.168.1.102 - - [26/Apr/2026:22:43:08 +0000] "GET /index.html HTTP/1.1" 200 10085 "-" "Mozilla/5.0 (X11; Linux x86_64) AppleWebKit/537.36"
172.16.0.20 - - [26/Apr/2026:22:42:27 +0000] "DELETE /index.html HTTP/1.1" 200 15877 "https://example.com/" "Mozilla/5.0 (Macintosh; Intel Mac OS X 10_15_7) AppleWebKit/537.36"
192.168.1.100 - - [26/Apr/2026:22:57:18 +0000] "GET /api/search HTTP/1.1" 200 14025 "https://example.com/" "Mozilla/5.0 (Windows NT 10.0; Win64; x64) AppleWebKit/537.36"
192.168.1.100 - - [26/Apr/2026:23:07:22 +0000] "GET / HTTP/1.1" 200 9078 "https://example.com/" "curl/7.68.0"
198.51.100.23 - - [26/Apr/2026:23:17:36 +0000] "GET /index.html HTTP/1.1" 200 48517 "https://example.com/" "Mozilla/5.0 (Windows NT 10.0; Win64; x64) AppleWebKit/537.36"
172.16.0.10 - - [26/Apr/2026:23:28:11 +0000] "GET /images/logo.png HTTP/1.1" 200 40360 "https://example.com/" "Mozilla/5.0 (Windows NT 10.0; Win64; x64) AppleWebKit/537.36"
203.0.113.45 - - [26/Apr/2026:23:31:33 +0000] "GET /index.html HTTP/1.1" 200 46811 "https://example.com/" "Mozilla/5.0 (Macintosh; Intel Mac OS X 10_15_7) AppleWebKit/537.36"
172.16.0.20 - - [26/Apr/2026:23:36:50 +0000] "GET /api/users HTTP/1.1" 200 20076 "https://example.com/" "curl/7.68.0"
203.0.113.45 - - [26/Apr/2026:23:49:59 +0000] "GET /index.html HTTP/1.1" 200 19546 "https://example.com/" "Mozilla/5.0 (Macintosh; Intel Mac OS X 10_15_7) AppleWebKit/537.36"
10.0.0.50 - - [27/Apr/2026:00:00:26 +0000] "GET /static/js/app.js HTTP/1.1" 200 4455 "https://example.com/" "Python-urllib/3.8"
93.184.216.34 - - [27/Apr/2026:00:15:45 +0000] "GET / HTTP/1.1" 200 28438 "-" "Mozilla/5.0 (Windows NT 10.0; Win64; x64) AppleWebKit/537.36"
10.0.1.100 - - [27/Apr/2026:00:18:17 +0000] "POST /api/users HTTP/1.1" 200 15347 "https://example.com/" "Mozilla/5.0 (X11; Linux x86_64) AppleWebKit/537.36"
10.0.0.51 - - [27/Apr/2026:00:35:42 +0000] "GET /api/users HTTP/1.1" 200 41637 "https://example.com/" "Mozilla/5.0 (Windows NT 10.0; Win64; x64) AppleWebKit/537.36"
198.51.100.23 - - [27/Apr/2026:00:34:28 +0000] "GET /api/search HTTP/1.1" 200 48526 "https://example.com/" "Mozilla/5.0 (Macintosh; Intel Mac OS X 10_15_7) AppleWebKit/537.36"
10.0.0.50 - - [27/Apr/2026:00:39:44 +0000] "POST /api/products HTTP/1.1" 200 27219 "https://example.com/" "Mozilla/5.0 (X11; Linux x86_64) AppleWebKit/537.36"
172.16.0.10 - - [27/Apr/2026:00:52:10 +0000] "GET / HTTP/1.1" 200 39731 "https://example.com/" "curl/7.68.0"
192.168.1.101 - - [27/Apr/2026:01:04:31 +0000] "GET /api/users HTTP/1.1" 200 27374 "-" "Mozilla/5.0 (X11; Linux x86_64) AppleWebKit/537.36"
10.0.0.50 - - [27/Apr/2026:01:12:01 +0000] "POST /index.html HTTP/1.1" 200 32770 "-" "Mozilla/5.0 (X11; Linux x86_64) AppleWebKit/537.36"
10.0.1.100 - - [27/Apr/2026:01:12:52 +0000] "POST / HTTP/1.1" 200 20293 "https://example.com/" "Mozilla/5.0 (Windows NT 10.0; Win64; x64) AppleWebKit/537.36"
10.0.1.100 - - [27/Apr/2026:01:25:08 +0000] "GET /static/css/style.css HTTP/1.1" 200 3287 "https://example.com/" "Python-urllib/3.8"
192.168.1.100 - - [27/Apr/2026:01:44:43 +0000] "GET /api/orders HTTP/1.1" 201 6849 "-" "Mozilla/5.0 (X11; Linux x86_64) AppleWebKit/537.36"
10.0.1.100 - - [27/Apr/2026:01:47:10 +0000] "GET /api/orders HTTP/1.1" 200 2908 "https://example.com/" "Mozilla/5.0 (X11; Linux x86_64) AppleWebKit/537.36"
192.168.1.101 - - [27/Apr/2026:01:50:09 +0000] "GET / HTTP/1.1" 200 44314 "https://example.com/" "Mozilla/5.0 (Macintosh; Intel Mac OS X 10_15_7) AppleWebKit/537.36"
192.168.1.101 - - [27/Apr/2026:02:06:53 +0000] "GET /index.html HTTP/1.1" 200 37140 "-" "Mozilla/5.0 (Windows NT 10.0; Win64; x64) AppleWebKit/537.36"
192.168.1.100 - - [27/Apr/2026:02:15:12 +0000] "GET /index.html HTTP/1.1" 200 40966 "https://example.com/" "Mozilla/5.0 (Windows NT 10.0; Win64; x64) AppleWebKit/537.36"
10.0.0.50 - - [27/Apr/2026:02:20:36 +0000] "GET / HTTP/1.1" 200 37284 "https://example.com/" "Python-urllib/3.8"
172.16.0.10 - - [27/Apr/2026:02:36:56 +0000] "GET /index.html HTTP/1.1" 200 39246 "https://example.com/" "Mozilla/5.0 (X11; Linux x86_64) AppleWebKit/537.36"
172.16.0.10 - - [27/Apr/2026:02:41:43 +0000] "GET /index.html HTTP/1.1" 200 39538 "-" "Mozilla/5.0 (X11; Linux x86_64) AppleWebKit/537.36"
93.184.216.34 - - [27/Apr/2026:02:48:58 +0000] "POST /images/logo.png HTTP/1.1" 200 29030 "https://example.com/" "Mozilla/5.0 (X11; Linux x86_64) AppleWebKit/537.36"
172.16.0.20 - - [27/Apr/2026:02:45:28 +0000] "GET / HTTP/1.1" 200 3395 "https://example.com/" "Mozilla/5.0 (Windows NT 10.0; Win64; x64) AppleWebKit/537.36"
192.168.1.101 - - [27/Apr/2026:03:05:28 +0000] "PATCH /static/css/style.css HTTP/1.1" 200 43073 "-" "Mozilla/5.0 (Windows NT 10.0; Win64; x64) AppleWebKit/537.36"
10.0.1.100 - - [27/Apr/2026:03:02:16 +0000] "GET / HTTP/1.1" 200 50001 "-" "curl/7.68.0"
192.168.1.101 - - [27/Apr/2026:03:17:53 +0000] "GET /api/products HTTP/1.1" 200 4484 "https://example.com/" "Mozilla/5.0 (Macintosh; Intel Mac OS X 10_15_7) AppleWebKit/537.36"
203.0.113.45 - - [27/Apr/2026:03:18:39 +0000] "PUT /api/internal HTTP/1.1" 503 320 "https://example.com/" "Mozilla/5.0 (Macintosh; Intel Mac OS X 10_15_7) AppleWebKit/537.36"
10.0.0.51 - - [27/Apr/2026:03:28:49 +0000] "GET /index.html HTTP/1.1" 200 28268 "https://example.com/" "Mozilla/5.0 (Windows NT 10.0; Win64; x64) AppleWebKit/537.36"
192.168.1.101 - - [27/Apr/2026:03:43:40 +0000] "GET /api/orders HTTP/1.1" 201 1396 "https://example.com/" "Python-urllib/3.8"
93.184.216.34 - - [27/Apr/2026:03:52:28 +0000] "POST /api/search HTTP/1.1" 200 42375 "https://example.com/" "Python-urllib/3.8"
192.168.1.102 - - [27/Apr/2026:04:07:59 +0000] "GET /api/orders HTTP/1.1" 201 47060 "https://example.com/" "curl/7.68.0"
192.168.1.102 - - [27/Apr/2026:04:03:38 +0000] "GET /index.html HTTP/1.1" 200 19348 "https://example.com/" "curl/7.68.0"
203.0.113.45 - - [27/Apr/2026:04:12:35 +0000] "PUT /index.html HTTP/1.1" 200 567 "https://example.com/" "Mozilla/5.0 (Macintosh; Intel Mac OS X 10_15_7) AppleWebKit/537.36"
93.184.216.34 - - [27/Apr/2026:04:25:14 +0000] "GET / HTTP/1.1" 200 23779 "https://example.com/" "curl/7.68.0"
172.16.0.20 - - [27/Apr/2026:04:44:45 +0000] "GET /api/search HTTP/1.1" 200 6406 "https://example.com/" "Mozilla/5.0 (Windows NT 10.0; Win64; x64) AppleWebKit/537.36"
93.184.216.34 - - [27/Apr/2026:04:49:44 +0000] "GET /api/users HTTP/1.1" 200 50064 "https://example.com/" "curl/7.68.0"
192.168.1.101 - - [27/Apr/2026:05:03:21 +0000] "GET /images/logo.png HTTP/1.1" 200 25975 "https://example.com/" "Mozilla/5.0 (Macintosh; Intel Mac OS X 10_15_7) AppleWebKit/537.36"
10.0.0.50 - - [27/Apr/2026:05:04:09 +0000] "GET / HTTP/1.1" 200 42163 "https://example.com/" "Mozilla/5.0 (X11; Linux x86_64) AppleWebKit/537.36"
10.0.1.100 - - [27/Apr/2026:05:09:27 +0000] "POST / HTTP/1.1" 200 33652 "-" "Mozilla/5.0 (Macintosh; Intel Mac OS X 10_15_7) AppleWebKit/537.36"
198.51.100.23 - - [27/Apr/2026:05:20:50 +0000] "PUT /images/logo.png HTTP/1.1" 200 10406 "https://example.com/" "Python-urllib/3.8"
10.0.0.51 - - [27/Apr/2026:05:35:33 +0000] "GET / HTTP/1.1" 200 41795 "https://example.com/" "Python-urllib/3.8"
172.16.0.10 - - [27/Apr/2026:05:32:30 +0000] "GET /api/search HTTP/1.1" 200 12687 "https://example.com/" "curl/7.68.0"
192.168.1.102 - - [27/Apr/2026:05:46:38 +0000] "GET /static/css/style.css HTTP/1.1" 200 30028 "https://example.com/" "curl/7.68.0"
93.184.216.34 - - [27/Apr/2026:05:48:17 +0000] "GET /api/search HTTP/1.1" 200 41071 "https://example.com/" "Mozilla/5.0 (Windows NT 10.0; Win64; x64) AppleWebKit/537.36"
198.51.100.23 - - [27/Apr/2026:06:06:54 +0000] "POST /static/css/style.css HTTP/1.1" 200 46164 "-" "Mozilla/5.0 (X11; Linux x86_64) AppleWebKit/537.36"
93.184.216.34 - - [27/Apr/2026:06:17:41 +0000] "PUT /static/css/style.css HTTP/1.1" 200 34938 "https://example.com/" "Python-urllib/3.8"
203.0.113.45 - - [27/Apr/2026:06:20:46 +0000] "GET /index.html HTTP/1.1" 200 14072 "-" "Python-urllib/3.8"
172.16.0.20 - - [27/Apr/2026:06:29:51 +0000] "GET /static/css/style.css HTTP/1.1" 200 24515 "https://example.com/" "Mozilla/5.0 (Windows NT 10.0; Win64; x64) AppleWebKit/537.36"
192.168.1.102 - - [27/Apr/2026:06:36:36 +0000] "GET /static/css/style.css HTTP/1.1" 200 29270 "https://example.com/" "Python-urllib/3.8"
192.168.1.101 - - [27/Apr/2026:06:42:42 +0000] "GET /static/css/style.css HTTP/1.1" 200 7708 "https://example.com/" "Mozilla/5.0 (Macintosh; Intel Mac OS X 10_15_7) AppleWebKit/537.36"
10.0.0.50 - - [27/Apr/2026:06:52:21 +0000] "GET /static/js/app.js HTTP/1.1" 200 20142 "https://example.com/" "Python-urllib/3.8"
10.0.0.51 - - [27/Apr/2026:06:59:38 +0000] "POST /admin/login HTTP/1.1" 280 7028 "https://example.com/" "Mozilla/5.0 (Windows NT 10.0; Win64; x64) AppleWebKit/537.36"
198.51.100.23 - - [27/Apr/2026:07:08:00 +0000] "GET /index.html HTTP/1.1" 200 18883 "https://example.com/" "Python-urllib/3.8"
10.0.0.50 - - [27/Apr/2026:07:25:18 +0000] "GET /index.html HTTP/1.1" 200 29536 "https://example.com/" "Mozilla/5.0 (Macintosh; Intel Mac OS X 10_15_7) AppleWebKit/537.36"
192.168.1.100 - - [27/Apr/2026:07:26:05 +0000] "POST /index.html HTTP/1.1" 200 14899 "https://example.com/" "Mozilla/5.0 (Windows NT 10.0; Win64; x64) AppleWebKit/537.36"
10.0.1.100 - - [27/Apr/2026:07:43:36 +0000] "POST /api/users HTTP/1.1" 200 14435 "-" "Mozilla/5.0 (Windows NT 10.0; Win64; x64) AppleWebKit/537.36"
10.0.0.50 - - [27/Apr/2026:07:37:48 +0000] "GET /static/css/style.css HTTP/1.1" 200 18483 "https://example.com/" "Mozilla/5.0 (X11; Linux x86_64) AppleWebKit/537.36"
198.51.100.23 - - [27/Apr/2026:08:04:50 +0000] "PATCH /api/internal HTTP/1.1" 501 237 "https://example.com/" "Mozilla/5.0 (Macintosh; Intel Mac OS X 10_15_7) AppleWebKit/537.36"
192.168.1.102 - - [27/Apr/2026:07:56:55 +0000] "POST /index.html HTTP/1.1" 200 25126 "https://example.com/" "Mozilla/5.0 (X11; Linux x86_64) AppleWebKit/537.36"
93.184.216.34 - - [27/Apr/2026:08:15:43 +0000] "GET /static/css/style.css HTTP/1.1" 200 13763 "https://example.com/" "Mozilla/5.0 (Windows NT 10.0; Win64; x64) AppleWebKit/537.36"
172.16.0.10 - - [27/Apr/2026:08:28:53 +0000] "GET /images/logo.png HTTP/1.1" 200 9454 "-" "Mozilla/5.0 (Windows NT 10.0; Win64; x64) AppleWebKit/537.36"
10.0.0.50 - - [27/Apr/2026:08:37:14 +0000] "GET /admin/login HTTP/1.1" 399 23094 "-" "Mozilla/5.0 (Windows NT 10.0; Win64; x64) AppleWebKit/537.36"
10.0.1.100 - - [27/Apr/2026:08:44:30 +0000] "GET / HTTP/1.1" 200 31855 "-" "curl/7.68.0"
203.0.113.45 - - [27/Apr/2026:08:38:45 +0000] "GET /images/logo.png HTTP/1.1" 200 27281 "https://example.com/" "curl/7.68.0"
10.0.0.50 - - [27/Apr/2026:08:52:16 +0000] "GET /static/css/style.css HTTP/1.1" 200 2483 "-" "Mozilla/5.0 (Macintosh; Intel Mac OS X 10_15_7) AppleWebKit/537.36"
192.168.1.102 - - [27/Apr/2026:09:06:04 +0000] "GET /index.html HTTP/1.1" 200 16356 "https://example.com/" "Mozilla/5.0 (Windows NT 10.0; Win64; x64) AppleWebKit/537.36"
192.168.1.100 - - [27/Apr/2026:09:10:38 +0000] "GET /images/logo.png HTTP/1.1" 200 28212 "https://example.com/" "Mozilla/5.0 (Windows NT 10.0; Win64; x64) AppleWebKit/537.36"
192.168.1.101 - - [27/Apr/2026:09:22:54 +0000] "PUT /index.html HTTP/1.1" 200 17297 "-" "Mozilla/5.0 (X11; Linux x86_64) AppleWebKit/537.36"
192.168.1.102 - - [27/Apr/2026:09:26:43 +0000] "DELETE /static/css/style.css HTTP/1.1" 200 27804 "https://example.com/" "Python-urllib/3.8"
172.16.0.20 - - [27/Apr/2026:09:43:51 +0000] "GET /static/js/app.js HTTP/1.1" 200 49917 "https://example.com/" "Mozilla/5.0 (Macintosh; Intel Mac OS X 10_15_7) AppleWebKit/537.36"
172.16.0.10 - - [27/Apr/2026:09:45:35 +0000] "PATCH /api/users HTTP/1.1" 200 10300 "https://example.com/" "curl/7.68.0"
192.168.1.102 - - [27/Apr/2026:09:57:25 +0000] "GET /api/search HTTP/1.1" 200 6420 "https://example.com/" "curl/7.68.0"
203.0.113.45 - - [27/Apr/2026:10:00:16 +0000] "PUT /api/users HTTP/1.1" 200 1863 "https://example.com/" "Python-urllib/3.8"
192.168.1.102 - - [27/Apr/2026:10:14:44 +0000] "GET /images/logo.png HTTP/1.1" 200 17512 "https://example.com/" "curl/7.68.0"
93.184.216.34 - - [27/Apr/2026:10:26:05 +0000] "GET /api/products HTTP/1.1" 200 42524 "https://example.com/" "Mozilla/5.0 (X11; Linux x86_64) AppleWebKit/537.36"
10.0.0.50 - - [27/Apr/2026:10:30:31 +0000] "GET /index.html HTTP/1.1" 200 41162 "https://example.com/" "Mozilla/5.0 (X11; Linux x86_64) AppleWebKit/537.36"
192.168.1.102 - - [27/Apr/2026:10:39:14 +0000] "POST / HTTP/1.1" 200 7397 "https://example.com/" "curl/7.68.0"
93.184.216.34 - - [27/Apr/2026:10:49:12 +0000] "GET /api/search HTTP/1.1" 200 14349 "-" "Mozilla/5.0 (Windows NT 10.0; Win64; x64) AppleWebKit/537.36"
172.16.0.10 - - [27/Apr/2026:10:47:02 +0000] "POST /api/users HTTP/1.1" 200 42985 "https://example.com/" "Mozilla/5.0 (Macintosh; Intel Mac OS X 10_15_7) AppleWebKit/537.36"
10.0.1.100 - - [27/Apr/2026:10:56:29 +0000] "GET /images/logo.png HTTP/1.1" 200 41523 "-" "Python-urllib/3.8"
192.168.1.101 - - [27/Apr/2026:11:11:23 +0000] "GET /static/js/app.js HTTP/1.1" 200 40308 "https://example.com/" "Python-urllib/3.8"
192.168.1.100 - - [27/Apr/2026:11:23:42 +0000] "POST /static/css/style.css HTTP/1.1" 200 32100 "https://example.com/" "Python-urllib/3.8"
172.16.0.10 - - [27/Apr/2026:11:38:52 +0000] "GET /index.html HTTP/1.1" 200 26870 "https://example.com/" "curl/7.68.0"
10.0.0.51 - - [27/Apr/2026:11:30:08 +0000] "GET /api/search HTTP/1.1" 200 25776 "https://example.com/" "curl/7.68.0"
192.168.1.101 - - [27/Apr/2026:11:50:19 +0000] "GET /static/css/style.css HTTP/1.1" 200 4243 "https://example.com/" "curl/7.68.0"
10.0.0.51 - - [27/Apr/2026:11:52:21 +0000] "POST /images/logo.png HTTP/1.1" 200 30924 "-" "Mozilla/5.0 (X11; Linux x86_64) AppleWebKit/537.36"
93.184.216.34 - - [27/Apr/2026:12:09:41 +0000] "POST / HTTP/1.1" 200 20280 "-" "curl/7.68.0"
10.0.0.51 - - [27/Apr/2026:12:13:45 +0000] "GET / HTTP/1.1" 200 47894 "https://example.com/" "Mozilla/5.0 (Windows NT 10.0; Win64; x64) AppleWebKit/537.36"
192.168.1.101 - - [27/Apr/2026:12:17:43 +0000] "POST /images/logo.png HTTP/1.1" 200 29534 "https://example.com/" "Mozilla/5.0 (Macintosh; Intel Mac OS X 10_15_7) AppleWebKit/537.36"
172.16.0.20 - - [27/Apr/2026:12:40:41 +0000] "GET / HTTP/1.1" 200 1306 "https://example.com/" "curl/7.68.0"
172.16.0.20 - - [27/Apr/2026:12:37:41 +0000] "POST /api/products HTTP/1.1" 200 21806 "-" "curl/7.68.0"
93.184.216.34 - - [27/Apr/2026:12:50:34 +0000] "GET /static/css/style.css HTTP/1.1" 200 21612 "https://example.com/" "curl/7.68.0"
192.168.1.101 - - [27/Apr/2026:13:02:53 +0000] "POST /api/search HTTP/1.1" 200 42247 "https://example.com/" "Mozilla/5.0 (X11; Linux x86_64) AppleWebKit/537.36"
192.168.1.101 - - [27/Apr/2026:13:08:38 +0000] "GET / HTTP/1.1" 200 14957 "-" "Mozilla/5.0 (X11; Linux x86_64) AppleWebKit/537.36"
192.168.1.101 - - [27/Apr/2026:13:12:00 +0000] "PUT /api/users HTTP/1.1" 200 10265 "https://example.com/" "Mozilla/5.0 (X11; Linux x86_64) AppleWebKit/537.36"
198.51.100.23 - - [27/Apr/2026:13:18:13 +0000] "GET /static/js/app.js HTTP/1.1" 200 38706 "-" "Mozilla/5.0 (X11; Linux x86_64) AppleWebKit/537.36"
198.51.100.23 - - [27/Apr/2026:13:23:30 +0000] "GET / HTTP/1.1" 200 48509 "https://example.com/" "Mozilla/5.0 (Macintosh; Intel Mac OS X 10_15_7) AppleWebKit/537.36"
172.16.0.10 - - [27/Apr/2026:13:32:47 +0000] "GET /static/css/style.css HTTP/1.1" 200 12903 "https://example.com/" "curl/7.68.0"
10.0.1.100 - - [27/Apr/2026:13:39:49 +0000] "GET /images/logo.png HTTP/1.1" 200 30108 "https://example.com/" "Mozilla/5.0 (X11; Linux x86_64) AppleWebKit/537.36"
10.0.1.100 - - [27/Apr/2026:13:57:50 +0000] "POST /index.html HTTP/1.1" 200 47325 "https://example.com/" "Mozilla/5.0 (X11; Linux x86_64) AppleWebKit/537.36"
172.16.0.10 - - [27/Apr/2026:13:59:57 +0000] "GET /images/logo.png HTTP/1.1" 200 7775 "https://example.com/" "Mozilla/5.0 (Macintosh; Intel Mac OS X 10_15_7) AppleWebKit/537.36"
172.16.0.20 - - [27/Apr/2026:14:06:08 +0000] "GET /admin/login HTTP/1.1" 380 36103 "-" "Mozilla/5.0 (Windows NT 10.0; Win64; x64) AppleWebKit/537.36"
198.51.100.23 - - [27/Apr/2026:14:22:07 +0000] "POST /api/orders HTTP/1.1" 200 42768 "-" "Python-urllib/3.8"
192.168.1.102 - - [27/Apr/2026:14:27:44 +0000] "GET /static/css/style.css HTTP/1.1" 200 25122 "https://example.com/" "Mozilla/5.0 (Macintosh; Intel Mac OS X 10_15_7) AppleWebKit/537.36"
93.184.216.34 - - [27/Apr/2026:14:44:25 +0000] "POST /images/logo.png HTTP/1.1" 200 4080 "https://example.com/" "Python-urllib/3.8"
93.184.216.34 - - [27/Apr/2026:14:44:33 +0000] "POST / HTTP/1.1" 200 26586 "https://example.com/" "Mozilla/5.0 (X11; Linux x86_64) AppleWebKit/537.36"
198.51.100.23 - - [27/Apr/2026:15:06:35 +0000] "GET /static/css/style.css HTTP/1.1" 200 42463 "https://example.com/" "Mozilla/5.0 (Windows NT 10.0; Win64; x64) AppleWebKit/537.36"
93.184.216.34 - - [27/Apr/2026:15:07:54 +0000] "GET /index.html HTTP/1.1" 200 35156 "https://example.com/" "Mozilla/5.0 (Macintosh; Intel Mac OS X 10_15_7) AppleWebKit/537.36"
93.184.216.34 - - [27/Apr/2026:15:13:59 +0000] "GET /api/search HTTP/1.1" 200 12481 "https://example.com/" "Mozilla/5.0 (Macintosh; Intel Mac OS X 10_15_7) AppleWebKit/537.36"
198.51.100.23 - - [27/Apr/2026:15:26:33 +0000] "GET /api/users HTTP/1.1" 200 602 "-" "Mozilla/5.0 (X11; Linux x86_64) AppleWebKit/537.36"
10.0.0.51 - - [27/Apr/2026:15:26:26 +0000] "GET /api/users HTTP/1.1" 200 4005 "https://example.com/" "curl/7.68.0"
10.0.0.50 - - [27/Apr/2026:15:36:24 +0000] "POST / HTTP/1.1" 200 6461 "-" "curl/7.68.0"
10.0.0.51 - - [27/Apr/2026:15:43:24 +0000] "GET / HTTP/1.1" 200 36396 "https://example.com/" "Mozilla/5.0 (X11; Linux x86_64) AppleWebKit/537.36"
10.0.0.51 - - [27/Apr/2026:15:53:50 +0000] "DELETE /api/users HTTP/1.1" 200 43637 "-" "Mozilla/5.0 (Macintosh; Intel Mac OS X 10_15_7) AppleWebKit/537.36"
192.168.1.102 - - [27/Apr/2026:16:11:03 +0000] "GET /index.html HTTP/1.1" 200 17669 "https://example.com/" "Mozilla/5.0 (Macintosh; Intel Mac OS X 10_15_7) AppleWebKit/537.36"
192.168.1.102 - - [27/Apr/2026:16:11:04 +0000] "GET /api/internal HTTP/1.1" 503 300 "https://example.com/" "Mozilla/5.0 (Windows NT 10.0; Win64; x64) AppleWebKit/537.36"
192.168.1.102 - - [27/Apr/2026:16:29:47 +0000] "POST / HTTP/1.1" 200 34566 "https://example.com/" "Python-urllib/3.8"
93.184.216.34 - - [27/Apr/2026:16:25:12 +0000] "PATCH / HTTP/1.1" 200 10841 "https://example.com/" "Mozilla/5.0 (Windows NT 10.0; Win64; x64) AppleWebKit/537.36"
192.168.1.101 - - [27/Apr/2026:16:41:35 +0000] "GET /static/js/app.js HTTP/1.1" 200 29880 "https://example.com/" "Mozilla/5.0 (Macintosh; Intel Mac OS X 10_15_7) AppleWebKit/537.36"
10.0.1.100 - - [27/Apr/2026:16:51:07 +0000] "POST /static/css/style.css HTTP/1.1" 200 17783 "-" "curl/7.68.0"
203.0.113.45 - - [27/Apr/2026:17:02:45 +0000] "PUT /static/js/app.js HTTP/1.1" 200 27954 "-" "Mozilla/5.0 (Macintosh; Intel Mac OS X 10_15_7) AppleWebKit/537.36"
172.16.0.20 - - [27/Apr/2026:17:02:52 +0000] "GET /index.html HTTP/1.1" 200 36156 "https://example.com/" "curl/7.68.0"
192.168.1.102 - - [27/Apr/2026:17:26:09 +0000] "GET /api/orders HTTP/1.1" 201 2756 "-" "Mozilla/5.0 (X11; Linux x86_64) AppleWebKit/537.36"
10.0.0.50 - - [27/Apr/2026:17:18:34 +0000] "PATCH / HTTP/1.1" 200 40741 "https://example.com/" "Mozilla/5.0 (X11; Linux x86_64) AppleWebKit/537.36"
93.184.216.34 - - [27/Apr/2026:17:37:10 +0000] "GET /notfound HTTP/1.1" 404 242 "https://example.com/" "Python-urllib/3.8"
93.184.216.34 - - [27/Apr/2026:17:36:34 +0000] "GET /api/search HTTP/1.1" 200 26470 "https://example.com/" "Mozilla/5.0 (Macintosh; Intel Mac OS X 10_15_7) AppleWebKit/537.36"
198.51.100.23 - - [27/Apr/2026:17:57:50 +0000] "PUT /images/logo.png HTTP/1.1" 200 1877 "https://example.com/" "curl/7.68.0"
198.51.100.23 - - [27/Apr/2026:18:04:05 +0000] "PUT /api/orders HTTP/1.1" 200 32990 "https://example.com/" "Mozilla/5.0 (X11; Linux x86_64) AppleWebKit/537.36"
192.168.1.101 - - [27/Apr/2026:18:09:53 +0000] "GET /index.html HTTP/1.1" 200 41088 "https://example.com/" "Mozilla/5.0 (X11; Linux x86_64) AppleWebKit/537.36"
192.168.1.100 - - [27/Apr/2026:18:21:02 +0000] "POST / HTTP/1.1" 200 4814 "-" "Mozilla/5.0 (X11; Linux x86_64) AppleWebKit/537.36"
10.0.0.51 - - [27/Apr/2026:18:25:24 +0000] "GET /images/logo.png HTTP/1.1" 200 8897 "https://example.com/" "Python-urllib/3.8"
10.0.0.50 - - [27/Apr/2026:18:36:16 +0000] "GET /api/products HTTP/1.1" 200 16796 "https://example.com/" "Python-urllib/3.8"
192.168.1.102 - - [27/Apr/2026:18:46:29 +0000] "GET /index.html HTTP/1.1" 200 1029 "https://example.com/" "Mozilla/5.0 (Windows NT 10.0; Win64; x64) AppleWebKit/537.36"
93.184.216.34 - - [27/Apr/2026:18:47:18 +0000] "POST /images/logo.png HTTP/1.1" 200 40468 "https://example.com/" "Python-urllib/3.8"
10.0.0.50 - - [27/Apr/2026:19:01:14 +0000] "GET / HTTP/1.1" 200 2772 "https://example.com/" "Mozilla/5.0 (X11; Linux x86_64) AppleWebKit/537.36"
10.0.0.50 - - [27/Apr/2026:19:02:59 +0000] "GET /api/orders HTTP/1.1" 201 23496 "https://example.com/" "Mozilla/5.0 (Macintosh; Intel Mac OS X 10_15_7) AppleWebKit/537.36"
198.51.100.23 - - [27/Apr/2026:19:15:16 +0000] "POST /index.html HTTP/1.1" 200 14279 "-" "Python-urllib/3.8"
192.168.1.102 - - [27/Apr/2026:19:33:15 +0000] "POST /api/search HTTP/1.1" 200 50433 "https://example.com/" "Mozilla/5.0 (Windows NT 10.0; Win64; x64) AppleWebKit/537.36"
10.0.0.50 - - [27/Apr/2026:19:35:53 +0000] "PUT /api/users HTTP/1.1" 200 47389 "-" "curl/7.68.0"
93.184.216.34 - - [27/Apr/2026:19:37:38 +0000] "GET / HTTP/1.1" 200 21868 "https://example.com/" "Python-urllib/3.8"
10.0.0.50 - - [27/Apr/2026:19:48:34 +0000] "GET /index.html HTTP/1.1" 200 22988 "-" "Python-urllib/3.8"
10.0.0.51 - - [27/Apr/2026:20:08:55 +0000] "GET /static/js/app.js HTTP/1.1" 200 18411 "https://example.com/" "Mozilla/5.0 (X11; Linux x86_64) AppleWebKit/537.36"
192.168.1.102 - - [27/Apr/2026:20:17:12 +0000] "GET /api/search HTTP/1.1" 200 20257 "https://example.com/" "Mozilla/5.0 (X11; Linux x86_64) AppleWebKit/537.36"
172.16.0.20 - - [27/Apr/2026:20:12:31 +0000] "POST /static/css/style.css HTTP/1.1" 200 1207 "https://example.com/" "Mozilla/5.0 (Macintosh; Intel Mac OS X 10_15_7) AppleWebKit/537.36"
172.16.0.10 - - [27/Apr/2026:20:17:31 +0000] "GET /static/js/app.js HTTP/1.1" 200 43671 "https://example.com/" "Mozilla/5.0 (Macintosh; Intel Mac OS X 10_15_7) AppleWebKit/537.36"
10.0.0.50 - - [27/Apr/2026:20:40:01 +0000] "GET /images/logo.png HTTP/1.1" 200 4624 "https://example.com/" "Python-urllib/3.8"
203.0.113.45 - - [27/Apr/2026:20:34:55 +0000] "GET /images/logo.png HTTP/1.1" 200 33750 "https://example.com/" "curl/7.68.0"
198.51.100.23 - - [27/Apr/2026:20:59:47 +0000] "GET / HTTP/1.1" 200 35447 "-" "Mozilla/5.0 (Macintosh; Intel Mac OS X 10_15_7) AppleWebKit/537.36"
203.0.113.45 - - [27/Apr/2026:20:51:43 +0000] "POST /static/css/style.css HTTP/1.1" 200 48479 "https://example.com/" "curl/7.68.0"
172.16.0.20 - - [27/Apr/2026:21:06:06 +0000] "POST /api/users HTTP/1.1" 200 2391 "-" "Mozilla/5.0 (Windows NT 10.0; Win64; x64) AppleWebKit/537.36"
10.0.1.100 - - [27/Apr/2026:21:09:09 +0000] "GET /images/logo.png HTTP/1.1" 200 12808 "https://example.com/" "Mozilla/5.0 (Windows NT 10.0; Win64; x64) AppleWebKit/537.36"
10.0.0.51 - - [27/Apr/2026:21:36:50 +0000] "GET /static/js/app.js HTTP/1.1" 200 17729 "-" "Mozilla/5.0 (Windows NT 10.0; Win64; x64) AppleWebKit/537.36"
192.168.1.101 - - [27/Apr/2026:21:35:48 +0000] "GET /index.html HTTP/1.1" 200 49889 "https://example.com/" "Mozilla/5.0 (Windows NT 10.0; Win64; x64) AppleWebKit/537.36"
172.16.0.10 - - [27/Apr/2026:21:50:09 +0000] "PUT /api/search HTTP/1.1" 200 25231 "-" "Mozilla/5.0 (X11; Linux x86_64) AppleWebKit/537.36"
172.16.0.10 - - [27/Apr/2026:21:53:51 +0000] "GET /static/css/style.css HTTP/1.1" 200 39126 "https://example.com/" "Mozilla/5.0 (Windows NT 10.0; Win64; x64) AppleWebKit/537.36"
192.168.1.102 - - [27/Apr/2026:22:07:40 +0000] "GET /static/js/app.js HTTP/1.1" 200 48815 "https://example.com/" "Mozilla/5.0 (Windows NT 10.0; Win64; x64) AppleWebKit/537.36"
172.16.0.20 - - [27/Apr/2026:22:19:49 +0000] "GET /api/orders HTTP/1.1" 201 33856 "https://example.com/" "Mozilla/5.0 (X11; Linux x86_64) AppleWebKit/537.36"
10.0.0.51 - - [27/Apr/2026:22:21:06 +0000] "GET /api/users HTTP/1.1" 200 33920 "-" "curl/7.68.0"
93.184.216.34 - - [27/Apr/2026:22:23:41 +0000] "POST /index.html HTTP/1.1" 200 15625 "https://example.com/" "Mozilla/5.0 (Windows NT 10.0; Win64; x64) AppleWebKit/537.36"
10.0.1.100 - - [27/Apr/2026:22:40:50 +0000] "GET / HTTP/1.1" 200 35545 "https://example.com/" "curl/7.68.0"
192.168.1.100 - - [27/Apr/2026:22:45:53 +0000] "GET /api/products HTTP/1.1" 200 28399 "-" "Python-urllib/3.8"
198.51.100.23 - - [27/Apr/2026:22:58:11 +0000] "POST /index.html HTTP/1.1" 200 2403 "https://example.com/" "Python-urllib/3.8"
198.51.100.23 - - [27/Apr/2026:23:00:31 +0000] "GET / HTTP/1.1" 200 21327 "https://example.com/" "Python-urllib/3.8"
192.168.1.102 - - [27/Apr/2026:23:06:17 +0000] "GET /static/css/style.css HTTP/1.1" 200 39322 "-" "curl/7.68.0"
192.168.1.100 - - [27/Apr/2026:23:14:19 +0000] "POST /index.html HTTP/1.1" 200 18443 "https://example.com/" "curl/7.68.0"
198.51.100.23 - - [27/Apr/2026:23:35:52 +0000] "GET /static/js/app.js HTTP/1.1" 200 26030 "https://example.com/" "Mozilla/5.0 (X11; Linux x86_64) AppleWebKit/537.36"
192.168.1.102 - - [27/Apr/2026:23:43:33 +0000] "GET /index.html HTTP/1.1" 200 14720 "https://example.com/" "Mozilla/5.0 (Macintosh; Intel Mac OS X 10_15_7) AppleWebKit/537.36"
198.51.100.23 - - [27/Apr/2026:23:46:34 +0000] "POST /static/css/style.css HTTP/1.1" 200 32762 "https://example.com/" "Python-urllib/3.8"
10.0.0.51 - - [27/Apr/2026:23:49:09 +0000] "DELETE /index.html HTTP/1.1" 200 22871 "https://example.com/" "Mozilla/5.0 (X11; Linux x86_64) AppleWebKit/537.36"
192.168.1.100 - - [28/Apr/2026:00:04:10 +0000] "GET /api/orders HTTP/1.1" 201 44832 "https://example.com/" "Mozilla/5.0 (Windows NT 10.0; Win64; x64) AppleWebKit/537.36"
192.168.1.101 - - [28/Apr/2026:00:14:56 +0000] "GET /static/css/style.css HTTP/1.1" 200 30303 "https://example.com/" "Mozilla/5.0 (Macintosh; Intel Mac OS X 10_15_7) AppleWebKit/537.36"
203.0.113.45 - - [28/Apr/2026:00:12:09 +0000] "GET /api/users HTTP/1.1" 200 10715 "https://example.com/" "Python-urllib/3.8"
10.0.0.50 - - [28/Apr/2026:00:23:08 +0000] "GET /api/orders HTTP/1.1" 201 33813 "https://example.com/" "Mozilla/5.0 (Macintosh; Intel Mac OS X 10_15_7) AppleWebKit/537.36"
93.184.216.34 - - [28/Apr/2026:00:38:49 +0000] "GET /static/css/style.css HTTP/1.1" 200 5086 "https://example.com/" "curl/7.68.0"
