192.168.1.101 - - [12/May/2026:04:21:18 +0000] "POST /static/css/style.css HTTP/1.1" 200 30621 "https://example.com/" "Mozilla/5.0 (Macintosh; Intel Mac OS X 10_15_7) AppleWebKit/537.36"
203.0.113.45 - - [12/May/2026:04:36:37 +0000] "POST /images/logo.png HTTP/1.1" 200 37736 "https://example.com/" "curl/7.68.0"
192.168.1.100 - - [12/May/2026:04:36:45 +0000] "GET /notfound HTTP/1.1" 404 214 "https://example.com/" "Mozilla/5.0 (Macintosh; Intel Mac OS X 10_15_7) AppleWebKit/537.36"
192.168.1.102 - - [12/May/2026:04:51:30 +0000] "GET / HTTP/1.1" 200 33670 "https://example.com/" "Mozilla/5.0 (Windows NT 10.0; Win64; x64) AppleWebKit/537.36"
10.0.1.100 - - [12/May/2026:04:58:53 +0000] "GET /index.html HTTP/1.1" 200 1959 "https://example.com/" "curl/7.68.0"
192.168.1.102 - - [12/May/2026:05:06:08 +0000] "GET /images/logo.png HTTP/1.1" 200 27055 "-" "Mozilla/5.0 (Macintosh; Intel Mac OS X 10_15_7) AppleWebKit/537.36"
192.168.1.100 - - [12/May/2026:05:25:46 +0000] "PUT /index.html HTTP/1.1" 200 12707 "-" "Python-urllib/3.8"
10.0.0.51 - - [12/May/2026:05:22:25 +0000] "POST /index.html HTTP/1.1" 200 8850 "https://example.com/" "Mozilla/5.0 (Windows NT 10.0; Win64; x64) AppleWebKit/537.36"
203.0.113.45 - - [12/May/2026:05:37:44 +0000] "GET /images/logo.png HTTP/1.1" 200 1955 "https://example.com/" "Mozilla/5.0 (Macintosh; Intel Mac OS X 10_15_7) AppleWebKit/537.36"
198.51.100.23 - - [12/May/2026:05:36:16 +0000] "GET /api/orders HTTP/1.1" 200 16421 "https://example.com/" "Mozilla/5.0 (Macintosh; Intel Mac OS X 10_15_7) AppleWebKit/537.36"
10.0.1.100 - - [12/May/2026:05:59:11 +0000] "GET /static/css/style.css HTTP/1.1" 200 9252 "https://example.com/" "Mozilla/5.0 (Windows NT 10.0; Win64; x64) AppleWebKit/537.36"
203.0.113.45 - - [12/May/2026:05:56:05 +0000] "POST /images/logo.png HTTP/1.1" 200 18426 "-" "Mozilla/5.0 (Windows NT 10.0; Win64; x64) AppleWebKit/537.36"
10.0.1.100 - - [12/May/2026:06:18:48 +0000] "GET /images/logo.png HTTP/1.1" 200 42449 "https://example.com/" "Mozilla/5.0 (Windows NT 10.0; Win64; x64) AppleWebKit/537.36"
192.168.1.100 - - [12/May/2026:06:11:01 +0000] "GET /static/css/style.css HTTP/1.1" 200 14703 "https://example.com/" "Mozilla/5.0 (Windows NT 10.0; Win64; x64) AppleWebKit/537.36"
10.0.0.51 - - [12/May/2026:06:20:27 +0000] "POST /index.html HTTP/1.1" 200 43760 "https://example.com/" "Mozilla/5.0 (Macintosh; Intel Mac OS X 10_15_7) AppleWebKit/537.36"
192.168.1.100 - - [12/May/2026:06:46:24 +0000] "GET / HTTP/1.1" 200 22041 "https://example.com/" "Mozilla/5.0 (Windows NT 10.0; Win64; x64) AppleWebKit/537.36"
93.184.216.34 - - [12/May/2026:06:53:26 +0000] "GET / HTTP/1.1" 200 38218 "-" "Mozilla/5.0 (Windows NT 10.0; Win64; x64) AppleWebKit/537.36"
192.168.1.100 - - [12/May/2026:06:44:36 +0000] "GET /api/users HTTP/1.1" 200 23419 "-" "Mozilla/5.0 (Macintosh; Intel Mac OS X 10_15_7) AppleWebKit/537.36"
10.0.0.51 - - [12/May/2026:06:57:30 +0000] "GET /api/products HTTP/1.1" 200 25643 "https://example.com/" "curl/7.68.0"
172.16.0.20 - - [12/May/2026:07:14:09 +0000] "GET /images/logo.png HTTP/1.1" 200 12103 "https://example.com/" "Mozilla/5.0 (X11; Linux x86_64) AppleWebKit/537.36"
10.0.0.51 - - [12/May/2026:07:15:57 +0000] "POST /index.html HTTP/1.1" 200 42056 "-" "Mozilla/5.0 (Macintosh; Intel Mac OS X 10_15_7) AppleWebKit/537.36"
10.0.1.100 - - [12/May/2026:07:19:17 +0000] "DELETE /api/products HTTP/1.1" 200 24932 "-" "Mozilla/5.0 (X11; Linux x86_64) AppleWebKit/537.36"
192.168.1.102 - - [12/May/2026:07:29:12 +0000] "GET /images/logo.png HTTP/1.1" 200 43204 "https://example.com/" "Mozilla/5.0 (Macintosh; Intel Mac OS X 10_15_7) AppleWebKit/537.36"
192.168.1.101 - - [12/May/2026:07:52:47 +0000] "GET / HTTP/1.1" 200 33123 "https://example.com/" "curl/7.68.0"
203.0.113.45 - - [12/May/2026:08:01:53 +0000] "GET /api/products HTTP/1.1" 200 19023 "https://example.com/" "Mozilla/5.0 (Windows NT 10.0; Win64; x64) AppleWebKit/537.36"
10.0.1.100 - - [12/May/2026:07:54:43 +0000] "GET /static/css/style.css HTTP/1.1" 200 13105 "https://example.com/" "Mozilla/5.0 (Windows NT 10.0; Win64; x64) AppleWebKit/537.36"
93.184.216.34 - - [12/May/2026:08:18:32 +0000] "GET /images/logo.png HTTP/1.1" 200 31615 "https://example.com/" "curl/7.68.0"
198.51.100.23 - - [12/May/2026:08:26:52 +0000] "GET /images/logo.png HTTP/1.1" 200 39113 "-" "Mozilla/5.0 (Windows NT 10.0; Win64; x64) AppleWebKit/537.36"
10.0.1.100 - - [12/May/2026:08:19:56 +0000] "GET /api/users HTTP/1.1" 200 15109 "-" "Mozilla/5.0 (X11; Linux x86_64) AppleWebKit/537.36"
192.168.1.101 - - [12/May/2026:08:46:50 +0000] "GET /images/logo.png HTTP/1.1" 200 26249 "https://example.com/" "Mozilla/5.0 (X11; Linux x86_64) AppleWebKit/537.36"
203.0.113.45 - - [12/May/2026:08:41:42 +0000] "POST /index.html HTTP/1.1" 200 37711 "https://example.com/" "Python-urllib/3.8"
198.51.100.23 - - [12/May/2026:08:50:41 +0000] "GET /api/orders HTTP/1.1" 200 43117 "https://example.com/" "Mozilla/5.0 (Windows NT 10.0; Win64; x64) AppleWebKit/537.36"
203.0.113.45 - - [12/May/2026:09:12:18 +0000] "GET /api/users HTTP/1.1" 200 6559 "-" "Mozilla/5.0 (Windows NT 10.0; Win64; x64) AppleWebKit/537.36"
172.16.0.10 - - [12/May/2026:09:04:14 +0000] "POST /static/js/app.js HTTP/1.1" 200 39798 "https://example.com/" "Mozilla/5.0 (X11; Linux x86_64) AppleWebKit/537.36"
172.16.0.20 - - [12/May/2026:09:28:12 +0000] "GET / HTTP/1.1" 200 42449 "https://example.com/" "Mozilla/5.0 (Windows NT 10.0; Win64; x64) AppleWebKit/537.36"
198.51.100.23 - - [12/May/2026:09:35:16 +0000] "GET /notfound HTTP/1.1" 404 165 "-" "Mozilla/5.0 (X11; Linux x86_64) AppleWebKit/537.36"
93.184.216.34 - - [12/May/2026:09:33:11 +0000] "GET /api/users HTTP/1.1" 200 35795 "-" "Mozilla/5.0 (X11; Linux x86_64) AppleWebKit/537.36"
172.16.0.10 - - [12/May/2026:09:53:00 +0000] "GET / HTTP/1.1" 200 16560 "https://example.com/" "Mozilla/5.0 (X11; Linux x86_64) AppleWebKit/537.36"
10.0.0.51 - - [12/May/2026:09:55:03 +0000] "POST /images/logo.png HTTP/1.1" 200 28376 "https://example.com/" "Mozilla/5.0 (X11; Linux x86_64) AppleWebKit/537.36"
93.184.216.34 - - [12/May/2026:10:03:59 +0000] "GET / HTTP/1.1" 200 8299 "https://example.com/" "Mozilla/5.0 (X11; Linux x86_64) AppleWebKit/537.36"
192.168.1.102 - - [12/May/2026:10:14:06 +0000] "POST /static/css/style.css HTTP/1.1" 200 19653 "-" "Mozilla/5.0 (Windows NT 10.0; Win64; x64) AppleWebKit/537.36"
172.16.0.10 - - [12/May/2026:10:18:19 +0000] "GET /images/logo.png HTTP/1.1" 200 1501 "https://example.com/" "Mozilla/5.0 (Windows NT 10.0; Win64; x64) AppleWebKit/537.36"
10.0.0.50 - - [12/May/2026:10:37:10 +0000] "GET / HTTP/1.1" 200 18212 "https://example.com/" "curl/7.68.0"
93.184.216.34 - - [12/May/2026:10:48:44 +0000] "GET /static/css/style.css HTTP/1.1" 200 24439 "-" "Mozilla/5.0 (Windows NT 10.0; Win64; x64) AppleWebKit/537.36"
10.0.1.100 - - [12/May/2026:10:52:24 +0000] "GET /index.html HTTP/1.1" 200 12189 "https://example.com/" "Mozilla/5.0 (Macintosh; Intel Mac OS X 10_15_7) AppleWebKit/537.36"
10.0.1.100 - - [12/May/2026:10:46:54 +0000] "GET /images/logo.png HTTP/1.1" 200 43295 "https://example.com/" "Mozilla/5.0 (X11; Linux x86_64) AppleWebKit/537.36"
203.0.113.45 - - [12/May/2026:11:03:59 +0000] "GET / HTTP/1.1" 200 7024 "-" "Python-urllib/3.8"
10.0.0.51 - - [12/May/2026:11:07:25 +0000] "GET / HTTP/1.1" 200 19094 "-" "Mozilla/5.0 (Macintosh; Intel Mac OS X 10_15_7) AppleWebKit/537.36"
198.51.100.23 - - [12/May/2026:11:13:33 +0000] "POST /api/users HTTP/1.1" 200 1993 "https://example.com/" "curl/7.68.0"
10.0.0.51 - - [12/May/2026:11:27:08 +0000] "GET /static/css/style.css HTTP/1.1" 200 34922 "-" "Mozilla/5.0 (X11; Linux x86_64) AppleWebKit/537.36"
192.168.1.101 - - [12/May/2026:11:48:53 +0000] "POST / HTTP/1.1" 200 37992 "-" "Mozilla/5.0 (Macintosh; Intel Mac OS X 10_15_7) AppleWebKit/537.36"
192.168.1.102 - - [12/May/2026:11:38:20 +0000] "GET /index.html HTTP/1.1" 200 34844 "https://example.com/" "Python-urllib/3.8"
10.0.1.100 - - [12/May/2026:11:48:11 +0000] "POST /index.html HTTP/1.1" 200 3301 "https://example.com/" "Mozilla/5.0 (X11; Linux x86_64) AppleWebKit/537.36"
10.0.0.51 - - [12/May/2026:11:59:26 +0000] "GET /images/logo.png HTTP/1.1" 200 876 "https://example.com/" "Mozilla/5.0 (X11; Linux x86_64) AppleWebKit/537.36"
172.16.0.10 - - [12/May/2026:12:09:48 +0000] "GET /images/logo.png HTTP/1.1" 200 23852 "-" "Mozilla/5.0 (Macintosh; Intel Mac OS X 10_15_7) AppleWebKit/537.36"
198.51.100.23 - - [12/May/2026:12:20:00 +0000] "GET / HTTP/1.1" 200 44288 "-" "curl/7.68.0"
172.16.0.10 - - [12/May/2026:12:36:00 +0000] "GET /static/js/app.js HTTP/1.1" 200 21697 "https://example.com/" "Mozilla/5.0 (X11; Linux x86_64) AppleWebKit/537.36"
172.16.0.10 - - [12/May/2026:12:42:24 +0000] "GET /static/js/app.js HTTP/1.1" 200 28233 "-" "Mozilla/5.0 (Macintosh; Intel Mac OS X 10_15_7) AppleWebKit/537.36"
192.168.1.102 - - [12/May/2026:12:46:13 +0000] "GET /index.html HTTP/1.1" 200 14254 "-" "curl/7.68.0"
172.16.0.10 - - [12/May/2026:12:52:16 +0000] "GET /api/search HTTP/1.1" 200 27125 "https://example.com/" "Python-urllib/3.8"
172.16.0.10 - - [12/May/2026:13:08:33 +0000] "GET /api/products HTTP/1.1" 200 39247 "-" "Mozilla/5.0 (Windows NT 10.0; Win64; x64) AppleWebKit/537.36"
172.16.0.20 - - [12/May/2026:13:16:03 +0000] "POST /index.html HTTP/1.1" 200 49575 "-" "Mozilla/5.0 (Windows NT 10.0; Win64; x64) AppleWebKit/537.36"
198.51.100.23 - - [12/May/2026:13:19:53 +0000] "POST /api/orders HTTP/1.1" 200 43764 "https://example.com/" "Python-urllib/3.8"
172.16.0.10 - - [12/May/2026:13:38:58 +0000] "GET / HTTP/1.1" 200 27292 "-" "Mozilla/5.0 (Windows NT 10.0; Win64; x64) AppleWebKit/537.36"
172.16.0.20 - - [12/May/2026:13:45:10 +0000] "GET /static/css/style.css HTTP/1.1" 200 20378 "https://example.com/" "Python-urllib/3.8"
93.184.216.34 - - [12/May/2026:13:39:23 +0000] "GET / HTTP/1.1" 200 2713 "-" "Mozilla/5.0 (Macintosh; Intel Mac OS X 10_15_7) AppleWebKit/537.36"
192.168.1.102 - - [12/May/2026:14:02:39 +0000] "GET /api/search HTTP/1.1" 200 27595 "https://example.com/" "Mozilla/5.0 (Windows NT 10.0; Win64; x64) AppleWebKit/537.36"
172.16.0.20 - - [12/May/2026:14:14:48 +0000] "GET /images/logo.png HTTP/1.1" 200 35269 "https://example.com/" "Python-urllib/3.8"
93.184.216.34 - - [12/May/2026:14:10:57 +0000] "PATCH / HTTP/1.1" 200 11315 "https://example.com/" "Mozilla/5.0 (X11; Linux x86_64) AppleWebKit/537.36"
192.168.1.101 - - [12/May/2026:14:18:27 +0000] "GET /api/search HTTP/1.1" 200 29793 "-" "Mozilla/5.0 (Windows NT 10.0; Win64; x64) AppleWebKit/537.36"
93.184.216.34 - - [12/May/2026:14:33:10 +0000] "GET / HTTP/1.1" 200 47423 "https://example.com/" "curl/7.68.0"
192.168.1.100 - - [12/May/2026:14:43:41 +0000] "GET /static/css/style.css HTTP/1.1" 200 33169 "https://example.com/" "Mozilla/5.0 (X11; Linux x86_64) AppleWebKit/537.36"
192.168.1.101 - - [12/May/2026:14:56:47 +0000] "GET /images/logo.png HTTP/1.1" 200 24245 "https://example.com/" "curl/7.68.0"
172.16.0.20 - - [12/May/2026:15:04:08 +0000] "POST /index.html HTTP/1.1" 200 8856 "https://example.com/" "curl/7.68.0"
172.16.0.20 - - [12/May/2026:15:10:07 +0000] "GET /images/logo.png HTTP/1.1" 200 39973 "-" "Python-urllib/3.8"
192.168.1.100 - - [12/May/2026:15:11:12 +0000] "GET /api/search HTTP/1.1" 200 25882 "https://example.com/" "curl/7.68.0"
198.51.100.23 - - [12/May/2026:15:14:06 +0000] "GET /static/css/style.css HTTP/1.1" 200 22517 "https://example.com/" "Mozilla/5.0 (X11; Linux x86_64) AppleWebKit/537.36"
203.0.113.45 - - [12/May/2026:15:25:23 +0000] "DELETE /api/search HTTP/1.1" 200 48873 "https://example.com/" "Python-urllib/3.8"
10.0.0.50 - - [12/May/2026:15:49:21 +0000] "GET /api/orders HTTP/1.1" 200 26450 "https://example.com/" "Mozilla/5.0 (X11; Linux x86_64) AppleWebKit/537.36"
198.51.100.23 - - [12/May/2026:15:55:10 +0000] "GET /index.html HTTP/1.1" 200 6275 "https://example.com/" "curl/7.68.0"
192.168.1.102 - - [12/May/2026:16:02:56 +0000] "GET /index.html HTTP/1.1" 200 7127 "-" "Mozilla/5.0 (Windows NT 10.0; Win64; x64) AppleWebKit/537.36"
10.0.0.51 - - [12/May/2026:16:03:14 +0000] "PUT /index.html HTTP/1.1" 200 25001 "https://example.com/" "Mozilla/5.0 (X11; Linux x86_64) AppleWebKit/537.36"
192.168.1.100 - - [12/May/2026:16:23:05 +0000] "GET / HTTP/1.1" 200 47897 "-" "Mozilla/5.0 (X11; Linux x86_64) AppleWebKit/537.36"
10.0.0.51 - - [12/May/2026:16:29:32 +0000] "GET /api/users HTTP/1.1" 200 48885 "-" "Python-urllib/3.8"
192.168.1.100 - - [12/May/2026:16:38:22 +0000] "GET /index.html HTTP/1.1" 200 29544 "-" "curl/7.68.0"
203.0.113.45 - - [12/May/2026:16:46:19 +0000] "GET /images/logo.png HTTP/1.1" 200 45434 "-" "Mozilla/5.0 (X11; Linux x86_64) AppleWebKit/537.36"
10.0.0.50 - - [12/May/2026:16:57:43 +0000] "GET /images/logo.png HTTP/1.1" 200 35321 "https://example.com/" "Mozilla/5.0 (Windows NT 10.0; Win64; x64) AppleWebKit/537.36"
192.168.1.102 - - [12/May/2026:16:52:44 +0000] "GET /api/users HTTP/1.1" 200 46880 "-" "Mozilla/5.0 (Windows NT 10.0; Win64; x64) AppleWebKit/537.36"
192.168.1.102 - - [12/May/2026:17:03:49 +0000] "GET / HTTP/1.1" 200 30296 "https://example.com/" "Mozilla/5.0 (Windows NT 10.0; Win64; x64) AppleWebKit/537.36"
93.184.216.34 - - [12/May/2026:17:07:02 +0000] "GET / HTTP/1.1" 200 46223 "https://example.com/" "Mozilla/5.0 (Windows NT 10.0; Win64; x64) AppleWebKit/537.36"
203.0.113.45 - - [12/May/2026:17:25:57 +0000] "GET /static/css/style.css HTTP/1.1" 200 28240 "https://example.com/" "Mozilla/5.0 (Windows NT 10.0; Win64; x64) AppleWebKit/537.36"
192.168.1.101 - - [12/May/2026:17:32:13 +0000] "GET / HTTP/1.1" 200 31094 "https://example.com/" "Mozilla/5.0 (Windows NT 10.0; Win64; x64) AppleWebKit/537.36"
192.168.1.100 - - [12/May/2026:17:35:11 +0000] "GET /api/orders HTTP/1.1" 200 25514 "https://example.com/" "Mozilla/5.0 (Macintosh; Intel Mac OS X 10_15_7) AppleWebKit/537.36"
192.168.1.100 - - [12/May/2026:17:41:37 +0000] "GET /index.html HTTP/1.1" 200 15069 "https://example.com/" "Python-urllib/3.8"
10.0.1.100 - - [12/May/2026:18:00:50 +0000] "POST /static/css/style.css HTTP/1.1" 200 39737 "-" "Mozilla/5.0 (Macintosh; Intel Mac OS X 10_15_7) AppleWebKit/537.36"
10.0.1.100 - - [12/May/2026:18:13:04 +0000] "DELETE /api/search HTTP/1.1" 200 8275 "https://example.com/" "Mozilla/5.0 (X11; Linux x86_64) AppleWebKit/537.36"
93.184.216.34 - - [12/May/2026:18:07:23 +0000] "GET /api/orders HTTP/1.1" 201 48843 "-" "Mozilla/5.0 (X11; Linux x86_64) AppleWebKit/537.36"
172.16.0.10 - - [12/May/2026:18:29:05 +0000] "GET /static/css/style.css HTTP/1.1" 200 14897 "https://example.com/" "Mozilla/5.0 (Macintosh; Intel Mac OS X 10_15_7) AppleWebKit/537.36"
203.0.113.45 - - [12/May/2026:18:26:04 +0000] "PUT /api/search HTTP/1.1" 200 32208 "-" "curl/7.68.0"
192.168.1.100 - - [12/May/2026:18:45:43 +0000] "GET /static/js/app.js HTTP/1.1" 200 26166 "https://example.com/" "Mozilla/5.0 (X11; Linux x86_64) AppleWebKit/537.36"
172.16.0.20 - - [12/May/2026:18:56:25 +0000] "POST /images/logo.png HTTP/1.1" 200 2724 "-" "Mozilla/5.0 (Macintosh; Intel Mac OS X 10_15_7) AppleWebKit/537.36"
198.51.100.23 - - [12/May/2026:19:05:22 +0000] "GET /api/search HTTP/1.1" 200 27653 "-" "curl/7.68.0"
10.0.0.51 - - [12/May/2026:19:04:31 +0000] "DELETE / HTTP/1.1" 200 19124 "https://example.com/" "Mozilla/5.0 (Windows NT 10.0; Win64; x64) AppleWebKit/537.36"
192.168.1.100 - - [12/May/2026:19:26:12 +0000] "GET /api/internal HTTP/1.1" 500 293 "https://example.com/" "curl/7.68.0"
203.0.113.45 - - [12/May/2026:19:31:41 +0000] "GET /index.html HTTP/1.1" 200 49086 "-" "Mozilla/5.0 (Macintosh; Intel Mac OS X 10_15_7) AppleWebKit/537.36"
10.0.0.51 - - [12/May/2026:19:29:53 +0000] "GET /static/css/style.css HTTP/1.1" 200 46697 "-" "Mozilla/5.0 (X11; Linux x86_64) AppleWebKit/537.36"
93.184.216.34 - - [12/May/2026:19:40:02 +0000] "POST /images/logo.png HTTP/1.1" 200 27280 "https://example.com/" "curl/7.68.0"
10.0.1.100 - - [12/May/2026:19:52:58 +0000] "GET /api/products HTTP/1.1" 200 31237 "-" "Mozilla/5.0 (X11; Linux x86_64) AppleWebKit/537.36"
203.0.113.45 - - [12/May/2026:20:01:04 +0000] "GET /admin/login HTTP/1.1" 392 47594 "https://example.com/" "curl/7.68.0"
192.168.1.102 - - [12/May/2026:20:15:47 +0000] "GET / HTTP/1.1" 200 39952 "https://example.com/" "Mozilla/5.0 (Macintosh; Intel Mac OS X 10_15_7) AppleWebKit/537.36"
172.16.0.20 - - [12/May/2026:20:12:04 +0000] "GET /images/logo.png HTTP/1.1" 200 38353 "https://example.com/" "Python-urllib/3.8"
172.16.0.10 - - [12/May/2026:20:35:46 +0000] "POST / HTTP/1.1" 200 42544 "https://example.com/" "Mozilla/5.0 (Windows NT 10.0; Win64; x64) AppleWebKit/537.36"
172.16.0.20 - - [12/May/2026:20:25:13 +0000] "GET /api/search HTTP/1.1" 200 35786 "https://example.com/" "Mozilla/5.0 (Windows NT 10.0; Win64; x64) AppleWebKit/537.36"
10.0.0.50 - - [12/May/2026:20:46:45 +0000] "PUT /static/css/style.css HTTP/1.1" 200 41149 "https://example.com/" "Mozilla/5.0 (Windows NT 10.0; Win64; x64) AppleWebKit/537.36"
10.0.0.51 - - [12/May/2026:20:49:55 +0000] "GET / HTTP/1.1" 200 39711 "-" "curl/7.68.0"
10.0.0.51 - - [12/May/2026:20:54:36 +0000] "GET /index.html HTTP/1.1" 200 35578 "https://example.com/" "Mozilla/5.0 (X11; Linux x86_64) AppleWebKit/537.36"
93.184.216.34 - - [12/May/2026:21:10:54 +0000] "GET /index.html HTTP/1.1" 200 47184 "-" "Mozilla/5.0 (Macintosh; Intel Mac OS X 10_15_7) AppleWebKit/537.36"
198.51.100.23 - - [12/May/2026:21:20:19 +0000] "POST /api/users HTTP/1.1" 200 19418 "-" "Python-urllib/3.8"
10.0.1.100 - - [12/May/2026:21:23:03 +0000] "PUT / HTTP/1.1" 200 16273 "-" "curl/7.68.0"
203.0.113.45 - - [12/May/2026:21:35:18 +0000] "GET /static/css/style.css HTTP/1.1" 200 44213 "https://example.com/" "Mozilla/5.0 (Windows NT 10.0; Win64; x64) AppleWebKit/537.36"
198.51.100.23 - - [12/May/2026:21:54:04 +0000] "GET /index.html HTTP/1.1" 200 35840 "https://example.com/" "Mozilla/5.0 (Windows NT 10.0; Win64; x64) AppleWebKit/537.36"
198.51.100.23 - - [12/May/2026:21:49:07 +0000] "GET /api/users HTTP/1.1" 200 47526 "https://example.com/" "Mozilla/5.0 (Macintosh; Intel Mac OS X 10_15_7) AppleWebKit/537.36"
10.0.0.51 - - [12/May/2026:22:10:33 +0000] "PUT /static/css/style.css HTTP/1.1" 200 28490 "-" "Python-urllib/3.8"
172.16.0.10 - - [12/May/2026:22:15:23 +0000] "GET /images/logo.png HTTP/1.1" 200 40583 "https://example.com/" "Mozilla/5.0 (Windows NT 10.0; Win64; x64) AppleWebKit/537.36"
172.16.0.20 - - [12/May/2026:22:17:55 +0000] "POST / HTTP/1.1" 200 34356 "https://example.com/" "Mozilla/5.0 (X11; Linux x86_64) AppleWebKit/537.36"
172.16.0.20 - - [12/May/2026:22:37:20 +0000] "GET /static/css/style.css HTTP/1.1" 200 16902 "-" "curl/7.68.0"
192.168.1.101 - - [12/May/2026:22:36:31 +0000] "POST /static/css/style.css HTTP/1.1" 200 28994 "https://example.com/" "Mozilla/5.0 (Windows NT 10.0; Win64; x64) AppleWebKit/537.36"
10.0.0.50 - - [12/May/2026:22:49:25 +0000] "POST /images/logo.png HTTP/1.1" 200 38065 "https://example.com/" "Mozilla/5.0 (Macintosh; Intel Mac OS X 10_15_7) AppleWebKit/537.36"
203.0.113.45 - - [12/May/2026:22:43:21 +0000] "GET / HTTP/1.1" 200 13630 "-" "Python-urllib/3.8"
198.51.100.23 - - [12/May/2026:22:55:04 +0000] "GET /images/logo.png HTTP/1.1" 200 23234 "https://example.com/" "Mozilla/5.0 (Windows NT 10.0; Win64; x64) AppleWebKit/537.36"
172.16.0.10 - - [12/May/2026:23:19:32 +0000] "POST /api/products HTTP/1.1" 200 35920 "https://example.com/" "Python-urllib/3.8"
192.168.1.100 - - [12/May/2026:23:21:09 +0000] "GET /static/css/style.css HTTP/1.1" 200 19655 "https://example.com/" "Python-urllib/3.8"
172.16.0.20 - - [12/May/2026:23:29:06 +0000] "GET /api/users HTTP/1.1" 200 39868 "-" "Mozilla/5.0 (Windows NT 10.0; Win64; x64) AppleWebKit/537.36"
192.168.1.102 - - [12/May/2026:23:34:02 +0000] "GET /index.html HTTP/1.1" 200 21205 "-" "Mozilla/5.0 (X11; Linux x86_64) AppleWebKit/537.36"
172.16.0.20 - - [12/May/2026:23:45:49 +0000] "POST / HTTP/1.1" 200 1295 "https://example.com/" "Mozilla/5.0 (Macintosh; Intel Mac OS X 10_15_7) AppleWebKit/537.36"
192.168.1.102 - - [13/May/2026:00:00:43 +0000] "POST /api/users HTTP/1.1" 200 43337 "-" "Mozilla/5.0 (X11; Linux x86_64) AppleWebKit/537.36"
10.0.0.51 - - [13/May/2026:00:11:32 +0000] "GET /index.html HTTP/1.1" 200 32798 "https://example.com/" "curl/7.68.0"
172.16.0.10 - - [13/May/2026:00:15:31 +0000] "POST /images/logo.png HTTP/1.1" 200 37019 "https://example.com/" "Mozilla/5.0 (Windows NT 10.0; Win64; x64) AppleWebKit/537.36"
192.168.1.102 - - [13/May/2026:00:23:29 +0000] "GET /static/css/style.css HTTP/1.1" 200 38536 "-" "curl/7.68.0"
192.168.1.101 - - [13/May/2026:00:32:13 +0000] "GET / HTTP/1.1" 200 9678 "https://example.com/" "Mozilla/5.0 (Macintosh; Intel Mac OS X 10_15_7) AppleWebKit/537.36"
172.16.0.10 - - [13/May/2026:00:46:27 +0000] "GET /static/css/style.css HTTP/1.1" 200 39297 "-" "Python-urllib/3.8"
192.168.1.100 - - [13/May/2026:00:53:54 +0000] "POST /static/css/style.css HTTP/1.1" 200 4970 "-" "Mozilla/5.0 (Windows NT 10.0; Win64; x64) AppleWebKit/537.36"
172.16.0.10 - - [13/May/2026:00:47:27 +0000] "POST / HTTP/1.1" 200 24074 "https://example.com/" "curl/7.68.0"
10.0.1.100 - - [13/May/2026:01:05:39 +0000] "GET /api/users HTTP/1.1" 200 6568 "https://example.com/" "Mozilla/5.0 (Macintosh; Intel Mac OS X 10_15_7) AppleWebKit/537.36"
203.0.113.45 - - [13/May/2026:01:02:20 +0000] "GET /index.html HTTP/1.1" 200 15419 "-" "Mozilla/5.0 (X11; Linux x86_64) AppleWebKit/537.36"
10.0.1.100 - - [13/May/2026:01:12:08 +0000] "GET /api/users HTTP/1.1" 200 28916 "https://example.com/" "curl/7.68.0"
192.168.1.100 - - [13/May/2026:01:32:50 +0000] "GET /static/css/style.css HTTP/1.1" 200 10143 "https://example.com/" "Mozilla/5.0 (X11; Linux x86_64) AppleWebKit/537.36"
172.16.0.20 - - [13/May/2026:01:46:59 +0000] "POST /images/logo.png HTTP/1.1" 200 24403 "-" "Mozilla/5.0 (Windows NT 10.0; Win64; x64) AppleWebKit/537.36"
192.168.1.100 - - [13/May/2026:01:42:20 +0000] "POST /images/logo.png HTTP/1.1" 200 47900 "https://example.com/" "Mozilla/5.0 (X11; Linux x86_64) AppleWebKit/537.36"
10.0.1.100 - - [13/May/2026:01:56:45 +0000] "GET /static/css/style.css HTTP/1.1" 200 49016 "https://example.com/" "Mozilla/5.0 (Windows NT 10.0; Win64; x64) AppleWebKit/537.36"
198.51.100.23 - - [13/May/2026:01:55:36 +0000] "GET /index.html HTTP/1.1" 200 32469 "https://example.com/" "curl/7.68.0"
172.16.0.20 - - [13/May/2026:02:15:36 +0000] "GET / HTTP/1.1" 200 6474 "https://example.com/" "Python-urllib/3.8"
192.168.1.100 - - [13/May/2026:02:21:11 +0000] "PATCH /api/users HTTP/1.1" 200 23557 "-" "curl/7.68.0"
172.16.0.10 - - [13/May/2026:02:32:49 +0000] "GET /api/products HTTP/1.1" 200 4644 "https://example.com/" "curl/7.68.0"
203.0.113.45 - - [13/May/2026:02:45:38 +0000] "POST /images/logo.png HTTP/1.1" 200 4431 "https://example.com/" "Mozilla/5.0 (Macintosh; Intel Mac OS X 10_15_7) AppleWebKit/537.36"
93.184.216.34 - - [13/May/2026:02:40:49 +0000] "GET /images/logo.png HTTP/1.1" 200 26159 "https://example.com/" "Mozilla/5.0 (X11; Linux x86_64) AppleWebKit/537.36"
192.168.1.100 - - [13/May/2026:02:51:41 +0000] "GET /api/users HTTP/1.1" 200 4552 "-" "Mozilla/5.0 (Windows NT 10.0; Win64; x64) AppleWebKit/537.36"
192.168.1.102 - - [13/May/2026:03:05:42 +0000] "PUT / HTTP/1.1" 200 24886 "-" "Mozilla/5.0 (Windows NT 10.0; Win64; x64) AppleWebKit/537.36"
203.0.113.45 - - [13/May/2026:03:18:02 +0000] "GET /static/css/style.css HTTP/1.1" 200 39591 "-" "Mozilla/5.0 (X11; Linux x86_64) AppleWebKit/537.36"
172.16.0.20 - - [13/May/2026:03:20:45 +0000] "GET /admin/login HTTP/1.1" 371 2733 "https://example.com/" "Mozilla/5.0 (Macintosh; Intel Mac OS X 10_15_7) AppleWebKit/537.36"
93.184.216.34 - - [13/May/2026:03:26:39 +0000] "GET /api/users HTTP/1.1" 200 26568 "-" "curl/7.68.0"
192.168.1.100 - - [13/May/2026:03:37:27 +0000] "GET /static/js/app.js HTTP/1.1" 200 36937 "https://example.com/" "Python-urllib/3.8"
93.184.216.34 - - [13/May/2026:03:53:38 +0000] "GET / HTTP/1.1" 200 41227 "-" "Mozilla/5.0 (Windows NT 10.0; Win64; x64) AppleWebKit/537.36"
198.51.100.23 - - [13/May/2026:03:54:23 +0000] "PATCH /admin/login HTTP/1.1" 373 15779 "https://example.com/" "Mozilla/5.0 (X11; Linux x86_64) AppleWebKit/537.36"
10.0.0.51 - - [13/May/2026:03:59:47 +0000] "PUT /api/search HTTP/1.1" 200 4005 "https://example.com/" "curl/7.68.0"
172.16.0.10 - - [13/May/2026:04:20:58 +0000] "GET / HTTP/1.1" 200 44085 "https://example.com/" "Mozilla/5.0 (Windows NT 10.0; Win64; x64) AppleWebKit/537.36"
172.16.0.20 - - [13/May/2026:04:13:13 +0000] "GET /api/orders HTTP/1.1" 200 26584 "https://example.com/" "Python-urllib/3.8"
172.16.0.10 - - [13/May/2026:04:20:25 +0000] "GET / HTTP/1.1" 200 18623 "-" "Mozilla/5.0 (Windows NT 10.0; Win64; x64) AppleWebKit/537.36"
10.0.1.100 - - [13/May/2026:04:43:09 +0000] "GET /index.html HTTP/1.1" 200 4524 "https://example.com/" "Python-urllib/3.8"
172.16.0.10 - - [13/May/2026:04:54:08 +0000] "GET /api/users HTTP/1.1" 200 15620 "-" "Mozilla/5.0 (Macintosh; Intel Mac OS X 10_15_7) AppleWebKit/537.36"
203.0.113.45 - - [13/May/2026:04:49:29 +0000] "POST / HTTP/1.1" 200 49530 "https://example.com/" "Python-urllib/3.8"
192.168.1.101 - - [13/May/2026:05:05:57 +0000] "POST /api/search HTTP/1.1" 200 37319 "-" "Mozilla/5.0 (Macintosh; Intel Mac OS X 10_15_7) AppleWebKit/537.36"
10.0.0.50 - - [13/May/2026:05:05:03 +0000] "GET / HTTP/1.1" 200 42764 "https://example.com/" "Mozilla/5.0 (X11; Linux x86_64) AppleWebKit/537.36"
192.168.1.100 - - [13/May/2026:05:22:48 +0000] "GET /api/search HTTP/1.1" 200 45707 "https://example.com/" "Python-urllib/3.8"
10.0.0.50 - - [13/May/2026:05:25:25 +0000] "GET /static/js/app.js HTTP/1.1" 200 31934 "-" "Mozilla/5.0 (Windows NT 10.0; Win64; x64) AppleWebKit/537.36"
93.184.216.34 - - [13/May/2026:05:37:08 +0000] "PATCH /admin/login HTTP/1.1" 243 9777 "-" "Mozilla/5.0 (Macintosh; Intel Mac OS X 10_15_7) AppleWebKit/537.36"
93.184.216.34 - - [13/May/2026:05:38:14 +0000] "POST /index.html HTTP/1.1" 200 14409 "https://example.com/" "curl/7.68.0"
198.51.100.23 - - [13/May/2026:05:48:15 +0000] "GET /images/logo.png HTTP/1.1" 200 43001 "https://example.com/" "Mozilla/5.0 (Macintosh; Intel Mac OS X 10_15_7) AppleWebKit/537.36"
172.16.0.10 - - [13/May/2026:06:07:03 +0000] "GET /api/search HTTP/1.1" 200 13171 "https://example.com/" "Mozilla/5.0 (Macintosh; Intel Mac OS X 10_15_7) AppleWebKit/537.36"
10.0.0.50 - - [13/May/2026:06:03:59 +0000] "GET /static/js/app.js HTTP/1.1" 200 22668 "-" "Mozilla/5.0 (X11; Linux x86_64) AppleWebKit/537.36"
10.0.0.50 - - [13/May/2026:06:22:33 +0000] "POST / HTTP/1.1" 200 32796 "https://example.com/" "Mozilla/5.0 (Macintosh; Intel Mac OS X 10_15_7) AppleWebKit/537.36"
192.168.1.101 - - [13/May/2026:06:30:32 +0000] "GET / HTTP/1.1" 200 9556 "https://example.com/" "Mozilla/5.0 (Macintosh; Intel Mac OS X 10_15_7) AppleWebKit/537.36"
93.184.216.34 - - [13/May/2026:06:41:43 +0000] "DELETE /static/js/app.js HTTP/1.1" 200 42418 "https://example.com/" "Mozilla/5.0 (Windows NT 10.0; Win64; x64) AppleWebKit/537.36"
203.0.113.45 - - [13/May/2026:06:41:41 +0000] "POST /api/users HTTP/1.1" 200 46107 "https://example.com/" "Mozilla/5.0 (Windows NT 10.0; Win64; x64) AppleWebKit/537.36"
10.0.0.50 - - [13/May/2026:06:50:05 +0000] "GET /api/products HTTP/1.1" 200 26750 "https://example.com/" "Mozilla/5.0 (Macintosh; Intel Mac OS X 10_15_7) AppleWebKit/537.36"
172.16.0.10 - - [13/May/2026:07:10:46 +0000] "GET /api/products HTTP/1.1" 200 8880 "https://example.com/" "Mozilla/5.0 (Macintosh; Intel Mac OS X 10_15_7) AppleWebKit/537.36"
198.51.100.23 - - [13/May/2026:07:14:15 +0000] "POST /images/logo.png HTTP/1.1" 200 39122 "https://example.com/" "Mozilla/5.0 (Macintosh; Intel Mac OS X 10_15_7) AppleWebKit/537.36"
192.168.1.101 - - [13/May/2026:07:14:37 +0000] "DELETE / HTTP/1.1" 200 5361 "https://example.com/" "Mozilla/5.0 (Macintosh; Intel Mac OS X 10_15_7) AppleWebKit/537.36"
10.0.1.100 - - [13/May/2026:07:22:52 +0000] "POST /index.html HTTP/1.1" 200 14518 "https://example.com/" "Python-urllib/3.8"
93.184.216.34 - - [13/May/2026:07:47:22 +0000] "GET /admin/login HTTP/1.1" 350 8391 "https://example.com/" "curl/7.68.0"
10.0.0.50 - - [13/May/2026:07:56:22 +0000] "GET /index.html HTTP/1.1" 200 6109 "-" "Python-urllib/3.8"
172.16.0.20 - - [13/May/2026:07:55:39 +0000] "GET /api/search HTTP/1.1" 200 40220 "https://example.com/" "curl/7.68.0"
192.168.1.102 - - [13/May/2026:08:15:24 +0000] "POST /api/orders HTTP/1.1" 200 28129 "https://example.com/" "Mozilla/5.0 (Windows NT 10.0; Win64; x64) AppleWebKit/537.36"
203.0.113.45 - - [13/May/2026:08:20:45 +0000] "POST / HTTP/1.1" 200 21278 "-" "Mozilla/5.0 (Windows NT 10.0; Win64; x64) AppleWebKit/537.36"
192.168.1.101 - - [13/May/2026:08:29:26 +0000] "POST /index.html HTTP/1.1" 200 41754 "-" "Mozilla/5.0 (X11; Linux x86_64) AppleWebKit/537.36"
10.0.0.51 - - [13/May/2026:08:31:35 +0000] "GET /static/js/app.js HTTP/1.1" 200 22320 "https://example.com/" "Mozilla/5.0 (X11; Linux x86_64) AppleWebKit/537.36"
10.0.0.51 - - [13/May/2026:08:44:46 +0000] "GET / HTTP/1.1" 200 50485 "https://example.com/" "curl/7.68.0"
93.184.216.34 - - [13/May/2026:08:52:16 +0000] "GET /static/css/style.css HTTP/1.1" 200 26634 "https://example.com/" "Mozilla/5.0 (X11; Linux x86_64) AppleWebKit/537.36"
93.184.216.34 - - [13/May/2026:09:02:33 +0000] "GET /static/css/style.css HTTP/1.1" 200 4380 "https://example.com/" "Mozilla/5.0 (X11; Linux x86_64) AppleWebKit/537.36"
203.0.113.45 - - [13/May/2026:09:02:20 +0000] "PATCH /static/css/style.css HTTP/1.1" 200 18594 "https://example.com/" "Mozilla/5.0 (X11; Linux x86_64) AppleWebKit/537.36"
198.51.100.23 - - [13/May/2026:09:09:50 +0000] "GET /static/js/app.js HTTP/1.1" 200 25658 "https://example.com/" "Python-urllib/3.8"
198.51.100.23 - - [13/May/2026:09:18:59 +0000] "POST / HTTP/1.1" 200 35323 "-" "Python-urllib/3.8"
10.0.1.100 - - [13/May/2026:09:37:51 +0000] "GET /index.html HTTP/1.1" 200 17749 "https://example.com/" "Mozilla/5.0 (Windows NT 10.0; Win64; x64) AppleWebKit/537.36"
192.168.1.100 - - [13/May/2026:09:42:41 +0000] "GET /api/search HTTP/1.1" 200 22824 "https://example.com/" "Mozilla/5.0 (Windows NT 10.0; Win64; x64) AppleWebKit/537.36"
192.168.1.100 - - [13/May/2026:09:52:48 +0000] "GET / HTTP/1.1" 200 33988 "https://example.com/" "curl/7.68.0"
172.16.0.10 - - [13/May/2026:09:58:35 +0000] "GET /static/css/style.css HTTP/1.1" 200 22929 "https://example.com/" "Mozilla/5.0 (X11; Linux x86_64) AppleWebKit/537.36"
192.168.1.100 - - [13/May/2026:10:10:39 +0000] "POST /api/orders HTTP/1.1" 200 29240 "-" "Mozilla/5.0 (Macintosh; Intel Mac OS X 10_15_7) AppleWebKit/537.36"
203.0.113.45 - - [13/May/2026:10:25:08 +0000] "GET / HTTP/1.1" 200 39087 "-" "Mozilla/5.0 (Macintosh; Intel Mac OS X 10_15_7) AppleWebKit/537.36"
192.168.1.100 - - [13/May/2026:10:19:19 +0000] "GET / HTTP/1.1" 200 30101 "https://example.com/" "Mozilla/5.0 (Macintosh; Intel Mac OS X 10_15_7) AppleWebKit/537.36"
192.168.1.102 - - [13/May/2026:10:35:06 +0000] "GET /static/js/app.js HTTP/1.1" 200 26514 "-" "curl/7.68.0"
198.51.100.23 - - [13/May/2026:10:42:04 +0000] "POST /static/css/style.css HTTP/1.1" 200 35603 "-" "curl/7.68.0"
172.16.0.20 - - [13/May/2026:10:51:10 +0000] "GET /api/orders HTTP/1.1" 201 3773 "https://example.com/" "Python-urllib/3.8"
172.16.0.20 - - [13/May/2026:11:03:11 +0000] "GET /admin/login HTTP/1.1" 268 30122 "https://example.com/" "Mozilla/5.0 (Windows NT 10.0; Win64; x64) AppleWebKit/537.36"
172.16.0.10 - - [13/May/2026:11:15:44 +0000] "GET /api/products HTTP/1.1" 200 27754 "-" "Mozilla/5.0 (X11; Linux x86_64) AppleWebKit/537.36"
192.168.1.100 - - [13/May/2026:11:20:13 +0000] "GET /index.html HTTP/1.1" 200 16355 "https://example.com/" "curl/7.68.0"
192.168.1.101 - - [13/May/2026:11:30:04 +0000] "GET /api/users HTTP/1.1" 200 14753 "https://example.com/" "Python-urllib/3.8"
192.168.1.101 - - [13/May/2026:11:29:09 +0000] "DELETE /index.html HTTP/1.1" 200 13849 "-" "Mozilla/5.0 (X11; Linux x86_64) AppleWebKit/537.36"
192.168.1.101 - - [13/May/2026:11:41:00 +0000] "PATCH /api/users HTTP/1.1" 200 38038 "https://example.com/" "Mozilla/5.0 (X11; Linux x86_64) AppleWebKit/537.36"
203.0.113.45 - - [13/May/2026:11:47:28 +0000] "GET /api/search HTTP/1.1" 200 31490 "https://example.com/" "curl/7.68.0"
203.0.113.45 - - [13/May/2026:11:56:59 +0000] "GET /static/css/style.css HTTP/1.1" 200 10657 "https://example.com/" "Mozilla/5.0 (Macintosh; Intel Mac OS X 10_15_7) AppleWebKit/537.36"
93.184.216.34 - - [13/May/2026:12:10:55 +0000] "POST /index.html HTTP/1.1" 200 13933 "-" "Python-urllib/3.8"
192.168.1.101 - - [13/May/2026:12:19:05 +0000] "GET / HTTP/1.1" 200 19241 "https://example.com/" "curl/7.68.0"
203.0.113.45 - - [13/May/2026:12:20:08 +0000] "GET / HTTP/1.1" 200 21405 "https://example.com/" "Mozilla/5.0 (Windows NT 10.0; Win64; x64) AppleWebKit/537.36"
10.0.0.50 - - [13/May/2026:12:29:04 +0000] "GET / HTTP/1.1" 200 45193 "-" "Mozilla/5.0 (X11; Linux x86_64) AppleWebKit/537.36"
172.16.0.20 - - [13/May/2026:12:39:28 +0000] "POST / HTTP/1.1" 200 24493 "https://example.com/" "Python-urllib/3.8"
10.0.0.50 - - [13/May/2026:12:51:51 +0000] "GET /api/users HTTP/1.1" 200 41587 "-" "Mozilla/5.0 (X11; Linux x86_64) AppleWebKit/537.36"
192.168.1.101 - - [13/May/2026:13:06:24 +0000] "POST /static/css/style.css HTTP/1.1" 200 14553 "https://example.com/" "Python-urllib/3.8"
198.51.100.23 - - [13/May/2026:13:07:59 +0000] "GET /index.html HTTP/1.1" 200 42379 "https://example.com/" "Python-urllib/3.8"
93.184.216.34 - - [13/May/2026:13:16:04 +0000] "PATCH /api/products HTTP/1.1" 200 35684 "-" "Mozilla/5.0 (X11; Linux x86_64) AppleWebKit/537.36"
172.16.0.10 - - [13/May/2026:13:35:35 +0000] "GET / HTTP/1.1" 200 39198 "https://example.com/" "Mozilla/5.0 (X11; Linux x86_64) AppleWebKit/537.36"
192.168.1.100 - - [13/May/2026:13:41:02 +0000] "GET /index.html HTTP/1.1" 200 14784 "-" "Mozilla/5.0 (Macintosh; Intel Mac OS X 10_15_7) AppleWebKit/537.36"
10.0.0.50 - - [13/May/2026:13:52:12 +0000] "GET / HTTP/1.1" 200 11913 "https://example.com/" "Python-urllib/3.8"
93.184.216.34 - - [13/May/2026:13:49:17 +0000] "GET /images/logo.png HTTP/1.1" 200 23314 "-" "Mozilla/5.0 (Windows NT 10.0; Win64; x64) AppleWebKit/537.36"
192.168.1.102 - - [13/May/2026:13:56:22 +0000] "PUT /index.html HTTP/1.1" 200 35602 "-" "Mozilla/5.0 (Macintosh; Intel Mac OS X 10_15_7) AppleWebKit/537.36"
93.184.216.34 - - [13/May/2026:14:02:30 +0000] "GET /images/logo.png HTTP/1.1" 200 39398 "https://example.com/" "Mozilla/5.0 (Macintosh; Intel Mac OS X 10_15_7) AppleWebKit/537.36"
192.168.1.101 - - [13/May/2026:14:14:10 +0000] "GET /api/products HTTP/1.1" 200 42095 "https://example.com/" "Mozilla/5.0 (Windows NT 10.0; Win64; x64) AppleWebKit/537.36"
172.16.0.20 - - [13/May/2026:14:32:27 +0000] "POST /images/logo.png HTTP/1.1" 200 32499 "https://example.com/" "Mozilla/5.0 (Macintosh; Intel Mac OS X 10_15_7) AppleWebKit/537.36"
172.16.0.10 - - [13/May/2026:14:31:11 +0000] "GET /api/search HTTP/1.1" 200 39017 "https://example.com/" "Mozilla/5.0 (X11; Linux x86_64) AppleWebKit/537.36"
192.168.1.101 - - [13/May/2026:14:47:23 +0000] "POST /images/logo.png HTTP/1.1" 200 19690 "https://example.com/" "Mozilla/5.0 (Windows NT 10.0; Win64; x64) AppleWebKit/537.36"
172.16.0.20 - - [13/May/2026:14:56:23 +0000] "GET /static/css/style.css HTTP/1.1" 200 46058 "-" "Mozilla/5.0 (Macintosh; Intel Mac OS X 10_15_7) AppleWebKit/537.36"
203.0.113.45 - - [13/May/2026:15:02:45 +0000] "GET /static/js/app.js HTTP/1.1" 200 10775 "https://example.com/" "Python-urllib/3.8"
172.16.0.20 - - [13/May/2026:15:10:53 +0000] "GET /api/orders HTTP/1.1" 200 13970 "https://example.com/" "Mozilla/5.0 (X11; Linux x86_64) AppleWebKit/537.36"
192.168.1.100 - - [13/May/2026:15:23:56 +0000] "GET / HTTP/1.1" 200 46734 "https://example.com/" "Mozilla/5.0 (X11; Linux x86_64) AppleWebKit/537.36"
10.0.0.51 - - [13/May/2026:15:30:38 +0000] "PUT /static/js/app.js HTTP/1.1" 200 1047 "https://example.com/" "Python-urllib/3.8"
10.0.1.100 - - [13/May/2026:15:43:57 +0000] "GET /static/css/style.css HTTP/1.1" 200 8082 "-" "Python-urllib/3.8"
192.168.1.102 - - [13/May/2026:15:42:53 +0000] "GET /api/orders HTTP/1.1" 200 32859 "https://example.com/" "Mozilla/5.0 (Macintosh; Intel Mac OS X 10_15_7) AppleWebKit/537.36"
93.184.216.34 - - [13/May/2026:15:44:47 +0000] "POST /static/css/style.css HTTP/1.1" 200 24626 "https://example.com/" "Mozilla/5.0 (Windows NT 10.0; Win64; x64) AppleWebKit/537.36"
10.0.1.100 - - [13/May/2026:16:01:24 +0000] "GET /images/logo.png HTTP/1.1" 200 34778 "-" "Mozilla/5.0 (X11; Linux x86_64) AppleWebKit/537.36"
10.0.0.51 - - [13/May/2026:16:10:55 +0000] "GET /static/css/style.css HTTP/1.1" 200 35328 "-" "Mozilla/5.0 (Macintosh; Intel Mac OS X 10_15_7) AppleWebKit/537.36"
10.0.0.50 - - [13/May/2026:16:16:33 +0000] "GET /index.html HTTP/1.1" 200 8809 "https://example.com/" "Mozilla/5.0 (Macintosh; Intel Mac OS X 10_15_7) AppleWebKit/537.36"
172.16.0.10 - - [13/May/2026:16:28:32 +0000] "POST / HTTP/1.1" 200 14246 "https://example.com/" "curl/7.68.0"
10.0.0.51 - - [13/May/2026:16:30:35 +0000] "GET / HTTP/1.1" 200 24710 "https://example.com/" "Mozilla/5.0 (X11; Linux x86_64) AppleWebKit/537.36"
172.16.0.20 - - [13/May/2026:16:42:01 +0000] "GET /api/users HTTP/1.1" 200 8442 "https://example.com/" "Mozilla/5.0 (Windows NT 10.0; Win64; x64) AppleWebKit/537.36"
10.0.0.50 - - [13/May/2026:16:49:30 +0000] "GET /static/js/app.js HTTP/1.1" 200 13339 "https://example.com/" "Mozilla/5.0 (Macintosh; Intel Mac OS X 10_15_7) AppleWebKit/537.36"
192.168.1.100 - - [13/May/2026:17:11:06 +0000] "GET /static/css/style.css HTTP/1.1" 200 4948 "https://example.com/" "Mozilla/5.0 (X11; Linux x86_64) AppleWebKit/537.36"
10.0.0.50 - - [13/May/2026:17:17:10 +0000] "GET /images/logo.png HTTP/1.1" 200 1753 "https://example.com/" "Mozilla/5.0 (X11; Linux x86_64) AppleWebKit/537.36"
203.0.113.45 - - [13/May/2026:17:20:18 +0000] "GET /static/js/app.js HTTP/1.1" 200 21313 "https://example.com/" "Mozilla/5.0 (Macintosh; Intel Mac OS X 10_15_7) AppleWebKit/537.36"
172.16.0.10 - - [13/May/2026:17:30:28 +0000] "DELETE /api/search HTTP/1.1" 200 49407 "https://example.com/" "Python-urllib/3.8"
172.16.0.20 - - [13/May/2026:17:28:58 +0000] "POST /index.html HTTP/1.1" 200 12654 "https://example.com/" "Python-urllib/3.8"
93.184.216.34 - - [13/May/2026:17:37:44 +0000] "GET / HTTP/1.1" 200 28656 "https://example.com/" "Python-urllib/3.8"
192.168.1.102 - - [13/May/2026:17:47:17 +0000] "GET /api/orders HTTP/1.1" 201 31543 "-" "Python-urllib/3.8"
192.168.1.100 - - [13/May/2026:18:01:39 +0000] "GET /api/orders HTTP/1.1" 201 41831 "https://example.com/" "Mozilla/5.0 (X11; Linux x86_64) AppleWebKit/537.36"
198.51.100.23 - - [13/May/2026:18:15:11 +0000] "GET / HTTP/1.1" 200 48009 "-" "Mozilla/5.0 (Macintosh; Intel Mac OS X 10_15_7) AppleWebKit/537.36"
93.184.216.34 - - [13/May/2026:18:18:27 +0000] "GET /static/css/style.css HTTP/1.1" 200 38500 "https://example.com/" "curl/7.68.0"
172.16.0.10 - - [13/May/2026:18:22:52 +0000] "GET /api/products HTTP/1.1" 200 20098 "-" "Mozilla/5.0 (Macintosh; Intel Mac OS X 10_15_7) AppleWebKit/537.36"
192.168.1.102 - - [13/May/2026:18:37:29 +0000] "GET /static/js/app.js HTTP/1.1" 200 30173 "https://example.com/" "Mozilla/5.0 (Windows NT 10.0; Win64; x64) AppleWebKit/537.36"
10.0.1.100 - - [13/May/2026:18:39:03 +0000] "DELETE /api/orders HTTP/1.1" 200 31687 "https://example.com/" "Mozilla/5.0 (Macintosh; Intel Mac OS X 10_15_7) AppleWebKit/537.36"
172.16.0.20 - - [13/May/2026:18:56:30 +0000] "GET /api/orders HTTP/1.1" 200 24947 "-" "curl/7.68.0"
93.184.216.34 - - [13/May/2026:19:06:36 +0000] "GET /images/logo.png HTTP/1.1" 200 30532 "https://example.com/" "Mozilla/5.0 (X11; Linux x86_64) AppleWebKit/537.36"
198.51.100.23 - - [13/May/2026:19:20:51 +0000] "POST /index.html HTTP/1.1" 200 37490 "-" "Mozilla/5.0 (Windows NT 10.0; Win64; x64) AppleWebKit/537.36"
192.168.1.101 - - [13/May/2026:19:27:57 +0000] "GET /images/logo.png HTTP/1.1" 200 44071 "-" "Mozilla/5.0 (Windows NT 10.0; Win64; x64) AppleWebKit/537.36"
192.168.1.101 - - [13/May/2026:19:23:58 +0000] "GET / HTTP/1.1" 200 9183 "-" "Mozilla/5.0 (X11; Linux x86_64) AppleWebKit/537.36"
10.0.0.51 - - [13/May/2026:19:46:19 +0000] "POST /notfound HTTP/1.1" 404 155 "https://example.com/" "Mozilla/5.0 (Macintosh; Intel Mac OS X 10_15_7) AppleWebKit/537.36"
10.0.0.50 - - [13/May/2026:19:45:57 +0000] "POST /index.html HTTP/1.1" 200 7033 "-" "Mozilla/5.0 (Windows NT 10.0; Win64; x64) AppleWebKit/537.36"
10.0.0.50 - - [13/May/2026:19:50:09 +0000] "GET /index.html HTTP/1.1" 200 36841 "https://example.com/" "Mozilla/5.0 (Windows NT 10.0; Win64; x64) AppleWebKit/537.36"
172.16.0.20 - - [13/May/2026:20:04:28 +0000] "GET /api/orders HTTP/1.1" 201 26135 "https://example.com/" "Mozilla/5.0 (Macintosh; Intel Mac OS X 10_15_7) AppleWebKit/537.36"
172.16.0.10 - - [13/May/2026:20:13:47 +0000] "GET /images/logo.png HTTP/1.1" 200 8120 "https://example.com/" "Mozilla/5.0 (Windows NT 10.0; Win64; x64) AppleWebKit/537.36"
10.0.0.51 - - [13/May/2026:20:16:39 +0000] "GET /images/logo.png HTTP/1.1" 200 37649 "https://example.com/" "Mozilla/5.0 (Windows NT 10.0; Win64; x64) AppleWebKit/537.36"
172.16.0.20 - - [13/May/2026:20:21:10 +0000] "GET /static/css/style.css HTTP/1.1" 200 27237 "https://example.com/" "Mozilla/5.0 (Windows NT 10.0; Win64; x64) AppleWebKit/537.36"
192.168.1.100 - - [13/May/2026:20:44:05 +0000] "PUT /api/products HTTP/1.1" 200 46513 "https://example.com/" "Mozilla/5.0 (Windows NT 10.0; Win64; x64) AppleWebKit/537.36"
198.51.100.23 - - [13/May/2026:20:36:37 +0000] "GET /static/js/app.js HTTP/1.1" 200 26053 "https://example.com/" "Mozilla/5.0 (Macintosh; Intel Mac OS X 10_15_7) AppleWebKit/537.36"
10.0.1.100 - - [13/May/2026:20:57:20 +0000] "POST /images/logo.png HTTP/1.1" 200 29662 "-" "curl/7.68.0"
192.168.1.100 - - [13/May/2026:21:05:45 +0000] "POST /api/users HTTP/1.1" 200 13014 "https://example.com/" "Mozilla/5.0 (X11; Linux x86_64) AppleWebKit/537.36"
198.51.100.23 - - [13/May/2026:21:09:15 +0000] "POST /api/products HTTP/1.1" 200 40810 "https://example.com/" "Mozilla/5.0 (Macintosh; Intel Mac OS X 10_15_7) AppleWebKit/537.36"
10.0.0.51 - - [13/May/2026:21:23:13 +0000] "GET /api/search HTTP/1.1" 200 45309 "-" "Mozilla/5.0 (Windows NT 10.0; Win64; x64) AppleWebKit/537.36"
192.168.1.102 - - [13/May/2026:21:38:23 +0000] "PUT /api/orders HTTP/1.1" 201 16821 "https://example.com/" "Python-urllib/3.8"
93.184.216.34 - - [13/May/2026:21:43:29 +0000] "GET /index.html HTTP/1.1" 200 34694 "https://example.com/" "Mozilla/5.0 (X11; Linux x86_64) AppleWebKit/537.36"
192.168.1.102 - - [13/May/2026:21:37:41 +0000] "GET /static/css/style.css HTTP/1.1" 200 36928 "-" "Mozilla/5.0 (Macintosh; Intel Mac OS X 10_15_7) AppleWebKit/537.36"
203.0.113.45 - - [13/May/2026:21:56:43 +0000] "GET /index.html HTTP/1.1" 200 28371 "https://example.com/" "curl/7.68.0"
192.168.1.100 - - [13/May/2026:22:13:25 +0000] "GET /images/logo.png HTTP/1.1" 200 17026 "https://example.com/" "Mozilla/5.0 (Windows NT 10.0; Win64; x64) AppleWebKit/537.36"
192.168.1.101 - - [13/May/2026:22:10:28 +0000] "GET /index.html HTTP/1.1" 200 8068 "https://example.com/" "curl/7.68.0"
10.0.0.51 - - [13/May/2026:22:14:21 +0000] "GET /static/css/style.css HTTP/1.1" 200 4465 "https://example.com/" "Mozilla/5.0 (Windows NT 10.0; Win64; x64) AppleWebKit/537.36"
172.16.0.20 - - [13/May/2026:22:33:30 +0000] "GET /static/js/app.js HTTP/1.1" 200 8964 "https://example.com/" "Mozilla/5.0 (Macintosh; Intel Mac OS X 10_15_7) AppleWebKit/537.36"
93.184.216.34 - - [13/May/2026:22:33:43 +0000] "POST /notfound HTTP/1.1" 404 192 "https://example.com/" "curl/7.68.0"
192.168.1.100 - - [13/May/2026:22:55:23 +0000] "GET /api/users HTTP/1.1" 200 33643 "https://example.com/" "Mozilla/5.0 (X11; Linux x86_64) AppleWebKit/537.36"
172.16.0.10 - - [13/May/2026:22:51:23 +0000] "GET /index.html HTTP/1.1" 200 4038 "-" "curl/7.68.0"
172.16.0.20 - - [13/May/2026:23:13:14 +0000] "GET /index.html HTTP/1.1" 200 43807 "https://example.com/" "Mozilla/5.0 (Macintosh; Intel Mac OS X 10_15_7) AppleWebKit/537.36"
172.16.0.20 - - [13/May/2026:23:06:21 +0000] "GET /api/search HTTP/1.1" 200 25230 "https://example.com/" "Mozilla/5.0 (Macintosh; Intel Mac OS X 10_15_7) AppleWebKit/537.36"
192.168.1.102 - - [13/May/2026:23:13:20 +0000] "GET /index.html HTTP/1.1" 200 36596 "https://example.com/" "Mozilla/5.0 (Macintosh; Intel Mac OS X 10_15_7) AppleWebKit/537.36"
192.168.1.101 - - [13/May/2026:23:34:46 +0000] "GET /images/logo.png HTTP/1.1" 200 36498 "https://example.com/" "Python-urllib/3.8"
172.16.0.20 - - [13/May/2026:23:41:40 +0000] "GET /index.html HTTP/1.1" 200 37538 "-" "Mozilla/5.0 (Macintosh; Intel Mac OS X 10_15_7) AppleWebKit/537.36"
10.0.0.50 - - [13/May/2026:23:49:41 +0000] "GET /api/users HTTP/1.1" 200 17052 "https://example.com/" "Mozilla/5.0 (X11; Linux x86_64) AppleWebKit/537.36"
93.184.216.34 - - [13/May/2026:23:54:43 +0000] "POST /api/users HTTP/1.1" 200 45200 "https://example.com/" "Mozilla/5.0 (Macintosh; Intel Mac OS X 10_15_7) AppleWebKit/537.36"
198.51.100.23 - - [14/May/2026:00:01:56 +0000] "GET /admin/login HTTP/1.1" 243 39804 "-" "Python-urllib/3.8"
10.0.1.100 - - [14/May/2026:00:07:23 +0000] "GET /images/logo.png HTTP/1.1" 200 37434 "-" "curl/7.68.0"
93.184.216.34 - - [14/May/2026:00:19:26 +0000] "GET /api/orders HTTP/1.1" 200 15865 "https://example.com/" "Mozilla/5.0 (X11; Linux x86_64) AppleWebKit/537.36"
172.16.0.20 - - [14/May/2026:00:24:34 +0000] "GET /static/js/app.js HTTP/1.1" 200 18936 "https://example.com/" "Mozilla/5.0 (Windows NT 10.0; Win64; x64) AppleWebKit/537.36"
10.0.0.51 - - [14/May/2026:00:43:02 +0000] "GET /admin/login HTTP/1.1" 378 20252 "-" "Mozilla/5.0 (Windows NT 10.0; Win64; x64) AppleWebKit/537.36"
198.51.100.23 - - [14/May/2026:00:56:46 +0000] "GET /api/products HTTP/1.1" 200 23273 "-" "Mozilla/5.0 (X11; Linux x86_64) AppleWebKit/537.36"
192.168.1.100 - - [14/May/2026:00:57:28 +0000] "GET /api/users HTTP/1.1" 200 29194 "https://example.com/" "Mozilla/5.0 (X11; Linux x86_64) AppleWebKit/537.36"
198.51.100.23 - - [14/May/2026:01:11:29 +0000] "POST /images/logo.png HTTP/1.1" 200 15394 "https://example.com/" "curl/7.68.0"
198.51.100.23 - - [14/May/2026:01:09:19 +0000] "GET /static/css/style.css HTTP/1.1" 200 21175 "-" "Python-urllib/3.8"
192.168.1.102 - - [14/May/2026:01:26:05 +0000] "GET /static/js/app.js HTTP/1.1" 200 44234 "https://example.com/" "Mozilla/5.0 (Macintosh; Intel Mac OS X 10_15_7) AppleWebKit/537.36"
10.0.0.51 - - [14/May/2026:01:22:43 +0000] "GET /index.html HTTP/1.1" 200 3447 "https://example.com/" "Mozilla/5.0 (Windows NT 10.0; Win64; x64) AppleWebKit/537.36"
10.0.0.50 - - [14/May/2026:01:31:03 +0000] "GET / HTTP/1.1" 200 42985 "https://example.com/" "curl/7.68.0"
192.168.1.100 - - [14/May/2026:01:47:51 +0000] "GET /static/css/style.css HTTP/1.1" 200 15765 "https://example.com/" "Python-urllib/3.8"
172.16.0.10 - - [14/May/2026:01:52:32 +0000] "POST /api/orders HTTP/1.1" 200 11589 "https://example.com/" "Mozilla/5.0 (X11; Linux x86_64) AppleWebKit/537.36"
198.51.100.23 - - [14/May/2026:01:57:04 +0000] "POST /static/css/style.css HTTP/1.1" 200 9733 "-" "Mozilla/5.0 (X11; Linux x86_64) AppleWebKit/537.36"
192.168.1.102 - - [14/May/2026:02:17:46 +0000] "POST /admin/login HTTP/1.1" 228 21619 "-" "Python-urllib/3.8"
192.168.1.102 - - [14/May/2026:02:22:18 +0000] "POST /index.html HTTP/1.1" 200 23446 "https://example.com/" "Mozilla/5.0 (Windows NT 10.0; Win64; x64) AppleWebKit/537.36"
10.0.0.51 - - [14/May/2026:02:38:11 +0000] "POST /api/orders HTTP/1.1" 201 27112 "https://example.com/" "Mozilla/5.0 (Macintosh; Intel Mac OS X 10_15_7) AppleWebKit/537.36"
10.0.0.51 - - [14/May/2026:02:37:18 +0000] "GET /images/logo.png HTTP/1.1" 200 5929 "-" "Mozilla/5.0 (Windows NT 10.0; Win64; x64) AppleWebKit/537.36"
192.168.1.102 - - [14/May/2026:02:59:01 +0000] "POST /api/search HTTP/1.1" 200 40666 "-" "curl/7.68.0"
203.0.113.45 - - [14/May/2026:02:51:33 +0000] "GET / HTTP/1.1" 200 29366 "https://example.com/" "Python-urllib/3.8"
10.0.0.51 - - [14/May/2026:03:12:47 +0000] "POST / HTTP/1.1" 200 9576 "https://example.com/" "Mozilla/5.0 (X11; Linux x86_64) AppleWebKit/537.36"
10.0.0.50 - - [14/May/2026:03:12:44 +0000] "GET /static/js/app.js HTTP/1.1" 200 26955 "-" "curl/7.68.0"
172.16.0.10 - - [14/May/2026:03:18:47 +0000] "GET /static/js/app.js HTTP/1.1" 200 13885 "https://example.com/" "Mozilla/5.0 (Macintosh; Intel Mac OS X 10_15_7) AppleWebKit/537.36"
192.168.1.101 - - [14/May/2026:03:41:52 +0000] "GET /index.html HTTP/1.1" 200 47023 "-" "Mozilla/5.0 (Macintosh; Intel Mac OS X 10_15_7) AppleWebKit/537.36"
10.0.1.100 - - [14/May/2026:03:47:50 +0000] "GET /api/users HTTP/1.1" 200 18442 "https://example.com/" "Mozilla/5.0 (Windows NT 10.0; Win64; x64) AppleWebKit/537.36"
10.0.0.51 - - [14/May/2026:03:43:36 +0000] "GET / HTTP/1.1" 200 33706 "https://example.com/" "curl/7.68.0"
172.16.0.10 - - [14/May/2026:03:49:37 +0000] "POST /admin/login HTTP/1.1" 215 36373 "-" "Python-urllib/3.8"
192.168.1.102 - - [14/May/2026:04:02:59 +0000] "GET /static/js/app.js HTTP/1.1" 200 21414 "https://example.com/" "Python-urllib/3.8"
198.51.100.23 - - [14/May/2026:04:16:05 +0000] "DELETE /static/css/style.css HTTP/1.1" 200 50006 "-" "curl/7.68.0"
192.168.1.101 - - [14/May/2026:04:14:40 +0000] "GET /images/logo.png HTTP/1.1" 200 19824 "-" "Mozilla/5.0 (X11; Linux x86_64) AppleWebKit/537.36"
192.168.1.100 - - [14/May/2026:04:40:12 +0000] "GET /static/js/app.js HTTP/1.1" 200 49456 "https://example.com/" "Mozilla/5.0 (Windows NT 10.0; Win64; x64) AppleWebKit/537.36"
10.0.0.51 - - [14/May/2026:04:32:17 +0000] "GET / HTTP/1.1" 200 17237 "https://example.com/" "Mozilla/5.0 (Macintosh; Intel Mac OS X 10_15_7) AppleWebKit/537.36"
93.184.216.34 - - [14/May/2026:04:53:50 +0000] "GET /images/logo.png HTTP/1.1" 200 48000 "-" "Python-urllib/3.8"
192.168.1.102 - - [14/May/2026:05:05:51 +0000] "GET /api/users HTTP/1.1" 200 25664 "https://example.com/" "Mozilla/5.0 (Windows NT 10.0; Win64; x64) AppleWebKit/537.36"
198.51.100.23 - - [14/May/2026:04:58:25 +0000] "GET /static/js/app.js HTTP/1.1" 200 35330 "-" "Mozilla/5.0 (X11; Linux x86_64) AppleWebKit/537.36"
203.0.113.45 - - [14/May/2026:05:16:08 +0000] "POST /api/users HTTP/1.1" 200 32799 "https://example.com/" "Python-urllib/3.8"
