192.168.1.102 - - [30/Apr/2026:22:17:13 +0000] "GET /images/logo.png HTTP/1.1" 200 16332 "https://example.com/" "Mozilla/5.0 (Windows NT 10.0; Win64; x64) AppleWebKit/537.36"
10.0.0.50 - - [30/Apr/2026:22:33:07 +0000] "GET /images/logo.png HTTP/1.1" 200 23605 "-" "Mozilla/5.0 (Windows NT 10.0; Win64; x64) AppleWebKit/537.36"
172.16.0.20 - - [30/Apr/2026:22:31:32 +0000] "POST /static/js/app.js HTTP/1.1" 200 6081 "-" "curl/7.68.0"
93.184.216.34 - - [30/Apr/2026:22:55:10 +0000] "GET / HTTP/1.1" 200 2094 "https://example.com/" "Mozilla/5.0 (Macintosh; Intel Mac OS X 10_15_7) AppleWebKit/537.36"
192.168.1.102 - - [30/Apr/2026:23:00:28 +0000] "GET /static/css/style.css HTTP/1.1" 200 29976 "-" "curl/7.68.0"
198.51.100.23 - - [30/Apr/2026:22:59:15 +0000] "GET /index.html HTTP/1.1" 200 36985 "-" "Python-urllib/3.8"
192.168.1.100 - - [30/Apr/2026:23:18:26 +0000] "GET /static/css/style.css HTTP/1.1" 200 20384 "-" "curl/7.68.0"
172.16.0.20 - - [30/Apr/2026:23:31:40 +0000] "POST /static/js/app.js HTTP/1.1" 200 4967 "https://example.com/" "Mozilla/5.0 (Windows NT 10.0; Win64; x64) AppleWebKit/537.36"
172.16.0.10 - - [30/Apr/2026:23:31:02 +0000] "POST /static/js/app.js HTTP/1.1" 200 21340 "-" "Mozilla/5.0 (Macintosh; Intel Mac OS X 10_15_7) AppleWebKit/537.36"
198.51.100.23 - - [30/Apr/2026:23:36:27 +0000] "POST /static/js/app.js HTTP/1.1" 200 40774 "https://example.com/" "Mozilla/5.0 (X11; Linux x86_64) AppleWebKit/537.36"
172.16.0.10 - - [30/Apr/2026:23:59:57 +0000] "POST / HTTP/1.1" 200 45272 "https://example.com/" "Mozilla/5.0 (Macintosh; Intel Mac OS X 10_15_7) AppleWebKit/537.36"
192.168.1.102 - - [30/Apr/2026:23:52:44 +0000] "GET /static/css/style.css HTTP/1.1" 200 31149 "https://example.com/" "Mozilla/5.0 (Windows NT 10.0; Win64; x64) AppleWebKit/537.36"
192.168.1.101 - - [01/May/2026:00:09:51 +0000] "GET /index.html HTTP/1.1" 200 46059 "-" "Mozilla/5.0 (X11; Linux x86_64) AppleWebKit/537.36"
10.0.1.100 - - [01/May/2026:00:19:04 +0000] "GET /api/users HTTP/1.1" 200 36668 "https://example.com/" "Mozilla/5.0 (X11; Linux x86_64) AppleWebKit/537.36"
172.16.0.10 - - [01/May/2026:00:15:53 +0000] "GET /static/css/style.css HTTP/1.1" 200 44217 "https://example.com/" "curl/7.68.0"
192.168.1.100 - - [01/May/2026:00:25:19 +0000] "GET /api/products HTTP/1.1" 200 41982 "https://example.com/" "curl/7.68.0"
192.168.1.100 - - [01/May/2026:00:34:39 +0000] "GET /index.html HTTP/1.1" 200 41453 "https://example.com/" "Mozilla/5.0 (X11; Linux x86_64) AppleWebKit/537.36"
93.184.216.34 - - [01/May/2026:00:49:39 +0000] "POST / HTTP/1.1" 200 30540 "https://example.com/" "Mozilla/5.0 (Macintosh; Intel Mac OS X 10_15_7) AppleWebKit/537.36"
172.16.0.10 - - [01/May/2026:00:53:13 +0000] "GET /index.html HTTP/1.1" 200 30601 "https://example.com/" "Mozilla/5.0 (Windows NT 10.0; Win64; x64) AppleWebKit/537.36"
10.0.1.100 - - [01/May/2026:01:02:01 +0000] "GET /index.html HTTP/1.1" 200 30971 "https://example.com/" "Mozilla/5.0 (X11; Linux x86_64) AppleWebKit/537.36"
192.168.1.102 - - [01/May/2026:01:26:15 +0000] "GET /api/users HTTP/1.1" 200 5006 "https://example.com/" "Python-urllib/3.8"
10.0.0.50 - - [01/May/2026:01:33:19 +0000] "GET / HTTP/1.1" 200 24582 "https://example.com/" "Mozilla/5.0 (Windows NT 10.0; Win64; x64) AppleWebKit/537.36"
10.0.0.51 - - [01/May/2026:01:38:54 +0000] "POST /api/users HTTP/1.1" 200 20078 "https://example.com/" "curl/7.68.0"
192.168.1.101 - - [01/May/2026:01:40:56 +0000] "GET /api/search HTTP/1.1" 200 49931 "https://example.com/" "Python-urllib/3.8"
10.0.0.51 - - [01/May/2026:01:52:29 +0000] "GET /api/products HTTP/1.1" 200 15024 "https://example.com/" "Mozilla/5.0 (Macintosh; Intel Mac OS X 10_15_7) AppleWebKit/537.36"
192.168.1.101 - - [01/May/2026:01:54:04 +0000] "GET / HTTP/1.1" 200 24818 "https://example.com/" "Mozilla/5.0 (Windows NT 10.0; Win64; x64) AppleWebKit/537.36"
192.168.1.102 - - [01/May/2026:02:11:25 +0000] "GET /api/internal HTTP/1.1" 500 274 "https://example.com/" "Mozilla/5.0 (Windows NT 10.0; Win64; x64) AppleWebKit/537.36"
192.168.1.102 - - [01/May/2026:02:16:25 +0000] "GET /images/logo.png HTTP/1.1" 200 40453 "https://example.com/" "Mozilla/5.0 (Macintosh; Intel Mac OS X 10_15_7) AppleWebKit/537.36"
10.0.0.50 - - [01/May/2026:02:35:39 +0000] "GET / HTTP/1.1" 200 42876 "-" "Mozilla/5.0 (X11; Linux x86_64) AppleWebKit/537.36"
192.168.1.102 - - [01/May/2026:02:27:42 +0000] "GET /static/js/app.js HTTP/1.1" 200 6811 "https://example.com/" "Mozilla/5.0 (Windows NT 10.0; Win64; x64) AppleWebKit/537.36"
172.16.0.10 - - [01/May/2026:02:33:37 +0000] "GET /api/users HTTP/1.1" 200 22126 "-" "curl/7.68.0"
93.184.216.34 - - [01/May/2026:02:49:37 +0000] "GET /static/css/style.css HTTP/1.1" 200 50449 "-" "Mozilla/5.0 (X11; Linux x86_64) AppleWebKit/537.36"
192.168.1.102 - - [01/May/2026:03:01:38 +0000] "DELETE /index.html HTTP/1.1" 200 24387 "https://example.com/" "Python-urllib/3.8"
198.51.100.23 - - [01/May/2026:03:16:17 +0000] "GET /api/products HTTP/1.1" 200 10580 "https://example.com/" "curl/7.68.0"
172.16.0.10 - - [01/May/2026:03:27:50 +0000] "GET /api/products HTTP/1.1" 200 33440 "https://example.com/" "Mozilla/5.0 (Macintosh; Intel Mac OS X 10_15_7) AppleWebKit/537.36"
172.16.0.10 - - [01/May/2026:03:25:17 +0000] "GET /static/css/style.css HTTP/1.1" 200 23030 "https://example.com/" "Python-urllib/3.8"
10.0.0.50 - - [01/May/2026:03:25:47 +0000] "PUT /static/css/style.css HTTP/1.1" 200 42067 "https://example.com/" "curl/7.68.0"
10.0.0.50 - - [01/May/2026:03:44:01 +0000] "GET /images/logo.png HTTP/1.1" 200 44561 "https://example.com/" "Mozilla/5.0 (Windows NT 10.0; Win64; x64) AppleWebKit/537.36"
203.0.113.45 - - [01/May/2026:03:44:06 +0000] "POST /api/orders HTTP/1.1" 201 15139 "https://example.com/" "Python-urllib/3.8"
10.0.0.50 - - [01/May/2026:03:56:09 +0000] "POST /images/logo.png HTTP/1.1" 200 38647 "https://example.com/" "Python-urllib/3.8"
192.168.1.100 - - [01/May/2026:04:02:36 +0000] "GET /static/js/app.js HTTP/1.1" 200 41056 "https://example.com/" "Python-urllib/3.8"
10.0.0.50 - - [01/May/2026:04:10:05 +0000] "GET /images/logo.png HTTP/1.1" 200 16406 "https://example.com/" "curl/7.68.0"
198.51.100.23 - - [01/May/2026:04:17:55 +0000] "GET /static/js/app.js HTTP/1.1" 200 15404 "https://example.com/" "Mozilla/5.0 (X11; Linux x86_64) AppleWebKit/537.36"
198.51.100.23 - - [01/May/2026:04:44:01 +0000] "GET / HTTP/1.1" 200 42089 "https://example.com/" "Mozilla/5.0 (Windows NT 10.0; Win64; x64) AppleWebKit/537.36"
93.184.216.34 - - [01/May/2026:04:36:39 +0000] "DELETE /static/js/app.js HTTP/1.1" 200 25643 "https://example.com/" "curl/7.68.0"
172.16.0.20 - - [01/May/2026:04:43:54 +0000] "GET /static/css/style.css HTTP/1.1" 200 31079 "https://example.com/" "Mozilla/5.0 (Macintosh; Intel Mac OS X 10_15_7) AppleWebKit/537.36"
192.168.1.100 - - [01/May/2026:05:05:37 +0000] "GET /api/users HTTP/1.1" 200 5666 "https://example.com/" "Mozilla/5.0 (Macintosh; Intel Mac OS X 10_15_7) AppleWebKit/537.36"
10.0.0.51 - - [01/May/2026:05:01:30 +0000] "GET / HTTP/1.1" 200 7189 "https://example.com/" "Mozilla/5.0 (X11; Linux x86_64) AppleWebKit/537.36"
10.0.0.50 - - [01/May/2026:05:20:15 +0000] "DELETE /api/search HTTP/1.1" 200 2448 "https://example.com/" "Python-urllib/3.8"
93.184.216.34 - - [01/May/2026:05:21:38 +0000] "GET / HTTP/1.1" 200 29619 "https://example.com/" "Mozilla/5.0 (Windows NT 10.0; Win64; x64) AppleWebKit/537.36"
172.16.0.10 - - [01/May/2026:05:34:32 +0000] "GET /notfound HTTP/1.1" 404 209 "https://example.com/" "Python-urllib/3.8"
93.184.216.34 - - [01/May/2026:05:36:57 +0000] "GET /static/js/app.js HTTP/1.1" 200 7133 "https://example.com/" "Mozilla/5.0 (Windows NT 10.0; Win64; x64) AppleWebKit/537.36"
10.0.1.100 - - [01/May/2026:05:44:45 +0000] "POST /api/users HTTP/1.1" 200 18286 "-" "Mozilla/5.0 (Windows NT 10.0; Win64; x64) AppleWebKit/537.36"
192.168.1.100 - - [01/May/2026:06:06:55 +0000] "GET /index.html HTTP/1.1" 200 35964 "https://example.com/" "Python-urllib/3.8"
172.16.0.20 - - [01/May/2026:06:09:42 +0000] "GET /index.html HTTP/1.1" 200 29637 "https://example.com/" "Python-urllib/3.8"
93.184.216.34 - - [01/May/2026:06:16:54 +0000] "GET /api/search HTTP/1.1" 200 3860 "-" "curl/7.68.0"
10.0.0.51 - - [01/May/2026:06:30:29 +0000] "GET / HTTP/1.1" 200 40147 "-" "Mozilla/5.0 (Macintosh; Intel Mac OS X 10_15_7) AppleWebKit/537.36"
192.168.1.102 - - [01/May/2026:06:30:37 +0000] "GET / HTTP/1.1" 200 22434 "https://example.com/" "Python-urllib/3.8"
172.16.0.10 - - [01/May/2026:06:37:51 +0000] "POST /api/users HTTP/1.1" 200 10299 "-" "Mozilla/5.0 (Macintosh; Intel Mac OS X 10_15_7) AppleWebKit/537.36"
192.168.1.100 - - [01/May/2026:06:45:27 +0000] "PUT /static/css/style.css HTTP/1.1" 200 44815 "https://example.com/" "Mozilla/5.0 (X11; Linux x86_64) AppleWebKit/537.36"
192.168.1.100 - - [01/May/2026:06:53:53 +0000] "GET /images/logo.png HTTP/1.1" 200 47609 "-" "Python-urllib/3.8"
10.0.1.100 - - [01/May/2026:07:20:32 +0000] "GET / HTTP/1.1" 200 7817 "https://example.com/" "Mozilla/5.0 (Windows NT 10.0; Win64; x64) AppleWebKit/537.36"
93.184.216.34 - - [01/May/2026:07:09:59 +0000] "GET /api/products HTTP/1.1" 200 36547 "-" "Python-urllib/3.8"
10.0.0.50 - - [01/May/2026:07:22:39 +0000] "GET / HTTP/1.1" 200 34297 "https://example.com/" "Mozilla/5.0 (X11; Linux x86_64) AppleWebKit/537.36"
10.0.1.100 - - [01/May/2026:07:28:15 +0000] "GET / HTTP/1.1" 200 42330 "https://example.com/" "curl/7.68.0"
93.184.216.34 - - [01/May/2026:07:37:21 +0000] "GET /api/search HTTP/1.1" 200 27262 "https://example.com/" "Mozilla/5.0 (X11; Linux x86_64) AppleWebKit/537.36"
192.168.1.100 - - [01/May/2026:07:51:40 +0000] "GET /admin/login HTTP/1.1" 231 48730 "https://example.com/" "Mozilla/5.0 (X11; Linux x86_64) AppleWebKit/537.36"
172.16.0.10 - - [01/May/2026:08:12:47 +0000] "GET /static/css/style.css HTTP/1.1" 200 7401 "-" "curl/7.68.0"
192.168.1.101 - - [01/May/2026:08:09:26 +0000] "GET / HTTP/1.1" 200 49761 "https://example.com/" "curl/7.68.0"
93.184.216.34 - - [01/May/2026:08:16:49 +0000] "POST /notfound HTTP/1.1" 404 213 "https://example.com/" "Mozilla/5.0 (Windows NT 10.0; Win64; x64) AppleWebKit/537.36"
10.0.1.100 - - [01/May/2026:08:31:24 +0000] "POST /static/css/style.css HTTP/1.1" 200 5883 "https://example.com/" "Mozilla/5.0 (Macintosh; Intel Mac OS X 10_15_7) AppleWebKit/537.36"
192.168.1.100 - - [01/May/2026:08:27:54 +0000] "GET /images/logo.png HTTP/1.1" 200 18205 "https://example.com/" "curl/7.68.0"
172.16.0.10 - - [01/May/2026:08:39:45 +0000] "POST /static/js/app.js HTTP/1.1" 200 13652 "https://example.com/" "Mozilla/5.0 (X11; Linux x86_64) AppleWebKit/537.36"
192.168.1.100 - - [01/May/2026:08:45:10 +0000] "GET / HTTP/1.1" 200 32773 "https://example.com/" "curl/7.68.0"
203.0.113.45 - - [01/May/2026:09:00:04 +0000] "GET /images/logo.png HTTP/1.1" 200 37553 "-" "Mozilla/5.0 (Macintosh; Intel Mac OS X 10_15_7) AppleWebKit/537.36"
192.168.1.100 - - [01/May/2026:09:08:43 +0000] "GET /admin/login HTTP/1.1" 383 20149 "-" "Mozilla/5.0 (Macintosh; Intel Mac OS X 10_15_7) AppleWebKit/537.36"
192.168.1.100 - - [01/May/2026:09:16:22 +0000] "PATCH /index.html HTTP/1.1" 200 47757 "https://example.com/" "curl/7.68.0"
192.168.1.101 - - [01/May/2026:09:34:12 +0000] "GET /api/products HTTP/1.1" 200 2115 "https://example.com/" "Mozilla/5.0 (X11; Linux x86_64) AppleWebKit/537.36"
192.168.1.102 - - [01/May/2026:09:45:03 +0000] "GET /index.html HTTP/1.1" 200 28725 "-" "Mozilla/5.0 (Macintosh; Intel Mac OS X 10_15_7) AppleWebKit/537.36"
192.168.1.102 - - [01/May/2026:09:38:45 +0000] "POST /static/css/style.css HTTP/1.1" 200 5651 "-" "Mozilla/5.0 (X11; Linux x86_64) AppleWebKit/537.36"
10.0.0.51 - - [01/May/2026:09:52:06 +0000] "GET /api/orders HTTP/1.1" 200 44470 "-" "Mozilla/5.0 (Macintosh; Intel Mac OS X 10_15_7) AppleWebKit/537.36"
198.51.100.23 - - [01/May/2026:09:58:52 +0000] "POST / HTTP/1.1" 200 13227 "https://example.com/" "Mozilla/5.0 (X11; Linux x86_64) AppleWebKit/537.36"
192.168.1.102 - - [01/May/2026:10:20:17 +0000] "GET /images/logo.png HTTP/1.1" 200 43910 "https://example.com/" "Mozilla/5.0 (Windows NT 10.0; Win64; x64) AppleWebKit/537.36"
172.16.0.20 - - [01/May/2026:10:26:27 +0000] "GET / HTTP/1.1" 200 40555 "https://example.com/" "Mozilla/5.0 (Windows NT 10.0; Win64; x64) AppleWebKit/537.36"
10.0.0.50 - - [01/May/2026:10:29:08 +0000] "POST /images/logo.png HTTP/1.1" 200 19053 "https://example.com/" "Mozilla/5.0 (Windows NT 10.0; Win64; x64) AppleWebKit/537.36"
192.168.1.102 - - [01/May/2026:10:44:01 +0000] "GET /static/css/style.css HTTP/1.1" 200 48857 "https://example.com/" "Mozilla/5.0 (X11; Linux x86_64) AppleWebKit/537.36"
10.0.0.50 - - [01/May/2026:10:55:20 +0000] "GET /api/products HTTP/1.1" 200 40261 "https://example.com/" "curl/7.68.0"
192.168.1.101 - - [01/May/2026:10:57:58 +0000] "GET / HTTP/1.1" 200 9961 "https://example.com/" "Mozilla/5.0 (X11; Linux x86_64) AppleWebKit/537.36"
172.16.0.10 - - [01/May/2026:11:06:29 +0000] "PUT /index.html HTTP/1.1" 200 13839 "https://example.com/" "curl/7.68.0"
172.16.0.10 - - [01/May/2026:11:13:55 +0000] "POST /images/logo.png HTTP/1.1" 200 49596 "-" "Python-urllib/3.8"
10.0.0.50 - - [01/May/2026:11:28:35 +0000] "GET /api/products HTTP/1.1" 200 44469 "https://example.com/" "Mozilla/5.0 (X11; Linux x86_64) AppleWebKit/537.36"
192.168.1.100 - - [01/May/2026:11:22:39 +0000] "GET /static/js/app.js HTTP/1.1" 200 28873 "-" "Mozilla/5.0 (Windows NT 10.0; Win64; x64) AppleWebKit/537.36"
192.168.1.101 - - [01/May/2026:11:39:41 +0000] "GET /index.html HTTP/1.1" 200 39517 "https://example.com/" "Python-urllib/3.8"
10.0.0.50 - - [01/May/2026:11:50:21 +0000] "POST /index.html HTTP/1.1" 200 1754 "https://example.com/" "curl/7.68.0"
10.0.0.50 - - [01/May/2026:11:58:05 +0000] "GET /admin/login HTTP/1.1" 252 36295 "https://example.com/" "Mozilla/5.0 (Macintosh; Intel Mac OS X 10_15_7) AppleWebKit/537.36"
10.0.0.51 - - [01/May/2026:12:01:36 +0000] "GET /index.html HTTP/1.1" 200 46935 "https://example.com/" "Mozilla/5.0 (X11; Linux x86_64) AppleWebKit/537.36"
172.16.0.10 - - [01/May/2026:12:18:47 +0000] "GET /api/orders HTTP/1.1" 200 49935 "-" "Mozilla/5.0 (Windows NT 10.0; Win64; x64) AppleWebKit/537.36"
10.0.0.50 - - [01/May/2026:12:30:45 +0000] "GET /index.html HTTP/1.1" 200 38799 "https://example.com/" "Mozilla/5.0 (Windows NT 10.0; Win64; x64) AppleWebKit/537.36"
192.168.1.102 - - [01/May/2026:12:27:57 +0000] "GET /api/users HTTP/1.1" 200 48858 "https://example.com/" "curl/7.68.0"
192.168.1.101 - - [01/May/2026:12:29:47 +0000] "POST /index.html HTTP/1.1" 200 10382 "https://example.com/" "curl/7.68.0"
172.16.0.10 - - [01/May/2026:12:57:56 +0000] "GET /api/orders HTTP/1.1" 201 48413 "https://example.com/" "curl/7.68.0"
172.16.0.20 - - [01/May/2026:12:54:27 +0000] "GET /images/logo.png HTTP/1.1" 200 21667 "https://example.com/" "Python-urllib/3.8"
172.16.0.20 - - [01/May/2026:13:08:15 +0000] "POST / HTTP/1.1" 200 4718 "-" "curl/7.68.0"
203.0.113.45 - - [01/May/2026:13:08:23 +0000] "POST /index.html HTTP/1.1" 200 27099 "-" "Python-urllib/3.8"
203.0.113.45 - - [01/May/2026:13:30:12 +0000] "GET /api/search HTTP/1.1" 200 11409 "https://example.com/" "curl/7.68.0"
10.0.0.50 - - [01/May/2026:13:34:20 +0000] "POST /static/css/style.css HTTP/1.1" 200 17915 "-" "curl/7.68.0"
192.168.1.100 - - [01/May/2026:13:33:07 +0000] "GET /static/js/app.js HTTP/1.1" 200 26681 "https://example.com/" "Mozilla/5.0 (Macintosh; Intel Mac OS X 10_15_7) AppleWebKit/537.36"
93.184.216.34 - - [01/May/2026:13:44:35 +0000] "POST /images/logo.png HTTP/1.1" 200 18444 "https://example.com/" "Mozilla/5.0 (Windows NT 10.0; Win64; x64) AppleWebKit/537.36"
172.16.0.20 - - [01/May/2026:14:02:17 +0000] "POST /api/search HTTP/1.1" 200 2928 "-" "curl/7.68.0"
198.51.100.23 - - [01/May/2026:14:04:56 +0000] "GET /api/orders HTTP/1.1" 200 38629 "https://example.com/" "Mozilla/5.0 (Windows NT 10.0; Win64; x64) AppleWebKit/537.36"
10.0.0.51 - - [01/May/2026:14:19:17 +0000] "POST / HTTP/1.1" 200 30868 "-" "Python-urllib/3.8"
192.168.1.101 - - [01/May/2026:14:23:46 +0000] "GET / HTTP/1.1" 200 8278 "-" "Mozilla/5.0 (Macintosh; Intel Mac OS X 10_15_7) AppleWebKit/537.36"
172.16.0.10 - - [01/May/2026:14:36:08 +0000] "POST / HTTP/1.1" 200 37926 "-" "Mozilla/5.0 (X11; Linux x86_64) AppleWebKit/537.36"
10.0.0.50 - - [01/May/2026:14:34:22 +0000] "POST /static/css/style.css HTTP/1.1" 200 45664 "-" "Mozilla/5.0 (Windows NT 10.0; Win64; x64) AppleWebKit/537.36"
10.0.1.100 - - [01/May/2026:14:54:04 +0000] "POST /api/products HTTP/1.1" 200 24323 "https://example.com/" "Mozilla/5.0 (Macintosh; Intel Mac OS X 10_15_7) AppleWebKit/537.36"
10.0.0.51 - - [01/May/2026:15:04:22 +0000] "POST /api/products HTTP/1.1" 200 23271 "https://example.com/" "Mozilla/5.0 (Windows NT 10.0; Win64; x64) AppleWebKit/537.36"
192.168.1.102 - - [01/May/2026:14:58:57 +0000] "GET /api/internal HTTP/1.1" 503 300 "https://example.com/" "curl/7.68.0"
192.168.1.100 - - [01/May/2026:15:24:49 +0000] "POST /static/css/style.css HTTP/1.1" 200 34344 "https://example.com/" "Mozilla/5.0 (Windows NT 10.0; Win64; x64) AppleWebKit/537.36"
172.16.0.10 - - [01/May/2026:15:31:54 +0000] "GET /index.html HTTP/1.1" 200 36530 "https://example.com/" "Mozilla/5.0 (X11; Linux x86_64) AppleWebKit/537.36"
10.0.1.100 - - [01/May/2026:15:24:41 +0000] "GET /static/css/style.css HTTP/1.1" 200 43381 "-" "Python-urllib/3.8"
172.16.0.20 - - [01/May/2026:15:31:43 +0000] "GET / HTTP/1.1" 200 23606 "https://example.com/" "Mozilla/5.0 (Macintosh; Intel Mac OS X 10_15_7) AppleWebKit/537.36"
10.0.0.51 - - [01/May/2026:15:58:56 +0000] "POST /api/search HTTP/1.1" 200 42277 "https://example.com/" "Mozilla/5.0 (Windows NT 10.0; Win64; x64) AppleWebKit/537.36"
192.168.1.101 - - [01/May/2026:16:02:00 +0000] "GET /admin/login HTTP/1.1" 296 16563 "https://example.com/" "Mozilla/5.0 (X11; Linux x86_64) AppleWebKit/537.36"
192.168.1.102 - - [01/May/2026:16:12:42 +0000] "POST /index.html HTTP/1.1" 200 50207 "-" "Mozilla/5.0 (X11; Linux x86_64) AppleWebKit/537.36"
10.0.0.50 - - [01/May/2026:16:24:28 +0000] "GET /index.html HTTP/1.1" 200 43344 "-" "Mozilla/5.0 (Windows NT 10.0; Win64; x64) AppleWebKit/537.36"
10.0.0.51 - - [01/May/2026:16:19:06 +0000] "PUT /admin/login HTTP/1.1" 353 9985 "https://example.com/" "Python-urllib/3.8"
192.168.1.101 - - [01/May/2026:16:38:17 +0000] "GET /images/logo.png HTTP/1.1" 200 13425 "https://example.com/" "Python-urllib/3.8"
198.51.100.23 - - [01/May/2026:16:48:36 +0000] "GET /api/users HTTP/1.1" 200 10874 "-" "Mozilla/5.0 (X11; Linux x86_64) AppleWebKit/537.36"
172.16.0.20 - - [01/May/2026:16:52:20 +0000] "GET /static/css/style.css HTTP/1.1" 200 43385 "-" "Mozilla/5.0 (Windows NT 10.0; Win64; x64) AppleWebKit/537.36"
192.168.1.102 - - [01/May/2026:16:59:28 +0000] "POST /static/js/app.js HTTP/1.1" 200 19586 "https://example.com/" "Python-urllib/3.8"
192.168.1.100 - - [01/May/2026:17:12:49 +0000] "GET / HTTP/1.1" 200 43733 "-" "curl/7.68.0"
198.51.100.23 - - [01/May/2026:17:14:34 +0000] "GET / HTTP/1.1" 200 25315 "https://example.com/" "Python-urllib/3.8"
172.16.0.20 - - [01/May/2026:17:21:12 +0000] "GET /static/css/style.css HTTP/1.1" 200 16977 "https://example.com/" "Python-urllib/3.8"
192.168.1.102 - - [01/May/2026:17:39:24 +0000] "GET / HTTP/1.1" 200 44490 "https://example.com/" "Python-urllib/3.8"
192.168.1.102 - - [01/May/2026:17:49:07 +0000] "POST /images/logo.png HTTP/1.1" 200 20354 "https://example.com/" "curl/7.68.0"
203.0.113.45 - - [01/May/2026:17:44:37 +0000] "POST /index.html HTTP/1.1" 200 41361 "-" "Python-urllib/3.8"
172.16.0.20 - - [01/May/2026:17:49:45 +0000] "GET /images/logo.png HTTP/1.1" 200 10006 "https://example.com/" "Python-urllib/3.8"
172.16.0.10 - - [01/May/2026:18:16:51 +0000] "GET / HTTP/1.1" 200 17957 "https://example.com/" "Mozilla/5.0 (X11; Linux x86_64) AppleWebKit/537.36"
93.184.216.34 - - [01/May/2026:18:17:21 +0000] "POST /images/logo.png HTTP/1.1" 200 33471 "-" "Mozilla/5.0 (Windows NT 10.0; Win64; x64) AppleWebKit/537.36"
10.0.0.50 - - [01/May/2026:18:34:48 +0000] "POST /static/js/app.js HTTP/1.1" 200 37036 "https://example.com/" "Mozilla/5.0 (Macintosh; Intel Mac OS X 10_15_7) AppleWebKit/537.36"
172.16.0.10 - - [01/May/2026:18:33:47 +0000] "GET / HTTP/1.1" 200 28841 "https://example.com/" "Mozilla/5.0 (Windows NT 10.0; Win64; x64) AppleWebKit/537.36"
172.16.0.20 - - [01/May/2026:18:49:07 +0000] "GET /index.html HTTP/1.1" 200 32043 "-" "Python-urllib/3.8"
203.0.113.45 - - [01/May/2026:18:57:00 +0000] "GET /static/js/app.js HTTP/1.1" 200 39616 "-" "curl/7.68.0"
10.0.0.51 - - [01/May/2026:18:50:25 +0000] "GET /api/search HTTP/1.1" 200 43483 "-" "Python-urllib/3.8"
192.168.1.102 - - [01/May/2026:19:10:22 +0000] "GET /images/logo.png HTTP/1.1" 200 4173 "https://example.com/" "Mozilla/5.0 (X11; Linux x86_64) AppleWebKit/537.36"
192.168.1.102 - - [01/May/2026:19:19:48 +0000] "GET /index.html HTTP/1.1" 200 23200 "https://example.com/" "Python-urllib/3.8"
10.0.0.50 - - [01/May/2026:19:33:03 +0000] "PUT /images/logo.png HTTP/1.1" 200 27219 "https://example.com/" "Mozilla/5.0 (X11; Linux x86_64) AppleWebKit/537.36"
172.16.0.10 - - [01/May/2026:19:40:47 +0000] "POST / HTTP/1.1" 200 4742 "https://example.com/" "Mozilla/5.0 (Windows NT 10.0; Win64; x64) AppleWebKit/537.36"
203.0.113.45 - - [01/May/2026:19:33:22 +0000] "POST /static/css/style.css HTTP/1.1" 200 8022 "https://example.com/" "Mozilla/5.0 (X11; Linux x86_64) AppleWebKit/537.36"
198.51.100.23 - - [01/May/2026:20:00:42 +0000] "GET /api/products HTTP/1.1" 200 45065 "https://example.com/" "Mozilla/5.0 (X11; Linux x86_64) AppleWebKit/537.36"
192.168.1.100 - - [01/May/2026:19:57:11 +0000] "POST / HTTP/1.1" 200 18099 "https://example.com/" "Mozilla/5.0 (X11; Linux x86_64) AppleWebKit/537.36"
172.16.0.10 - - [01/May/2026:20:10:03 +0000] "GET /static/css/style.css HTTP/1.1" 200 22080 "-" "Mozilla/5.0 (Macintosh; Intel Mac OS X 10_15_7) AppleWebKit/537.36"
198.51.100.23 - - [01/May/2026:20:11:13 +0000] "POST /index.html HTTP/1.1" 200 32839 "-" "curl/7.68.0"
10.0.0.51 - - [01/May/2026:20:33:02 +0000] "GET /api/users HTTP/1.1" 200 11354 "-" "Mozilla/5.0 (X11; Linux x86_64) AppleWebKit/537.36"
10.0.0.50 - - [01/May/2026:20:41:46 +0000] "GET /api/orders HTTP/1.1" 200 31639 "https://example.com/" "Mozilla/5.0 (X11; Linux x86_64) AppleWebKit/537.36"
172.16.0.20 - - [01/May/2026:20:35:24 +0000] "POST /images/logo.png HTTP/1.1" 200 35878 "https://example.com/" "Mozilla/5.0 (Macintosh; Intel Mac OS X 10_15_7) AppleWebKit/537.36"
192.168.1.100 - - [01/May/2026:20:43:20 +0000] "POST / HTTP/1.1" 200 4055 "https://example.com/" "Mozilla/5.0 (Macintosh; Intel Mac OS X 10_15_7) AppleWebKit/537.36"
192.168.1.100 - - [01/May/2026:20:57:46 +0000] "GET /api/orders HTTP/1.1" 201 32537 "-" "Python-urllib/3.8"
10.0.1.100 - - [01/May/2026:21:01:11 +0000] "GET /images/logo.png HTTP/1.1" 200 15645 "https://example.com/" "Mozilla/5.0 (X11; Linux x86_64) AppleWebKit/537.36"
198.51.100.23 - - [01/May/2026:21:13:46 +0000] "POST /images/logo.png HTTP/1.1" 200 25098 "https://example.com/" "Mozilla/5.0 (Macintosh; Intel Mac OS X 10_15_7) AppleWebKit/537.36"
93.184.216.34 - - [01/May/2026:21:20:27 +0000] "GET /static/js/app.js HTTP/1.1" 200 33618 "https://example.com/" "Python-urllib/3.8"
192.168.1.100 - - [01/May/2026:21:42:07 +0000] "GET /index.html HTTP/1.1" 200 10928 "https://example.com/" "Mozilla/5.0 (X11; Linux x86_64) AppleWebKit/537.36"
198.51.100.23 - - [01/May/2026:21:48:20 +0000] "GET /api/orders HTTP/1.1" 201 9210 "https://example.com/" "Python-urllib/3.8"
192.168.1.101 - - [01/May/2026:21:43:07 +0000] "DELETE /admin/login HTTP/1.1" 305 39611 "-" "curl/7.68.0"
192.168.1.100 - - [01/May/2026:21:52:55 +0000] "GET /index.html HTTP/1.1" 200 17639 "https://example.com/" "Mozilla/5.0 (Windows NT 10.0; Win64; x64) AppleWebKit/537.36"
10.0.0.50 - - [01/May/2026:22:18:56 +0000] "GET / HTTP/1.1" 200 10804 "-" "Mozilla/5.0 (Windows NT 10.0; Win64; x64) AppleWebKit/537.36"
10.0.0.51 - - [01/May/2026:22:22:48 +0000] "GET /index.html HTTP/1.1" 200 27289 "https://example.com/" "Mozilla/5.0 (X11; Linux x86_64) AppleWebKit/537.36"
10.0.0.50 - - [01/May/2026:22:35:10 +0000] "PUT / HTTP/1.1" 200 47946 "https://example.com/" "Python-urllib/3.8"
172.16.0.20 - - [01/May/2026:22:34:14 +0000] "GET /static/js/app.js HTTP/1.1" 200 26103 "-" "curl/7.68.0"
93.184.216.34 - - [01/May/2026:22:39:18 +0000] "GET / HTTP/1.1" 200 35574 "https://example.com/" "Mozilla/5.0 (Windows NT 10.0; Win64; x64) AppleWebKit/537.36"
172.16.0.10 - - [01/May/2026:22:46:00 +0000] "GET /api/products HTTP/1.1" 200 20878 "-" "Python-urllib/3.8"
203.0.113.45 - - [01/May/2026:23:10:19 +0000] "GET /index.html HTTP/1.1" 200 14005 "https://example.com/" "curl/7.68.0"
10.0.1.100 - - [01/May/2026:23:02:02 +0000] "GET /images/logo.png HTTP/1.1" 200 10263 "https://example.com/" "Python-urllib/3.8"
203.0.113.45 - - [01/May/2026:23:11:44 +0000] "GET / HTTP/1.1" 200 11770 "https://example.com/" "Python-urllib/3.8"
172.16.0.20 - - [01/May/2026:23:36:39 +0000] "GET / HTTP/1.1" 200 49757 "https://example.com/" "Mozilla/5.0 (Macintosh; Intel Mac OS X 10_15_7) AppleWebKit/537.36"
192.168.1.100 - - [01/May/2026:23:39:21 +0000] "GET / HTTP/1.1" 200 7313 "https://example.com/" "Mozilla/5.0 (Macintosh; Intel Mac OS X 10_15_7) AppleWebKit/537.36"
198.51.100.23 - - [01/May/2026:23:46:50 +0000] "GET /api/users HTTP/1.1" 200 30846 "https://example.com/" "Python-urllib/3.8"
172.16.0.20 - - [01/May/2026:23:44:32 +0000] "GET /api/products HTTP/1.1" 200 4237 "https://example.com/" "Python-urllib/3.8"
10.0.0.50 - - [02/May/2026:00:02:16 +0000] "GET /static/css/style.css HTTP/1.1" 200 32740 "-" "Mozilla/5.0 (Macintosh; Intel Mac OS X 10_15_7) AppleWebKit/537.36"
192.168.1.102 - - [02/May/2026:00:19:04 +0000] "PUT /api/search HTTP/1.1" 200 4685 "-" "Mozilla/5.0 (Windows NT 10.0; Win64; x64) AppleWebKit/537.36"
192.168.1.101 - - [02/May/2026:00:12:45 +0000] "GET /index.html HTTP/1.1" 200 29844 "-" "Mozilla/5.0 (Windows NT 10.0; Win64; x64) AppleWebKit/537.36"
172.16.0.10 - - [02/May/2026:00:32:06 +0000] "POST /images/logo.png HTTP/1.1" 200 47229 "-" "Python-urllib/3.8"
203.0.113.45 - - [02/May/2026:00:41:10 +0000] "GET / HTTP/1.1" 200 25669 "https://example.com/" "Python-urllib/3.8"
198.51.100.23 - - [02/May/2026:00:45:30 +0000] "GET /static/css/style.css HTTP/1.1" 200 42240 "https://example.com/" "Mozilla/5.0 (Macintosh; Intel Mac OS X 10_15_7) AppleWebKit/537.36"
198.51.100.23 - - [02/May/2026:00:55:17 +0000] "PUT /images/logo.png HTTP/1.1" 200 44194 "https://example.com/" "Mozilla/5.0 (Windows NT 10.0; Win64; x64) AppleWebKit/537.36"
10.0.0.51 - - [02/May/2026:00:55:49 +0000] "GET / HTTP/1.1" 200 28917 "-" "Mozilla/5.0 (Macintosh; Intel Mac OS X 10_15_7) AppleWebKit/537.36"
203.0.113.45 - - [02/May/2026:01:07:03 +0000] "POST / HTTP/1.1" 200 1828 "-" "curl/7.68.0"
10.0.0.50 - - [02/May/2026:01:24:52 +0000] "POST /index.html HTTP/1.1" 200 32894 "https://example.com/" "Python-urllib/3.8"
10.0.0.50 - - [02/May/2026:01:26:40 +0000] "GET /admin/login HTTP/1.1" 242 49309 "https://example.com/" "Python-urllib/3.8"
203.0.113.45 - - [02/May/2026:01:33:15 +0000] "POST /static/css/style.css HTTP/1.1" 200 46430 "https://example.com/" "Mozilla/5.0 (Windows NT 10.0; Win64; x64) AppleWebKit/537.36"
10.0.0.50 - - [02/May/2026:01:49:06 +0000] "GET / HTTP/1.1" 200 40721 "https://example.com/" "Python-urllib/3.8"
10.0.0.51 - - [02/May/2026:01:52:22 +0000] "POST / HTTP/1.1" 200 49148 "https://example.com/" "Mozilla/5.0 (Macintosh; Intel Mac OS X 10_15_7) AppleWebKit/537.36"
192.168.1.100 - - [02/May/2026:01:58:41 +0000] "GET /index.html HTTP/1.1" 200 49024 "https://example.com/" "curl/7.68.0"
10.0.0.51 - - [02/May/2026:02:10:38 +0000] "GET /static/js/app.js HTTP/1.1" 200 38145 "https://example.com/" "Mozilla/5.0 (Windows NT 10.0; Win64; x64) AppleWebKit/537.36"
203.0.113.45 - - [02/May/2026:02:16:38 +0000] "GET /static/js/app.js HTTP/1.1" 200 22364 "-" "Mozilla/5.0 (Macintosh; Intel Mac OS X 10_15_7) AppleWebKit/537.36"
172.16.0.10 - - [02/May/2026:02:33:47 +0000] "GET /api/products HTTP/1.1" 200 33126 "-" "Mozilla/5.0 (X11; Linux x86_64) AppleWebKit/537.36"
172.16.0.20 - - [02/May/2026:02:28:06 +0000] "POST / HTTP/1.1" 200 31898 "https://example.com/" "Mozilla/5.0 (Macintosh; Intel Mac OS X 10_15_7) AppleWebKit/537.36"
192.168.1.102 - - [02/May/2026:02:48:21 +0000] "GET /index.html HTTP/1.1" 200 32334 "https://example.com/" "curl/7.68.0"
192.168.1.101 - - [02/May/2026:02:56:16 +0000] "GET /static/css/style.css HTTP/1.1" 200 16905 "https://example.com/" "curl/7.68.0"
192.168.1.101 - - [02/May/2026:03:04:45 +0000] "GET /api/search HTTP/1.1" 200 12439 "-" "Mozilla/5.0 (X11; Linux x86_64) AppleWebKit/537.36"
172.16.0.20 - - [02/May/2026:03:18:19 +0000] "GET / HTTP/1.1" 200 42515 "https://example.com/" "Mozilla/5.0 (X11; Linux x86_64) AppleWebKit/537.36"
192.168.1.102 - - [02/May/2026:03:21:05 +0000] "GET / HTTP/1.1" 200 18774 "https://example.com/" "Mozilla/5.0 (Macintosh; Intel Mac OS X 10_15_7) AppleWebKit/537.36"
192.168.1.101 - - [02/May/2026:03:34:39 +0000] "GET / HTTP/1.1" 200 41844 "https://example.com/" "Mozilla/5.0 (X11; Linux x86_64) AppleWebKit/537.36"
198.51.100.23 - - [02/May/2026:03:43:11 +0000] "GET /api/orders HTTP/1.1" 201 2390 "https://example.com/" "Mozilla/5.0 (Macintosh; Intel Mac OS X 10_15_7) AppleWebKit/537.36"
10.0.1.100 - - [02/May/2026:03:52:04 +0000] "GET /static/css/style.css HTTP/1.1" 200 1897 "https://example.com/" "Mozilla/5.0 (X11; Linux x86_64) AppleWebKit/537.36"
192.168.1.101 - - [02/May/2026:03:48:15 +0000] "GET /index.html HTTP/1.1" 200 9404 "https://example.com/" "curl/7.68.0"
172.16.0.20 - - [02/May/2026:04:06:17 +0000] "GET /images/logo.png HTTP/1.1" 200 11568 "-" "Mozilla/5.0 (Windows NT 10.0; Win64; x64) AppleWebKit/537.36"
172.16.0.20 - - [02/May/2026:04:19:03 +0000] "POST /static/css/style.css HTTP/1.1" 200 49167 "https://example.com/" "Mozilla/5.0 (X11; Linux x86_64) AppleWebKit/537.36"
10.0.0.50 - - [02/May/2026:04:19:50 +0000] "GET /index.html HTTP/1.1" 200 2498 "-" "Mozilla/5.0 (X11; Linux x86_64) AppleWebKit/537.36"
192.168.1.102 - - [02/May/2026:04:22:26 +0000] "POST /static/css/style.css HTTP/1.1" 200 27179 "https://example.com/" "Mozilla/5.0 (Macintosh; Intel Mac OS X 10_15_7) AppleWebKit/537.36"
192.168.1.100 - - [02/May/2026:04:41:42 +0000] "POST /api/products HTTP/1.1" 200 37432 "https://example.com/" "Mozilla/5.0 (Windows NT 10.0; Win64; x64) AppleWebKit/537.36"
203.0.113.45 - - [02/May/2026:04:50:37 +0000] "DELETE / HTTP/1.1" 200 41856 "https://example.com/" "Python-urllib/3.8"
10.0.0.51 - - [02/May/2026:05:05:30 +0000] "GET / HTTP/1.1" 200 36892 "https://example.com/" "Python-urllib/3.8"
93.184.216.34 - - [02/May/2026:05:14:23 +0000] "POST /static/js/app.js HTTP/1.1" 200 18098 "https://example.com/" "curl/7.68.0"
172.16.0.10 - - [02/May/2026:05:14:28 +0000] "PUT /static/js/app.js HTTP/1.1" 200 46248 "-" "Mozilla/5.0 (X11; Linux x86_64) AppleWebKit/537.36"
172.16.0.20 - - [02/May/2026:05:23:10 +0000] "PUT /api/products HTTP/1.1" 200 39360 "https://example.com/" "Mozilla/5.0 (Macintosh; Intel Mac OS X 10_15_7) AppleWebKit/537.36"
192.168.1.101 - - [02/May/2026:05:36:36 +0000] "GET / HTTP/1.1" 200 12274 "-" "Mozilla/5.0 (X11; Linux x86_64) AppleWebKit/537.36"
172.16.0.20 - - [02/May/2026:05:31:53 +0000] "DELETE /static/css/style.css HTTP/1.1" 200 19252 "https://example.com/" "Mozilla/5.0 (Macintosh; Intel Mac OS X 10_15_7) AppleWebKit/537.36"
192.168.1.102 - - [02/May/2026:05:56:55 +0000] "GET /index.html HTTP/1.1" 200 24328 "-" "Mozilla/5.0 (Macintosh; Intel Mac OS X 10_15_7) AppleWebKit/537.36"
192.168.1.100 - - [02/May/2026:05:52:39 +0000] "GET /api/orders HTTP/1.1" 200 27872 "https://example.com/" "Mozilla/5.0 (X11; Linux x86_64) AppleWebKit/537.36"
10.0.0.50 - - [02/May/2026:06:08:36 +0000] "GET /api/orders HTTP/1.1" 201 37233 "https://example.com/" "Mozilla/5.0 (Macintosh; Intel Mac OS X 10_15_7) AppleWebKit/537.36"
172.16.0.10 - - [02/May/2026:06:04:44 +0000] "GET /images/logo.png HTTP/1.1" 200 37741 "-" "Python-urllib/3.8"
10.0.0.50 - - [02/May/2026:06:16:18 +0000] "DELETE /api/orders HTTP/1.1" 200 17075 "https://example.com/" "Mozilla/5.0 (Windows NT 10.0; Win64; x64) AppleWebKit/537.36"
10.0.0.51 - - [02/May/2026:06:22:41 +0000] "GET /images/logo.png HTTP/1.1" 200 43562 "https://example.com/" "Mozilla/5.0 (X11; Linux x86_64) AppleWebKit/537.36"
192.168.1.102 - - [02/May/2026:06:48:27 +0000] "GET / HTTP/1.1" 200 18445 "https://example.com/" "curl/7.68.0"
192.168.1.100 - - [02/May/2026:06:52:38 +0000] "GET /index.html HTTP/1.1" 200 49591 "-" "Mozilla/5.0 (Macintosh; Intel Mac OS X 10_15_7) AppleWebKit/537.36"
172.16.0.10 - - [02/May/2026:07:01:04 +0000] "GET /index.html HTTP/1.1" 200 4571 "https://example.com/" "curl/7.68.0"
198.51.100.23 - - [02/May/2026:07:06:17 +0000] "GET /api/search HTTP/1.1" 200 5320 "https://example.com/" "Mozilla/5.0 (Macintosh; Intel Mac OS X 10_15_7) AppleWebKit/537.36"
192.168.1.100 - - [02/May/2026:07:22:11 +0000] "GET /static/css/style.css HTTP/1.1" 200 18849 "-" "Mozilla/5.0 (X11; Linux x86_64) AppleWebKit/537.36"
93.184.216.34 - - [02/May/2026:07:24:21 +0000] "GET /images/logo.png HTTP/1.1" 200 5116 "https://example.com/" "Python-urllib/3.8"
10.0.0.51 - - [02/May/2026:07:35:45 +0000] "PATCH /index.html HTTP/1.1" 200 49121 "https://example.com/" "Python-urllib/3.8"
10.0.0.51 - - [02/May/2026:07:40:48 +0000] "GET / HTTP/1.1" 200 49419 "-" "Mozilla/5.0 (Windows NT 10.0; Win64; x64) AppleWebKit/537.36"
192.168.1.100 - - [02/May/2026:07:40:14 +0000] "GET /api/products HTTP/1.1" 200 43376 "-" "Python-urllib/3.8"
172.16.0.20 - - [02/May/2026:07:47:46 +0000] "POST /api/orders HTTP/1.1" 200 15574 "-" "Mozilla/5.0 (X11; Linux x86_64) AppleWebKit/537.36"
10.0.0.50 - - [02/May/2026:08:14:07 +0000] "PUT /static/js/app.js HTTP/1.1" 200 18040 "https://example.com/" "Mozilla/5.0 (X11; Linux x86_64) AppleWebKit/537.36"
10.0.0.50 - - [02/May/2026:08:10:49 +0000] "GET /api/orders HTTP/1.1" 200 49747 "https://example.com/" "Mozilla/5.0 (X11; Linux x86_64) AppleWebKit/537.36"
10.0.0.51 - - [02/May/2026:08:33:08 +0000] "POST /static/js/app.js HTTP/1.1" 200 17613 "-" "Python-urllib/3.8"
172.16.0.10 - - [02/May/2026:08:21:59 +0000] "GET /index.html HTTP/1.1" 200 43948 "https://example.com/" "Mozilla/5.0 (X11; Linux x86_64) AppleWebKit/537.36"
203.0.113.45 - - [02/May/2026:08:50:16 +0000] "GET /api/users HTTP/1.1" 200 41801 "https://example.com/" "curl/7.68.0"
192.168.1.100 - - [02/May/2026:08:45:06 +0000] "GET /images/logo.png HTTP/1.1" 200 13755 "https://example.com/" "Mozilla/5.0 (Windows NT 10.0; Win64; x64) AppleWebKit/537.36"
198.51.100.23 - - [02/May/2026:08:55:24 +0000] "GET /api/users HTTP/1.1" 200 14901 "https://example.com/" "Mozilla/5.0 (Windows NT 10.0; Win64; x64) AppleWebKit/537.36"
172.16.0.20 - - [02/May/2026:09:15:02 +0000] "GET /static/js/app.js HTTP/1.1" 200 48636 "https://example.com/" "Mozilla/5.0 (Macintosh; Intel Mac OS X 10_15_7) AppleWebKit/537.36"
192.168.1.101 - - [02/May/2026:09:24:03 +0000] "GET / HTTP/1.1" 200 41606 "https://example.com/" "curl/7.68.0"
192.168.1.102 - - [02/May/2026:09:19:45 +0000] "GET /index.html HTTP/1.1" 200 48957 "https://example.com/" "curl/7.68.0"
172.16.0.10 - - [02/May/2026:09:37:36 +0000] "GET /api/users HTTP/1.1" 200 17177 "https://example.com/" "Mozilla/5.0 (X11; Linux x86_64) AppleWebKit/537.36"
10.0.1.100 - - [02/May/2026:09:41:32 +0000] "POST /api/products HTTP/1.1" 200 10814 "https://example.com/" "Mozilla/5.0 (Windows NT 10.0; Win64; x64) AppleWebKit/537.36"
192.168.1.100 - - [02/May/2026:09:53:50 +0000] "GET /api/orders HTTP/1.1" 200 12642 "-" "curl/7.68.0"
10.0.0.50 - - [02/May/2026:10:04:19 +0000] "GET / HTTP/1.1" 200 15364 "-" "Mozilla/5.0 (Windows NT 10.0; Win64; x64) AppleWebKit/537.36"
93.184.216.34 - - [02/May/2026:10:13:51 +0000] "GET /index.html HTTP/1.1" 200 41669 "https://example.com/" "Mozilla/5.0 (Windows NT 10.0; Win64; x64) AppleWebKit/537.36"
10.0.1.100 - - [02/May/2026:10:18:18 +0000] "GET /api/users HTTP/1.1" 200 7202 "https://example.com/" "Mozilla/5.0 (Macintosh; Intel Mac OS X 10_15_7) AppleWebKit/537.36"
172.16.0.10 - - [02/May/2026:10:24:33 +0000] "GET / HTTP/1.1" 200 32382 "-" "Mozilla/5.0 (X11; Linux x86_64) AppleWebKit/537.36"
192.168.1.100 - - [02/May/2026:10:29:57 +0000] "GET /static/js/app.js HTTP/1.1" 200 50485 "https://example.com/" "curl/7.68.0"
203.0.113.45 - - [02/May/2026:10:31:32 +0000] "POST / HTTP/1.1" 200 49628 "https://example.com/" "Mozilla/5.0 (X11; Linux x86_64) AppleWebKit/537.36"
203.0.113.45 - - [02/May/2026:10:45:06 +0000] "GET /api/products HTTP/1.1" 200 36668 "https://example.com/" "curl/7.68.0"
198.51.100.23 - - [02/May/2026:10:49:57 +0000] "GET /static/js/app.js HTTP/1.1" 200 29937 "-" "Python-urllib/3.8"
192.168.1.102 - - [02/May/2026:11:06:06 +0000] "GET /api/users HTTP/1.1" 200 15404 "-" "Mozilla/5.0 (Macintosh; Intel Mac OS X 10_15_7) AppleWebKit/537.36"
172.16.0.20 - - [02/May/2026:11:14:13 +0000] "PUT /api/users HTTP/1.1" 200 40277 "https://example.com/" "Mozilla/5.0 (Windows NT 10.0; Win64; x64) AppleWebKit/537.36"
10.0.0.50 - - [02/May/2026:11:29:48 +0000] "GET / HTTP/1.1" 200 11097 "https://example.com/" "Python-urllib/3.8"
192.168.1.100 - - [02/May/2026:11:29:26 +0000] "GET /static/js/app.js HTTP/1.1" 200 35036 "-" "curl/7.68.0"
198.51.100.23 - - [02/May/2026:11:37:25 +0000] "GET /api/users HTTP/1.1" 200 9440 "-" "Python-urllib/3.8"
93.184.216.34 - - [02/May/2026:11:57:14 +0000] "GET / HTTP/1.1" 200 44764 "https://example.com/" "curl/7.68.0"
198.51.100.23 - - [02/May/2026:11:49:58 +0000] "GET /api/search HTTP/1.1" 200 49070 "https://example.com/" "Mozilla/5.0 (Macintosh; Intel Mac OS X 10_15_7) AppleWebKit/537.36"
203.0.113.45 - - [02/May/2026:12:16:34 +0000] "GET / HTTP/1.1" 200 26508 "-" "Python-urllib/3.8"
192.168.1.102 - - [02/May/2026:12:14:49 +0000] "GET /index.html HTTP/1.1" 200 41166 "https://example.com/" "curl/7.68.0"
198.51.100.23 - - [02/May/2026:12:28:38 +0000] "GET /api/products HTTP/1.1" 200 2545 "https://example.com/" "Mozilla/5.0 (Macintosh; Intel Mac OS X 10_15_7) AppleWebKit/537.36"
10.0.1.100 - - [02/May/2026:12:41:31 +0000] "GET /api/users HTTP/1.1" 200 45443 "https://example.com/" "Python-urllib/3.8"
10.0.0.51 - - [02/May/2026:12:37:41 +0000] "GET /api/search HTTP/1.1" 200 4653 "https://example.com/" "Mozilla/5.0 (Windows NT 10.0; Win64; x64) AppleWebKit/537.36"
203.0.113.45 - - [02/May/2026:12:56:20 +0000] "PUT /api/search HTTP/1.1" 200 8269 "-" "Mozilla/5.0 (Windows NT 10.0; Win64; x64) AppleWebKit/537.36"
10.0.0.51 - - [02/May/2026:13:03:40 +0000] "GET /images/logo.png HTTP/1.1" 200 37215 "https://example.com/" "Python-urllib/3.8"
10.0.0.50 - - [02/May/2026:13:03:35 +0000] "GET /static/js/app.js HTTP/1.1" 200 13058 "https://example.com/" "Mozilla/5.0 (Windows NT 10.0; Win64; x64) AppleWebKit/537.36"
10.0.0.50 - - [02/May/2026:13:12:04 +0000] "GET /admin/login HTTP/1.1" 313 19950 "-" "Python-urllib/3.8"
203.0.113.45 - - [02/May/2026:13:19:42 +0000] "DELETE /api/search HTTP/1.1" 200 45918 "https://example.com/" "curl/7.68.0"
10.0.0.50 - - [02/May/2026:13:27:05 +0000] "GET /static/js/app.js HTTP/1.1" 200 25703 "https://example.com/" "Python-urllib/3.8"
172.16.0.10 - - [02/May/2026:13:49:17 +0000] "GET /index.html HTTP/1.1" 200 38907 "https://example.com/" "Mozilla/5.0 (Windows NT 10.0; Win64; x64) AppleWebKit/537.36"
192.168.1.101 - - [02/May/2026:13:47:50 +0000] "GET /static/js/app.js HTTP/1.1" 200 34658 "https://example.com/" "Mozilla/5.0 (Macintosh; Intel Mac OS X 10_15_7) AppleWebKit/537.36"
192.168.1.101 - - [02/May/2026:14:09:34 +0000] "GET /api/search HTTP/1.1" 200 19870 "https://example.com/" "Python-urllib/3.8"
10.0.1.100 - - [02/May/2026:14:12:01 +0000] "PATCH / HTTP/1.1" 200 25215 "https://example.com/" "curl/7.68.0"
192.168.1.102 - - [02/May/2026:14:26:10 +0000] "PUT / HTTP/1.1" 200 17249 "https://example.com/" "Mozilla/5.0 (Macintosh; Intel Mac OS X 10_15_7) AppleWebKit/537.36"
203.0.113.45 - - [02/May/2026:14:34:37 +0000] "GET /api/products HTTP/1.1" 200 13318 "-" "Mozilla/5.0 (X11; Linux x86_64) AppleWebKit/537.36"
203.0.113.45 - - [02/May/2026:14:27:43 +0000] "GET /api/products HTTP/1.1" 200 7889 "https://example.com/" "Python-urllib/3.8"
172.16.0.10 - - [02/May/2026:14:52:46 +0000] "GET /static/css/style.css HTTP/1.1" 200 7654 "https://example.com/" "curl/7.68.0"
93.184.216.34 - - [02/May/2026:14:59:54 +0000] "GET /api/orders HTTP/1.1" 200 29191 "https://example.com/" "Python-urllib/3.8"
198.51.100.23 - - [02/May/2026:15:08:11 +0000] "GET / HTTP/1.1" 200 47885 "https://example.com/" "Mozilla/5.0 (X11; Linux x86_64) AppleWebKit/537.36"
192.168.1.102 - - [02/May/2026:15:02:28 +0000] "GET /static/js/app.js HTTP/1.1" 200 29295 "https://example.com/" "curl/7.68.0"
198.51.100.23 - - [02/May/2026:15:20:49 +0000] "GET /api/orders HTTP/1.1" 200 11434 "-" "Mozilla/5.0 (X11; Linux x86_64) AppleWebKit/537.36"
192.168.1.100 - - [02/May/2026:15:25:40 +0000] "GET /static/js/app.js HTTP/1.1" 200 46225 "https://example.com/" "Mozilla/5.0 (Windows NT 10.0; Win64; x64) AppleWebKit/537.36"
172.16.0.20 - - [02/May/2026:15:28:57 +0000] "GET /static/css/style.css HTTP/1.1" 200 12223 "https://example.com/" "curl/7.68.0"
10.0.0.51 - - [02/May/2026:15:39:15 +0000] "PATCH /images/logo.png HTTP/1.1" 200 49192 "https://example.com/" "Mozilla/5.0 (Macintosh; Intel Mac OS X 10_15_7) AppleWebKit/537.36"
192.168.1.100 - - [02/May/2026:15:45:23 +0000] "POST /images/logo.png HTTP/1.1" 200 22135 "https://example.com/" "Mozilla/5.0 (Windows NT 10.0; Win64; x64) AppleWebKit/537.36"
203.0.113.45 - - [02/May/2026:16:00:40 +0000] "GET /images/logo.png HTTP/1.1" 200 4771 "https://example.com/" "Mozilla/5.0 (Windows NT 10.0; Win64; x64) AppleWebKit/537.36"
172.16.0.20 - - [02/May/2026:16:12:18 +0000] "PUT / HTTP/1.1" 200 19212 "https://example.com/" "Python-urllib/3.8"
203.0.113.45 - - [02/May/2026:16:22:24 +0000] "GET /index.html HTTP/1.1" 200 23812 "https://example.com/" "Mozilla/5.0 (X11; Linux x86_64) AppleWebKit/537.36"
192.168.1.101 - - [02/May/2026:16:17:11 +0000] "GET /static/css/style.css HTTP/1.1" 200 46643 "https://example.com/" "Mozilla/5.0 (Macintosh; Intel Mac OS X 10_15_7) AppleWebKit/537.36"
172.16.0.10 - - [02/May/2026:16:42:04 +0000] "GET / HTTP/1.1" 200 10896 "https://example.com/" "Mozilla/5.0 (Macintosh; Intel Mac OS X 10_15_7) AppleWebKit/537.36"
192.168.1.102 - - [02/May/2026:16:38:02 +0000] "POST /index.html HTTP/1.1" 200 17181 "-" "Mozilla/5.0 (X11; Linux x86_64) AppleWebKit/537.36"
10.0.0.51 - - [02/May/2026:16:46:15 +0000] "POST /static/css/style.css HTTP/1.1" 200 39013 "https://example.com/" "Mozilla/5.0 (Macintosh; Intel Mac OS X 10_15_7) AppleWebKit/537.36"
203.0.113.45 - - [02/May/2026:17:08:45 +0000] "GET /api/products HTTP/1.1" 200 25494 "https://example.com/" "Mozilla/5.0 (Macintosh; Intel Mac OS X 10_15_7) AppleWebKit/537.36"
203.0.113.45 - - [02/May/2026:17:12:37 +0000] "GET /static/css/style.css HTTP/1.1" 200 2207 "https://example.com/" "Mozilla/5.0 (Macintosh; Intel Mac OS X 10_15_7) AppleWebKit/537.36"
172.16.0.20 - - [02/May/2026:17:09:52 +0000] "POST /index.html HTTP/1.1" 200 25577 "https://example.com/" "Python-urllib/3.8"
203.0.113.45 - - [02/May/2026:17:33:33 +0000] "POST /static/css/style.css HTTP/1.1" 200 9182 "https://example.com/" "Mozilla/5.0 (X11; Linux x86_64) AppleWebKit/537.36"
198.51.100.23 - - [02/May/2026:17:45:22 +0000] "POST /admin/login HTTP/1.1" 396 18434 "-" "Mozilla/5.0 (X11; Linux x86_64) AppleWebKit/537.36"
10.0.0.50 - - [02/May/2026:17:40:42 +0000] "GET /images/logo.png HTTP/1.1" 200 48496 "https://example.com/" "Mozilla/5.0 (Macintosh; Intel Mac OS X 10_15_7) AppleWebKit/537.36"
192.168.1.102 - - [02/May/2026:17:53:45 +0000] "GET /admin/login HTTP/1.1" 289 40391 "https://example.com/" "Mozilla/5.0 (Macintosh; Intel Mac OS X 10_15_7) AppleWebKit/537.36"
10.0.1.100 - - [02/May/2026:18:09:27 +0000] "DELETE /admin/login HTTP/1.1" 333 25979 "https://example.com/" "Python-urllib/3.8"
10.0.1.100 - - [02/May/2026:18:17:54 +0000] "GET /index.html HTTP/1.1" 200 2859 "https://example.com/" "Python-urllib/3.8"
192.168.1.101 - - [02/May/2026:18:15:52 +0000] "GET /api/orders HTTP/1.1" 201 22779 "https://example.com/" "Mozilla/5.0 (X11; Linux x86_64) AppleWebKit/537.36"
93.184.216.34 - - [02/May/2026:18:19:37 +0000] "GET /api/orders HTTP/1.1" 200 16430 "https://example.com/" "curl/7.68.0"
192.168.1.100 - - [02/May/2026:18:28:43 +0000] "GET / HTTP/1.1" 200 24005 "https://example.com/" "Python-urllib/3.8"
198.51.100.23 - - [02/May/2026:18:37:49 +0000] "GET /api/orders HTTP/1.1" 200 20146 "-" "Mozilla/5.0 (Macintosh; Intel Mac OS X 10_15_7) AppleWebKit/537.36"
192.168.1.100 - - [02/May/2026:18:44:31 +0000] "GET / HTTP/1.1" 200 30008 "-" "Mozilla/5.0 (Macintosh; Intel Mac OS X 10_15_7) AppleWebKit/537.36"
192.168.1.101 - - [02/May/2026:19:04:00 +0000] "POST /static/css/style.css HTTP/1.1" 200 4091 "https://example.com/" "Mozilla/5.0 (Macintosh; Intel Mac OS X 10_15_7) AppleWebKit/537.36"
172.16.0.10 - - [02/May/2026:19:11:05 +0000] "POST /static/js/app.js HTTP/1.1" 200 2931 "https://example.com/" "Python-urllib/3.8"
10.0.0.50 - - [02/May/2026:19:26:52 +0000] "PUT /static/css/style.css HTTP/1.1" 200 45816 "https://example.com/" "curl/7.68.0"
10.0.0.51 - - [02/May/2026:19:33:47 +0000] "POST /images/logo.png HTTP/1.1" 200 18047 "-" "Mozilla/5.0 (Macintosh; Intel Mac OS X 10_15_7) AppleWebKit/537.36"
10.0.0.51 - - [02/May/2026:19:30:38 +0000] "GET /admin/login HTTP/1.1" 234 22831 "https://example.com/" "Mozilla/5.0 (Macintosh; Intel Mac OS X 10_15_7) AppleWebKit/537.36"
10.0.0.50 - - [02/May/2026:19:55:49 +0000] "GET /index.html HTTP/1.1" 200 16939 "https://example.com/" "Mozilla/5.0 (Macintosh; Intel Mac OS X 10_15_7) AppleWebKit/537.36"
192.168.1.101 - - [02/May/2026:20:03:53 +0000] "POST /images/logo.png HTTP/1.1" 200 32088 "https://example.com/" "Mozilla/5.0 (Windows NT 10.0; Win64; x64) AppleWebKit/537.36"
10.0.0.51 - - [02/May/2026:20:10:43 +0000] "POST /images/logo.png HTTP/1.1" 200 4346 "https://example.com/" "Mozilla/5.0 (X11; Linux x86_64) AppleWebKit/537.36"
10.0.0.51 - - [02/May/2026:20:08:17 +0000] "GET /api/internal HTTP/1.1" 501 205 "https://example.com/" "Python-urllib/3.8"
10.0.1.100 - - [02/May/2026:20:24:00 +0000] "GET /api/users HTTP/1.1" 200 6976 "-" "Mozilla/5.0 (Windows NT 10.0; Win64; x64) AppleWebKit/537.36"
192.168.1.101 - - [02/May/2026:20:19:26 +0000] "POST /index.html HTTP/1.1" 200 6068 "https://example.com/" "Mozilla/5.0 (X11; Linux x86_64) AppleWebKit/537.36"
192.168.1.102 - - [02/May/2026:20:40:38 +0000] "GET / HTTP/1.1" 200 14731 "-" "Mozilla/5.0 (Windows NT 10.0; Win64; x64) AppleWebKit/537.36"
172.16.0.10 - - [02/May/2026:20:37:20 +0000] "GET /static/css/style.css HTTP/1.1" 200 47601 "-" "Python-urllib/3.8"
10.0.0.50 - - [02/May/2026:20:57:34 +0000] "GET /api/orders HTTP/1.1" 200 13958 "https://example.com/" "Mozilla/5.0 (X11; Linux x86_64) AppleWebKit/537.36"
10.0.1.100 - - [02/May/2026:21:12:35 +0000] "GET /index.html HTTP/1.1" 200 25620 "https://example.com/" "curl/7.68.0"
203.0.113.45 - - [02/May/2026:21:08:11 +0000] "GET / HTTP/1.1" 200 29985 "-" "Python-urllib/3.8"
93.184.216.34 - - [02/May/2026:21:24:24 +0000] "GET /index.html HTTP/1.1" 200 27042 "https://example.com/" "Mozilla/5.0 (Windows NT 10.0; Win64; x64) AppleWebKit/537.36"
203.0.113.45 - - [02/May/2026:21:32:07 +0000] "GET / HTTP/1.1" 200 33733 "https://example.com/" "Mozilla/5.0 (Macintosh; Intel Mac OS X 10_15_7) AppleWebKit/537.36"
10.0.0.50 - - [02/May/2026:21:45:32 +0000] "POST / HTTP/1.1" 200 19626 "https://example.com/" "Mozilla/5.0 (X11; Linux x86_64) AppleWebKit/537.36"
192.168.1.101 - - [02/May/2026:21:46:45 +0000] "GET /static/css/style.css HTTP/1.1" 200 14018 "https://example.com/" "Mozilla/5.0 (Windows NT 10.0; Win64; x64) AppleWebKit/537.36"
10.0.0.50 - - [02/May/2026:21:48:01 +0000] "GET / HTTP/1.1" 200 45476 "https://example.com/" "Python-urllib/3.8"
10.0.1.100 - - [02/May/2026:22:05:14 +0000] "GET /api/users HTTP/1.1" 200 39783 "https://example.com/" "Mozilla/5.0 (Windows NT 10.0; Win64; x64) AppleWebKit/537.36"
192.168.1.101 - - [02/May/2026:22:10:31 +0000] "POST / HTTP/1.1" 200 23761 "https://example.com/" "Mozilla/5.0 (Windows NT 10.0; Win64; x64) AppleWebKit/537.36"
192.168.1.100 - - [02/May/2026:22:17:00 +0000] "GET /index.html HTTP/1.1" 200 2293 "-" "Mozilla/5.0 (Macintosh; Intel Mac OS X 10_15_7) AppleWebKit/537.36"
10.0.1.100 - - [02/May/2026:22:28:30 +0000] "GET /index.html HTTP/1.1" 200 50295 "https://example.com/" "Mozilla/5.0 (X11; Linux x86_64) AppleWebKit/537.36"
172.16.0.20 - - [02/May/2026:22:47:22 +0000] "GET /api/users HTTP/1.1" 200 26956 "-" "Mozilla/5.0 (X11; Linux x86_64) AppleWebKit/537.36"
10.0.1.100 - - [02/May/2026:22:45:27 +0000] "GET /api/products HTTP/1.1" 200 20572 "-" "Mozilla/5.0 (X11; Linux x86_64) AppleWebKit/537.36"
172.16.0.20 - - [02/May/2026:22:54:48 +0000] "GET /static/css/style.css HTTP/1.1" 200 4110 "https://example.com/" "Python-urllib/3.8"
172.16.0.10 - - [02/May/2026:22:57:56 +0000] "GET /api/products HTTP/1.1" 200 43296 "https://example.com/" "Mozilla/5.0 (Macintosh; Intel Mac OS X 10_15_7) AppleWebKit/537.36"
198.51.100.23 - - [02/May/2026:23:12:14 +0000] "GET /static/css/style.css HTTP/1.1" 200 20920 "https://example.com/" "Mozilla/5.0 (Windows NT 10.0; Win64; x64) AppleWebKit/537.36"
192.168.1.102 - - [02/May/2026:23:25:38 +0000] "GET /static/js/app.js HTTP/1.1" 200 35801 "-" "Python-urllib/3.8"
10.0.0.51 - - [02/May/2026:23:30:01 +0000] "GET / HTTP/1.1" 200 27536 "https://example.com/" "curl/7.68.0"
192.168.1.101 - - [02/May/2026:23:39:05 +0000] "GET /images/logo.png HTTP/1.1" 200 44477 "https://example.com/" "Mozilla/5.0 (Windows NT 10.0; Win64; x64) AppleWebKit/537.36"
192.168.1.100 - - [02/May/2026:23:49:50 +0000] "GET /images/logo.png HTTP/1.1" 200 2164 "https://example.com/" "Python-urllib/3.8"
198.51.100.23 - - [03/May/2026:00:01:07 +0000] "GET /index.html HTTP/1.1" 200 22685 "-" "Mozilla/5.0 (Macintosh; Intel Mac OS X 10_15_7) AppleWebKit/537.36"
93.184.216.34 - - [03/May/2026:00:05:40 +0000] "GET / HTTP/1.1" 200 36536 "-" "Python-urllib/3.8"
