203.0.113.45 - - [06/May/2026:00:09:07 +0000] "GET /images/logo.png HTTP/1.1" 200 41960 "https://example.com/" "curl/7.68.0"
203.0.113.45 - - [06/May/2026:00:23:01 +0000] "GET /images/logo.png HTTP/1.1" 200 16648 "https://example.com/" "Mozilla/5.0 (Windows NT 10.0; Win64; x64) AppleWebKit/537.36"
172.16.0.10 - - [06/May/2026:00:28:49 +0000] "GET /static/js/app.js HTTP/1.1" 200 24543 "https://example.com/" "Mozilla/5.0 (X11; Linux x86_64) AppleWebKit/537.36"
10.0.0.50 - - [06/May/2026:00:42:43 +0000] "GET /admin/login HTTP/1.1" 242 14954 "-" "Mozilla/5.0 (Windows NT 10.0; Win64; x64) AppleWebKit/537.36"
10.0.0.50 - - [06/May/2026:00:55:36 +0000] "POST /api/orders HTTP/1.1" 200 46123 "-" "Mozilla/5.0 (X11; Linux x86_64) AppleWebKit/537.36"
172.16.0.10 - - [06/May/2026:00:50:32 +0000] "GET /api/users HTTP/1.1" 200 4460 "https://example.com/" "curl/7.68.0"
192.168.1.101 - - [06/May/2026:01:07:01 +0000] "GET /admin/login HTTP/1.1" 260 37005 "-" "curl/7.68.0"
192.168.1.101 - - [06/May/2026:01:24:54 +0000] "GET /images/logo.png HTTP/1.1" 200 35611 "https://example.com/" "Python-urllib/3.8"
203.0.113.45 - - [06/May/2026:01:19:24 +0000] "GET /static/css/style.css HTTP/1.1" 200 9510 "https://example.com/" "curl/7.68.0"
10.0.0.51 - - [06/May/2026:01:38:38 +0000] "GET /api/orders HTTP/1.1" 200 49373 "https://example.com/" "Python-urllib/3.8"
10.0.1.100 - - [06/May/2026:01:47:26 +0000] "GET /api/users HTTP/1.1" 200 40407 "https://example.com/" "Mozilla/5.0 (Windows NT 10.0; Win64; x64) AppleWebKit/537.36"
10.0.0.50 - - [06/May/2026:01:47:45 +0000] "POST / HTTP/1.1" 200 4322 "https://example.com/" "Mozilla/5.0 (Windows NT 10.0; Win64; x64) AppleWebKit/537.36"
172.16.0.10 - - [06/May/2026:02:04:00 +0000] "GET /api/users HTTP/1.1" 200 32016 "https://example.com/" "Mozilla/5.0 (Macintosh; Intel Mac OS X 10_15_7) AppleWebKit/537.36"
10.0.1.100 - - [06/May/2026:02:15:16 +0000] "GET /api/orders HTTP/1.1" 201 20829 "-" "Mozilla/5.0 (Macintosh; Intel Mac OS X 10_15_7) AppleWebKit/537.36"
192.168.1.102 - - [06/May/2026:02:16:28 +0000] "GET /static/css/style.css HTTP/1.1" 200 19794 "https://example.com/" "Mozilla/5.0 (X11; Linux x86_64) AppleWebKit/537.36"
203.0.113.45 - - [06/May/2026:02:27:06 +0000] "GET /static/css/style.css HTTP/1.1" 200 19851 "https://example.com/" "Python-urllib/3.8"
192.168.1.102 - - [06/May/2026:02:25:06 +0000] "GET / HTTP/1.1" 200 28029 "https://example.com/" "Mozilla/5.0 (Windows NT 10.0; Win64; x64) AppleWebKit/537.36"
203.0.113.45 - - [06/May/2026:02:36:46 +0000] "GET / HTTP/1.1" 200 40727 "https://example.com/" "Python-urllib/3.8"
93.184.216.34 - - [06/May/2026:02:50:50 +0000] "GET /static/css/style.css HTTP/1.1" 200 44580 "-" "curl/7.68.0"
203.0.113.45 - - [06/May/2026:02:53:07 +0000] "GET /static/js/app.js HTTP/1.1" 200 19589 "https://example.com/" "Mozilla/5.0 (Windows NT 10.0; Win64; x64) AppleWebKit/537.36"
10.0.1.100 - - [06/May/2026:03:06:59 +0000] "GET /static/js/app.js HTTP/1.1" 200 24069 "https://example.com/" "Mozilla/5.0 (X11; Linux x86_64) AppleWebKit/537.36"
172.16.0.10 - - [06/May/2026:03:12:27 +0000] "GET /index.html HTTP/1.1" 200 20570 "https://example.com/" "Mozilla/5.0 (Windows NT 10.0; Win64; x64) AppleWebKit/537.36"
172.16.0.20 - - [06/May/2026:03:27:45 +0000] "GET / HTTP/1.1" 200 12819 "-" "curl/7.68.0"
10.0.0.50 - - [06/May/2026:03:45:33 +0000] "POST /api/search HTTP/1.1" 200 39485 "https://example.com/" "curl/7.68.0"
172.16.0.20 - - [06/May/2026:03:34:38 +0000] "DELETE /static/css/style.css HTTP/1.1" 200 21686 "https://example.com/" "curl/7.68.0"
172.16.0.20 - - [06/May/2026:04:01:18 +0000] "POST /notfound HTTP/1.1" 404 184 "-" "Mozilla/5.0 (Windows NT 10.0; Win64; x64) AppleWebKit/537.36"
198.51.100.23 - - [06/May/2026:03:55:46 +0000] "GET /api/search HTTP/1.1" 200 1096 "https://example.com/" "Python-urllib/3.8"
10.0.0.51 - - [06/May/2026:04:08:43 +0000] "GET / HTTP/1.1" 200 24881 "-" "Mozilla/5.0 (Windows NT 10.0; Win64; x64) AppleWebKit/537.36"
10.0.1.100 - - [06/May/2026:04:10:44 +0000] "GET /index.html HTTP/1.1" 200 39378 "https://example.com/" "Mozilla/5.0 (X11; Linux x86_64) AppleWebKit/537.36"
172.16.0.10 - - [06/May/2026:04:17:41 +0000] "POST / HTTP/1.1" 200 10736 "https://example.com/" "Python-urllib/3.8"
198.51.100.23 - - [06/May/2026:04:39:45 +0000] "POST /index.html HTTP/1.1" 200 42854 "-" "Mozilla/5.0 (X11; Linux x86_64) AppleWebKit/537.36"
10.0.1.100 - - [06/May/2026:04:43:51 +0000] "GET /static/js/app.js HTTP/1.1" 200 29412 "https://example.com/" "Mozilla/5.0 (Macintosh; Intel Mac OS X 10_15_7) AppleWebKit/537.36"
198.51.100.23 - - [06/May/2026:04:44:06 +0000] "POST /static/js/app.js HTTP/1.1" 200 5757 "https://example.com/" "Python-urllib/3.8"
93.184.216.34 - - [06/May/2026:04:53:25 +0000] "GET /static/js/app.js HTTP/1.1" 200 14956 "-" "Mozilla/5.0 (X11; Linux x86_64) AppleWebKit/537.36"
172.16.0.20 - - [06/May/2026:05:04:40 +0000] "GET /images/logo.png HTTP/1.1" 200 24170 "https://example.com/" "Mozilla/5.0 (X11; Linux x86_64) AppleWebKit/537.36"
93.184.216.34 - - [06/May/2026:05:22:11 +0000] "POST /api/users HTTP/1.1" 200 11364 "-" "Mozilla/5.0 (Macintosh; Intel Mac OS X 10_15_7) AppleWebKit/537.36"
93.184.216.34 - - [06/May/2026:05:20:01 +0000] "POST /index.html HTTP/1.1" 200 39422 "https://example.com/" "Mozilla/5.0 (Windows NT 10.0; Win64; x64) AppleWebKit/537.36"
10.0.0.51 - - [06/May/2026:05:42:03 +0000] "GET /static/js/app.js HTTP/1.1" 200 37238 "-" "curl/7.68.0"
93.184.216.34 - - [06/May/2026:05:47:36 +0000] "GET /api/products HTTP/1.1" 200 34321 "https://example.com/" "Mozilla/5.0 (Windows NT 10.0; Win64; x64) AppleWebKit/537.36"
192.168.1.100 - - [06/May/2026:06:02:00 +0000] "GET /api/products HTTP/1.1" 200 10985 "-" "curl/7.68.0"
10.0.1.100 - - [06/May/2026:06:07:28 +0000] "DELETE /api/search HTTP/1.1" 200 34545 "https://example.com/" "Mozilla/5.0 (Windows NT 10.0; Win64; x64) AppleWebKit/537.36"
203.0.113.45 - - [06/May/2026:06:03:52 +0000] "DELETE /static/css/style.css HTTP/1.1" 200 1572 "-" "Mozilla/5.0 (X11; Linux x86_64) AppleWebKit/537.36"
192.168.1.100 - - [06/May/2026:06:12:26 +0000] "GET /static/css/style.css HTTP/1.1" 200 3496 "https://example.com/" "Python-urllib/3.8"
10.0.1.100 - - [06/May/2026:06:18:39 +0000] "GET /api/search HTTP/1.1" 200 4108 "https://example.com/" "Mozilla/5.0 (Windows NT 10.0; Win64; x64) AppleWebKit/537.36"
172.16.0.10 - - [06/May/2026:06:41:05 +0000] "GET /static/css/style.css HTTP/1.1" 200 39999 "https://example.com/" "Mozilla/5.0 (X11; Linux x86_64) AppleWebKit/537.36"
203.0.113.45 - - [06/May/2026:06:41:23 +0000] "POST /api/orders HTTP/1.1" 201 42233 "-" "curl/7.68.0"
203.0.113.45 - - [06/May/2026:06:53:57 +0000] "GET /static/css/style.css HTTP/1.1" 200 29230 "https://example.com/" "curl/7.68.0"
192.168.1.100 - - [06/May/2026:07:06:52 +0000] "GET /api/products HTTP/1.1" 200 45169 "-" "Python-urllib/3.8"
192.168.1.100 - - [06/May/2026:07:05:34 +0000] "GET /api/orders HTTP/1.1" 200 20922 "-" "Mozilla/5.0 (Windows NT 10.0; Win64; x64) AppleWebKit/537.36"
10.0.0.50 - - [06/May/2026:07:22:43 +0000] "GET / HTTP/1.1" 200 40715 "https://example.com/" "Mozilla/5.0 (Windows NT 10.0; Win64; x64) AppleWebKit/537.36"
10.0.0.50 - - [06/May/2026:07:21:49 +0000] "GET /api/orders HTTP/1.1" 200 3358 "-" "Python-urllib/3.8"
93.184.216.34 - - [06/May/2026:07:30:58 +0000] "DELETE /api/orders HTTP/1.1" 200 49319 "https://example.com/" "Mozilla/5.0 (X11; Linux x86_64) AppleWebKit/537.36"
192.168.1.102 - - [06/May/2026:07:47:07 +0000] "GET / HTTP/1.1" 200 46491 "https://example.com/" "curl/7.68.0"
203.0.113.45 - - [06/May/2026:08:02:45 +0000] "POST /api/products HTTP/1.1" 200 11921 "-" "Mozilla/5.0 (Windows NT 10.0; Win64; x64) AppleWebKit/537.36"
93.184.216.34 - - [06/May/2026:08:01:39 +0000] "POST /index.html HTTP/1.1" 200 10734 "https://example.com/" "Python-urllib/3.8"
198.51.100.23 - - [06/May/2026:08:20:51 +0000] "GET / HTTP/1.1" 200 25514 "https://example.com/" "Mozilla/5.0 (Macintosh; Intel Mac OS X 10_15_7) AppleWebKit/537.36"
172.16.0.20 - - [06/May/2026:08:14:34 +0000] "PATCH /api/products HTTP/1.1" 200 2258 "https://example.com/" "Python-urllib/3.8"
192.168.1.101 - - [06/May/2026:08:28:29 +0000] "POST / HTTP/1.1" 200 24016 "https://example.com/" "Python-urllib/3.8"
172.16.0.20 - - [06/May/2026:08:29:27 +0000] "GET /index.html HTTP/1.1" 200 1620 "https://example.com/" "Mozilla/5.0 (Macintosh; Intel Mac OS X 10_15_7) AppleWebKit/537.36"
198.51.100.23 - - [06/May/2026:08:39:11 +0000] "PUT /static/css/style.css HTTP/1.1" 200 31492 "-" "Mozilla/5.0 (X11; Linux x86_64) AppleWebKit/537.36"
203.0.113.45 - - [06/May/2026:08:51:13 +0000] "GET / HTTP/1.1" 200 24386 "https://example.com/" "Mozilla/5.0 (X11; Linux x86_64) AppleWebKit/537.36"
192.168.1.100 - - [06/May/2026:09:07:09 +0000] "GET /index.html HTTP/1.1" 200 28552 "-" "Mozilla/5.0 (Windows NT 10.0; Win64; x64) AppleWebKit/537.36"
203.0.113.45 - - [06/May/2026:09:15:21 +0000] "GET /index.html HTTP/1.1" 200 23096 "-" "Mozilla/5.0 (Macintosh; Intel Mac OS X 10_15_7) AppleWebKit/537.36"
198.51.100.23 - - [06/May/2026:09:26:26 +0000] "GET /images/logo.png HTTP/1.1" 200 26989 "https://example.com/" "Python-urllib/3.8"
192.168.1.101 - - [06/May/2026:09:23:41 +0000] "GET /api/search HTTP/1.1" 200 24155 "-" "Mozilla/5.0 (Macintosh; Intel Mac OS X 10_15_7) AppleWebKit/537.36"
192.168.1.100 - - [06/May/2026:09:34:08 +0000] "GET /admin/login HTTP/1.1" 351 40427 "https://example.com/" "curl/7.68.0"
172.16.0.10 - - [06/May/2026:09:50:37 +0000] "GET /images/logo.png HTTP/1.1" 200 27367 "https://example.com/" "Mozilla/5.0 (Windows NT 10.0; Win64; x64) AppleWebKit/537.36"
198.51.100.23 - - [06/May/2026:09:47:04 +0000] "POST /static/css/style.css HTTP/1.1" 200 24263 "-" "Mozilla/5.0 (Windows NT 10.0; Win64; x64) AppleWebKit/537.36"
172.16.0.10 - - [06/May/2026:10:00:00 +0000] "GET /api/users HTTP/1.1" 200 30359 "-" "Mozilla/5.0 (X11; Linux x86_64) AppleWebKit/537.36"
10.0.0.51 - - [06/May/2026:10:10:11 +0000] "GET /images/logo.png HTTP/1.1" 200 47976 "https://example.com/" "Mozilla/5.0 (Windows NT 10.0; Win64; x64) AppleWebKit/537.36"
203.0.113.45 - - [06/May/2026:10:21:42 +0000] "POST /index.html HTTP/1.1" 200 25272 "https://example.com/" "Mozilla/5.0 (Macintosh; Intel Mac OS X 10_15_7) AppleWebKit/537.36"
198.51.100.23 - - [06/May/2026:10:33:28 +0000] "POST /static/css/style.css HTTP/1.1" 200 5221 "https://example.com/" "curl/7.68.0"
192.168.1.101 - - [06/May/2026:10:37:00 +0000] "GET / HTTP/1.1" 200 31902 "https://example.com/" "Mozilla/5.0 (X11; Linux x86_64) AppleWebKit/537.36"
10.0.0.50 - - [06/May/2026:10:38:36 +0000] "GET /static/css/style.css HTTP/1.1" 200 48685 "https://example.com/" "Mozilla/5.0 (X11; Linux x86_64) AppleWebKit/537.36"
192.168.1.100 - - [06/May/2026:11:00:34 +0000] "POST /static/js/app.js HTTP/1.1" 200 24778 "https://example.com/" "Mozilla/5.0 (X11; Linux x86_64) AppleWebKit/537.36"
10.0.1.100 - - [06/May/2026:11:11:33 +0000] "GET /static/js/app.js HTTP/1.1" 200 50197 "https://example.com/" "Python-urllib/3.8"
198.51.100.23 - - [06/May/2026:11:16:19 +0000] "POST / HTTP/1.1" 200 43200 "-" "Mozilla/5.0 (Macintosh; Intel Mac OS X 10_15_7) AppleWebKit/537.36"
192.168.1.101 - - [06/May/2026:11:13:03 +0000] "POST / HTTP/1.1" 200 34692 "https://example.com/" "Python-urllib/3.8"
10.0.1.100 - - [06/May/2026:11:40:24 +0000] "GET /index.html HTTP/1.1" 200 44397 "https://example.com/" "Mozilla/5.0 (X11; Linux x86_64) AppleWebKit/537.36"
192.168.1.102 - - [06/May/2026:11:44:51 +0000] "DELETE /api/orders HTTP/1.1" 201 10807 "-" "Python-urllib/3.8"
172.16.0.10 - - [06/May/2026:11:49:45 +0000] "GET /images/logo.png HTTP/1.1" 200 30276 "https://example.com/" "Mozilla/5.0 (X11; Linux x86_64) AppleWebKit/537.36"
172.16.0.20 - - [06/May/2026:11:48:33 +0000] "GET /index.html HTTP/1.1" 200 34066 "https://example.com/" "curl/7.68.0"
192.168.1.101 - - [06/May/2026:12:00:52 +0000] "PUT /admin/login HTTP/1.1" 230 13737 "https://example.com/" "Python-urllib/3.8"
10.0.1.100 - - [06/May/2026:12:08:04 +0000] "DELETE / HTTP/1.1" 200 7064 "https://example.com/" "Mozilla/5.0 (Windows NT 10.0; Win64; x64) AppleWebKit/537.36"
192.168.1.100 - - [06/May/2026:12:29:56 +0000] "GET /index.html HTTP/1.1" 200 23242 "https://example.com/" "Python-urllib/3.8"
198.51.100.23 - - [06/May/2026:12:25:20 +0000] "GET /index.html HTTP/1.1" 200 43125 "https://example.com/" "Mozilla/5.0 (Windows NT 10.0; Win64; x64) AppleWebKit/537.36"
10.0.0.50 - - [06/May/2026:12:39:56 +0000] "POST / HTTP/1.1" 200 42653 "-" "Mozilla/5.0 (Windows NT 10.0; Win64; x64) AppleWebKit/537.36"
10.0.1.100 - - [06/May/2026:12:47:34 +0000] "PATCH /admin/login HTTP/1.1" 388 10546 "https://example.com/" "Python-urllib/3.8"
172.16.0.20 - - [06/May/2026:12:55:49 +0000] "POST / HTTP/1.1" 200 39242 "https://example.com/" "curl/7.68.0"
10.0.1.100 - - [06/May/2026:13:03:19 +0000] "GET / HTTP/1.1" 200 10298 "-" "Mozilla/5.0 (Windows NT 10.0; Win64; x64) AppleWebKit/537.36"
10.0.1.100 - - [06/May/2026:13:20:10 +0000] "GET /api/search HTTP/1.1" 200 44110 "https://example.com/" "Mozilla/5.0 (X11; Linux x86_64) AppleWebKit/537.36"
198.51.100.23 - - [06/May/2026:13:16:23 +0000] "GET /static/css/style.css HTTP/1.1" 200 44268 "https://example.com/" "Mozilla/5.0 (Windows NT 10.0; Win64; x64) AppleWebKit/537.36"
172.16.0.10 - - [06/May/2026:13:24:30 +0000] "GET / HTTP/1.1" 200 22963 "https://example.com/" "Mozilla/5.0 (Macintosh; Intel Mac OS X 10_15_7) AppleWebKit/537.36"
10.0.0.50 - - [06/May/2026:13:37:07 +0000] "GET / HTTP/1.1" 200 9777 "https://example.com/" "curl/7.68.0"
10.0.0.50 - - [06/May/2026:13:50:15 +0000] "POST /index.html HTTP/1.1" 200 37637 "-" "Python-urllib/3.8"
10.0.0.51 - - [06/May/2026:13:52:39 +0000] "POST /images/logo.png HTTP/1.1" 200 14485 "-" "curl/7.68.0"
172.16.0.20 - - [06/May/2026:14:11:22 +0000] "GET /images/logo.png HTTP/1.1" 200 25602 "https://example.com/" "Mozilla/5.0 (X11; Linux x86_64) AppleWebKit/537.36"
172.16.0.20 - - [06/May/2026:14:10:13 +0000] "GET /api/orders HTTP/1.1" 201 30323 "-" "curl/7.68.0"
10.0.0.50 - - [06/May/2026:14:15:57 +0000] "GET / HTTP/1.1" 200 12733 "-" "Mozilla/5.0 (X11; Linux x86_64) AppleWebKit/537.36"
10.0.0.51 - - [06/May/2026:14:25:34 +0000] "GET /static/js/app.js HTTP/1.1" 200 783 "https://example.com/" "Mozilla/5.0 (Macintosh; Intel Mac OS X 10_15_7) AppleWebKit/537.36"
10.0.1.100 - - [06/May/2026:14:43:37 +0000] "GET /images/logo.png HTTP/1.1" 200 38684 "https://example.com/" "Mozilla/5.0 (Windows NT 10.0; Win64; x64) AppleWebKit/537.36"
192.168.1.102 - - [06/May/2026:14:47:47 +0000] "GET /static/css/style.css HTTP/1.1" 200 9660 "https://example.com/" "curl/7.68.0"
93.184.216.34 - - [06/May/2026:15:03:43 +0000] "GET /static/js/app.js HTTP/1.1" 200 2936 "https://example.com/" "Python-urllib/3.8"
192.168.1.100 - - [06/May/2026:15:01:15 +0000] "GET /static/css/style.css HTTP/1.1" 200 26172 "https://example.com/" "Mozilla/5.0 (Windows NT 10.0; Win64; x64) AppleWebKit/537.36"
10.0.0.51 - - [06/May/2026:15:10:31 +0000] "GET /api/products HTTP/1.1" 200 8972 "-" "Python-urllib/3.8"
203.0.113.45 - - [06/May/2026:15:24:59 +0000] "GET /static/css/style.css HTTP/1.1" 200 46759 "https://example.com/" "Mozilla/5.0 (Macintosh; Intel Mac OS X 10_15_7) AppleWebKit/537.36"
10.0.0.50 - - [06/May/2026:15:25:32 +0000] "GET /api/orders HTTP/1.1" 200 3448 "https://example.com/" "Mozilla/5.0 (X11; Linux x86_64) AppleWebKit/537.36"
93.184.216.34 - - [06/May/2026:15:35:24 +0000] "GET /index.html HTTP/1.1" 200 2384 "https://example.com/" "Mozilla/5.0 (Macintosh; Intel Mac OS X 10_15_7) AppleWebKit/537.36"
192.168.1.102 - - [06/May/2026:15:46:27 +0000] "GET /api/users HTTP/1.1" 200 48024 "https://example.com/" "Mozilla/5.0 (Macintosh; Intel Mac OS X 10_15_7) AppleWebKit/537.36"
10.0.0.50 - - [06/May/2026:16:06:02 +0000] "GET /images/logo.png HTTP/1.1" 200 13661 "https://example.com/" "Mozilla/5.0 (Windows NT 10.0; Win64; x64) AppleWebKit/537.36"
10.0.1.100 - - [06/May/2026:16:05:27 +0000] "POST /index.html HTTP/1.1" 200 22689 "https://example.com/" "Python-urllib/3.8"
192.168.1.100 - - [06/May/2026:16:17:22 +0000] "PATCH /api/users HTTP/1.1" 200 27201 "-" "curl/7.68.0"
10.0.1.100 - - [06/May/2026:16:17:37 +0000] "POST /images/logo.png HTTP/1.1" 200 19352 "https://example.com/" "Mozilla/5.0 (Windows NT 10.0; Win64; x64) AppleWebKit/537.36"
203.0.113.45 - - [06/May/2026:16:28:38 +0000] "GET /api/orders HTTP/1.1" 201 6430 "https://example.com/" "Mozilla/5.0 (X11; Linux x86_64) AppleWebKit/537.36"
192.168.1.102 - - [06/May/2026:16:46:48 +0000] "GET /images/logo.png HTTP/1.1" 200 536 "https://example.com/" "Mozilla/5.0 (Windows NT 10.0; Win64; x64) AppleWebKit/537.36"
93.184.216.34 - - [06/May/2026:16:57:37 +0000] "GET /static/css/style.css HTTP/1.1" 200 37290 "https://example.com/" "Mozilla/5.0 (X11; Linux x86_64) AppleWebKit/537.36"
10.0.0.51 - - [06/May/2026:17:08:08 +0000] "GET / HTTP/1.1" 200 2383 "-" "Mozilla/5.0 (X11; Linux x86_64) AppleWebKit/537.36"
192.168.1.102 - - [06/May/2026:17:06:24 +0000] "GET /index.html HTTP/1.1" 200 10505 "-" "Mozilla/5.0 (Windows NT 10.0; Win64; x64) AppleWebKit/537.36"
10.0.1.100 - - [06/May/2026:17:11:57 +0000] "DELETE / HTTP/1.1" 200 19666 "https://example.com/" "curl/7.68.0"
198.51.100.23 - - [06/May/2026:17:15:02 +0000] "POST /index.html HTTP/1.1" 200 9770 "https://example.com/" "Mozilla/5.0 (X11; Linux x86_64) AppleWebKit/537.36"
192.168.1.102 - - [06/May/2026:17:24:39 +0000] "GET /api/orders HTTP/1.1" 200 31619 "https://example.com/" "Mozilla/5.0 (X11; Linux x86_64) AppleWebKit/537.36"
172.16.0.20 - - [06/May/2026:17:41:26 +0000] "GET / HTTP/1.1" 200 43172 "-" "curl/7.68.0"
198.51.100.23 - - [06/May/2026:17:55:13 +0000] "POST /api/orders HTTP/1.1" 201 1666 "https://example.com/" "curl/7.68.0"
198.51.100.23 - - [06/May/2026:18:05:04 +0000] "POST / HTTP/1.1" 200 17183 "https://example.com/" "Mozilla/5.0 (X11; Linux x86_64) AppleWebKit/537.36"
10.0.0.51 - - [06/May/2026:17:59:36 +0000] "GET /static/css/style.css HTTP/1.1" 200 43015 "https://example.com/" "curl/7.68.0"
198.51.100.23 - - [06/May/2026:18:10:09 +0000] "POST /api/users HTTP/1.1" 200 13271 "-" "Mozilla/5.0 (X11; Linux x86_64) AppleWebKit/537.36"
192.168.1.101 - - [06/May/2026:18:32:45 +0000] "PUT / HTTP/1.1" 200 40035 "https://example.com/" "Python-urllib/3.8"
10.0.1.100 - - [06/May/2026:18:42:29 +0000] "GET /api/products HTTP/1.1" 200 45263 "-" "Mozilla/5.0 (X11; Linux x86_64) AppleWebKit/537.36"
192.168.1.100 - - [06/May/2026:18:49:24 +0000] "GET /api/products HTTP/1.1" 200 46261 "-" "curl/7.68.0"
172.16.0.20 - - [06/May/2026:18:58:32 +0000] "GET /static/js/app.js HTTP/1.1" 200 37359 "-" "Python-urllib/3.8"
192.168.1.100 - - [06/May/2026:18:50:33 +0000] "GET /static/css/style.css HTTP/1.1" 200 1604 "https://example.com/" "Mozilla/5.0 (X11; Linux x86_64) AppleWebKit/537.36"
10.0.0.51 - - [06/May/2026:19:09:20 +0000] "POST /images/logo.png HTTP/1.1" 200 16953 "-" "Mozilla/5.0 (Macintosh; Intel Mac OS X 10_15_7) AppleWebKit/537.36"
172.16.0.20 - - [06/May/2026:19:20:08 +0000] "POST / HTTP/1.1" 200 42660 "https://example.com/" "curl/7.68.0"
10.0.1.100 - - [06/May/2026:19:33:51 +0000] "GET /static/css/style.css HTTP/1.1" 200 30347 "-" "Mozilla/5.0 (Macintosh; Intel Mac OS X 10_15_7) AppleWebKit/537.36"
198.51.100.23 - - [06/May/2026:19:36:22 +0000] "GET /api/orders HTTP/1.1" 200 32346 "https://example.com/" "curl/7.68.0"
203.0.113.45 - - [06/May/2026:19:51:50 +0000] "GET /api/search HTTP/1.1" 200 32341 "https://example.com/" "Mozilla/5.0 (X11; Linux x86_64) AppleWebKit/537.36"
10.0.1.100 - - [06/May/2026:19:56:50 +0000] "POST /api/orders HTTP/1.1" 201 11144 "https://example.com/" "Python-urllib/3.8"
172.16.0.20 - - [06/May/2026:20:01:18 +0000] "GET /api/users HTTP/1.1" 200 48796 "https://example.com/" "Mozilla/5.0 (Macintosh; Intel Mac OS X 10_15_7) AppleWebKit/537.36"
10.0.1.100 - - [06/May/2026:20:11:19 +0000] "POST /images/logo.png HTTP/1.1" 200 18524 "https://example.com/" "Mozilla/5.0 (Windows NT 10.0; Win64; x64) AppleWebKit/537.36"
203.0.113.45 - - [06/May/2026:20:09:10 +0000] "GET /api/orders HTTP/1.1" 201 36221 "https://example.com/" "Mozilla/5.0 (X11; Linux x86_64) AppleWebKit/537.36"
10.0.0.51 - - [06/May/2026:20:20:17 +0000] "GET /images/logo.png HTTP/1.1" 200 6795 "https://example.com/" "Python-urllib/3.8"
198.51.100.23 - - [06/May/2026:20:42:01 +0000] "GET /static/js/app.js HTTP/1.1" 200 4410 "https://example.com/" "Mozilla/5.0 (Windows NT 10.0; Win64; x64) AppleWebKit/537.36"
93.184.216.34 - - [06/May/2026:20:51:01 +0000] "POST /images/logo.png HTTP/1.1" 200 1854 "-" "Mozilla/5.0 (Macintosh; Intel Mac OS X 10_15_7) AppleWebKit/537.36"
172.16.0.10 - - [06/May/2026:20:45:56 +0000] "POST /index.html HTTP/1.1" 200 14758 "-" "Mozilla/5.0 (X11; Linux x86_64) AppleWebKit/537.36"
192.168.1.100 - - [06/May/2026:21:10:39 +0000] "GET /api/users HTTP/1.1" 200 8901 "https://example.com/" "Mozilla/5.0 (Windows NT 10.0; Win64; x64) AppleWebKit/537.36"
172.16.0.10 - - [06/May/2026:21:17:08 +0000] "POST /images/logo.png HTTP/1.1" 200 11220 "-" "Python-urllib/3.8"
192.168.1.101 - - [06/May/2026:21:12:08 +0000] "POST / HTTP/1.1" 200 19449 "-" "Mozilla/5.0 (Macintosh; Intel Mac OS X 10_15_7) AppleWebKit/537.36"
192.168.1.100 - - [06/May/2026:21:28:39 +0000] "PUT /static/css/style.css HTTP/1.1" 200 42861 "https://example.com/" "Python-urllib/3.8"
10.0.0.50 - - [06/May/2026:21:42:33 +0000] "GET / HTTP/1.1" 200 33867 "https://example.com/" "Python-urllib/3.8"
10.0.0.51 - - [06/May/2026:21:37:01 +0000] "POST /static/js/app.js HTTP/1.1" 200 43589 "https://example.com/" "Mozilla/5.0 (Macintosh; Intel Mac OS X 10_15_7) AppleWebKit/537.36"
10.0.1.100 - - [06/May/2026:21:45:32 +0000] "GET /api/orders HTTP/1.1" 200 30500 "https://example.com/" "Python-urllib/3.8"
10.0.0.50 - - [06/May/2026:21:58:37 +0000] "GET /static/js/app.js HTTP/1.1" 200 24001 "https://example.com/" "Mozilla/5.0 (X11; Linux x86_64) AppleWebKit/537.36"
10.0.1.100 - - [06/May/2026:22:18:05 +0000] "GET /static/css/style.css HTTP/1.1" 200 18354 "-" "Mozilla/5.0 (X11; Linux x86_64) AppleWebKit/537.36"
93.184.216.34 - - [06/May/2026:22:23:40 +0000] "GET /api/users HTTP/1.1" 200 17173 "https://example.com/" "Mozilla/5.0 (X11; Linux x86_64) AppleWebKit/537.36"
203.0.113.45 - - [06/May/2026:22:22:05 +0000] "GET /static/css/style.css HTTP/1.1" 200 46988 "-" "Mozilla/5.0 (X11; Linux x86_64) AppleWebKit/537.36"
172.16.0.10 - - [06/May/2026:22:34:11 +0000] "POST /api/search HTTP/1.1" 200 44519 "https://example.com/" "curl/7.68.0"
203.0.113.45 - - [06/May/2026:22:52:33 +0000] "POST /static/js/app.js HTTP/1.1" 200 33649 "-" "Mozilla/5.0 (Windows NT 10.0; Win64; x64) AppleWebKit/537.36"
203.0.113.45 - - [06/May/2026:22:46:44 +0000] "POST /api/users HTTP/1.1" 200 8391 "-" "Mozilla/5.0 (X11; Linux x86_64) AppleWebKit/537.36"
172.16.0.10 - - [06/May/2026:22:54:42 +0000] "GET /static/js/app.js HTTP/1.1" 200 15111 "https://example.com/" "Mozilla/5.0 (Windows NT 10.0; Win64; x64) AppleWebKit/537.36"
10.0.0.51 - - [06/May/2026:23:12:15 +0000] "PUT / HTTP/1.1" 200 20383 "https://example.com/" "Mozilla/5.0 (Windows NT 10.0; Win64; x64) AppleWebKit/537.36"
192.168.1.101 - - [06/May/2026:23:13:29 +0000] "POST /images/logo.png HTTP/1.1" 200 14411 "-" "Mozilla/5.0 (Windows NT 10.0; Win64; x64) AppleWebKit/537.36"
203.0.113.45 - - [06/May/2026:23:28:05 +0000] "GET /static/js/app.js HTTP/1.1" 200 3931 "https://example.com/" "Python-urllib/3.8"
10.0.1.100 - - [06/May/2026:23:41:54 +0000] "GET /static/js/app.js HTTP/1.1" 200 50180 "https://example.com/" "Mozilla/5.0 (Macintosh; Intel Mac OS X 10_15_7) AppleWebKit/537.36"
93.184.216.34 - - [06/May/2026:23:52:33 +0000] "GET / HTTP/1.1" 200 29600 "-" "curl/7.68.0"
192.168.1.100 - - [06/May/2026:23:46:04 +0000] "GET /images/logo.png HTTP/1.1" 200 18110 "-" "Mozilla/5.0 (Windows NT 10.0; Win64; x64) AppleWebKit/537.36"
172.16.0.10 - - [07/May/2026:00:11:08 +0000] "GET /index.html HTTP/1.1" 200 32628 "https://example.com/" "Mozilla/5.0 (Windows NT 10.0; Win64; x64) AppleWebKit/537.36"
192.168.1.100 - - [07/May/2026:00:20:24 +0000] "POST / HTTP/1.1" 200 3457 "-" "Mozilla/5.0 (X11; Linux x86_64) AppleWebKit/537.36"
192.168.1.101 - - [07/May/2026:00:12:53 +0000] "GET /index.html HTTP/1.1" 200 10861 "-" "Mozilla/5.0 (Windows NT 10.0; Win64; x64) AppleWebKit/537.36"
192.168.1.100 - - [07/May/2026:00:22:43 +0000] "GET /api/search HTTP/1.1" 200 48595 "https://example.com/" "Mozilla/5.0 (Windows NT 10.0; Win64; x64) AppleWebKit/537.36"
192.168.1.102 - - [07/May/2026:00:35:26 +0000] "GET /index.html HTTP/1.1" 200 43542 "https://example.com/" "Mozilla/5.0 (Macintosh; Intel Mac OS X 10_15_7) AppleWebKit/537.36"
192.168.1.100 - - [07/May/2026:00:41:50 +0000] "GET / HTTP/1.1" 200 32712 "https://example.com/" "curl/7.68.0"
10.0.0.51 - - [07/May/2026:01:02:58 +0000] "POST /index.html HTTP/1.1" 200 21715 "-" "Mozilla/5.0 (Macintosh; Intel Mac OS X 10_15_7) AppleWebKit/537.36"
10.0.0.51 - - [07/May/2026:01:05:52 +0000] "POST /api/search HTTP/1.1" 200 1534 "https://example.com/" "Mozilla/5.0 (Windows NT 10.0; Win64; x64) AppleWebKit/537.36"
172.16.0.20 - - [07/May/2026:01:06:15 +0000] "GET / HTTP/1.1" 200 35052 "https://example.com/" "Python-urllib/3.8"
192.168.1.100 - - [07/May/2026:01:22:38 +0000] "GET /static/js/app.js HTTP/1.1" 200 27628 "https://example.com/" "Mozilla/5.0 (Macintosh; Intel Mac OS X 10_15_7) AppleWebKit/537.36"
192.168.1.102 - - [07/May/2026:01:21:11 +0000] "GET /api/search HTTP/1.1" 200 33433 "-" "Mozilla/5.0 (Windows NT 10.0; Win64; x64) AppleWebKit/537.36"
198.51.100.23 - - [07/May/2026:01:29:57 +0000] "GET /api/search HTTP/1.1" 200 35231 "https://example.com/" "Mozilla/5.0 (Windows NT 10.0; Win64; x64) AppleWebKit/537.36"
198.51.100.23 - - [07/May/2026:01:52:13 +0000] "GET /images/logo.png HTTP/1.1" 200 3644 "-" "Mozilla/5.0 (X11; Linux x86_64) AppleWebKit/537.36"
10.0.1.100 - - [07/May/2026:01:59:42 +0000] "GET /admin/login HTTP/1.1" 201 29094 "https://example.com/" "Mozilla/5.0 (X11; Linux x86_64) AppleWebKit/537.36"
93.184.216.34 - - [07/May/2026:02:10:06 +0000] "PATCH /images/logo.png HTTP/1.1" 200 49384 "-" "Mozilla/5.0 (X11; Linux x86_64) AppleWebKit/537.36"
198.51.100.23 - - [07/May/2026:02:13:37 +0000] "GET /api/orders HTTP/1.1" 201 7014 "https://example.com/" "Python-urllib/3.8"
10.0.0.51 - - [07/May/2026:02:24:29 +0000] "PUT / HTTP/1.1" 200 12055 "-" "Mozilla/5.0 (Windows NT 10.0; Win64; x64) AppleWebKit/537.36"
10.0.1.100 - - [07/May/2026:02:30:54 +0000] "GET /api/orders HTTP/1.1" 200 38655 "https://example.com/" "Mozilla/5.0 (X11; Linux x86_64) AppleWebKit/537.36"
192.168.1.102 - - [07/May/2026:02:28:10 +0000] "GET /api/search HTTP/1.1" 200 46308 "https://example.com/" "Mozilla/5.0 (X11; Linux x86_64) AppleWebKit/537.36"
192.168.1.102 - - [07/May/2026:02:44:53 +0000] "GET /static/css/style.css HTTP/1.1" 200 13896 "https://example.com/" "curl/7.68.0"
93.184.216.34 - - [07/May/2026:02:51:42 +0000] "POST /api/search HTTP/1.1" 200 36821 "-" "Mozilla/5.0 (Windows NT 10.0; Win64; x64) AppleWebKit/537.36"
10.0.0.50 - - [07/May/2026:03:05:41 +0000] "PUT /api/search HTTP/1.1" 200 15875 "https://example.com/" "Mozilla/5.0 (X11; Linux x86_64) AppleWebKit/537.36"
93.184.216.34 - - [07/May/2026:03:08:02 +0000] "GET /static/css/style.css HTTP/1.1" 200 16298 "https://example.com/" "Mozilla/5.0 (X11; Linux x86_64) AppleWebKit/537.36"
10.0.0.51 - - [07/May/2026:03:17:08 +0000] "POST /api/internal HTTP/1.1" 501 201 "https://example.com/" "Mozilla/5.0 (Windows NT 10.0; Win64; x64) AppleWebKit/537.36"
10.0.0.50 - - [07/May/2026:03:27:44 +0000] "GET /static/js/app.js HTTP/1.1" 200 16932 "https://example.com/" "Mozilla/5.0 (X11; Linux x86_64) AppleWebKit/537.36"
203.0.113.45 - - [07/May/2026:03:37:39 +0000] "GET /api/search HTTP/1.1" 200 39982 "-" "Python-urllib/3.8"
203.0.113.45 - - [07/May/2026:03:39:16 +0000] "GET /static/js/app.js HTTP/1.1" 200 12965 "https://example.com/" "Mozilla/5.0 (Macintosh; Intel Mac OS X 10_15_7) AppleWebKit/537.36"
10.0.1.100 - - [07/May/2026:03:58:51 +0000] "POST /api/search HTTP/1.1" 200 47556 "https://example.com/" "Mozilla/5.0 (Windows NT 10.0; Win64; x64) AppleWebKit/537.36"
93.184.216.34 - - [07/May/2026:04:07:01 +0000] "GET / HTTP/1.1" 200 37992 "https://example.com/" "Python-urllib/3.8"
172.16.0.20 - - [07/May/2026:04:15:04 +0000] "GET /api/orders HTTP/1.1" 201 29556 "https://example.com/" "Mozilla/5.0 (Macintosh; Intel Mac OS X 10_15_7) AppleWebKit/537.36"
192.168.1.102 - - [07/May/2026:04:23:55 +0000] "GET /static/css/style.css HTTP/1.1" 200 24970 "https://example.com/" "Python-urllib/3.8"
10.0.0.51 - - [07/May/2026:04:34:53 +0000] "GET /admin/login HTTP/1.1" 367 29598 "-" "Mozilla/5.0 (X11; Linux x86_64) AppleWebKit/537.36"
10.0.1.100 - - [07/May/2026:04:34:08 +0000] "GET /images/logo.png HTTP/1.1" 200 4548 "-" "curl/7.68.0"
172.16.0.20 - - [07/May/2026:04:43:16 +0000] "GET /api/search HTTP/1.1" 200 11084 "https://example.com/" "Mozilla/5.0 (X11; Linux x86_64) AppleWebKit/537.36"
93.184.216.34 - - [07/May/2026:05:03:58 +0000] "GET /notfound HTTP/1.1" 404 244 "https://example.com/" "Mozilla/5.0 (Windows NT 10.0; Win64; x64) AppleWebKit/537.36"
192.168.1.101 - - [07/May/2026:05:01:56 +0000] "POST /index.html HTTP/1.1" 200 41242 "https://example.com/" "Mozilla/5.0 (Macintosh; Intel Mac OS X 10_15_7) AppleWebKit/537.36"
93.184.216.34 - - [07/May/2026:05:06:42 +0000] "POST /images/logo.png HTTP/1.1" 200 1436 "-" "Mozilla/5.0 (Windows NT 10.0; Win64; x64) AppleWebKit/537.36"
172.16.0.20 - - [07/May/2026:05:27:44 +0000] "GET /api/search HTTP/1.1" 200 9452 "https://example.com/" "Mozilla/5.0 (X11; Linux x86_64) AppleWebKit/537.36"
192.168.1.100 - - [07/May/2026:05:39:42 +0000] "GET /api/search HTTP/1.1" 200 49227 "-" "Mozilla/5.0 (Windows NT 10.0; Win64; x64) AppleWebKit/537.36"
10.0.0.51 - - [07/May/2026:05:33:57 +0000] "POST /api/search HTTP/1.1" 200 12065 "-" "Mozilla/5.0 (X11; Linux x86_64) AppleWebKit/537.36"
93.184.216.34 - - [07/May/2026:05:42:22 +0000] "GET /static/js/app.js HTTP/1.1" 200 47948 "https://example.com/" "Mozilla/5.0 (X11; Linux x86_64) AppleWebKit/537.36"
172.16.0.10 - - [07/May/2026:05:52:17 +0000] "GET / HTTP/1.1" 200 39861 "https://example.com/" "Mozilla/5.0 (Macintosh; Intel Mac OS X 10_15_7) AppleWebKit/537.36"
192.168.1.100 - - [07/May/2026:06:00:33 +0000] "GET /images/logo.png HTTP/1.1" 200 21921 "https://example.com/" "Mozilla/5.0 (Windows NT 10.0; Win64; x64) AppleWebKit/537.36"
192.168.1.100 - - [07/May/2026:06:19:46 +0000] "GET /api/users HTTP/1.1" 200 27392 "-" "Mozilla/5.0 (Windows NT 10.0; Win64; x64) AppleWebKit/537.36"
10.0.1.100 - - [07/May/2026:06:13:33 +0000] "GET /api/users HTTP/1.1" 200 14293 "https://example.com/" "Mozilla/5.0 (Macintosh; Intel Mac OS X 10_15_7) AppleWebKit/537.36"
192.168.1.102 - - [07/May/2026:06:41:08 +0000] "GET /images/logo.png HTTP/1.1" 200 9889 "https://example.com/" "Python-urllib/3.8"
192.168.1.101 - - [07/May/2026:06:42:24 +0000] "GET /images/logo.png HTTP/1.1" 200 48787 "https://example.com/" "curl/7.68.0"
172.16.0.10 - - [07/May/2026:06:40:20 +0000] "POST /api/products HTTP/1.1" 200 44681 "-" "Mozilla/5.0 (X11; Linux x86_64) AppleWebKit/537.36"
10.0.1.100 - - [07/May/2026:07:05:04 +0000] "GET /api/internal HTTP/1.1" 501 262 "-" "Mozilla/5.0 (X11; Linux x86_64) AppleWebKit/537.36"
10.0.0.50 - - [07/May/2026:07:04:47 +0000] "GET /api/orders HTTP/1.1" 201 36917 "-" "Python-urllib/3.8"
192.168.1.100 - - [07/May/2026:07:23:58 +0000] "GET /images/logo.png HTTP/1.1" 200 4171 "https://example.com/" "Mozilla/5.0 (X11; Linux x86_64) AppleWebKit/537.36"
198.51.100.23 - - [07/May/2026:07:14:35 +0000] "POST /api/products HTTP/1.1" 200 40846 "https://example.com/" "Mozilla/5.0 (Macintosh; Intel Mac OS X 10_15_7) AppleWebKit/537.36"
172.16.0.10 - - [07/May/2026:07:23:53 +0000] "GET /api/orders HTTP/1.1" 200 15104 "-" "curl/7.68.0"
192.168.1.101 - - [07/May/2026:07:36:56 +0000] "GET /index.html HTTP/1.1" 200 5151 "https://example.com/" "Mozilla/5.0 (Macintosh; Intel Mac OS X 10_15_7) AppleWebKit/537.36"
172.16.0.20 - - [07/May/2026:07:54:55 +0000] "POST /index.html HTTP/1.1" 200 28037 "https://example.com/" "Mozilla/5.0 (X11; Linux x86_64) AppleWebKit/537.36"
93.184.216.34 - - [07/May/2026:08:00:25 +0000] "GET /api/products HTTP/1.1" 200 20809 "-" "Mozilla/5.0 (Macintosh; Intel Mac OS X 10_15_7) AppleWebKit/537.36"
93.184.216.34 - - [07/May/2026:08:03:23 +0000] "POST / HTTP/1.1" 200 21127 "-" "Mozilla/5.0 (Windows NT 10.0; Win64; x64) AppleWebKit/537.36"
10.0.0.50 - - [07/May/2026:08:12:07 +0000] "GET / HTTP/1.1" 200 26902 "https://example.com/" "Python-urllib/3.8"
203.0.113.45 - - [07/May/2026:08:23:39 +0000] "GET /api/orders HTTP/1.1" 200 48283 "https://example.com/" "Mozilla/5.0 (Windows NT 10.0; Win64; x64) AppleWebKit/537.36"
10.0.1.100 - - [07/May/2026:08:26:05 +0000] "PATCH /index.html HTTP/1.1" 200 43685 "https://example.com/" "Mozilla/5.0 (X11; Linux x86_64) AppleWebKit/537.36"
198.51.100.23 - - [07/May/2026:08:38:49 +0000] "DELETE /images/logo.png HTTP/1.1" 200 14532 "https://example.com/" "curl/7.68.0"
192.168.1.101 - - [07/May/2026:08:44:28 +0000] "GET /api/search HTTP/1.1" 200 8035 "https://example.com/" "Mozilla/5.0 (Macintosh; Intel Mac OS X 10_15_7) AppleWebKit/537.36"
172.16.0.20 - - [07/May/2026:08:48:24 +0000] "POST /api/users HTTP/1.1" 200 33409 "https://example.com/" "Python-urllib/3.8"
192.168.1.100 - - [07/May/2026:09:00:50 +0000] "GET /api/orders HTTP/1.1" 200 31388 "https://example.com/" "Mozilla/5.0 (X11; Linux x86_64) AppleWebKit/537.36"
192.168.1.101 - - [07/May/2026:09:23:35 +0000] "PUT / HTTP/1.1" 200 27301 "-" "curl/7.68.0"
172.16.0.10 - - [07/May/2026:09:20:59 +0000] "POST /images/logo.png HTTP/1.1" 200 25529 "https://example.com/" "Python-urllib/3.8"
93.184.216.34 - - [07/May/2026:09:37:58 +0000] "POST /admin/login HTTP/1.1" 251 49845 "-" "Mozilla/5.0 (X11; Linux x86_64) AppleWebKit/537.36"
10.0.1.100 - - [07/May/2026:09:45:31 +0000] "GET /admin/login HTTP/1.1" 289 35378 "https://example.com/" "curl/7.68.0"
198.51.100.23 - - [07/May/2026:09:44:52 +0000] "GET / HTTP/1.1" 200 41017 "-" "Mozilla/5.0 (X11; Linux x86_64) AppleWebKit/537.36"
192.168.1.102 - - [07/May/2026:09:51:53 +0000] "GET /images/logo.png HTTP/1.1" 200 49144 "https://example.com/" "Mozilla/5.0 (Macintosh; Intel Mac OS X 10_15_7) AppleWebKit/537.36"
10.0.0.51 - - [07/May/2026:10:02:24 +0000] "GET /index.html HTTP/1.1" 200 48373 "-" "Mozilla/5.0 (X11; Linux x86_64) AppleWebKit/537.36"
203.0.113.45 - - [07/May/2026:10:12:33 +0000] "GET /images/logo.png HTTP/1.1" 200 6312 "https://example.com/" "Mozilla/5.0 (X11; Linux x86_64) AppleWebKit/537.36"
192.168.1.100 - - [07/May/2026:10:25:15 +0000] "GET /static/js/app.js HTTP/1.1" 200 24033 "https://example.com/" "Python-urllib/3.8"
10.0.0.51 - - [07/May/2026:10:36:32 +0000] "GET /images/logo.png HTTP/1.1" 200 32425 "-" "Mozilla/5.0 (X11; Linux x86_64) AppleWebKit/537.36"
93.184.216.34 - - [07/May/2026:10:34:37 +0000] "GET /images/logo.png HTTP/1.1" 200 25116 "https://example.com/" "curl/7.68.0"
172.16.0.10 - - [07/May/2026:10:55:16 +0000] "GET /api/search HTTP/1.1" 200 24696 "https://example.com/" "Mozilla/5.0 (Windows NT 10.0; Win64; x64) AppleWebKit/537.36"
203.0.113.45 - - [07/May/2026:10:55:05 +0000] "GET /index.html HTTP/1.1" 200 25806 "https://example.com/" "curl/7.68.0"
93.184.216.34 - - [07/May/2026:11:11:43 +0000] "POST /api/orders HTTP/1.1" 201 18039 "https://example.com/" "Python-urllib/3.8"
10.0.0.50 - - [07/May/2026:11:14:56 +0000] "POST /images/logo.png HTTP/1.1" 200 11384 "https://example.com/" "Python-urllib/3.8"
172.16.0.20 - - [07/May/2026:11:25:32 +0000] "GET /static/css/style.css HTTP/1.1" 200 2853 "https://example.com/" "Mozilla/5.0 (Macintosh; Intel Mac OS X 10_15_7) AppleWebKit/537.36"
192.168.1.102 - - [07/May/2026:11:30:32 +0000] "GET /static/js/app.js HTTP/1.1" 200 12139 "https://example.com/" "Mozilla/5.0 (Windows NT 10.0; Win64; x64) AppleWebKit/537.36"
203.0.113.45 - - [07/May/2026:11:51:26 +0000] "GET /static/js/app.js HTTP/1.1" 200 9050 "-" "Python-urllib/3.8"
10.0.0.50 - - [07/May/2026:11:54:58 +0000] "GET /api/products HTTP/1.1" 200 14471 "https://example.com/" "curl/7.68.0"
192.168.1.100 - - [07/May/2026:11:50:29 +0000] "POST /static/js/app.js HTTP/1.1" 200 19330 "https://example.com/" "Mozilla/5.0 (X11; Linux x86_64) AppleWebKit/537.36"
172.16.0.10 - - [07/May/2026:12:04:35 +0000] "GET /index.html HTTP/1.1" 200 1379 "https://example.com/" "curl/7.68.0"
10.0.0.50 - - [07/May/2026:12:15:29 +0000] "GET / HTTP/1.1" 200 47755 "-" "Mozilla/5.0 (Macintosh; Intel Mac OS X 10_15_7) AppleWebKit/537.36"
198.51.100.23 - - [07/May/2026:12:18:07 +0000] "POST / HTTP/1.1" 200 570 "https://example.com/" "Mozilla/5.0 (Windows NT 10.0; Win64; x64) AppleWebKit/537.36"
172.16.0.20 - - [07/May/2026:12:24:49 +0000] "GET / HTTP/1.1" 200 23571 "-" "Mozilla/5.0 (Macintosh; Intel Mac OS X 10_15_7) AppleWebKit/537.36"
10.0.1.100 - - [07/May/2026:12:37:47 +0000] "GET /images/logo.png HTTP/1.1" 200 15303 "https://example.com/" "curl/7.68.0"
198.51.100.23 - - [07/May/2026:12:48:38 +0000] "GET /api/search HTTP/1.1" 200 8647 "https://example.com/" "Mozilla/5.0 (Windows NT 10.0; Win64; x64) AppleWebKit/537.36"
198.51.100.23 - - [07/May/2026:12:59:17 +0000] "GET /static/css/style.css HTTP/1.1" 200 42268 "https://example.com/" "Mozilla/5.0 (X11; Linux x86_64) AppleWebKit/537.36"
192.168.1.101 - - [07/May/2026:13:08:32 +0000] "GET /index.html HTTP/1.1" 200 37577 "-" "Python-urllib/3.8"
172.16.0.20 - - [07/May/2026:13:09:00 +0000] "POST /index.html HTTP/1.1" 200 48543 "-" "curl/7.68.0"
192.168.1.100 - - [07/May/2026:13:22:36 +0000] "POST /index.html HTTP/1.1" 200 49855 "https://example.com/" "Mozilla/5.0 (X11; Linux x86_64) AppleWebKit/537.36"
198.51.100.23 - - [07/May/2026:13:35:30 +0000] "GET /index.html HTTP/1.1" 200 6033 "-" "Mozilla/5.0 (Windows NT 10.0; Win64; x64) AppleWebKit/537.36"
10.0.0.50 - - [07/May/2026:13:40:49 +0000] "GET /index.html HTTP/1.1" 200 32976 "-" "Mozilla/5.0 (Windows NT 10.0; Win64; x64) AppleWebKit/537.36"
10.0.1.100 - - [07/May/2026:13:46:58 +0000] "GET / HTTP/1.1" 200 30795 "https://example.com/" "Mozilla/5.0 (Macintosh; Intel Mac OS X 10_15_7) AppleWebKit/537.36"
192.168.1.100 - - [07/May/2026:14:02:50 +0000] "GET /api/search HTTP/1.1" 200 5140 "https://example.com/" "curl/7.68.0"
172.16.0.20 - - [07/May/2026:14:11:37 +0000] "GET / HTTP/1.1" 200 46845 "https://example.com/" "Mozilla/5.0 (X11; Linux x86_64) AppleWebKit/537.36"
10.0.0.50 - - [07/May/2026:14:11:39 +0000] "POST /static/css/style.css HTTP/1.1" 200 16376 "https://example.com/" "Mozilla/5.0 (Macintosh; Intel Mac OS X 10_15_7) AppleWebKit/537.36"
203.0.113.45 - - [07/May/2026:14:22:19 +0000] "GET /index.html HTTP/1.1" 200 35011 "https://example.com/" "Mozilla/5.0 (Windows NT 10.0; Win64; x64) AppleWebKit/537.36"
192.168.1.100 - - [07/May/2026:14:31:51 +0000] "POST /api/products HTTP/1.1" 200 18457 "https://example.com/" "Mozilla/5.0 (X11; Linux x86_64) AppleWebKit/537.36"
93.184.216.34 - - [07/May/2026:14:43:41 +0000] "GET /static/js/app.js HTTP/1.1" 200 33020 "https://example.com/" "Mozilla/5.0 (Windows NT 10.0; Win64; x64) AppleWebKit/537.36"
172.16.0.10 - - [07/May/2026:14:42:40 +0000] "GET /static/css/style.css HTTP/1.1" 200 16838 "-" "Mozilla/5.0 (Macintosh; Intel Mac OS X 10_15_7) AppleWebKit/537.36"
192.168.1.102 - - [07/May/2026:15:01:14 +0000] "GET /api/users HTTP/1.1" 200 1167 "https://example.com/" "Python-urllib/3.8"
203.0.113.45 - - [07/May/2026:15:12:37 +0000] "PUT / HTTP/1.1" 200 15306 "-" "curl/7.68.0"
198.51.100.23 - - [07/May/2026:15:26:52 +0000] "GET /api/users HTTP/1.1" 200 8820 "https://example.com/" "Python-urllib/3.8"
10.0.1.100 - - [07/May/2026:15:36:49 +0000] "GET /static/js/app.js HTTP/1.1" 200 23731 "https://example.com/" "Mozilla/5.0 (Macintosh; Intel Mac OS X 10_15_7) AppleWebKit/537.36"
203.0.113.45 - - [07/May/2026:15:38:23 +0000] "GET /images/logo.png HTTP/1.1" 200 42457 "https://example.com/" "Mozilla/5.0 (X11; Linux x86_64) AppleWebKit/537.36"
192.168.1.102 - - [07/May/2026:15:37:08 +0000] "POST /api/users HTTP/1.1" 200 18203 "-" "Mozilla/5.0 (Macintosh; Intel Mac OS X 10_15_7) AppleWebKit/537.36"
93.184.216.34 - - [07/May/2026:15:43:52 +0000] "GET /api/search HTTP/1.1" 200 35505 "https://example.com/" "Python-urllib/3.8"
10.0.0.50 - - [07/May/2026:15:52:46 +0000] "GET /api/users HTTP/1.1" 200 11861 "-" "Mozilla/5.0 (Macintosh; Intel Mac OS X 10_15_7) AppleWebKit/537.36"
10.0.0.50 - - [07/May/2026:16:03:21 +0000] "GET /api/search HTTP/1.1" 200 22772 "https://example.com/" "Mozilla/5.0 (Macintosh; Intel Mac OS X 10_15_7) AppleWebKit/537.36"
198.51.100.23 - - [07/May/2026:16:11:47 +0000] "GET /images/logo.png HTTP/1.1" 200 5727 "https://example.com/" "Mozilla/5.0 (Macintosh; Intel Mac OS X 10_15_7) AppleWebKit/537.36"
192.168.1.100 - - [07/May/2026:16:32:06 +0000] "GET /images/logo.png HTTP/1.1" 200 17263 "https://example.com/" "Python-urllib/3.8"
192.168.1.101 - - [07/May/2026:16:28:03 +0000] "GET /api/orders HTTP/1.1" 200 38770 "https://example.com/" "Mozilla/5.0 (Windows NT 10.0; Win64; x64) AppleWebKit/537.36"
203.0.113.45 - - [07/May/2026:16:41:10 +0000] "GET / HTTP/1.1" 200 30407 "https://example.com/" "Mozilla/5.0 (Macintosh; Intel Mac OS X 10_15_7) AppleWebKit/537.36"
172.16.0.10 - - [07/May/2026:17:00:11 +0000] "GET /static/js/app.js HTTP/1.1" 200 11377 "https://example.com/" "curl/7.68.0"
203.0.113.45 - - [07/May/2026:17:03:03 +0000] "GET /static/css/style.css HTTP/1.1" 200 49773 "-" "Mozilla/5.0 (X11; Linux x86_64) AppleWebKit/537.36"
203.0.113.45 - - [07/May/2026:17:09:03 +0000] "GET /api/products HTTP/1.1" 200 32130 "https://example.com/" "Mozilla/5.0 (X11; Linux x86_64) AppleWebKit/537.36"
10.0.0.50 - - [07/May/2026:17:20:07 +0000] "GET /index.html HTTP/1.1" 200 13647 "-" "Mozilla/5.0 (Windows NT 10.0; Win64; x64) AppleWebKit/537.36"
198.51.100.23 - - [07/May/2026:17:22:08 +0000] "POST /images/logo.png HTTP/1.1" 200 42852 "https://example.com/" "Mozilla/5.0 (Windows NT 10.0; Win64; x64) AppleWebKit/537.36"
198.51.100.23 - - [07/May/2026:17:39:33 +0000] "POST /static/js/app.js HTTP/1.1" 200 36039 "-" "curl/7.68.0"
10.0.1.100 - - [07/May/2026:17:42:02 +0000] "GET /api/products HTTP/1.1" 200 40777 "https://example.com/" "curl/7.68.0"
192.168.1.102 - - [07/May/2026:17:48:07 +0000] "GET /index.html HTTP/1.1" 200 50301 "https://example.com/" "Mozilla/5.0 (Macintosh; Intel Mac OS X 10_15_7) AppleWebKit/537.36"
192.168.1.102 - - [07/May/2026:17:54:56 +0000] "POST / HTTP/1.1" 200 41987 "-" "Mozilla/5.0 (Macintosh; Intel Mac OS X 10_15_7) AppleWebKit/537.36"
10.0.0.51 - - [07/May/2026:18:10:57 +0000] "POST /index.html HTTP/1.1" 200 32766 "-" "Mozilla/5.0 (Windows NT 10.0; Win64; x64) AppleWebKit/537.36"
198.51.100.23 - - [07/May/2026:18:12:22 +0000] "GET /api/users HTTP/1.1" 200 37832 "-" "Mozilla/5.0 (X11; Linux x86_64) AppleWebKit/537.36"
198.51.100.23 - - [07/May/2026:18:18:31 +0000] "GET /index.html HTTP/1.1" 200 6780 "https://example.com/" "Python-urllib/3.8"
172.16.0.20 - - [07/May/2026:18:41:42 +0000] "GET / HTTP/1.1" 200 5070 "https://example.com/" "Python-urllib/3.8"
203.0.113.45 - - [07/May/2026:18:36:37 +0000] "GET /api/users HTTP/1.1" 200 23329 "https://example.com/" "Mozilla/5.0 (Windows NT 10.0; Win64; x64) AppleWebKit/537.36"
192.168.1.101 - - [07/May/2026:18:48:24 +0000] "GET /static/js/app.js HTTP/1.1" 200 15918 "https://example.com/" "Mozilla/5.0 (Windows NT 10.0; Win64; x64) AppleWebKit/537.36"
10.0.0.51 - - [07/May/2026:19:12:07 +0000] "GET /api/search HTTP/1.1" 200 29903 "https://example.com/" "Mozilla/5.0 (Macintosh; Intel Mac OS X 10_15_7) AppleWebKit/537.36"
198.51.100.23 - - [07/May/2026:19:15:29 +0000] "GET /static/js/app.js HTTP/1.1" 200 3952 "https://example.com/" "Mozilla/5.0 (Macintosh; Intel Mac OS X 10_15_7) AppleWebKit/537.36"
10.0.0.51 - - [07/May/2026:19:17:14 +0000] "GET /api/search HTTP/1.1" 200 37212 "https://example.com/" "curl/7.68.0"
192.168.1.100 - - [07/May/2026:19:23:44 +0000] "GET /api/users HTTP/1.1" 200 14202 "https://example.com/" "Mozilla/5.0 (Windows NT 10.0; Win64; x64) AppleWebKit/537.36"
198.51.100.23 - - [07/May/2026:19:32:49 +0000] "GET /api/users HTTP/1.1" 200 41453 "https://example.com/" "Python-urllib/3.8"
198.51.100.23 - - [07/May/2026:19:41:16 +0000] "GET /index.html HTTP/1.1" 200 18772 "https://example.com/" "Mozilla/5.0 (Windows NT 10.0; Win64; x64) AppleWebKit/537.36"
192.168.1.100 - - [07/May/2026:19:46:50 +0000] "GET /static/js/app.js HTTP/1.1" 200 48575 "https://example.com/" "curl/7.68.0"
10.0.0.50 - - [07/May/2026:19:59:51 +0000] "GET /static/css/style.css HTTP/1.1" 200 41875 "-" "Python-urllib/3.8"
93.184.216.34 - - [07/May/2026:20:13:20 +0000] "POST / HTTP/1.1" 200 41467 "-" "Python-urllib/3.8"
192.168.1.100 - - [07/May/2026:20:21:53 +0000] "GET /static/js/app.js HTTP/1.1" 200 43982 "-" "Python-urllib/3.8"
198.51.100.23 - - [07/May/2026:20:21:06 +0000] "GET /static/css/style.css HTTP/1.1" 200 24472 "https://example.com/" "Mozilla/5.0 (Windows NT 10.0; Win64; x64) AppleWebKit/537.36"
172.16.0.20 - - [07/May/2026:20:42:05 +0000] "GET / HTTP/1.1" 200 18545 "-" "Mozilla/5.0 (X11; Linux x86_64) AppleWebKit/537.36"
192.168.1.100 - - [07/May/2026:20:46:08 +0000] "GET /static/js/app.js HTTP/1.1" 200 15705 "https://example.com/" "Mozilla/5.0 (Windows NT 10.0; Win64; x64) AppleWebKit/537.36"
203.0.113.45 - - [07/May/2026:20:54:48 +0000] "POST / HTTP/1.1" 200 42121 "-" "Mozilla/5.0 (X11; Linux x86_64) AppleWebKit/537.36"
203.0.113.45 - - [07/May/2026:21:05:36 +0000] "GET /index.html HTTP/1.1" 200 48946 "-" "Mozilla/5.0 (Windows NT 10.0; Win64; x64) AppleWebKit/537.36"
172.16.0.20 - - [07/May/2026:21:08:42 +0000] "POST /static/css/style.css HTTP/1.1" 200 6529 "https://example.com/" "curl/7.68.0"
172.16.0.10 - - [07/May/2026:21:18:16 +0000] "POST /api/search HTTP/1.1" 200 8121 "https://example.com/" "Python-urllib/3.8"
192.168.1.102 - - [07/May/2026:21:33:34 +0000] "GET /api/search HTTP/1.1" 200 13271 "https://example.com/" "Mozilla/5.0 (Macintosh; Intel Mac OS X 10_15_7) AppleWebKit/537.36"
192.168.1.102 - - [07/May/2026:21:47:31 +0000] "POST /images/logo.png HTTP/1.1" 200 21634 "https://example.com/" "curl/7.68.0"
10.0.0.51 - - [07/May/2026:21:42:37 +0000] "GET /static/js/app.js HTTP/1.1" 200 7385 "https://example.com/" "Mozilla/5.0 (X11; Linux x86_64) AppleWebKit/537.36"
10.0.0.50 - - [07/May/2026:21:53:30 +0000] "GET /static/css/style.css HTTP/1.1" 200 41725 "https://example.com/" "Mozilla/5.0 (Windows NT 10.0; Win64; x64) AppleWebKit/537.36"
203.0.113.45 - - [07/May/2026:21:55:08 +0000] "PUT /static/css/style.css HTTP/1.1" 200 17195 "https://example.com/" "Python-urllib/3.8"
10.0.0.50 - - [07/May/2026:22:14:06 +0000] "GET / HTTP/1.1" 200 16535 "https://example.com/" "curl/7.68.0"
192.168.1.101 - - [07/May/2026:22:23:40 +0000] "GET /static/css/style.css HTTP/1.1" 200 37473 "https://example.com/" "Python-urllib/3.8"
192.168.1.101 - - [07/May/2026:22:24:35 +0000] "GET / HTTP/1.1" 200 3719 "https://example.com/" "Mozilla/5.0 (Windows NT 10.0; Win64; x64) AppleWebKit/537.36"
172.16.0.10 - - [07/May/2026:22:36:20 +0000] "GET / HTTP/1.1" 200 43881 "https://example.com/" "Mozilla/5.0 (Macintosh; Intel Mac OS X 10_15_7) AppleWebKit/537.36"
192.168.1.100 - - [07/May/2026:22:51:22 +0000] "GET /api/products HTTP/1.1" 200 22474 "https://example.com/" "Mozilla/5.0 (Windows NT 10.0; Win64; x64) AppleWebKit/537.36"
10.0.1.100 - - [07/May/2026:23:05:33 +0000] "POST /index.html HTTP/1.1" 200 4328 "-" "Mozilla/5.0 (X11; Linux x86_64) AppleWebKit/537.36"
93.184.216.34 - - [07/May/2026:23:08:12 +0000] "GET /index.html HTTP/1.1" 200 50185 "-" "Mozilla/5.0 (Windows NT 10.0; Win64; x64) AppleWebKit/537.36"
10.0.0.51 - - [07/May/2026:23:11:05 +0000] "GET /index.html HTTP/1.1" 200 10742 "-" "curl/7.68.0"
172.16.0.10 - - [07/May/2026:23:31:43 +0000] "GET /api/orders HTTP/1.1" 201 17959 "https://example.com/" "Mozilla/5.0 (Macintosh; Intel Mac OS X 10_15_7) AppleWebKit/537.36"
192.168.1.100 - - [07/May/2026:23:30:33 +0000] "GET /index.html HTTP/1.1" 200 35534 "https://example.com/" "Mozilla/5.0 (Macintosh; Intel Mac OS X 10_15_7) AppleWebKit/537.36"
198.51.100.23 - - [07/May/2026:23:48:15 +0000] "GET /api/users HTTP/1.1" 200 49046 "https://example.com/" "Python-urllib/3.8"
192.168.1.100 - - [07/May/2026:23:41:05 +0000] "GET /api/users HTTP/1.1" 200 15264 "https://example.com/" "Mozilla/5.0 (X11; Linux x86_64) AppleWebKit/537.36"
172.16.0.10 - - [07/May/2026:23:49:00 +0000] "GET /index.html HTTP/1.1" 200 34864 "https://example.com/" "curl/7.68.0"
93.184.216.34 - - [07/May/2026:23:58:16 +0000] "GET /api/search HTTP/1.1" 200 2127 "-" "Mozilla/5.0 (X11; Linux x86_64) AppleWebKit/537.36"
10.0.0.50 - - [08/May/2026:00:07:31 +0000] "GET /images/logo.png HTTP/1.1" 200 12645 "https://example.com/" "Mozilla/5.0 (Macintosh; Intel Mac OS X 10_15_7) AppleWebKit/537.36"
10.0.0.51 - - [08/May/2026:00:24:08 +0000] "GET /images/logo.png HTTP/1.1" 200 40863 "https://example.com/" "Mozilla/5.0 (X11; Linux x86_64) AppleWebKit/537.36"
10.0.0.51 - - [08/May/2026:00:26:42 +0000] "GET /static/js/app.js HTTP/1.1" 200 39120 "https://example.com/" "Mozilla/5.0 (X11; Linux x86_64) AppleWebKit/537.36"
93.184.216.34 - - [08/May/2026:00:32:10 +0000] "GET /api/users HTTP/1.1" 200 43141 "-" "Python-urllib/3.8"
10.0.0.51 - - [08/May/2026:00:42:12 +0000] "GET /admin/login HTTP/1.1" 351 9950 "https://example.com/" "Mozilla/5.0 (Macintosh; Intel Mac OS X 10_15_7) AppleWebKit/537.36"
93.184.216.34 - - [08/May/2026:00:47:53 +0000] "GET /api/orders HTTP/1.1" 200 42575 "https://example.com/" "Mozilla/5.0 (Windows NT 10.0; Win64; x64) AppleWebKit/537.36"
198.51.100.23 - - [08/May/2026:01:13:58 +0000] "GET /api/internal HTTP/1.1" 500 301 "https://example.com/" "Mozilla/5.0 (X11; Linux x86_64) AppleWebKit/537.36"
172.16.0.20 - - [08/May/2026:01:16:47 +0000] "GET / HTTP/1.1" 200 17912 "-" "Python-urllib/3.8"
10.0.0.51 - - [08/May/2026:01:26:58 +0000] "DELETE /static/css/style.css HTTP/1.1" 200 4547 "https://example.com/" "Mozilla/5.0 (X11; Linux x86_64) AppleWebKit/537.36"
10.0.0.51 - - [08/May/2026:01:25:08 +0000] "PUT / HTTP/1.1" 200 24892 "-" "Mozilla/5.0 (X11; Linux x86_64) AppleWebKit/537.36"
