192.168.1.102 - - [04/May/2026:06:22:32 +0000] "GET /static/js/app.js HTTP/1.1" 200 16516 "-" "Python-urllib/3.8"
172.16.0.10 - - [04/May/2026:06:25:57 +0000] "GET / HTTP/1.1" 200 28407 "https://example.com/" "curl/7.68.0"
192.168.1.101 - - [04/May/2026:06:28:27 +0000] "GET / HTTP/1.1" 200 17958 "https://example.com/" "Mozilla/5.0 (X11; Linux x86_64) AppleWebKit/537.36"
192.168.1.101 - - [04/May/2026:06:38:55 +0000] "DELETE /static/css/style.css HTTP/1.1" 200 6380 "-" "curl/7.68.0"
192.168.1.100 - - [04/May/2026:06:49:32 +0000] "GET /api/users HTTP/1.1" 200 40245 "https://example.com/" "Mozilla/5.0 (X11; Linux x86_64) AppleWebKit/537.36"
192.168.1.102 - - [04/May/2026:07:03:00 +0000] "DELETE /api/users HTTP/1.1" 200 41110 "-" "Mozilla/5.0 (Macintosh; Intel Mac OS X 10_15_7) AppleWebKit/537.36"
10.0.1.100 - - [04/May/2026:07:11:42 +0000] "POST /static/css/style.css HTTP/1.1" 200 8859 "-" "Mozilla/5.0 (Windows NT 10.0; Win64; x64) AppleWebKit/537.36"
172.16.0.10 - - [04/May/2026:07:07:53 +0000] "GET /static/css/style.css HTTP/1.1" 200 25389 "-" "Mozilla/5.0 (Windows NT 10.0; Win64; x64) AppleWebKit/537.36"
10.0.0.51 - - [04/May/2026:07:19:03 +0000] "GET /admin/login HTTP/1.1" 364 1404 "https://example.com/" "Mozilla/5.0 (Windows NT 10.0; Win64; x64) AppleWebKit/537.36"
192.168.1.102 - - [04/May/2026:07:29:34 +0000] "GET / HTTP/1.1" 200 17748 "-" "Mozilla/5.0 (X11; Linux x86_64) AppleWebKit/537.36"
192.168.1.100 - - [04/May/2026:07:36:15 +0000] "GET /images/logo.png HTTP/1.1" 200 32128 "https://example.com/" "Mozilla/5.0 (X11; Linux x86_64) AppleWebKit/537.36"
10.0.0.51 - - [04/May/2026:07:46:25 +0000] "GET /admin/login HTTP/1.1" 380 5131 "https://example.com/" "Mozilla/5.0 (Macintosh; Intel Mac OS X 10_15_7) AppleWebKit/537.36"
10.0.0.51 - - [04/May/2026:08:05:50 +0000] "GET / HTTP/1.1" 200 47423 "-" "curl/7.68.0"
192.168.1.100 - - [04/May/2026:08:01:29 +0000] "GET /api/orders HTTP/1.1" 201 11732 "-" "Mozilla/5.0 (X11; Linux x86_64) AppleWebKit/537.36"
192.168.1.102 - - [04/May/2026:08:15:47 +0000] "GET /images/logo.png HTTP/1.1" 200 3868 "-" "Mozilla/5.0 (Macintosh; Intel Mac OS X 10_15_7) AppleWebKit/537.36"
192.168.1.102 - - [04/May/2026:08:20:07 +0000] "GET /api/orders HTTP/1.1" 200 49817 "-" "Python-urllib/3.8"
198.51.100.23 - - [04/May/2026:08:28:12 +0000] "POST / HTTP/1.1" 200 48467 "https://example.com/" "curl/7.68.0"
192.168.1.102 - - [04/May/2026:08:51:20 +0000] "GET / HTTP/1.1" 200 2102 "https://example.com/" "Mozilla/5.0 (Macintosh; Intel Mac OS X 10_15_7) AppleWebKit/537.36"
192.168.1.101 - - [04/May/2026:08:58:55 +0000] "GET /index.html HTTP/1.1" 200 18191 "https://example.com/" "curl/7.68.0"
172.16.0.20 - - [04/May/2026:08:50:37 +0000] "GET /index.html HTTP/1.1" 200 33502 "https://example.com/" "Mozilla/5.0 (Windows NT 10.0; Win64; x64) AppleWebKit/537.36"
192.168.1.102 - - [04/May/2026:09:02:43 +0000] "POST / HTTP/1.1" 200 35062 "https://example.com/" "Mozilla/5.0 (Windows NT 10.0; Win64; x64) AppleWebKit/537.36"
10.0.0.50 - - [04/May/2026:09:14:03 +0000] "GET /static/css/style.css HTTP/1.1" 200 47683 "-" "Python-urllib/3.8"
172.16.0.10 - - [04/May/2026:09:33:37 +0000] "GET /api/search HTTP/1.1" 200 2480 "https://example.com/" "curl/7.68.0"
93.184.216.34 - - [04/May/2026:09:30:22 +0000] "PUT /api/products HTTP/1.1" 200 46657 "https://example.com/" "Mozilla/5.0 (X11; Linux x86_64) AppleWebKit/537.36"
192.168.1.101 - - [04/May/2026:09:43:48 +0000] "POST / HTTP/1.1" 200 16771 "-" "Mozilla/5.0 (Windows NT 10.0; Win64; x64) AppleWebKit/537.36"
172.16.0.10 - - [04/May/2026:09:54:28 +0000] "PATCH /static/js/app.js HTTP/1.1" 200 24888 "https://example.com/" "Mozilla/5.0 (Windows NT 10.0; Win64; x64) AppleWebKit/537.36"
10.0.0.50 - - [04/May/2026:10:07:56 +0000] "POST /index.html HTTP/1.1" 200 18716 "-" "Mozilla/5.0 (X11; Linux x86_64) AppleWebKit/537.36"
192.168.1.100 - - [04/May/2026:10:07:01 +0000] "GET / HTTP/1.1" 200 20602 "https://example.com/" "Mozilla/5.0 (Windows NT 10.0; Win64; x64) AppleWebKit/537.36"
93.184.216.34 - - [04/May/2026:10:16:41 +0000] "PATCH / HTTP/1.1" 200 33519 "https://example.com/" "Mozilla/5.0 (Windows NT 10.0; Win64; x64) AppleWebKit/537.36"
93.184.216.34 - - [04/May/2026:10:29:10 +0000] "POST / HTTP/1.1" 200 21720 "https://example.com/" "curl/7.68.0"
198.51.100.23 - - [04/May/2026:10:30:35 +0000] "GET /index.html HTTP/1.1" 200 4245 "-" "Python-urllib/3.8"
10.0.0.50 - - [04/May/2026:10:37:38 +0000] "GET /api/search HTTP/1.1" 200 45956 "https://example.com/" "Python-urllib/3.8"
93.184.216.34 - - [04/May/2026:10:46:14 +0000] "GET /index.html HTTP/1.1" 200 33875 "https://example.com/" "Python-urllib/3.8"
192.168.1.102 - - [04/May/2026:11:08:48 +0000] "GET /index.html HTTP/1.1" 200 3017 "https://example.com/" "curl/7.68.0"
172.16.0.10 - - [04/May/2026:11:00:37 +0000] "GET /static/js/app.js HTTP/1.1" 200 32192 "https://example.com/" "Mozilla/5.0 (Macintosh; Intel Mac OS X 10_15_7) AppleWebKit/537.36"
192.168.1.102 - - [04/May/2026:11:23:28 +0000] "POST / HTTP/1.1" 200 13455 "https://example.com/" "curl/7.68.0"
93.184.216.34 - - [04/May/2026:11:35:01 +0000] "GET / HTTP/1.1" 200 29115 "-" "Python-urllib/3.8"
192.168.1.100 - - [04/May/2026:11:30:46 +0000] "PUT /api/search HTTP/1.1" 200 17830 "https://example.com/" "Python-urllib/3.8"
192.168.1.102 - - [04/May/2026:11:42:54 +0000] "GET /index.html HTTP/1.1" 200 1328 "-" "Mozilla/5.0 (Windows NT 10.0; Win64; x64) AppleWebKit/537.36"
93.184.216.34 - - [04/May/2026:11:42:44 +0000] "GET /index.html HTTP/1.1" 200 11705 "https://example.com/" "curl/7.68.0"
10.0.1.100 - - [04/May/2026:12:05:24 +0000] "POST /images/logo.png HTTP/1.1" 200 41942 "https://example.com/" "Python-urllib/3.8"
10.0.0.50 - - [04/May/2026:12:06:26 +0000] "GET / HTTP/1.1" 200 48600 "https://example.com/" "Mozilla/5.0 (Macintosh; Intel Mac OS X 10_15_7) AppleWebKit/537.36"
192.168.1.100 - - [04/May/2026:12:11:19 +0000] "GET / HTTP/1.1" 200 18191 "-" "Mozilla/5.0 (Macintosh; Intel Mac OS X 10_15_7) AppleWebKit/537.36"
192.168.1.102 - - [04/May/2026:12:24:45 +0000] "GET /api/search HTTP/1.1" 200 10805 "https://example.com/" "Python-urllib/3.8"
203.0.113.45 - - [04/May/2026:12:35:46 +0000] "POST / HTTP/1.1" 200 34368 "https://example.com/" "curl/7.68.0"
203.0.113.45 - - [04/May/2026:12:41:54 +0000] "GET /api/orders HTTP/1.1" 200 8308 "-" "Mozilla/5.0 (Windows NT 10.0; Win64; x64) AppleWebKit/537.36"
172.16.0.10 - - [04/May/2026:12:58:47 +0000] "POST /images/logo.png HTTP/1.1" 200 6372 "https://example.com/" "curl/7.68.0"
172.16.0.10 - - [04/May/2026:13:10:20 +0000] "GET /api/search HTTP/1.1" 200 37447 "-" "Mozilla/5.0 (Macintosh; Intel Mac OS X 10_15_7) AppleWebKit/537.36"
93.184.216.34 - - [04/May/2026:13:04:44 +0000] "GET /static/js/app.js HTTP/1.1" 200 25890 "https://example.com/" "curl/7.68.0"
172.16.0.10 - - [04/May/2026:13:13:46 +0000] "POST /static/css/style.css HTTP/1.1" 200 15944 "-" "curl/7.68.0"
10.0.0.50 - - [04/May/2026:13:23:19 +0000] "PUT /api/users HTTP/1.1" 200 47233 "https://example.com/" "curl/7.68.0"
172.16.0.10 - - [04/May/2026:13:41:10 +0000] "GET / HTTP/1.1" 200 11824 "https://example.com/" "Mozilla/5.0 (Macintosh; Intel Mac OS X 10_15_7) AppleWebKit/537.36"
192.168.1.101 - - [04/May/2026:13:37:35 +0000] "POST /static/css/style.css HTTP/1.1" 200 32561 "https://example.com/" "Python-urllib/3.8"
172.16.0.10 - - [04/May/2026:13:52:33 +0000] "POST / HTTP/1.1" 200 8551 "https://example.com/" "Mozilla/5.0 (Macintosh; Intel Mac OS X 10_15_7) AppleWebKit/537.36"
10.0.0.50 - - [04/May/2026:13:55:15 +0000] "GET /images/logo.png HTTP/1.1" 200 14087 "https://example.com/" "Python-urllib/3.8"
192.168.1.100 - - [04/May/2026:14:11:48 +0000] "POST / HTTP/1.1" 200 30713 "https://example.com/" "Mozilla/5.0 (Windows NT 10.0; Win64; x64) AppleWebKit/537.36"
93.184.216.34 - - [04/May/2026:14:14:02 +0000] "PUT /api/orders HTTP/1.1" 200 18965 "https://example.com/" "Mozilla/5.0 (X11; Linux x86_64) AppleWebKit/537.36"
192.168.1.102 - - [04/May/2026:14:22:01 +0000] "PUT /api/users HTTP/1.1" 200 26792 "https://example.com/" "curl/7.68.0"
192.168.1.102 - - [04/May/2026:14:35:42 +0000] "GET /api/orders HTTP/1.1" 201 4661 "https://example.com/" "Python-urllib/3.8"
172.16.0.20 - - [04/May/2026:14:42:18 +0000] "GET / HTTP/1.1" 200 19550 "https://example.com/" "Mozilla/5.0 (Windows NT 10.0; Win64; x64) AppleWebKit/537.36"
198.51.100.23 - - [04/May/2026:14:43:17 +0000] "POST / HTTP/1.1" 200 16847 "-" "Mozilla/5.0 (X11; Linux x86_64) AppleWebKit/537.36"
10.0.0.51 - - [04/May/2026:14:55:06 +0000] "POST /index.html HTTP/1.1" 200 20839 "https://example.com/" "Python-urllib/3.8"
10.0.0.50 - - [04/May/2026:15:17:31 +0000] "GET /api/search HTTP/1.1" 200 36560 "-" "Mozilla/5.0 (Macintosh; Intel Mac OS X 10_15_7) AppleWebKit/537.36"
192.168.1.100 - - [04/May/2026:15:18:27 +0000] "GET /static/js/app.js HTTP/1.1" 200 14002 "https://example.com/" "curl/7.68.0"
93.184.216.34 - - [04/May/2026:15:25:57 +0000] "GET /api/orders HTTP/1.1" 200 32309 "https://example.com/" "Mozilla/5.0 (Windows NT 10.0; Win64; x64) AppleWebKit/537.36"
10.0.0.51 - - [04/May/2026:15:38:14 +0000] "GET /static/js/app.js HTTP/1.1" 200 39101 "https://example.com/" "curl/7.68.0"
172.16.0.20 - - [04/May/2026:15:45:29 +0000] "PATCH /static/js/app.js HTTP/1.1" 200 29240 "https://example.com/" "Mozilla/5.0 (X11; Linux x86_64) AppleWebKit/537.36"
192.168.1.102 - - [04/May/2026:15:53:00 +0000] "GET / HTTP/1.1" 200 14584 "https://example.com/" "Mozilla/5.0 (Windows NT 10.0; Win64; x64) AppleWebKit/537.36"
198.51.100.23 - - [04/May/2026:15:57:23 +0000] "GET /images/logo.png HTTP/1.1" 200 27713 "https://example.com/" "Python-urllib/3.8"
93.184.216.34 - - [04/May/2026:16:03:38 +0000] "GET /api/products HTTP/1.1" 200 22751 "https://example.com/" "Mozilla/5.0 (Windows NT 10.0; Win64; x64) AppleWebKit/537.36"
10.0.0.51 - - [04/May/2026:16:10:15 +0000] "GET /api/search HTTP/1.1" 200 23616 "https://example.com/" "Mozilla/5.0 (X11; Linux x86_64) AppleWebKit/537.36"
172.16.0.20 - - [04/May/2026:16:28:58 +0000] "PUT /index.html HTTP/1.1" 200 15957 "https://example.com/" "Python-urllib/3.8"
192.168.1.100 - - [04/May/2026:16:31:33 +0000] "GET /api/products HTTP/1.1" 200 44194 "https://example.com/" "curl/7.68.0"
192.168.1.100 - - [04/May/2026:16:37:06 +0000] "POST /static/css/style.css HTTP/1.1" 200 43729 "-" "Mozilla/5.0 (Windows NT 10.0; Win64; x64) AppleWebKit/537.36"
192.168.1.102 - - [04/May/2026:16:55:17 +0000] "GET / HTTP/1.1" 200 32487 "https://example.com/" "Mozilla/5.0 (Windows NT 10.0; Win64; x64) AppleWebKit/537.36"
10.0.0.51 - - [04/May/2026:16:57:38 +0000] "GET /api/products HTTP/1.1" 200 4708 "https://example.com/" "curl/7.68.0"
172.16.0.10 - - [04/May/2026:17:08:58 +0000] "POST /static/js/app.js HTTP/1.1" 200 1886 "-" "curl/7.68.0"
10.0.0.51 - - [04/May/2026:17:14:32 +0000] "POST /index.html HTTP/1.1" 200 12884 "-" "Mozilla/5.0 (Macintosh; Intel Mac OS X 10_15_7) AppleWebKit/537.36"
203.0.113.45 - - [04/May/2026:17:25:23 +0000] "GET /static/js/app.js HTTP/1.1" 200 49444 "https://example.com/" "Mozilla/5.0 (X11; Linux x86_64) AppleWebKit/537.36"
10.0.0.50 - - [04/May/2026:17:29:19 +0000] "GET /images/logo.png HTTP/1.1" 200 8196 "-" "Python-urllib/3.8"
93.184.216.34 - - [04/May/2026:17:40:51 +0000] "PUT /admin/login HTTP/1.1" 368 8670 "https://example.com/" "Mozilla/5.0 (X11; Linux x86_64) AppleWebKit/537.36"
172.16.0.20 - - [04/May/2026:17:57:40 +0000] "PATCH /static/css/style.css HTTP/1.1" 200 11038 "https://example.com/" "Python-urllib/3.8"
10.0.0.50 - - [04/May/2026:18:08:48 +0000] "POST / HTTP/1.1" 200 45925 "https://example.com/" "curl/7.68.0"
10.0.0.51 - - [04/May/2026:18:19:06 +0000] "GET /images/logo.png HTTP/1.1" 200 24221 "https://example.com/" "Mozilla/5.0 (Windows NT 10.0; Win64; x64) AppleWebKit/537.36"
93.184.216.34 - - [04/May/2026:18:12:08 +0000] "GET /static/css/style.css HTTP/1.1" 200 29957 "https://example.com/" "Mozilla/5.0 (Windows NT 10.0; Win64; x64) AppleWebKit/537.36"
192.168.1.102 - - [04/May/2026:18:25:18 +0000] "GET /index.html HTTP/1.1" 200 20326 "https://example.com/" "Mozilla/5.0 (Windows NT 10.0; Win64; x64) AppleWebKit/537.36"
10.0.0.51 - - [04/May/2026:18:33:42 +0000] "GET / HTTP/1.1" 200 43717 "https://example.com/" "Mozilla/5.0 (X11; Linux x86_64) AppleWebKit/537.36"
192.168.1.101 - - [04/May/2026:18:46:58 +0000] "GET /images/logo.png HTTP/1.1" 200 33630 "-" "Mozilla/5.0 (X11; Linux x86_64) AppleWebKit/537.36"
192.168.1.100 - - [04/May/2026:18:44:57 +0000] "GET /index.html HTTP/1.1" 200 17813 "-" "Mozilla/5.0 (X11; Linux x86_64) AppleWebKit/537.36"
93.184.216.34 - - [04/May/2026:19:13:03 +0000] "GET /api/orders HTTP/1.1" 201 47972 "https://example.com/" "Mozilla/5.0 (X11; Linux x86_64) AppleWebKit/537.36"
10.0.0.50 - - [04/May/2026:19:04:23 +0000] "GET /api/users HTTP/1.1" 200 12954 "https://example.com/" "Mozilla/5.0 (Windows NT 10.0; Win64; x64) AppleWebKit/537.36"
192.168.1.101 - - [04/May/2026:19:22:30 +0000] "PUT / HTTP/1.1" 200 2948 "https://example.com/" "curl/7.68.0"
10.0.0.50 - - [04/May/2026:19:35:00 +0000] "GET /index.html HTTP/1.1" 200 2639 "-" "Python-urllib/3.8"
172.16.0.10 - - [04/May/2026:19:34:04 +0000] "GET /static/css/style.css HTTP/1.1" 200 9258 "https://example.com/" "Mozilla/5.0 (Windows NT 10.0; Win64; x64) AppleWebKit/537.36"
10.0.0.50 - - [04/May/2026:19:53:54 +0000] "POST /api/products HTTP/1.1" 200 11433 "-" "Python-urllib/3.8"
203.0.113.45 - - [04/May/2026:19:48:30 +0000] "GET /index.html HTTP/1.1" 200 17529 "https://example.com/" "Mozilla/5.0 (Windows NT 10.0; Win64; x64) AppleWebKit/537.36"
172.16.0.10 - - [04/May/2026:20:04:30 +0000] "GET /api/users HTTP/1.1" 200 25616 "-" "Mozilla/5.0 (X11; Linux x86_64) AppleWebKit/537.36"
10.0.0.50 - - [04/May/2026:20:16:55 +0000] "GET /images/logo.png HTTP/1.1" 200 10054 "https://example.com/" "curl/7.68.0"
192.168.1.100 - - [04/May/2026:20:29:50 +0000] "GET /index.html HTTP/1.1" 200 25079 "https://example.com/" "Mozilla/5.0 (X11; Linux x86_64) AppleWebKit/537.36"
172.16.0.10 - - [04/May/2026:20:38:29 +0000] "GET /static/js/app.js HTTP/1.1" 200 16845 "https://example.com/" "Mozilla/5.0 (Macintosh; Intel Mac OS X 10_15_7) AppleWebKit/537.36"
172.16.0.10 - - [04/May/2026:20:37:21 +0000] "GET /index.html HTTP/1.1" 200 4335 "https://example.com/" "Mozilla/5.0 (Windows NT 10.0; Win64; x64) AppleWebKit/537.36"
203.0.113.45 - - [04/May/2026:20:45:36 +0000] "GET /static/css/style.css HTTP/1.1" 200 31772 "-" "Mozilla/5.0 (X11; Linux x86_64) AppleWebKit/537.36"
10.0.0.51 - - [04/May/2026:20:52:58 +0000] "GET /api/users HTTP/1.1" 200 45895 "https://example.com/" "curl/7.68.0"
192.168.1.100 - - [04/May/2026:21:14:04 +0000] "GET / HTTP/1.1" 200 42133 "https://example.com/" "Python-urllib/3.8"
10.0.1.100 - - [04/May/2026:21:09:26 +0000] "GET /api/users HTTP/1.1" 200 12112 "https://example.com/" "Mozilla/5.0 (X11; Linux x86_64) AppleWebKit/537.36"
192.168.1.100 - - [04/May/2026:21:28:26 +0000] "GET /api/orders HTTP/1.1" 201 30199 "https://example.com/" "Mozilla/5.0 (X11; Linux x86_64) AppleWebKit/537.36"
10.0.0.51 - - [04/May/2026:21:24:43 +0000] "GET /images/logo.png HTTP/1.1" 200 43341 "-" "Mozilla/5.0 (Macintosh; Intel Mac OS X 10_15_7) AppleWebKit/537.36"
203.0.113.45 - - [04/May/2026:21:31:45 +0000] "DELETE /api/products HTTP/1.1" 200 47758 "https://example.com/" "curl/7.68.0"
10.0.0.50 - - [04/May/2026:21:50:20 +0000] "GET /static/js/app.js HTTP/1.1" 200 28513 "https://example.com/" "Python-urllib/3.8"
192.168.1.102 - - [04/May/2026:21:53:07 +0000] "GET / HTTP/1.1" 200 47702 "https://example.com/" "Python-urllib/3.8"
198.51.100.23 - - [04/May/2026:21:55:52 +0000] "POST /static/js/app.js HTTP/1.1" 200 8580 "-" "curl/7.68.0"
172.16.0.20 - - [04/May/2026:22:11:30 +0000] "GET /static/css/style.css HTTP/1.1" 200 44670 "https://example.com/" "Python-urllib/3.8"
192.168.1.101 - - [04/May/2026:22:22:45 +0000] "POST /images/logo.png HTTP/1.1" 200 49980 "https://example.com/" "Mozilla/5.0 (X11; Linux x86_64) AppleWebKit/537.36"
10.0.1.100 - - [04/May/2026:22:24:59 +0000] "POST /static/css/style.css HTTP/1.1" 200 44760 "-" "Mozilla/5.0 (Windows NT 10.0; Win64; x64) AppleWebKit/537.36"
192.168.1.100 - - [04/May/2026:22:33:54 +0000] "GET /images/logo.png HTTP/1.1" 200 24984 "https://example.com/" "Mozilla/5.0 (Macintosh; Intel Mac OS X 10_15_7) AppleWebKit/537.36"
203.0.113.45 - - [04/May/2026:22:40:07 +0000] "POST /static/js/app.js HTTP/1.1" 200 11270 "https://example.com/" "curl/7.68.0"
192.168.1.100 - - [04/May/2026:22:55:50 +0000] "PUT /api/users HTTP/1.1" 200 29592 "https://example.com/" "curl/7.68.0"
192.168.1.102 - - [04/May/2026:23:10:52 +0000] "GET /images/logo.png HTTP/1.1" 200 1012 "https://example.com/" "Mozilla/5.0 (Windows NT 10.0; Win64; x64) AppleWebKit/537.36"
192.168.1.100 - - [04/May/2026:23:23:38 +0000] "GET /api/orders HTTP/1.1" 200 18418 "-" "Mozilla/5.0 (X11; Linux x86_64) AppleWebKit/537.36"
192.168.1.100 - - [04/May/2026:23:27:03 +0000] "GET /static/js/app.js HTTP/1.1" 200 17962 "https://example.com/" "Mozilla/5.0 (Macintosh; Intel Mac OS X 10_15_7) AppleWebKit/537.36"
172.16.0.20 - - [04/May/2026:23:27:59 +0000] "POST /index.html HTTP/1.1" 200 29862 "-" "Python-urllib/3.8"
192.168.1.101 - - [04/May/2026:23:48:17 +0000] "GET /index.html HTTP/1.1" 200 25882 "https://example.com/" "Mozilla/5.0 (Windows NT 10.0; Win64; x64) AppleWebKit/537.36"
93.184.216.34 - - [04/May/2026:23:44:09 +0000] "GET /api/search HTTP/1.1" 200 17864 "https://example.com/" "Python-urllib/3.8"
10.0.0.51 - - [04/May/2026:23:55:20 +0000] "GET / HTTP/1.1" 200 23794 "https://example.com/" "Python-urllib/3.8"
192.168.1.102 - - [05/May/2026:00:14:24 +0000] "GET / HTTP/1.1" 200 1384 "https://example.com/" "Mozilla/5.0 (Windows NT 10.0; Win64; x64) AppleWebKit/537.36"
172.16.0.10 - - [05/May/2026:00:15:21 +0000] "GET /index.html HTTP/1.1" 200 9735 "https://example.com/" "Python-urllib/3.8"
192.168.1.101 - - [05/May/2026:00:23:31 +0000] "DELETE /api/products HTTP/1.1" 200 20128 "-" "Mozilla/5.0 (X11; Linux x86_64) AppleWebKit/537.36"
10.0.0.50 - - [05/May/2026:00:30:56 +0000] "GET /api/internal HTTP/1.1" 503 349 "-" "Mozilla/5.0 (Windows NT 10.0; Win64; x64) AppleWebKit/537.36"
10.0.0.50 - - [05/May/2026:00:36:43 +0000] "GET /api/users HTTP/1.1" 200 4957 "-" "Mozilla/5.0 (X11; Linux x86_64) AppleWebKit/537.36"
192.168.1.101 - - [05/May/2026:00:56:01 +0000] "POST /api/products HTTP/1.1" 200 14497 "https://example.com/" "Mozilla/5.0 (Windows NT 10.0; Win64; x64) AppleWebKit/537.36"
203.0.113.45 - - [05/May/2026:01:03:30 +0000] "POST /api/search HTTP/1.1" 200 31232 "-" "curl/7.68.0"
192.168.1.101 - - [05/May/2026:01:04:30 +0000] "GET /static/js/app.js HTTP/1.1" 200 10445 "https://example.com/" "Mozilla/5.0 (Windows NT 10.0; Win64; x64) AppleWebKit/537.36"
10.0.0.50 - - [05/May/2026:01:22:28 +0000] "GET /static/js/app.js HTTP/1.1" 200 39084 "https://example.com/" "Mozilla/5.0 (X11; Linux x86_64) AppleWebKit/537.36"
10.0.0.50 - - [05/May/2026:01:24:23 +0000] "PUT /images/logo.png HTTP/1.1" 200 14366 "https://example.com/" "Mozilla/5.0 (X11; Linux x86_64) AppleWebKit/537.36"
93.184.216.34 - - [05/May/2026:01:32:35 +0000] "GET /api/search HTTP/1.1" 200 22174 "https://example.com/" "Mozilla/5.0 (X11; Linux x86_64) AppleWebKit/537.36"
198.51.100.23 - - [05/May/2026:01:37:46 +0000] "GET /images/logo.png HTTP/1.1" 200 40841 "https://example.com/" "curl/7.68.0"
192.168.1.102 - - [05/May/2026:01:51:04 +0000] "GET /static/js/app.js HTTP/1.1" 200 32838 "https://example.com/" "Mozilla/5.0 (Windows NT 10.0; Win64; x64) AppleWebKit/537.36"
172.16.0.20 - - [05/May/2026:02:03:38 +0000] "GET /api/users HTTP/1.1" 200 49852 "-" "Mozilla/5.0 (Windows NT 10.0; Win64; x64) AppleWebKit/537.36"
192.168.1.101 - - [05/May/2026:02:09:45 +0000] "GET / HTTP/1.1" 200 11469 "-" "Python-urllib/3.8"
192.168.1.102 - - [05/May/2026:02:09:36 +0000] "POST /static/js/app.js HTTP/1.1" 200 41826 "https://example.com/" "Mozilla/5.0 (X11; Linux x86_64) AppleWebKit/537.36"
172.16.0.20 - - [05/May/2026:02:27:51 +0000] "POST / HTTP/1.1" 200 2628 "https://example.com/" "Mozilla/5.0 (Windows NT 10.0; Win64; x64) AppleWebKit/537.36"
93.184.216.34 - - [05/May/2026:02:37:15 +0000] "GET /api/orders HTTP/1.1" 201 27616 "https://example.com/" "Mozilla/5.0 (X11; Linux x86_64) AppleWebKit/537.36"
198.51.100.23 - - [05/May/2026:02:41:57 +0000] "GET /index.html HTTP/1.1" 200 30444 "-" "Mozilla/5.0 (Windows NT 10.0; Win64; x64) AppleWebKit/537.36"
192.168.1.102 - - [05/May/2026:02:47:46 +0000] "GET /api/search HTTP/1.1" 200 15943 "-" "Mozilla/5.0 (Windows NT 10.0; Win64; x64) AppleWebKit/537.36"
198.51.100.23 - - [05/May/2026:03:02:54 +0000] "GET /api/products HTTP/1.1" 200 33353 "https://example.com/" "Python-urllib/3.8"
10.0.1.100 - - [05/May/2026:03:00:43 +0000] "GET /api/search HTTP/1.1" 200 18414 "https://example.com/" "Mozilla/5.0 (Macintosh; Intel Mac OS X 10_15_7) AppleWebKit/537.36"
10.0.0.51 - - [05/May/2026:03:09:04 +0000] "GET /admin/login HTTP/1.1" 258 43432 "https://example.com/" "Mozilla/5.0 (Macintosh; Intel Mac OS X 10_15_7) AppleWebKit/537.36"
192.168.1.102 - - [05/May/2026:03:32:08 +0000] "GET /api/search HTTP/1.1" 200 5474 "https://example.com/" "Mozilla/5.0 (Windows NT 10.0; Win64; x64) AppleWebKit/537.36"
10.0.0.50 - - [05/May/2026:03:29:09 +0000] "GET /api/users HTTP/1.1" 200 48895 "https://example.com/" "Mozilla/5.0 (Macintosh; Intel Mac OS X 10_15_7) AppleWebKit/537.36"
192.168.1.101 - - [05/May/2026:03:42:15 +0000] "GET /api/users HTTP/1.1" 200 7533 "https://example.com/" "Mozilla/5.0 (Macintosh; Intel Mac OS X 10_15_7) AppleWebKit/537.36"
198.51.100.23 - - [05/May/2026:03:44:49 +0000] "POST /images/logo.png HTTP/1.1" 200 25490 "https://example.com/" "Python-urllib/3.8"
192.168.1.100 - - [05/May/2026:04:01:15 +0000] "GET /static/js/app.js HTTP/1.1" 200 4271 "-" "Mozilla/5.0 (Windows NT 10.0; Win64; x64) AppleWebKit/537.36"
192.168.1.100 - - [05/May/2026:04:09:29 +0000] "PUT /images/logo.png HTTP/1.1" 200 34192 "-" "Mozilla/5.0 (Macintosh; Intel Mac OS X 10_15_7) AppleWebKit/537.36"
198.51.100.23 - - [05/May/2026:04:13:49 +0000] "GET /static/js/app.js HTTP/1.1" 200 36341 "-" "Python-urllib/3.8"
203.0.113.45 - - [05/May/2026:04:22:14 +0000] "PATCH /index.html HTTP/1.1" 200 25206 "https://example.com/" "Mozilla/5.0 (Macintosh; Intel Mac OS X 10_15_7) AppleWebKit/537.36"
198.51.100.23 - - [05/May/2026:04:25:23 +0000] "GET /admin/login HTTP/1.1" 301 47622 "https://example.com/" "Mozilla/5.0 (Macintosh; Intel Mac OS X 10_15_7) AppleWebKit/537.36"
172.16.0.20 - - [05/May/2026:04:37:24 +0000] "GET / HTTP/1.1" 200 36367 "https://example.com/" "Python-urllib/3.8"
192.168.1.102 - - [05/May/2026:04:49:39 +0000] "GET /api/orders HTTP/1.1" 200 27602 "https://example.com/" "curl/7.68.0"
172.16.0.20 - - [05/May/2026:04:57:11 +0000] "POST / HTTP/1.1" 200 18957 "-" "Python-urllib/3.8"
172.16.0.20 - - [05/May/2026:05:13:44 +0000] "POST /static/js/app.js HTTP/1.1" 200 9503 "https://example.com/" "Mozilla/5.0 (Macintosh; Intel Mac OS X 10_15_7) AppleWebKit/537.36"
93.184.216.34 - - [05/May/2026:05:19:24 +0000] "GET /images/logo.png HTTP/1.1" 200 39402 "-" "Mozilla/5.0 (Macintosh; Intel Mac OS X 10_15_7) AppleWebKit/537.36"
172.16.0.10 - - [05/May/2026:05:20:18 +0000] "GET /admin/login HTTP/1.1" 319 19365 "-" "Mozilla/5.0 (Macintosh; Intel Mac OS X 10_15_7) AppleWebKit/537.36"
192.168.1.101 - - [05/May/2026:05:34:31 +0000] "POST /api/products HTTP/1.1" 200 40591 "https://example.com/" "Python-urllib/3.8"
198.51.100.23 - - [05/May/2026:05:44:09 +0000] "GET /static/js/app.js HTTP/1.1" 200 28644 "https://example.com/" "curl/7.68.0"
198.51.100.23 - - [05/May/2026:05:52:54 +0000] "GET /index.html HTTP/1.1" 200 43297 "https://example.com/" "Mozilla/5.0 (X11; Linux x86_64) AppleWebKit/537.36"
10.0.1.100 - - [05/May/2026:06:08:54 +0000] "POST /index.html HTTP/1.1" 200 1686 "https://example.com/" "Mozilla/5.0 (Macintosh; Intel Mac OS X 10_15_7) AppleWebKit/537.36"
10.0.0.50 - - [05/May/2026:06:13:00 +0000] "GET /index.html HTTP/1.1" 200 36654 "https://example.com/" "Mozilla/5.0 (X11; Linux x86_64) AppleWebKit/537.36"
203.0.113.45 - - [05/May/2026:06:24:53 +0000] "GET /static/js/app.js HTTP/1.1" 200 11735 "-" "curl/7.68.0"
172.16.0.20 - - [05/May/2026:06:18:17 +0000] "GET /api/search HTTP/1.1" 200 45591 "https://example.com/" "curl/7.68.0"
10.0.0.50 - - [05/May/2026:06:28:44 +0000] "POST /static/css/style.css HTTP/1.1" 200 38613 "-" "Mozilla/5.0 (X11; Linux x86_64) AppleWebKit/537.36"
192.168.1.101 - - [05/May/2026:06:35:03 +0000] "GET /api/products HTTP/1.1" 200 8689 "https://example.com/" "Mozilla/5.0 (Windows NT 10.0; Win64; x64) AppleWebKit/537.36"
10.0.0.50 - - [05/May/2026:06:54:24 +0000] "GET /static/js/app.js HTTP/1.1" 200 15968 "https://example.com/" "Mozilla/5.0 (X11; Linux x86_64) AppleWebKit/537.36"
192.168.1.100 - - [05/May/2026:06:55:43 +0000] "PUT /static/js/app.js HTTP/1.1" 200 36646 "https://example.com/" "Python-urllib/3.8"
192.168.1.102 - - [05/May/2026:06:59:55 +0000] "POST /api/users HTTP/1.1" 200 43731 "https://example.com/" "Mozilla/5.0 (Macintosh; Intel Mac OS X 10_15_7) AppleWebKit/537.36"
192.168.1.100 - - [05/May/2026:07:16:12 +0000] "GET /api/users HTTP/1.1" 200 28167 "https://example.com/" "curl/7.68.0"
192.168.1.101 - - [05/May/2026:07:33:23 +0000] "POST /index.html HTTP/1.1" 200 5982 "-" "Mozilla/5.0 (Windows NT 10.0; Win64; x64) AppleWebKit/537.36"
93.184.216.34 - - [05/May/2026:07:27:43 +0000] "GET /images/logo.png HTTP/1.1" 200 26195 "https://example.com/" "Mozilla/5.0 (Windows NT 10.0; Win64; x64) AppleWebKit/537.36"
192.168.1.101 - - [05/May/2026:07:44:33 +0000] "DELETE /api/users HTTP/1.1" 200 20083 "https://example.com/" "Mozilla/5.0 (Windows NT 10.0; Win64; x64) AppleWebKit/537.36"
192.168.1.102 - - [05/May/2026:07:48:36 +0000] "GET /api/products HTTP/1.1" 200 14242 "https://example.com/" "curl/7.68.0"
192.168.1.100 - - [05/May/2026:07:53:49 +0000] "GET /api/products HTTP/1.1" 200 30576 "-" "Mozilla/5.0 (X11; Linux x86_64) AppleWebKit/537.36"
172.16.0.10 - - [05/May/2026:08:19:05 +0000] "GET /admin/login HTTP/1.1" 322 18971 "https://example.com/" "Mozilla/5.0 (X11; Linux x86_64) AppleWebKit/537.36"
93.184.216.34 - - [05/May/2026:08:23:48 +0000] "PATCH / HTTP/1.1" 200 50311 "-" "Mozilla/5.0 (Macintosh; Intel Mac OS X 10_15_7) AppleWebKit/537.36"
172.16.0.10 - - [05/May/2026:08:24:18 +0000] "GET /index.html HTTP/1.1" 200 6751 "-" "Mozilla/5.0 (X11; Linux x86_64) AppleWebKit/537.36"
10.0.0.51 - - [05/May/2026:08:27:46 +0000] "GET /admin/login HTTP/1.1" 295 19083 "https://example.com/" "Mozilla/5.0 (Macintosh; Intel Mac OS X 10_15_7) AppleWebKit/537.36"
192.168.1.100 - - [05/May/2026:08:37:48 +0000] "PUT /api/users HTTP/1.1" 200 42868 "https://example.com/" "Python-urllib/3.8"
10.0.1.100 - - [05/May/2026:09:02:44 +0000] "POST /api/search HTTP/1.1" 200 44205 "https://example.com/" "Mozilla/5.0 (Macintosh; Intel Mac OS X 10_15_7) AppleWebKit/537.36"
192.168.1.102 - - [05/May/2026:08:58:04 +0000] "GET /index.html HTTP/1.1" 200 29650 "https://example.com/" "Mozilla/5.0 (X11; Linux x86_64) AppleWebKit/537.36"
192.168.1.100 - - [05/May/2026:09:14:55 +0000] "GET /static/js/app.js HTTP/1.1" 200 31667 "-" "curl/7.68.0"
203.0.113.45 - - [05/May/2026:09:23:56 +0000] "GET /admin/login HTTP/1.1" 212 13903 "https://example.com/" "curl/7.68.0"
198.51.100.23 - - [05/May/2026:09:22:36 +0000] "GET /index.html HTTP/1.1" 200 43309 "https://example.com/" "Mozilla/5.0 (X11; Linux x86_64) AppleWebKit/537.36"
93.184.216.34 - - [05/May/2026:09:33:38 +0000] "GET /images/logo.png HTTP/1.1" 200 46197 "-" "Mozilla/5.0 (Windows NT 10.0; Win64; x64) AppleWebKit/537.36"
192.168.1.102 - - [05/May/2026:09:37:20 +0000] "GET /notfound HTTP/1.1" 404 181 "https://example.com/" "Mozilla/5.0 (Macintosh; Intel Mac OS X 10_15_7) AppleWebKit/537.36"
93.184.216.34 - - [05/May/2026:09:52:49 +0000] "POST /index.html HTTP/1.1" 200 10320 "https://example.com/" "Mozilla/5.0 (Macintosh; Intel Mac OS X 10_15_7) AppleWebKit/537.36"
198.51.100.23 - - [05/May/2026:10:11:41 +0000] "POST /static/js/app.js HTTP/1.1" 200 33967 "https://example.com/" "Mozilla/5.0 (Macintosh; Intel Mac OS X 10_15_7) AppleWebKit/537.36"
10.0.0.51 - - [05/May/2026:10:11:12 +0000] "GET /images/logo.png HTTP/1.1" 200 12852 "https://example.com/" "curl/7.68.0"
203.0.113.45 - - [05/May/2026:10:10:12 +0000] "PATCH /static/css/style.css HTTP/1.1" 200 29986 "https://example.com/" "Mozilla/5.0 (Windows NT 10.0; Win64; x64) AppleWebKit/537.36"
203.0.113.45 - - [05/May/2026:10:22:31 +0000] "GET /static/css/style.css HTTP/1.1" 200 22258 "https://example.com/" "curl/7.68.0"
192.168.1.100 - - [05/May/2026:10:32:10 +0000] "PUT /index.html HTTP/1.1" 200 11635 "https://example.com/" "curl/7.68.0"
10.0.0.51 - - [05/May/2026:10:37:52 +0000] "GET /images/logo.png HTTP/1.1" 200 28131 "https://example.com/" "curl/7.68.0"
198.51.100.23 - - [05/May/2026:10:50:19 +0000] "GET /api/products HTTP/1.1" 200 44334 "-" "Python-urllib/3.8"
10.0.1.100 - - [05/May/2026:11:00:28 +0000] "PUT /static/css/style.css HTTP/1.1" 200 6390 "https://example.com/" "Mozilla/5.0 (Macintosh; Intel Mac OS X 10_15_7) AppleWebKit/537.36"
203.0.113.45 - - [05/May/2026:11:01:14 +0000] "GET /images/logo.png HTTP/1.1" 200 39552 "-" "Mozilla/5.0 (X11; Linux x86_64) AppleWebKit/537.36"
172.16.0.10 - - [05/May/2026:11:12:59 +0000] "POST /api/users HTTP/1.1" 200 31441 "-" "Mozilla/5.0 (X11; Linux x86_64) AppleWebKit/537.36"
203.0.113.45 - - [05/May/2026:11:33:54 +0000] "GET /api/users HTTP/1.1" 200 48584 "-" "Mozilla/5.0 (X11; Linux x86_64) AppleWebKit/537.36"
172.16.0.20 - - [05/May/2026:11:38:19 +0000] "GET /index.html HTTP/1.1" 200 19581 "https://example.com/" "Python-urllib/3.8"
10.0.1.100 - - [05/May/2026:11:51:11 +0000] "GET /index.html HTTP/1.1" 200 18901 "https://example.com/" "Mozilla/5.0 (Windows NT 10.0; Win64; x64) AppleWebKit/537.36"
203.0.113.45 - - [05/May/2026:11:48:38 +0000] "GET /api/users HTTP/1.1" 200 12621 "-" "Python-urllib/3.8"
192.168.1.102 - - [05/May/2026:12:03:18 +0000] "GET / HTTP/1.1" 200 38107 "-" "Mozilla/5.0 (X11; Linux x86_64) AppleWebKit/537.36"
172.16.0.20 - - [05/May/2026:12:15:45 +0000] "GET / HTTP/1.1" 200 40619 "https://example.com/" "Mozilla/5.0 (X11; Linux x86_64) AppleWebKit/537.36"
10.0.1.100 - - [05/May/2026:12:23:40 +0000] "GET /static/css/style.css HTTP/1.1" 200 28248 "https://example.com/" "Python-urllib/3.8"
192.168.1.101 - - [05/May/2026:12:20:40 +0000] "GET / HTTP/1.1" 200 49747 "https://example.com/" "Python-urllib/3.8"
172.16.0.20 - - [05/May/2026:12:36:17 +0000] "GET /api/products HTTP/1.1" 200 44887 "-" "Mozilla/5.0 (Windows NT 10.0; Win64; x64) AppleWebKit/537.36"
172.16.0.20 - - [05/May/2026:12:42:02 +0000] "GET /notfound HTTP/1.1" 404 239 "https://example.com/" "Mozilla/5.0 (Windows NT 10.0; Win64; x64) AppleWebKit/537.36"
10.0.1.100 - - [05/May/2026:12:50:02 +0000] "GET /static/js/app.js HTTP/1.1" 200 11878 "https://example.com/" "Mozilla/5.0 (Windows NT 10.0; Win64; x64) AppleWebKit/537.36"
192.168.1.100 - - [05/May/2026:12:58:10 +0000] "GET / HTTP/1.1" 200 42227 "-" "Mozilla/5.0 (X11; Linux x86_64) AppleWebKit/537.36"
93.184.216.34 - - [05/May/2026:13:04:17 +0000] "GET /api/search HTTP/1.1" 200 19166 "https://example.com/" "Mozilla/5.0 (X11; Linux x86_64) AppleWebKit/537.36"
172.16.0.10 - - [05/May/2026:13:21:43 +0000] "GET / HTTP/1.1" 200 43996 "https://example.com/" "Mozilla/5.0 (Windows NT 10.0; Win64; x64) AppleWebKit/537.36"
198.51.100.23 - - [05/May/2026:13:20:54 +0000] "PATCH /admin/login HTTP/1.1" 247 40070 "https://example.com/" "Mozilla/5.0 (X11; Linux x86_64) AppleWebKit/537.36"
198.51.100.23 - - [05/May/2026:13:40:28 +0000] "GET /static/js/app.js HTTP/1.1" 200 27440 "https://example.com/" "Mozilla/5.0 (Windows NT 10.0; Win64; x64) AppleWebKit/537.36"
93.184.216.34 - - [05/May/2026:13:54:13 +0000] "GET /index.html HTTP/1.1" 200 38951 "https://example.com/" "curl/7.68.0"
172.16.0.10 - - [05/May/2026:13:49:13 +0000] "GET /static/js/app.js HTTP/1.1" 200 28131 "https://example.com/" "Mozilla/5.0 (Windows NT 10.0; Win64; x64) AppleWebKit/537.36"
10.0.0.51 - - [05/May/2026:14:00:58 +0000] "GET /index.html HTTP/1.1" 200 49840 "https://example.com/" "Mozilla/5.0 (Windows NT 10.0; Win64; x64) AppleWebKit/537.36"
203.0.113.45 - - [05/May/2026:14:17:50 +0000] "POST /index.html HTTP/1.1" 200 5652 "https://example.com/" "Mozilla/5.0 (X11; Linux x86_64) AppleWebKit/537.36"
93.184.216.34 - - [05/May/2026:14:12:50 +0000] "GET /static/js/app.js HTTP/1.1" 200 28256 "https://example.com/" "Python-urllib/3.8"
10.0.1.100 - - [05/May/2026:14:22:36 +0000] "GET /index.html HTTP/1.1" 200 29806 "https://example.com/" "Python-urllib/3.8"
10.0.0.51 - - [05/May/2026:14:43:24 +0000] "GET /index.html HTTP/1.1" 200 40130 "-" "Mozilla/5.0 (X11; Linux x86_64) AppleWebKit/537.36"
203.0.113.45 - - [05/May/2026:14:45:56 +0000] "POST /index.html HTTP/1.1" 200 48419 "https://example.com/" "curl/7.68.0"
172.16.0.10 - - [05/May/2026:14:50:23 +0000] "POST /index.html HTTP/1.1" 200 12869 "https://example.com/" "Mozilla/5.0 (X11; Linux x86_64) AppleWebKit/537.36"
198.51.100.23 - - [05/May/2026:15:09:08 +0000] "GET /api/users HTTP/1.1" 200 38361 "-" "Mozilla/5.0 (Windows NT 10.0; Win64; x64) AppleWebKit/537.36"
10.0.1.100 - - [05/May/2026:15:21:47 +0000] "GET /static/css/style.css HTTP/1.1" 200 36262 "https://example.com/" "Mozilla/5.0 (Windows NT 10.0; Win64; x64) AppleWebKit/537.36"
10.0.0.51 - - [05/May/2026:15:27:31 +0000] "DELETE /static/js/app.js HTTP/1.1" 200 23891 "https://example.com/" "Python-urllib/3.8"
192.168.1.102 - - [05/May/2026:15:35:35 +0000] "PUT /admin/login HTTP/1.1" 365 30621 "https://example.com/" "Mozilla/5.0 (Macintosh; Intel Mac OS X 10_15_7) AppleWebKit/537.36"
172.16.0.10 - - [05/May/2026:15:30:47 +0000] "GET /api/search HTTP/1.1" 200 6033 "-" "Mozilla/5.0 (Windows NT 10.0; Win64; x64) AppleWebKit/537.36"
198.51.100.23 - - [05/May/2026:15:45:22 +0000] "GET /static/css/style.css HTTP/1.1" 200 30628 "-" "Mozilla/5.0 (Windows NT 10.0; Win64; x64) AppleWebKit/537.36"
192.168.1.102 - - [05/May/2026:15:57:46 +0000] "PUT /static/css/style.css HTTP/1.1" 200 13192 "https://example.com/" "Python-urllib/3.8"
192.168.1.101 - - [05/May/2026:16:08:45 +0000] "GET /images/logo.png HTTP/1.1" 200 9656 "https://example.com/" "Mozilla/5.0 (Windows NT 10.0; Win64; x64) AppleWebKit/537.36"
93.184.216.34 - - [05/May/2026:16:04:06 +0000] "POST /static/css/style.css HTTP/1.1" 200 46863 "https://example.com/" "Mozilla/5.0 (Macintosh; Intel Mac OS X 10_15_7) AppleWebKit/537.36"
172.16.0.10 - - [05/May/2026:16:29:45 +0000] "GET /static/js/app.js HTTP/1.1" 200 42862 "https://example.com/" "Mozilla/5.0 (X11; Linux x86_64) AppleWebKit/537.36"
198.51.100.23 - - [05/May/2026:16:34:56 +0000] "GET /index.html HTTP/1.1" 200 29349 "https://example.com/" "Mozilla/5.0 (Windows NT 10.0; Win64; x64) AppleWebKit/537.36"
198.51.100.23 - - [05/May/2026:16:41:54 +0000] "GET /api/orders HTTP/1.1" 200 44910 "https://example.com/" "Python-urllib/3.8"
192.168.1.100 - - [05/May/2026:16:55:01 +0000] "GET /admin/login HTTP/1.1" 238 21527 "-" "Python-urllib/3.8"
172.16.0.20 - - [05/May/2026:16:57:34 +0000] "GET /static/css/style.css HTTP/1.1" 200 11890 "https://example.com/" "curl/7.68.0"
198.51.100.23 - - [05/May/2026:16:56:01 +0000] "PUT /admin/login HTTP/1.1" 259 20840 "-" "Python-urllib/3.8"
172.16.0.20 - - [05/May/2026:17:22:08 +0000] "GET /index.html HTTP/1.1" 200 5606 "-" "Mozilla/5.0 (X11; Linux x86_64) AppleWebKit/537.36"
192.168.1.100 - - [05/May/2026:17:26:25 +0000] "POST /admin/login HTTP/1.1" 213 10393 "https://example.com/" "Mozilla/5.0 (Macintosh; Intel Mac OS X 10_15_7) AppleWebKit/537.36"
10.0.1.100 - - [05/May/2026:17:30:03 +0000] "GET / HTTP/1.1" 200 1498 "https://example.com/" "curl/7.68.0"
172.16.0.20 - - [05/May/2026:17:31:28 +0000] "POST /index.html HTTP/1.1" 200 7312 "-" "Mozilla/5.0 (X11; Linux x86_64) AppleWebKit/537.36"
10.0.0.50 - - [05/May/2026:17:53:06 +0000] "GET /images/logo.png HTTP/1.1" 200 40848 "-" "curl/7.68.0"
192.168.1.101 - - [05/May/2026:17:59:25 +0000] "PUT / HTTP/1.1" 200 31678 "https://example.com/" "Mozilla/5.0 (X11; Linux x86_64) AppleWebKit/537.36"
192.168.1.102 - - [05/May/2026:17:59:39 +0000] "GET /api/products HTTP/1.1" 200 23451 "https://example.com/" "Mozilla/5.0 (Windows NT 10.0; Win64; x64) AppleWebKit/537.36"
198.51.100.23 - - [05/May/2026:18:16:16 +0000] "GET /images/logo.png HTTP/1.1" 200 22564 "https://example.com/" "Mozilla/5.0 (Macintosh; Intel Mac OS X 10_15_7) AppleWebKit/537.36"
192.168.1.101 - - [05/May/2026:18:27:49 +0000] "POST /api/users HTTP/1.1" 200 16359 "https://example.com/" "Python-urllib/3.8"
192.168.1.101 - - [05/May/2026:18:31:11 +0000] "GET / HTTP/1.1" 200 41958 "https://example.com/" "curl/7.68.0"
198.51.100.23 - - [05/May/2026:18:47:46 +0000] "POST /static/js/app.js HTTP/1.1" 200 30650 "https://example.com/" "curl/7.68.0"
10.0.1.100 - - [05/May/2026:18:56:41 +0000] "GET /api/users HTTP/1.1" 200 14532 "https://example.com/" "Mozilla/5.0 (Macintosh; Intel Mac OS X 10_15_7) AppleWebKit/537.36"
172.16.0.10 - - [05/May/2026:19:02:43 +0000] "GET /api/products HTTP/1.1" 200 43252 "https://example.com/" "Mozilla/5.0 (X11; Linux x86_64) AppleWebKit/537.36"
10.0.1.100 - - [05/May/2026:19:06:36 +0000] "GET /images/logo.png HTTP/1.1" 200 12207 "https://example.com/" "Mozilla/5.0 (Macintosh; Intel Mac OS X 10_15_7) AppleWebKit/537.36"
10.0.1.100 - - [05/May/2026:19:24:29 +0000] "GET /api/search HTTP/1.1" 200 8632 "https://example.com/" "Mozilla/5.0 (Macintosh; Intel Mac OS X 10_15_7) AppleWebKit/537.36"
172.16.0.20 - - [05/May/2026:19:30:56 +0000] "GET /api/products HTTP/1.1" 200 48134 "https://example.com/" "curl/7.68.0"
198.51.100.23 - - [05/May/2026:19:30:06 +0000] "PUT / HTTP/1.1" 200 18323 "https://example.com/" "Mozilla/5.0 (X11; Linux x86_64) AppleWebKit/537.36"
203.0.113.45 - - [05/May/2026:19:40:34 +0000] "GET /index.html HTTP/1.1" 200 1072 "https://example.com/" "curl/7.68.0"
172.16.0.20 - - [05/May/2026:19:56:48 +0000] "GET /images/logo.png HTTP/1.1" 200 1188 "https://example.com/" "Python-urllib/3.8"
192.168.1.101 - - [05/May/2026:20:07:48 +0000] "GET /index.html HTTP/1.1" 200 17056 "-" "Mozilla/5.0 (Macintosh; Intel Mac OS X 10_15_7) AppleWebKit/537.36"
192.168.1.100 - - [05/May/2026:20:06:44 +0000] "DELETE /images/logo.png HTTP/1.1" 200 12673 "-" "Python-urllib/3.8"
198.51.100.23 - - [05/May/2026:20:25:28 +0000] "GET / HTTP/1.1" 200 12028 "https://example.com/" "Mozilla/5.0 (Windows NT 10.0; Win64; x64) AppleWebKit/537.36"
172.16.0.20 - - [05/May/2026:20:22:31 +0000] "GET /api/users HTTP/1.1" 200 28599 "https://example.com/" "Mozilla/5.0 (Windows NT 10.0; Win64; x64) AppleWebKit/537.36"
10.0.1.100 - - [05/May/2026:20:42:36 +0000] "GET /index.html HTTP/1.1" 200 3761 "-" "Mozilla/5.0 (Windows NT 10.0; Win64; x64) AppleWebKit/537.36"
172.16.0.20 - - [05/May/2026:20:35:05 +0000] "GET /static/js/app.js HTTP/1.1" 200 8713 "https://example.com/" "curl/7.68.0"
10.0.0.51 - - [05/May/2026:20:46:32 +0000] "GET /images/logo.png HTTP/1.1" 200 49970 "https://example.com/" "Mozilla/5.0 (Windows NT 10.0; Win64; x64) AppleWebKit/537.36"
172.16.0.20 - - [05/May/2026:21:04:34 +0000] "POST /index.html HTTP/1.1" 200 19967 "-" "Mozilla/5.0 (Windows NT 10.0; Win64; x64) AppleWebKit/537.36"
10.0.1.100 - - [05/May/2026:21:03:29 +0000] "GET /api/users HTTP/1.1" 200 24723 "https://example.com/" "Python-urllib/3.8"
198.51.100.23 - - [05/May/2026:21:10:45 +0000] "GET /static/js/app.js HTTP/1.1" 200 47194 "https://example.com/" "Mozilla/5.0 (Windows NT 10.0; Win64; x64) AppleWebKit/537.36"
192.168.1.101 - - [05/May/2026:21:22:19 +0000] "POST / HTTP/1.1" 200 24344 "https://example.com/" "Python-urllib/3.8"
192.168.1.102 - - [05/May/2026:21:31:04 +0000] "POST /api/products HTTP/1.1" 200 19190 "https://example.com/" "curl/7.68.0"
10.0.0.51 - - [05/May/2026:21:47:05 +0000] "GET /static/css/style.css HTTP/1.1" 200 19945 "https://example.com/" "curl/7.68.0"
93.184.216.34 - - [05/May/2026:21:48:24 +0000] "GET /images/logo.png HTTP/1.1" 200 5092 "https://example.com/" "Mozilla/5.0 (Windows NT 10.0; Win64; x64) AppleWebKit/537.36"
192.168.1.101 - - [05/May/2026:22:03:12 +0000] "POST / HTTP/1.1" 200 5337 "https://example.com/" "Mozilla/5.0 (Windows NT 10.0; Win64; x64) AppleWebKit/537.36"
93.184.216.34 - - [05/May/2026:22:15:05 +0000] "POST /api/products HTTP/1.1" 200 17506 "https://example.com/" "curl/7.68.0"
10.0.1.100 - - [05/May/2026:22:21:26 +0000] "GET /index.html HTTP/1.1" 200 5632 "-" "Mozilla/5.0 (Macintosh; Intel Mac OS X 10_15_7) AppleWebKit/537.36"
10.0.0.51 - - [05/May/2026:22:31:25 +0000] "POST /api/products HTTP/1.1" 200 12866 "https://example.com/" "Mozilla/5.0 (X11; Linux x86_64) AppleWebKit/537.36"
192.168.1.101 - - [05/May/2026:22:38:58 +0000] "GET /static/js/app.js HTTP/1.1" 200 46829 "https://example.com/" "Mozilla/5.0 (X11; Linux x86_64) AppleWebKit/537.36"
10.0.0.51 - - [05/May/2026:22:51:03 +0000] "GET /api/users HTTP/1.1" 200 19676 "https://example.com/" "Mozilla/5.0 (Windows NT 10.0; Win64; x64) AppleWebKit/537.36"
192.168.1.100 - - [05/May/2026:22:44:06 +0000] "GET /index.html HTTP/1.1" 200 44226 "-" "Mozilla/5.0 (Macintosh; Intel Mac OS X 10_15_7) AppleWebKit/537.36"
203.0.113.45 - - [05/May/2026:22:50:40 +0000] "GET /index.html HTTP/1.1" 200 9949 "-" "Mozilla/5.0 (Windows NT 10.0; Win64; x64) AppleWebKit/537.36"
198.51.100.23 - - [05/May/2026:23:14:28 +0000] "PUT /static/js/app.js HTTP/1.1" 200 43152 "https://example.com/" "Mozilla/5.0 (Windows NT 10.0; Win64; x64) AppleWebKit/537.36"
10.0.1.100 - - [05/May/2026:23:10:01 +0000] "POST / HTTP/1.1" 200 16989 "https://example.com/" "Mozilla/5.0 (Macintosh; Intel Mac OS X 10_15_7) AppleWebKit/537.36"
172.16.0.10 - - [05/May/2026:23:23:22 +0000] "GET /static/js/app.js HTTP/1.1" 200 14266 "https://example.com/" "Mozilla/5.0 (Macintosh; Intel Mac OS X 10_15_7) AppleWebKit/537.36"
93.184.216.34 - - [05/May/2026:23:28:20 +0000] "GET / HTTP/1.1" 200 31822 "https://example.com/" "Mozilla/5.0 (Macintosh; Intel Mac OS X 10_15_7) AppleWebKit/537.36"
172.16.0.10 - - [05/May/2026:23:44:57 +0000] "POST /static/css/style.css HTTP/1.1" 200 9777 "-" "Python-urllib/3.8"
192.168.1.101 - - [06/May/2026:00:00:21 +0000] "GET / HTTP/1.1" 200 26274 "https://example.com/" "Mozilla/5.0 (Windows NT 10.0; Win64; x64) AppleWebKit/537.36"
192.168.1.102 - - [06/May/2026:00:07:06 +0000] "POST / HTTP/1.1" 200 16249 "https://example.com/" "curl/7.68.0"
172.16.0.20 - - [06/May/2026:00:03:16 +0000] "GET /admin/login HTTP/1.1" 236 13330 "https://example.com/" "curl/7.68.0"
198.51.100.23 - - [06/May/2026:00:16:15 +0000] "POST /api/users HTTP/1.1" 200 40395 "https://example.com/" "Python-urllib/3.8"
192.168.1.100 - - [06/May/2026:00:34:45 +0000] "GET /static/css/style.css HTTP/1.1" 200 30155 "https://example.com/" "Mozilla/5.0 (Macintosh; Intel Mac OS X 10_15_7) AppleWebKit/537.36"
93.184.216.34 - - [06/May/2026:00:43:04 +0000] "GET /api/orders HTTP/1.1" 200 35425 "https://example.com/" "Mozilla/5.0 (Windows NT 10.0; Win64; x64) AppleWebKit/537.36"
172.16.0.20 - - [06/May/2026:00:49:19 +0000] "GET /index.html HTTP/1.1" 200 38610 "-" "Mozilla/5.0 (Windows NT 10.0; Win64; x64) AppleWebKit/537.36"
172.16.0.10 - - [06/May/2026:00:48:22 +0000] "POST /notfound HTTP/1.1" 404 246 "-" "Python-urllib/3.8"
10.0.0.50 - - [06/May/2026:00:59:17 +0000] "GET /static/css/style.css HTTP/1.1" 200 22992 "https://example.com/" "curl/7.68.0"
192.168.1.101 - - [06/May/2026:01:06:38 +0000] "GET /static/css/style.css HTTP/1.1" 200 26133 "-" "Mozilla/5.0 (Windows NT 10.0; Win64; x64) AppleWebKit/537.36"
192.168.1.102 - - [06/May/2026:01:23:54 +0000] "GET /static/css/style.css HTTP/1.1" 200 23781 "https://example.com/" "Python-urllib/3.8"
198.51.100.23 - - [06/May/2026:01:19:47 +0000] "POST /api/products HTTP/1.1" 200 1302 "https://example.com/" "Mozilla/5.0 (Macintosh; Intel Mac OS X 10_15_7) AppleWebKit/537.36"
93.184.216.34 - - [06/May/2026:01:32:43 +0000] "GET /static/js/app.js HTTP/1.1" 200 882 "-" "Mozilla/5.0 (Macintosh; Intel Mac OS X 10_15_7) AppleWebKit/537.36"
10.0.0.51 - - [06/May/2026:01:35:06 +0000] "PATCH /api/users HTTP/1.1" 200 12026 "-" "Mozilla/5.0 (X11; Linux x86_64) AppleWebKit/537.36"
192.168.1.101 - - [06/May/2026:01:55:09 +0000] "GET /api/search HTTP/1.1" 200 36652 "https://example.com/" "Python-urllib/3.8"
172.16.0.20 - - [06/May/2026:01:55:01 +0000] "GET /static/css/style.css HTTP/1.1" 200 18772 "https://example.com/" "Mozilla/5.0 (X11; Linux x86_64) AppleWebKit/537.36"
10.0.1.100 - - [06/May/2026:02:10:14 +0000] "GET /admin/login HTTP/1.1" 296 15583 "-" "Mozilla/5.0 (X11; Linux x86_64) AppleWebKit/537.36"
10.0.1.100 - - [06/May/2026:02:23:29 +0000] "GET /api/search HTTP/1.1" 200 11628 "https://example.com/" "Mozilla/5.0 (Windows NT 10.0; Win64; x64) AppleWebKit/537.36"
198.51.100.23 - - [06/May/2026:02:25:19 +0000] "GET /index.html HTTP/1.1" 200 10314 "https://example.com/" "Mozilla/5.0 (X11; Linux x86_64) AppleWebKit/537.36"
10.0.0.50 - - [06/May/2026:02:40:37 +0000] "GET / HTTP/1.1" 200 14910 "https://example.com/" "Mozilla/5.0 (Windows NT 10.0; Win64; x64) AppleWebKit/537.36"
192.168.1.102 - - [06/May/2026:02:35:34 +0000] "GET /api/search HTTP/1.1" 200 20804 "https://example.com/" "Python-urllib/3.8"
10.0.1.100 - - [06/May/2026:02:46:06 +0000] "PATCH / HTTP/1.1" 200 30495 "https://example.com/" "Python-urllib/3.8"
93.184.216.34 - - [06/May/2026:03:02:52 +0000] "GET /static/css/style.css HTTP/1.1" 200 15047 "-" "Mozilla/5.0 (X11; Linux x86_64) AppleWebKit/537.36"
172.16.0.10 - - [06/May/2026:03:05:29 +0000] "GET /api/orders HTTP/1.1" 201 23711 "https://example.com/" "Python-urllib/3.8"
192.168.1.101 - - [06/May/2026:03:17:05 +0000] "GET /index.html HTTP/1.1" 200 47453 "-" "curl/7.68.0"
172.16.0.10 - - [06/May/2026:03:23:46 +0000] "GET /index.html HTTP/1.1" 200 31625 "https://example.com/" "Mozilla/5.0 (Windows NT 10.0; Win64; x64) AppleWebKit/537.36"
10.0.1.100 - - [06/May/2026:03:33:32 +0000] "GET /images/logo.png HTTP/1.1" 200 27149 "https://example.com/" "Mozilla/5.0 (X11; Linux x86_64) AppleWebKit/537.36"
10.0.0.51 - - [06/May/2026:03:52:50 +0000] "GET /api/search HTTP/1.1" 200 3986 "https://example.com/" "Python-urllib/3.8"
172.16.0.10 - - [06/May/2026:03:55:06 +0000] "GET /api/users HTTP/1.1" 200 1072 "https://example.com/" "Mozilla/5.0 (Macintosh; Intel Mac OS X 10_15_7) AppleWebKit/537.36"
172.16.0.20 - - [06/May/2026:03:57:31 +0000] "GET /images/logo.png HTTP/1.1" 200 3307 "https://example.com/" "curl/7.68.0"
172.16.0.10 - - [06/May/2026:04:18:49 +0000] "POST /api/orders HTTP/1.1" 201 20296 "https://example.com/" "Mozilla/5.0 (Macintosh; Intel Mac OS X 10_15_7) AppleWebKit/537.36"
93.184.216.34 - - [06/May/2026:04:24:57 +0000] "DELETE / HTTP/1.1" 200 32002 "-" "Python-urllib/3.8"
192.168.1.100 - - [06/May/2026:04:30:44 +0000] "GET /api/search HTTP/1.1" 200 12801 "-" "Mozilla/5.0 (X11; Linux x86_64) AppleWebKit/537.36"
192.168.1.102 - - [06/May/2026:04:37:50 +0000] "POST /static/css/style.css HTTP/1.1" 200 48595 "https://example.com/" "Mozilla/5.0 (Macintosh; Intel Mac OS X 10_15_7) AppleWebKit/537.36"
93.184.216.34 - - [06/May/2026:04:36:13 +0000] "DELETE / HTTP/1.1" 200 37703 "https://example.com/" "Python-urllib/3.8"
198.51.100.23 - - [06/May/2026:04:53:55 +0000] "GET /static/js/app.js HTTP/1.1" 200 29394 "https://example.com/" "Mozilla/5.0 (Macintosh; Intel Mac OS X 10_15_7) AppleWebKit/537.36"
172.16.0.10 - - [06/May/2026:05:11:43 +0000] "PATCH / HTTP/1.1" 200 21354 "-" "Mozilla/5.0 (X11; Linux x86_64) AppleWebKit/537.36"
10.0.0.51 - - [06/May/2026:05:13:00 +0000] "POST /admin/login HTTP/1.1" 301 18315 "-" "Mozilla/5.0 (Macintosh; Intel Mac OS X 10_15_7) AppleWebKit/537.36"
192.168.1.102 - - [06/May/2026:05:23:05 +0000] "GET / HTTP/1.1" 200 25940 "https://example.com/" "Python-urllib/3.8"
203.0.113.45 - - [06/May/2026:05:34:36 +0000] "GET /images/logo.png HTTP/1.1" 200 47060 "https://example.com/" "Python-urllib/3.8"
93.184.216.34 - - [06/May/2026:05:44:01 +0000] "GET /static/js/app.js HTTP/1.1" 200 42602 "https://example.com/" "curl/7.68.0"
10.0.1.100 - - [06/May/2026:05:39:56 +0000] "GET /static/js/app.js HTTP/1.1" 200 21248 "-" "Python-urllib/3.8"
93.184.216.34 - - [06/May/2026:05:53:00 +0000] "GET /index.html HTTP/1.1" 200 48794 "-" "Mozilla/5.0 (Macintosh; Intel Mac OS X 10_15_7) AppleWebKit/537.36"
10.0.1.100 - - [06/May/2026:06:01:10 +0000] "PUT /api/products HTTP/1.1" 200 33424 "https://example.com/" "Mozilla/5.0 (Windows NT 10.0; Win64; x64) AppleWebKit/537.36"
10.0.0.51 - - [06/May/2026:06:19:46 +0000] "GET /api/products HTTP/1.1" 200 12921 "https://example.com/" "Mozilla/5.0 (Windows NT 10.0; Win64; x64) AppleWebKit/537.36"
93.184.216.34 - - [06/May/2026:06:12:23 +0000] "GET /index.html HTTP/1.1" 200 17751 "https://example.com/" "Python-urllib/3.8"
172.16.0.20 - - [06/May/2026:06:38:11 +0000] "POST /index.html HTTP/1.1" 200 39070 "-" "Mozilla/5.0 (Windows NT 10.0; Win64; x64) AppleWebKit/537.36"
93.184.216.34 - - [06/May/2026:06:35:21 +0000] "GET /notfound HTTP/1.1" 404 168 "https://example.com/" "Mozilla/5.0 (Macintosh; Intel Mac OS X 10_15_7) AppleWebKit/537.36"
10.0.0.50 - - [06/May/2026:06:48:38 +0000] "GET /images/logo.png HTTP/1.1" 200 14376 "-" "curl/7.68.0"
93.184.216.34 - - [06/May/2026:07:03:11 +0000] "GET /static/js/app.js HTTP/1.1" 200 20448 "-" "Python-urllib/3.8"
10.0.1.100 - - [06/May/2026:07:00:12 +0000] "GET /static/js/app.js HTTP/1.1" 200 5389 "https://example.com/" "curl/7.68.0"
172.16.0.20 - - [06/May/2026:07:19:50 +0000] "GET /api/users HTTP/1.1" 200 37349 "-" "curl/7.68.0"
198.51.100.23 - - [06/May/2026:07:14:28 +0000] "GET /api/users HTTP/1.1" 200 10466 "https://example.com/" "Mozilla/5.0 (Windows NT 10.0; Win64; x64) AppleWebKit/537.36"
93.184.216.34 - - [06/May/2026:07:36:50 +0000] "GET /api/search HTTP/1.1" 200 24543 "https://example.com/" "Mozilla/5.0 (Windows NT 10.0; Win64; x64) AppleWebKit/537.36"
10.0.0.50 - - [06/May/2026:07:47:09 +0000] "GET /images/logo.png HTTP/1.1" 200 20224 "-" "Mozilla/5.0 (Macintosh; Intel Mac OS X 10_15_7) AppleWebKit/537.36"
172.16.0.20 - - [06/May/2026:07:46:09 +0000] "POST /static/css/style.css HTTP/1.1" 200 12564 "https://example.com/" "curl/7.68.0"
