172.16.0.20 - - [06/May/2026:07:46:28 +0000] "POST / HTTP/1.1" 200 6044 "https://example.com/" "Mozilla/5.0 (X11; Linux x86_64) AppleWebKit/537.36"
10.0.0.51 - - [06/May/2026:07:58:23 +0000] "DELETE /index.html HTTP/1.1" 200 8807 "https://example.com/" "Mozilla/5.0 (X11; Linux x86_64) AppleWebKit/537.36"
203.0.113.45 - - [06/May/2026:08:07:42 +0000] "GET /images/logo.png HTTP/1.1" 200 28665 "https://example.com/" "curl/7.68.0"
203.0.113.45 - - [06/May/2026:08:15:19 +0000] "PUT / HTTP/1.1" 200 37048 "-" "Mozilla/5.0 (X11; Linux x86_64) AppleWebKit/537.36"
172.16.0.10 - - [06/May/2026:08:30:09 +0000] "POST / HTTP/1.1" 200 9286 "https://example.com/" "Mozilla/5.0 (X11; Linux x86_64) AppleWebKit/537.36"
192.168.1.102 - - [06/May/2026:08:33:18 +0000] "GET /api/orders HTTP/1.1" 201 27914 "-" "Mozilla/5.0 (X11; Linux x86_64) AppleWebKit/537.36"
10.0.1.100 - - [06/May/2026:08:37:49 +0000] "GET /images/logo.png HTTP/1.1" 200 26804 "https://example.com/" "Mozilla/5.0 (Macintosh; Intel Mac OS X 10_15_7) AppleWebKit/537.36"
172.16.0.20 - - [06/May/2026:09:02:01 +0000] "GET /images/logo.png HTTP/1.1" 200 45859 "https://example.com/" "Mozilla/5.0 (Windows NT 10.0; Win64; x64) AppleWebKit/537.36"
192.168.1.102 - - [06/May/2026:08:56:36 +0000] "GET /index.html HTTP/1.1" 200 48240 "https://example.com/" "Mozilla/5.0 (X11; Linux x86_64) AppleWebKit/537.36"
172.16.0.10 - - [06/May/2026:09:05:00 +0000] "PATCH /api/products HTTP/1.1" 200 2633 "https://example.com/" "Mozilla/5.0 (Windows NT 10.0; Win64; x64) AppleWebKit/537.36"
192.168.1.101 - - [06/May/2026:09:24:15 +0000] "PUT /static/css/style.css HTTP/1.1" 200 19047 "https://example.com/" "Mozilla/5.0 (Windows NT 10.0; Win64; x64) AppleWebKit/537.36"
10.0.0.51 - - [06/May/2026:09:27:08 +0000] "GET /api/products HTTP/1.1" 200 24703 "https://example.com/" "Python-urllib/3.8"
198.51.100.23 - - [06/May/2026:09:41:46 +0000] "GET /index.html HTTP/1.1" 200 18770 "https://example.com/" "Mozilla/5.0 (Macintosh; Intel Mac OS X 10_15_7) AppleWebKit/537.36"
10.0.1.100 - - [06/May/2026:09:50:24 +0000] "GET / HTTP/1.1" 200 2015 "https://example.com/" "Mozilla/5.0 (X11; Linux x86_64) AppleWebKit/537.36"
172.16.0.10 - - [06/May/2026:10:00:29 +0000] "GET / HTTP/1.1" 200 12627 "-" "curl/7.68.0"
172.16.0.20 - - [06/May/2026:09:58:45 +0000] "POST /api/users HTTP/1.1" 200 39848 "https://example.com/" "Mozilla/5.0 (Windows NT 10.0; Win64; x64) AppleWebKit/537.36"
10.0.0.50 - - [06/May/2026:10:08:40 +0000] "GET /index.html HTTP/1.1" 200 11148 "https://example.com/" "Mozilla/5.0 (X11; Linux x86_64) AppleWebKit/537.36"
192.168.1.102 - - [06/May/2026:10:26:46 +0000] "GET / HTTP/1.1" 200 15971 "https://example.com/" "Python-urllib/3.8"
192.168.1.101 - - [06/May/2026:10:23:12 +0000] "PUT /api/orders HTTP/1.1" 200 39195 "https://example.com/" "curl/7.68.0"
172.16.0.20 - - [06/May/2026:10:37:40 +0000] "POST /static/js/app.js HTTP/1.1" 200 27097 "https://example.com/" "Mozilla/5.0 (Macintosh; Intel Mac OS X 10_15_7) AppleWebKit/537.36"
192.168.1.101 - - [06/May/2026:10:42:40 +0000] "GET /api/products HTTP/1.1" 200 9947 "https://example.com/" "Mozilla/5.0 (Macintosh; Intel Mac OS X 10_15_7) AppleWebKit/537.36"
172.16.0.10 - - [06/May/2026:11:02:54 +0000] "GET /static/css/style.css HTTP/1.1" 200 27958 "https://example.com/" "Python-urllib/3.8"
172.16.0.20 - - [06/May/2026:10:59:57 +0000] "DELETE /api/orders HTTP/1.1" 200 45636 "-" "curl/7.68.0"
192.168.1.100 - - [06/May/2026:11:23:43 +0000] "GET /static/css/style.css HTTP/1.1" 200 27810 "https://example.com/" "Python-urllib/3.8"
198.51.100.23 - - [06/May/2026:11:28:02 +0000] "POST / HTTP/1.1" 200 42946 "https://example.com/" "curl/7.68.0"
192.168.1.100 - - [06/May/2026:11:23:22 +0000] "GET / HTTP/1.1" 200 26830 "https://example.com/" "Python-urllib/3.8"
10.0.0.51 - - [06/May/2026:11:30:33 +0000] "POST /static/js/app.js HTTP/1.1" 200 34892 "https://example.com/" "Mozilla/5.0 (Windows NT 10.0; Win64; x64) AppleWebKit/537.36"
172.16.0.20 - - [06/May/2026:11:44:08 +0000] "PUT / HTTP/1.1" 200 38913 "https://example.com/" "curl/7.68.0"
10.0.0.51 - - [06/May/2026:12:01:53 +0000] "GET /notfound HTTP/1.1" 404 164 "-" "curl/7.68.0"
198.51.100.23 - - [06/May/2026:12:07:48 +0000] "GET / HTTP/1.1" 200 40217 "https://example.com/" "Mozilla/5.0 (Macintosh; Intel Mac OS X 10_15_7) AppleWebKit/537.36"
192.168.1.101 - - [06/May/2026:12:17:54 +0000] "GET /static/js/app.js HTTP/1.1" 200 10390 "-" "Mozilla/5.0 (Macintosh; Intel Mac OS X 10_15_7) AppleWebKit/537.36"
172.16.0.20 - - [06/May/2026:12:31:15 +0000] "GET /static/css/style.css HTTP/1.1" 200 12107 "https://example.com/" "Python-urllib/3.8"
93.184.216.34 - - [06/May/2026:12:34:44 +0000] "POST / HTTP/1.1" 200 33074 "-" "Python-urllib/3.8"
93.184.216.34 - - [06/May/2026:12:45:18 +0000] "GET /static/js/app.js HTTP/1.1" 200 7780 "-" "Mozilla/5.0 (Windows NT 10.0; Win64; x64) AppleWebKit/537.36"
93.184.216.34 - - [06/May/2026:12:41:37 +0000] "GET /admin/login HTTP/1.1" 339 29120 "https://example.com/" "Mozilla/5.0 (Windows NT 10.0; Win64; x64) AppleWebKit/537.36"
172.16.0.20 - - [06/May/2026:12:56:59 +0000] "GET /index.html HTTP/1.1" 200 11774 "-" "Mozilla/5.0 (Macintosh; Intel Mac OS X 10_15_7) AppleWebKit/537.36"
192.168.1.101 - - [06/May/2026:12:58:45 +0000] "GET /static/css/style.css HTTP/1.1" 200 5985 "https://example.com/" "Mozilla/5.0 (Windows NT 10.0; Win64; x64) AppleWebKit/537.36"
172.16.0.20 - - [06/May/2026:13:23:03 +0000] "GET /images/logo.png HTTP/1.1" 200 34128 "-" "Mozilla/5.0 (X11; Linux x86_64) AppleWebKit/537.36"
172.16.0.10 - - [06/May/2026:13:18:07 +0000] "GET /static/js/app.js HTTP/1.1" 200 17214 "https://example.com/" "Mozilla/5.0 (X11; Linux x86_64) AppleWebKit/537.36"
10.0.1.100 - - [06/May/2026:13:23:47 +0000] "GET /index.html HTTP/1.1" 200 45374 "-" "curl/7.68.0"
10.0.1.100 - - [06/May/2026:13:39:19 +0000] "GET /api/search HTTP/1.1" 200 1799 "-" "Mozilla/5.0 (Windows NT 10.0; Win64; x64) AppleWebKit/537.36"
192.168.1.102 - - [06/May/2026:13:46:01 +0000] "PATCH /index.html HTTP/1.1" 200 29343 "https://example.com/" "curl/7.68.0"
10.0.0.51 - - [06/May/2026:13:55:20 +0000] "GET /api/products HTTP/1.1" 200 45407 "https://example.com/" "Mozilla/5.0 (X11; Linux x86_64) AppleWebKit/537.36"
10.0.1.100 - - [06/May/2026:14:03:08 +0000] "GET /index.html HTTP/1.1" 200 40159 "https://example.com/" "Mozilla/5.0 (X11; Linux x86_64) AppleWebKit/537.36"
93.184.216.34 - - [06/May/2026:14:07:45 +0000] "GET /index.html HTTP/1.1" 200 7517 "https://example.com/" "Mozilla/5.0 (Macintosh; Intel Mac OS X 10_15_7) AppleWebKit/537.36"
10.0.1.100 - - [06/May/2026:14:25:19 +0000] "GET / HTTP/1.1" 200 48600 "https://example.com/" "Python-urllib/3.8"
192.168.1.100 - - [06/May/2026:14:25:12 +0000] "GET /images/logo.png HTTP/1.1" 200 48029 "https://example.com/" "Mozilla/5.0 (Windows NT 10.0; Win64; x64) AppleWebKit/537.36"
10.0.1.100 - - [06/May/2026:14:32:05 +0000] "GET / HTTP/1.1" 200 21399 "https://example.com/" "curl/7.68.0"
192.168.1.101 - - [06/May/2026:14:49:24 +0000] "POST /images/logo.png HTTP/1.1" 200 45057 "-" "Mozilla/5.0 (Windows NT 10.0; Win64; x64) AppleWebKit/537.36"
192.168.1.100 - - [06/May/2026:14:54:11 +0000] "GET / HTTP/1.1" 200 5850 "https://example.com/" "Mozilla/5.0 (Macintosh; Intel Mac OS X 10_15_7) AppleWebKit/537.36"
192.168.1.100 - - [06/May/2026:15:14:53 +0000] "GET /static/js/app.js HTTP/1.1" 200 40192 "https://example.com/" "curl/7.68.0"
172.16.0.10 - - [06/May/2026:15:13:02 +0000] "GET / HTTP/1.1" 200 27633 "-" "Mozilla/5.0 (Macintosh; Intel Mac OS X 10_15_7) AppleWebKit/537.36"
10.0.0.50 - - [06/May/2026:15:34:24 +0000] "DELETE /api/users HTTP/1.1" 200 1853 "-" "curl/7.68.0"
172.16.0.10 - - [06/May/2026:15:41:49 +0000] "GET /static/css/style.css HTTP/1.1" 200 49414 "https://example.com/" "Python-urllib/3.8"
10.0.0.50 - - [06/May/2026:15:43:00 +0000] "GET / HTTP/1.1" 200 6213 "https://example.com/" "Mozilla/5.0 (Windows NT 10.0; Win64; x64) AppleWebKit/537.36"
172.16.0.10 - - [06/May/2026:15:57:20 +0000] "POST / HTTP/1.1" 200 45758 "https://example.com/" "Python-urllib/3.8"
10.0.0.51 - - [06/May/2026:16:08:16 +0000] "GET / HTTP/1.1" 200 34154 "https://example.com/" "Mozilla/5.0 (Windows NT 10.0; Win64; x64) AppleWebKit/537.36"
172.16.0.10 - - [06/May/2026:16:07:59 +0000] "GET / HTTP/1.1" 200 38211 "https://example.com/" "Mozilla/5.0 (Windows NT 10.0; Win64; x64) AppleWebKit/537.36"
192.168.1.102 - - [06/May/2026:16:16:55 +0000] "GET /index.html HTTP/1.1" 200 37627 "https://example.com/" "Mozilla/5.0 (Macintosh; Intel Mac OS X 10_15_7) AppleWebKit/537.36"
172.16.0.10 - - [06/May/2026:16:22:29 +0000] "POST /static/js/app.js HTTP/1.1" 200 30091 "https://example.com/" "Python-urllib/3.8"
10.0.0.51 - - [06/May/2026:16:24:37 +0000] "GET /static/js/app.js HTTP/1.1" 200 13233 "-" "curl/7.68.0"
10.0.1.100 - - [06/May/2026:16:52:12 +0000] "GET /static/css/style.css HTTP/1.1" 200 42176 "https://example.com/" "Mozilla/5.0 (Macintosh; Intel Mac OS X 10_15_7) AppleWebKit/537.36"
198.51.100.23 - - [06/May/2026:16:56:44 +0000] "GET /admin/login HTTP/1.1" 225 22279 "-" "Python-urllib/3.8"
10.0.0.50 - - [06/May/2026:17:05:05 +0000] "POST / HTTP/1.1" 200 23538 "-" "Python-urllib/3.8"
198.51.100.23 - - [06/May/2026:17:01:23 +0000] "POST /api/orders HTTP/1.1" 200 4222 "https://example.com/" "Mozilla/5.0 (Macintosh; Intel Mac OS X 10_15_7) AppleWebKit/537.36"
172.16.0.20 - - [06/May/2026:17:26:54 +0000] "GET /api/search HTTP/1.1" 200 20847 "-" "Mozilla/5.0 (X11; Linux x86_64) AppleWebKit/537.36"
10.0.0.50 - - [06/May/2026:17:31:41 +0000] "GET / HTTP/1.1" 200 19735 "https://example.com/" "Mozilla/5.0 (Windows NT 10.0; Win64; x64) AppleWebKit/537.36"
10.0.0.51 - - [06/May/2026:17:30:50 +0000] "GET /static/css/style.css HTTP/1.1" 200 5410 "https://example.com/" "Mozilla/5.0 (Macintosh; Intel Mac OS X 10_15_7) AppleWebKit/537.36"
192.168.1.100 - - [06/May/2026:17:50:20 +0000] "GET /api/users HTTP/1.1" 200 1835 "https://example.com/" "Mozilla/5.0 (X11; Linux x86_64) AppleWebKit/537.36"
198.51.100.23 - - [06/May/2026:17:59:10 +0000] "GET /api/users HTTP/1.1" 200 30431 "-" "Mozilla/5.0 (Windows NT 10.0; Win64; x64) AppleWebKit/537.36"
192.168.1.100 - - [06/May/2026:18:08:09 +0000] "GET /index.html HTTP/1.1" 200 642 "-" "Mozilla/5.0 (Macintosh; Intel Mac OS X 10_15_7) AppleWebKit/537.36"
172.16.0.20 - - [06/May/2026:18:14:18 +0000] "GET /api/search HTTP/1.1" 200 19062 "-" "Mozilla/5.0 (X11; Linux x86_64) AppleWebKit/537.36"
172.16.0.20 - - [06/May/2026:18:12:00 +0000] "GET /static/css/style.css HTTP/1.1" 200 43554 "-" "curl/7.68.0"
203.0.113.45 - - [06/May/2026:18:29:16 +0000] "GET /images/logo.png HTTP/1.1" 200 47232 "https://example.com/" "Mozilla/5.0 (X11; Linux x86_64) AppleWebKit/537.36"
10.0.0.50 - - [06/May/2026:18:29:07 +0000] "GET /static/css/style.css HTTP/1.1" 200 35885 "-" "Mozilla/5.0 (X11; Linux x86_64) AppleWebKit/537.36"
172.16.0.20 - - [06/May/2026:18:44:42 +0000] "GET /api/users HTTP/1.1" 200 19536 "https://example.com/" "Mozilla/5.0 (Macintosh; Intel Mac OS X 10_15_7) AppleWebKit/537.36"
172.16.0.20 - - [06/May/2026:19:01:59 +0000] "GET /index.html HTTP/1.1" 200 41904 "https://example.com/" "Python-urllib/3.8"
198.51.100.23 - - [06/May/2026:18:58:18 +0000] "GET / HTTP/1.1" 200 43459 "https://example.com/" "Mozilla/5.0 (Windows NT 10.0; Win64; x64) AppleWebKit/537.36"
192.168.1.100 - - [06/May/2026:19:14:10 +0000] "GET /api/orders HTTP/1.1" 200 48359 "https://example.com/" "Mozilla/5.0 (Macintosh; Intel Mac OS X 10_15_7) AppleWebKit/537.36"
198.51.100.23 - - [06/May/2026:19:10:27 +0000] "GET / HTTP/1.1" 200 45967 "https://example.com/" "curl/7.68.0"
192.168.1.101 - - [06/May/2026:19:32:34 +0000] "GET /static/css/style.css HTTP/1.1" 200 20500 "-" "curl/7.68.0"
192.168.1.102 - - [06/May/2026:19:32:18 +0000] "POST /static/css/style.css HTTP/1.1" 200 29571 "https://example.com/" "Mozilla/5.0 (X11; Linux x86_64) AppleWebKit/537.36"
198.51.100.23 - - [06/May/2026:19:38:09 +0000] "GET /index.html HTTP/1.1" 200 27988 "https://example.com/" "Mozilla/5.0 (Macintosh; Intel Mac OS X 10_15_7) AppleWebKit/537.36"
192.168.1.102 - - [06/May/2026:19:51:37 +0000] "GET /admin/login HTTP/1.1" 291 8134 "https://example.com/" "Python-urllib/3.8"
192.168.1.100 - - [06/May/2026:20:02:18 +0000] "GET /static/js/app.js HTTP/1.1" 200 10524 "https://example.com/" "Mozilla/5.0 (Windows NT 10.0; Win64; x64) AppleWebKit/537.36"
198.51.100.23 - - [06/May/2026:20:19:29 +0000] "GET /images/logo.png HTTP/1.1" 200 23185 "https://example.com/" "Python-urllib/3.8"
172.16.0.10 - - [06/May/2026:20:24:32 +0000] "GET /index.html HTTP/1.1" 200 40434 "https://example.com/" "Mozilla/5.0 (Windows NT 10.0; Win64; x64) AppleWebKit/537.36"
192.168.1.102 - - [06/May/2026:20:31:40 +0000] "POST /api/orders HTTP/1.1" 201 13836 "https://example.com/" "Mozilla/5.0 (Windows NT 10.0; Win64; x64) AppleWebKit/537.36"
192.168.1.100 - - [06/May/2026:20:43:49 +0000] "GET /api/users HTTP/1.1" 200 7273 "https://example.com/" "Mozilla/5.0 (Macintosh; Intel Mac OS X 10_15_7) AppleWebKit/537.36"
192.168.1.102 - - [06/May/2026:20:49:26 +0000] "POST /index.html HTTP/1.1" 200 8861 "https://example.com/" "Mozilla/5.0 (X11; Linux x86_64) AppleWebKit/537.36"
192.168.1.102 - - [06/May/2026:20:43:14 +0000] "GET /static/css/style.css HTTP/1.1" 200 48986 "https://example.com/" "Mozilla/5.0 (Windows NT 10.0; Win64; x64) AppleWebKit/537.36"
10.0.0.51 - - [06/May/2026:21:10:53 +0000] "POST /static/css/style.css HTTP/1.1" 200 40790 "https://example.com/" "Python-urllib/3.8"
93.184.216.34 - - [06/May/2026:21:13:14 +0000] "GET /index.html HTTP/1.1" 200 15218 "-" "Mozilla/5.0 (Macintosh; Intel Mac OS X 10_15_7) AppleWebKit/537.36"
93.184.216.34 - - [06/May/2026:21:19:38 +0000] "PUT /index.html HTTP/1.1" 200 18122 "https://example.com/" "curl/7.68.0"
198.51.100.23 - - [06/May/2026:21:23:55 +0000] "GET /index.html HTTP/1.1" 200 10920 "https://example.com/" "curl/7.68.0"
10.0.0.50 - - [06/May/2026:21:27:57 +0000] "GET /images/logo.png HTTP/1.1" 200 795 "https://example.com/" "Mozilla/5.0 (X11; Linux x86_64) AppleWebKit/537.36"
10.0.0.51 - - [06/May/2026:21:44:35 +0000] "GET /api/search HTTP/1.1" 200 10955 "https://example.com/" "Mozilla/5.0 (Macintosh; Intel Mac OS X 10_15_7) AppleWebKit/537.36"
93.184.216.34 - - [06/May/2026:22:02:13 +0000] "GET / HTTP/1.1" 200 39195 "-" "Python-urllib/3.8"
203.0.113.45 - - [06/May/2026:21:57:23 +0000] "GET /api/internal HTTP/1.1" 500 345 "-" "Mozilla/5.0 (X11; Linux x86_64) AppleWebKit/537.36"
10.0.1.100 - - [06/May/2026:22:19:24 +0000] "GET /images/logo.png HTTP/1.1" 200 32790 "https://example.com/" "Mozilla/5.0 (Macintosh; Intel Mac OS X 10_15_7) AppleWebKit/537.36"
192.168.1.101 - - [06/May/2026:22:23:20 +0000] "GET /index.html HTTP/1.1" 200 32563 "-" "Mozilla/5.0 (Macintosh; Intel Mac OS X 10_15_7) AppleWebKit/537.36"
192.168.1.101 - - [06/May/2026:22:32:55 +0000] "POST /images/logo.png HTTP/1.1" 200 34276 "https://example.com/" "Mozilla/5.0 (Windows NT 10.0; Win64; x64) AppleWebKit/537.36"
198.51.100.23 - - [06/May/2026:22:36:42 +0000] "POST /images/logo.png HTTP/1.1" 200 36598 "https://example.com/" "Python-urllib/3.8"
192.168.1.101 - - [06/May/2026:22:36:01 +0000] "GET /images/logo.png HTTP/1.1" 200 7499 "https://example.com/" "Mozilla/5.0 (Macintosh; Intel Mac OS X 10_15_7) AppleWebKit/537.36"
10.0.0.51 - - [06/May/2026:22:51:17 +0000] "GET /index.html HTTP/1.1" 200 23972 "https://example.com/" "Mozilla/5.0 (Windows NT 10.0; Win64; x64) AppleWebKit/537.36"
192.168.1.100 - - [06/May/2026:23:10:42 +0000] "GET /admin/login HTTP/1.1" 282 25132 "https://example.com/" "curl/7.68.0"
10.0.1.100 - - [06/May/2026:23:11:37 +0000] "GET /api/orders HTTP/1.1" 200 45978 "-" "Mozilla/5.0 (Macintosh; Intel Mac OS X 10_15_7) AppleWebKit/537.36"
172.16.0.20 - - [06/May/2026:23:27:12 +0000] "POST /static/js/app.js HTTP/1.1" 200 20046 "https://example.com/" "Mozilla/5.0 (Macintosh; Intel Mac OS X 10_15_7) AppleWebKit/537.36"
192.168.1.102 - - [06/May/2026:23:26:23 +0000] "GET / HTTP/1.1" 200 41350 "https://example.com/" "Mozilla/5.0 (Windows NT 10.0; Win64; x64) AppleWebKit/537.36"
10.0.0.50 - - [06/May/2026:23:40:47 +0000] "POST / HTTP/1.1" 200 36402 "https://example.com/" "Python-urllib/3.8"
192.168.1.101 - - [06/May/2026:23:49:02 +0000] "PUT /api/products HTTP/1.1" 200 18913 "https://example.com/" "Mozilla/5.0 (Windows NT 10.0; Win64; x64) AppleWebKit/537.36"
198.51.100.23 - - [07/May/2026:00:01:49 +0000] "GET / HTTP/1.1" 200 33899 "https://example.com/" "Mozilla/5.0 (Windows NT 10.0; Win64; x64) AppleWebKit/537.36"
192.168.1.102 - - [07/May/2026:00:02:09 +0000] "GET / HTTP/1.1" 200 45539 "-" "Python-urllib/3.8"
172.16.0.10 - - [07/May/2026:00:13:12 +0000] "GET / HTTP/1.1" 200 43916 "-" "Python-urllib/3.8"
10.0.0.51 - - [07/May/2026:00:18:59 +0000] "GET / HTTP/1.1" 200 31523 "https://example.com/" "curl/7.68.0"
172.16.0.10 - - [07/May/2026:00:22:07 +0000] "GET /images/logo.png HTTP/1.1" 200 47203 "https://example.com/" "Mozilla/5.0 (Windows NT 10.0; Win64; x64) AppleWebKit/537.36"
10.0.1.100 - - [07/May/2026:00:29:19 +0000] "GET /static/css/style.css HTTP/1.1" 200 49755 "https://example.com/" "Python-urllib/3.8"
192.168.1.100 - - [07/May/2026:00:53:42 +0000] "GET / HTTP/1.1" 200 36950 "-" "Mozilla/5.0 (X11; Linux x86_64) AppleWebKit/537.36"
203.0.113.45 - - [07/May/2026:01:02:41 +0000] "GET /api/products HTTP/1.1" 200 34061 "https://example.com/" "curl/7.68.0"
172.16.0.10 - - [07/May/2026:01:09:08 +0000] "GET /index.html HTTP/1.1" 200 41347 "https://example.com/" "Python-urllib/3.8"
192.168.1.101 - - [07/May/2026:01:21:21 +0000] "POST /api/products HTTP/1.1" 200 35528 "https://example.com/" "Mozilla/5.0 (X11; Linux x86_64) AppleWebKit/537.36"
172.16.0.10 - - [07/May/2026:01:28:04 +0000] "GET / HTTP/1.1" 200 43062 "-" "Mozilla/5.0 (Macintosh; Intel Mac OS X 10_15_7) AppleWebKit/537.36"
10.0.1.100 - - [07/May/2026:01:23:00 +0000] "GET / HTTP/1.1" 200 44231 "https://example.com/" "Mozilla/5.0 (Windows NT 10.0; Win64; x64) AppleWebKit/537.36"
93.184.216.34 - - [07/May/2026:01:29:39 +0000] "POST /static/css/style.css HTTP/1.1" 200 21936 "https://example.com/" "Mozilla/5.0 (Windows NT 10.0; Win64; x64) AppleWebKit/537.36"
172.16.0.10 - - [07/May/2026:01:54:48 +0000] "GET / HTTP/1.1" 200 39177 "https://example.com/" "Mozilla/5.0 (X11; Linux x86_64) AppleWebKit/537.36"
10.0.1.100 - - [07/May/2026:01:53:48 +0000] "GET /index.html HTTP/1.1" 200 37428 "-" "curl/7.68.0"
93.184.216.34 - - [07/May/2026:02:12:11 +0000] "GET / HTTP/1.1" 200 26201 "https://example.com/" "Python-urllib/3.8"
198.51.100.23 - - [07/May/2026:02:05:45 +0000] "GET /static/css/style.css HTTP/1.1" 200 20104 "https://example.com/" "Mozilla/5.0 (Macintosh; Intel Mac OS X 10_15_7) AppleWebKit/537.36"
192.168.1.101 - - [07/May/2026:02:28:38 +0000] "GET /admin/login HTTP/1.1" 327 5290 "-" "Mozilla/5.0 (Windows NT 10.0; Win64; x64) AppleWebKit/537.36"
172.16.0.20 - - [07/May/2026:02:36:28 +0000] "PATCH /images/logo.png HTTP/1.1" 200 35556 "-" "Mozilla/5.0 (Windows NT 10.0; Win64; x64) AppleWebKit/537.36"
192.168.1.102 - - [07/May/2026:02:33:14 +0000] "POST /index.html HTTP/1.1" 200 18260 "-" "Mozilla/5.0 (X11; Linux x86_64) AppleWebKit/537.36"
93.184.216.34 - - [07/May/2026:02:50:09 +0000] "GET /index.html HTTP/1.1" 200 49143 "https://example.com/" "Mozilla/5.0 (X11; Linux x86_64) AppleWebKit/537.36"
203.0.113.45 - - [07/May/2026:02:54:41 +0000] "GET /static/css/style.css HTTP/1.1" 200 32978 "-" "Mozilla/5.0 (Windows NT 10.0; Win64; x64) AppleWebKit/537.36"
10.0.1.100 - - [07/May/2026:03:08:58 +0000] "GET /api/search HTTP/1.1" 200 42555 "https://example.com/" "curl/7.68.0"
10.0.0.51 - - [07/May/2026:03:14:12 +0000] "GET /api/products HTTP/1.1" 200 13172 "https://example.com/" "Mozilla/5.0 (Windows NT 10.0; Win64; x64) AppleWebKit/537.36"
192.168.1.100 - - [07/May/2026:03:12:19 +0000] "GET / HTTP/1.1" 200 21787 "https://example.com/" "Mozilla/5.0 (X11; Linux x86_64) AppleWebKit/537.36"
172.16.0.10 - - [07/May/2026:03:32:35 +0000] "POST /api/internal HTTP/1.1" 502 284 "https://example.com/" "Mozilla/5.0 (X11; Linux x86_64) AppleWebKit/537.36"
172.16.0.20 - - [07/May/2026:03:46:00 +0000] "GET /api/users HTTP/1.1" 200 49004 "https://example.com/" "Mozilla/5.0 (Macintosh; Intel Mac OS X 10_15_7) AppleWebKit/537.36"
10.0.1.100 - - [07/May/2026:03:49:39 +0000] "POST /index.html HTTP/1.1" 200 10200 "-" "Mozilla/5.0 (Macintosh; Intel Mac OS X 10_15_7) AppleWebKit/537.36"
192.168.1.100 - - [07/May/2026:03:59:52 +0000] "POST /api/search HTTP/1.1" 200 6667 "https://example.com/" "Mozilla/5.0 (X11; Linux x86_64) AppleWebKit/537.36"
203.0.113.45 - - [07/May/2026:04:05:43 +0000] "POST / HTTP/1.1" 200 17341 "https://example.com/" "curl/7.68.0"
172.16.0.10 - - [07/May/2026:04:09:04 +0000] "GET /static/css/style.css HTTP/1.1" 200 30107 "https://example.com/" "Mozilla/5.0 (X11; Linux x86_64) AppleWebKit/537.36"
203.0.113.45 - - [07/May/2026:04:27:27 +0000] "GET /index.html HTTP/1.1" 200 31279 "https://example.com/" "Mozilla/5.0 (X11; Linux x86_64) AppleWebKit/537.36"
10.0.1.100 - - [07/May/2026:04:21:26 +0000] "GET / HTTP/1.1" 200 49410 "https://example.com/" "Mozilla/5.0 (Macintosh; Intel Mac OS X 10_15_7) AppleWebKit/537.36"
10.0.0.50 - - [07/May/2026:04:33:21 +0000] "GET /static/js/app.js HTTP/1.1" 200 39592 "-" "Mozilla/5.0 (Windows NT 10.0; Win64; x64) AppleWebKit/537.36"
10.0.1.100 - - [07/May/2026:04:50:24 +0000] "GET /index.html HTTP/1.1" 200 39321 "https://example.com/" "Mozilla/5.0 (X11; Linux x86_64) AppleWebKit/537.36"
172.16.0.10 - - [07/May/2026:05:06:29 +0000] "GET /api/orders HTTP/1.1" 200 36508 "https://example.com/" "Python-urllib/3.8"
93.184.216.34 - - [07/May/2026:05:01:48 +0000] "GET /static/css/style.css HTTP/1.1" 200 50237 "-" "curl/7.68.0"
203.0.113.45 - - [07/May/2026:05:07:00 +0000] "POST /static/css/style.css HTTP/1.1" 200 1129 "-" "Mozilla/5.0 (Macintosh; Intel Mac OS X 10_15_7) AppleWebKit/537.36"
10.0.0.50 - - [07/May/2026:05:28:18 +0000] "POST /images/logo.png HTTP/1.1" 200 47355 "https://example.com/" "Mozilla/5.0 (Macintosh; Intel Mac OS X 10_15_7) AppleWebKit/537.36"
198.51.100.23 - - [07/May/2026:05:27:47 +0000] "GET /api/users HTTP/1.1" 200 32978 "https://example.com/" "Mozilla/5.0 (Macintosh; Intel Mac OS X 10_15_7) AppleWebKit/537.36"
172.16.0.20 - - [07/May/2026:05:44:47 +0000] "POST /static/js/app.js HTTP/1.1" 200 49641 "https://example.com/" "Mozilla/5.0 (Windows NT 10.0; Win64; x64) AppleWebKit/537.36"
93.184.216.34 - - [07/May/2026:05:46:39 +0000] "GET /static/js/app.js HTTP/1.1" 200 21851 "https://example.com/" "Python-urllib/3.8"
192.168.1.101 - - [07/May/2026:06:00:19 +0000] "GET /static/js/app.js HTTP/1.1" 200 21934 "https://example.com/" "Mozilla/5.0 (Windows NT 10.0; Win64; x64) AppleWebKit/537.36"
93.184.216.34 - - [07/May/2026:05:59:57 +0000] "POST / HTTP/1.1" 200 9248 "https://example.com/" "Mozilla/5.0 (X11; Linux x86_64) AppleWebKit/537.36"
192.168.1.102 - - [07/May/2026:06:11:42 +0000] "GET /api/users HTTP/1.1" 200 19365 "https://example.com/" "Mozilla/5.0 (Windows NT 10.0; Win64; x64) AppleWebKit/537.36"
10.0.1.100 - - [07/May/2026:06:26:39 +0000] "GET /api/users HTTP/1.1" 200 4880 "-" "Mozilla/5.0 (Macintosh; Intel Mac OS X 10_15_7) AppleWebKit/537.36"
93.184.216.34 - - [07/May/2026:06:36:35 +0000] "GET /index.html HTTP/1.1" 200 12057 "https://example.com/" "Python-urllib/3.8"
192.168.1.101 - - [07/May/2026:06:39:33 +0000] "GET /api/search HTTP/1.1" 200 34807 "https://example.com/" "Mozilla/5.0 (Macintosh; Intel Mac OS X 10_15_7) AppleWebKit/537.36"
192.168.1.100 - - [07/May/2026:06:56:44 +0000] "GET /api/users HTTP/1.1" 200 23887 "https://example.com/" "Mozilla/5.0 (Windows NT 10.0; Win64; x64) AppleWebKit/537.36"
10.0.0.51 - - [07/May/2026:06:58:39 +0000] "GET /api/products HTTP/1.1" 200 4824 "https://example.com/" "Mozilla/5.0 (X11; Linux x86_64) AppleWebKit/537.36"
172.16.0.20 - - [07/May/2026:07:07:21 +0000] "GET / HTTP/1.1" 200 13288 "https://example.com/" "Mozilla/5.0 (Windows NT 10.0; Win64; x64) AppleWebKit/537.36"
192.168.1.100 - - [07/May/2026:07:10:01 +0000] "POST /index.html HTTP/1.1" 200 26443 "-" "Mozilla/5.0 (Macintosh; Intel Mac OS X 10_15_7) AppleWebKit/537.36"
192.168.1.100 - - [07/May/2026:07:24:33 +0000] "GET /index.html HTTP/1.1" 200 23881 "-" "Mozilla/5.0 (Windows NT 10.0; Win64; x64) AppleWebKit/537.36"
10.0.0.50 - - [07/May/2026:07:34:20 +0000] "GET /api/orders HTTP/1.1" 200 15527 "-" "Mozilla/5.0 (Macintosh; Intel Mac OS X 10_15_7) AppleWebKit/537.36"
192.168.1.101 - - [07/May/2026:07:39:21 +0000] "GET / HTTP/1.1" 200 46983 "https://example.com/" "curl/7.68.0"
172.16.0.20 - - [07/May/2026:07:46:08 +0000] "GET / HTTP/1.1" 200 19537 "https://example.com/" "Mozilla/5.0 (Macintosh; Intel Mac OS X 10_15_7) AppleWebKit/537.36"
203.0.113.45 - - [07/May/2026:07:58:35 +0000] "GET /api/search HTTP/1.1" 200 2319 "-" "curl/7.68.0"
172.16.0.20 - - [07/May/2026:08:03:13 +0000] "GET /api/users HTTP/1.1" 200 46912 "-" "Mozilla/5.0 (Windows NT 10.0; Win64; x64) AppleWebKit/537.36"
192.168.1.102 - - [07/May/2026:08:15:23 +0000] "PUT /api/products HTTP/1.1" 200 19969 "https://example.com/" "Python-urllib/3.8"
192.168.1.102 - - [07/May/2026:08:19:16 +0000] "GET /api/users HTTP/1.1" 200 1942 "https://example.com/" "curl/7.68.0"
192.168.1.102 - - [07/May/2026:08:37:28 +0000] "POST /admin/login HTTP/1.1" 379 29096 "https://example.com/" "Python-urllib/3.8"
172.16.0.10 - - [07/May/2026:08:32:39 +0000] "GET / HTTP/1.1" 200 20240 "https://example.com/" "curl/7.68.0"
192.168.1.101 - - [07/May/2026:08:46:31 +0000] "DELETE /static/css/style.css HTTP/1.1" 200 8358 "https://example.com/" "Mozilla/5.0 (Windows NT 10.0; Win64; x64) AppleWebKit/537.36"
10.0.1.100 - - [07/May/2026:09:03:53 +0000] "GET /static/js/app.js HTTP/1.1" 200 1171 "-" "curl/7.68.0"
10.0.1.100 - - [07/May/2026:09:01:28 +0000] "GET /api/orders HTTP/1.1" 200 17177 "https://example.com/" "Mozilla/5.0 (Macintosh; Intel Mac OS X 10_15_7) AppleWebKit/537.36"
10.0.0.50 - - [07/May/2026:09:15:07 +0000] "GET /static/js/app.js HTTP/1.1" 200 44422 "https://example.com/" "Mozilla/5.0 (Macintosh; Intel Mac OS X 10_15_7) AppleWebKit/537.36"
93.184.216.34 - - [07/May/2026:09:22:00 +0000] "GET / HTTP/1.1" 200 24752 "https://example.com/" "Mozilla/5.0 (Windows NT 10.0; Win64; x64) AppleWebKit/537.36"
192.168.1.101 - - [07/May/2026:09:31:32 +0000] "POST /images/logo.png HTTP/1.1" 200 1704 "https://example.com/" "curl/7.68.0"
192.168.1.100 - - [07/May/2026:09:46:53 +0000] "GET / HTTP/1.1" 200 41504 "https://example.com/" "Mozilla/5.0 (Windows NT 10.0; Win64; x64) AppleWebKit/537.36"
93.184.216.34 - - [07/May/2026:09:48:37 +0000] "PUT /index.html HTTP/1.1" 200 4619 "-" "Mozilla/5.0 (Windows NT 10.0; Win64; x64) AppleWebKit/537.36"
198.51.100.23 - - [07/May/2026:09:49:55 +0000] "GET /api/users HTTP/1.1" 200 35366 "-" "Python-urllib/3.8"
10.0.0.50 - - [07/May/2026:10:09:51 +0000] "GET /index.html HTTP/1.1" 200 24179 "https://example.com/" "Mozilla/5.0 (Macintosh; Intel Mac OS X 10_15_7) AppleWebKit/537.36"
10.0.0.50 - - [07/May/2026:10:14:33 +0000] "POST /api/orders HTTP/1.1" 201 16246 "https://example.com/" "Mozilla/5.0 (Windows NT 10.0; Win64; x64) AppleWebKit/537.36"
198.51.100.23 - - [07/May/2026:10:29:44 +0000] "POST /api/search HTTP/1.1" 200 13446 "https://example.com/" "Mozilla/5.0 (X11; Linux x86_64) AppleWebKit/537.36"
192.168.1.100 - - [07/May/2026:10:29:40 +0000] "GET /admin/login HTTP/1.1" 345 41866 "https://example.com/" "curl/7.68.0"
93.184.216.34 - - [07/May/2026:10:44:15 +0000] "GET /api/internal HTTP/1.1" 503 331 "https://example.com/" "curl/7.68.0"
10.0.0.51 - - [07/May/2026:10:51:19 +0000] "GET /api/products HTTP/1.1" 200 48219 "https://example.com/" "Python-urllib/3.8"
10.0.0.51 - - [07/May/2026:10:59:09 +0000] "GET /static/js/app.js HTTP/1.1" 200 18003 "https://example.com/" "Python-urllib/3.8"
172.16.0.20 - - [07/May/2026:11:12:21 +0000] "GET /api/users HTTP/1.1" 200 7709 "-" "curl/7.68.0"
93.184.216.34 - - [07/May/2026:11:17:39 +0000] "GET /static/css/style.css HTTP/1.1" 200 37184 "https://example.com/" "Mozilla/5.0 (Macintosh; Intel Mac OS X 10_15_7) AppleWebKit/537.36"
10.0.1.100 - - [07/May/2026:11:22:33 +0000] "POST / HTTP/1.1" 200 49962 "-" "Mozilla/5.0 (Windows NT 10.0; Win64; x64) AppleWebKit/537.36"
93.184.216.34 - - [07/May/2026:11:43:57 +0000] "POST /static/js/app.js HTTP/1.1" 200 32381 "https://example.com/" "curl/7.68.0"
192.168.1.102 - - [07/May/2026:11:49:18 +0000] "GET /static/js/app.js HTTP/1.1" 200 37920 "https://example.com/" "Mozilla/5.0 (Windows NT 10.0; Win64; x64) AppleWebKit/537.36"
192.168.1.100 - - [07/May/2026:11:51:13 +0000] "PUT /api/search HTTP/1.1" 200 49887 "https://example.com/" "Mozilla/5.0 (X11; Linux x86_64) AppleWebKit/537.36"
10.0.0.51 - - [07/May/2026:11:58:03 +0000] "GET /api/products HTTP/1.1" 200 27009 "https://example.com/" "Mozilla/5.0 (X11; Linux x86_64) AppleWebKit/537.36"
172.16.0.10 - - [07/May/2026:12:18:20 +0000] "GET /static/js/app.js HTTP/1.1" 200 6943 "https://example.com/" "curl/7.68.0"
93.184.216.34 - - [07/May/2026:12:26:12 +0000] "GET /images/logo.png HTTP/1.1" 200 35791 "-" "curl/7.68.0"
192.168.1.101 - - [07/May/2026:12:33:49 +0000] "POST /index.html HTTP/1.1" 200 41739 "-" "Mozilla/5.0 (Windows NT 10.0; Win64; x64) AppleWebKit/537.36"
93.184.216.34 - - [07/May/2026:12:41:50 +0000] "POST /index.html HTTP/1.1" 200 4055 "-" "Mozilla/5.0 (Windows NT 10.0; Win64; x64) AppleWebKit/537.36"
10.0.0.50 - - [07/May/2026:12:34:28 +0000] "GET /api/products HTTP/1.1" 200 37605 "https://example.com/" "curl/7.68.0"
10.0.0.50 - - [07/May/2026:13:01:09 +0000] "GET / HTTP/1.1" 200 39135 "-" "curl/7.68.0"
10.0.1.100 - - [07/May/2026:13:01:58 +0000] "GET /index.html HTTP/1.1" 200 40986 "-" "curl/7.68.0"
10.0.0.50 - - [07/May/2026:13:01:23 +0000] "GET /admin/login HTTP/1.1" 313 42847 "-" "Mozilla/5.0 (X11; Linux x86_64) AppleWebKit/537.36"
10.0.0.51 - - [07/May/2026:13:24:40 +0000] "PUT /static/js/app.js HTTP/1.1" 200 2610 "https://example.com/" "Mozilla/5.0 (X11; Linux x86_64) AppleWebKit/537.36"
172.16.0.10 - - [07/May/2026:13:29:41 +0000] "GET /images/logo.png HTTP/1.1" 200 13735 "-" "Mozilla/5.0 (Windows NT 10.0; Win64; x64) AppleWebKit/537.36"
192.168.1.102 - - [07/May/2026:13:44:28 +0000] "GET /api/users HTTP/1.1" 200 12551 "https://example.com/" "Python-urllib/3.8"
93.184.216.34 - - [07/May/2026:13:39:52 +0000] "POST /api/products HTTP/1.1" 200 27364 "https://example.com/" "Python-urllib/3.8"
192.168.1.100 - - [07/May/2026:13:55:13 +0000] "PATCH /index.html HTTP/1.1" 200 26773 "https://example.com/" "Mozilla/5.0 (X11; Linux x86_64) AppleWebKit/537.36"
203.0.113.45 - - [07/May/2026:13:56:44 +0000] "GET /static/js/app.js HTTP/1.1" 200 44905 "https://example.com/" "Mozilla/5.0 (X11; Linux x86_64) AppleWebKit/537.36"
172.16.0.20 - - [07/May/2026:14:19:39 +0000] "GET /api/products HTTP/1.1" 200 27455 "https://example.com/" "Mozilla/5.0 (X11; Linux x86_64) AppleWebKit/537.36"
192.168.1.100 - - [07/May/2026:14:11:51 +0000] "GET /static/js/app.js HTTP/1.1" 200 32596 "https://example.com/" "Mozilla/5.0 (X11; Linux x86_64) AppleWebKit/537.36"
93.184.216.34 - - [07/May/2026:14:33:04 +0000] "PUT /images/logo.png HTTP/1.1" 200 41626 "-" "Mozilla/5.0 (X11; Linux x86_64) AppleWebKit/537.36"
192.168.1.102 - - [07/May/2026:14:41:34 +0000] "GET /api/search HTTP/1.1" 200 11214 "https://example.com/" "Mozilla/5.0 (X11; Linux x86_64) AppleWebKit/537.36"
203.0.113.45 - - [07/May/2026:14:45:31 +0000] "PUT /index.html HTTP/1.1" 200 28439 "https://example.com/" "Python-urllib/3.8"
203.0.113.45 - - [07/May/2026:14:44:33 +0000] "GET /images/logo.png HTTP/1.1" 200 35385 "-" "Python-urllib/3.8"
192.168.1.100 - - [07/May/2026:15:01:19 +0000] "PUT /api/products HTTP/1.1" 200 21489 "-" "Python-urllib/3.8"
93.184.216.34 - - [07/May/2026:15:01:23 +0000] "GET /images/logo.png HTTP/1.1" 200 35316 "https://example.com/" "Mozilla/5.0 (Windows NT 10.0; Win64; x64) AppleWebKit/537.36"
172.16.0.10 - - [07/May/2026:15:20:16 +0000] "POST / HTTP/1.1" 200 21298 "-" "Mozilla/5.0 (X11; Linux x86_64) AppleWebKit/537.36"
10.0.0.50 - - [07/May/2026:15:29:50 +0000] "GET /images/logo.png HTTP/1.1" 200 31518 "https://example.com/" "Mozilla/5.0 (X11; Linux x86_64) AppleWebKit/537.36"
10.0.0.50 - - [07/May/2026:15:43:46 +0000] "GET / HTTP/1.1" 200 716 "https://example.com/" "Mozilla/5.0 (X11; Linux x86_64) AppleWebKit/537.36"
10.0.0.51 - - [07/May/2026:15:54:06 +0000] "GET /static/js/app.js HTTP/1.1" 200 1569 "-" "Mozilla/5.0 (X11; Linux x86_64) AppleWebKit/537.36"
93.184.216.34 - - [07/May/2026:15:54:53 +0000] "GET /api/products HTTP/1.1" 200 5151 "-" "Mozilla/5.0 (Macintosh; Intel Mac OS X 10_15_7) AppleWebKit/537.36"
10.0.0.50 - - [07/May/2026:16:08:48 +0000] "GET /static/css/style.css HTTP/1.1" 200 21677 "-" "Mozilla/5.0 (X11; Linux x86_64) AppleWebKit/537.36"
203.0.113.45 - - [07/May/2026:16:09:51 +0000] "GET /images/logo.png HTTP/1.1" 200 12005 "https://example.com/" "Mozilla/5.0 (X11; Linux x86_64) AppleWebKit/537.36"
172.16.0.10 - - [07/May/2026:16:11:25 +0000] "POST /static/css/style.css HTTP/1.1" 200 49419 "https://example.com/" "curl/7.68.0"
10.0.0.50 - - [07/May/2026:16:23:41 +0000] "GET / HTTP/1.1" 200 47880 "https://example.com/" "Mozilla/5.0 (Macintosh; Intel Mac OS X 10_15_7) AppleWebKit/537.36"
10.0.0.50 - - [07/May/2026:16:33:04 +0000] "POST /index.html HTTP/1.1" 200 10645 "https://example.com/" "Mozilla/5.0 (Macintosh; Intel Mac OS X 10_15_7) AppleWebKit/537.36"
192.168.1.102 - - [07/May/2026:16:44:01 +0000] "GET / HTTP/1.1" 200 14625 "-" "Mozilla/5.0 (X11; Linux x86_64) AppleWebKit/537.36"
198.51.100.23 - - [07/May/2026:16:44:27 +0000] "POST /index.html HTTP/1.1" 200 9530 "-" "Mozilla/5.0 (X11; Linux x86_64) AppleWebKit/537.36"
93.184.216.34 - - [07/May/2026:17:10:57 +0000] "DELETE /index.html HTTP/1.1" 200 16202 "https://example.com/" "Mozilla/5.0 (X11; Linux x86_64) AppleWebKit/537.36"
10.0.0.50 - - [07/May/2026:17:11:47 +0000] "GET /images/logo.png HTTP/1.1" 200 29361 "https://example.com/" "Mozilla/5.0 (Windows NT 10.0; Win64; x64) AppleWebKit/537.36"
192.168.1.101 - - [07/May/2026:17:19:59 +0000] "GET /api/products HTTP/1.1" 200 552 "https://example.com/" "Mozilla/5.0 (Windows NT 10.0; Win64; x64) AppleWebKit/537.36"
172.16.0.10 - - [07/May/2026:17:20:39 +0000] "GET /images/logo.png HTTP/1.1" 200 15621 "https://example.com/" "Mozilla/5.0 (Macintosh; Intel Mac OS X 10_15_7) AppleWebKit/537.36"
172.16.0.20 - - [07/May/2026:17:28:51 +0000] "GET /static/js/app.js HTTP/1.1" 200 791 "https://example.com/" "Mozilla/5.0 (X11; Linux x86_64) AppleWebKit/537.36"
192.168.1.101 - - [07/May/2026:17:41:32 +0000] "GET /api/products HTTP/1.1" 200 8376 "https://example.com/" "Mozilla/5.0 (Macintosh; Intel Mac OS X 10_15_7) AppleWebKit/537.36"
10.0.1.100 - - [07/May/2026:17:56:42 +0000] "GET /images/logo.png HTTP/1.1" 200 23140 "-" "Mozilla/5.0 (Macintosh; Intel Mac OS X 10_15_7) AppleWebKit/537.36"
93.184.216.34 - - [07/May/2026:18:03:48 +0000] "GET /static/js/app.js HTTP/1.1" 200 9368 "https://example.com/" "curl/7.68.0"
203.0.113.45 - - [07/May/2026:18:08:11 +0000] "GET / HTTP/1.1" 200 50151 "https://example.com/" "Mozilla/5.0 (Windows NT 10.0; Win64; x64) AppleWebKit/537.36"
192.168.1.100 - - [07/May/2026:18:22:43 +0000] "GET /api/search HTTP/1.1" 200 29033 "https://example.com/" "Mozilla/5.0 (X11; Linux x86_64) AppleWebKit/537.36"
198.51.100.23 - - [07/May/2026:18:31:40 +0000] "POST /index.html HTTP/1.1" 200 32347 "-" "Mozilla/5.0 (Macintosh; Intel Mac OS X 10_15_7) AppleWebKit/537.36"
203.0.113.45 - - [07/May/2026:18:29:04 +0000] "GET /images/logo.png HTTP/1.1" 200 16738 "https://example.com/" "Python-urllib/3.8"
10.0.1.100 - - [07/May/2026:18:54:42 +0000] "GET /api/products HTTP/1.1" 200 36555 "-" "Python-urllib/3.8"
192.168.1.101 - - [07/May/2026:18:53:20 +0000] "GET /static/js/app.js HTTP/1.1" 200 25296 "-" "curl/7.68.0"
93.184.216.34 - - [07/May/2026:19:01:33 +0000] "GET /static/css/style.css HTTP/1.1" 200 27883 "-" "Mozilla/5.0 (X11; Linux x86_64) AppleWebKit/537.36"
192.168.1.102 - - [07/May/2026:19:16:01 +0000] "POST /api/products HTTP/1.1" 200 41015 "https://example.com/" "curl/7.68.0"
172.16.0.10 - - [07/May/2026:19:15:54 +0000] "GET /static/css/style.css HTTP/1.1" 200 10266 "https://example.com/" "Mozilla/5.0 (X11; Linux x86_64) AppleWebKit/537.36"
10.0.1.100 - - [07/May/2026:19:22:21 +0000] "GET /images/logo.png HTTP/1.1" 200 12985 "-" "Mozilla/5.0 (Windows NT 10.0; Win64; x64) AppleWebKit/537.36"
192.168.1.102 - - [07/May/2026:19:42:47 +0000] "GET /static/css/style.css HTTP/1.1" 200 34108 "https://example.com/" "curl/7.68.0"
172.16.0.20 - - [07/May/2026:19:39:56 +0000] "GET /api/products HTTP/1.1" 200 23503 "https://example.com/" "curl/7.68.0"
198.51.100.23 - - [07/May/2026:19:49:53 +0000] "DELETE /api/users HTTP/1.1" 200 34321 "https://example.com/" "Mozilla/5.0 (X11; Linux x86_64) AppleWebKit/537.36"
192.168.1.101 - - [07/May/2026:19:59:40 +0000] "GET / HTTP/1.1" 200 44478 "https://example.com/" "Python-urllib/3.8"
93.184.216.34 - - [07/May/2026:20:17:03 +0000] "GET /static/css/style.css HTTP/1.1" 200 1987 "https://example.com/" "Mozilla/5.0 (X11; Linux x86_64) AppleWebKit/537.36"
203.0.113.45 - - [07/May/2026:20:28:45 +0000] "GET /static/js/app.js HTTP/1.1" 200 5967 "https://example.com/" "Mozilla/5.0 (Windows NT 10.0; Win64; x64) AppleWebKit/537.36"
10.0.0.51 - - [07/May/2026:20:27:46 +0000] "GET /api/users HTTP/1.1" 200 40921 "https://example.com/" "Python-urllib/3.8"
192.168.1.100 - - [07/May/2026:20:45:57 +0000] "GET /api/search HTTP/1.1" 200 30181 "https://example.com/" "Mozilla/5.0 (Windows NT 10.0; Win64; x64) AppleWebKit/537.36"
93.184.216.34 - - [07/May/2026:20:38:12 +0000] "PUT / HTTP/1.1" 200 24603 "https://example.com/" "curl/7.68.0"
192.168.1.101 - - [07/May/2026:20:58:14 +0000] "GET /api/orders HTTP/1.1" 200 36947 "https://example.com/" "Mozilla/5.0 (Macintosh; Intel Mac OS X 10_15_7) AppleWebKit/537.36"
198.51.100.23 - - [07/May/2026:21:08:57 +0000] "GET /static/css/style.css HTTP/1.1" 200 3705 "https://example.com/" "Mozilla/5.0 (X11; Linux x86_64) AppleWebKit/537.36"
192.168.1.102 - - [07/May/2026:21:13:20 +0000] "DELETE / HTTP/1.1" 200 43124 "https://example.com/" "Mozilla/5.0 (Windows NT 10.0; Win64; x64) AppleWebKit/537.36"
203.0.113.45 - - [07/May/2026:21:20:36 +0000] "GET /api/search HTTP/1.1" 200 6869 "-" "Mozilla/5.0 (Macintosh; Intel Mac OS X 10_15_7) AppleWebKit/537.36"
192.168.1.100 - - [07/May/2026:21:39:24 +0000] "POST / HTTP/1.1" 200 3293 "-" "Mozilla/5.0 (Macintosh; Intel Mac OS X 10_15_7) AppleWebKit/537.36"
10.0.0.51 - - [07/May/2026:21:35:36 +0000] "GET /api/users HTTP/1.1" 200 3405 "https://example.com/" "Mozilla/5.0 (Windows NT 10.0; Win64; x64) AppleWebKit/537.36"
10.0.0.51 - - [07/May/2026:21:45:25 +0000] "DELETE /static/js/app.js HTTP/1.1" 200 25880 "https://example.com/" "Mozilla/5.0 (Windows NT 10.0; Win64; x64) AppleWebKit/537.36"
10.0.1.100 - - [07/May/2026:21:53:04 +0000] "GET /index.html HTTP/1.1" 200 604 "https://example.com/" "Mozilla/5.0 (Windows NT 10.0; Win64; x64) AppleWebKit/537.36"
192.168.1.101 - - [07/May/2026:21:55:24 +0000] "GET /notfound HTTP/1.1" 404 189 "-" "curl/7.68.0"
192.168.1.101 - - [07/May/2026:22:09:09 +0000] "GET /api/products HTTP/1.1" 200 36491 "-" "Mozilla/5.0 (X11; Linux x86_64) AppleWebKit/537.36"
172.16.0.20 - - [07/May/2026:22:19:45 +0000] "GET /static/css/style.css HTTP/1.1" 200 15046 "https://example.com/" "Python-urllib/3.8"
192.168.1.100 - - [07/May/2026:22:33:01 +0000] "PUT /images/logo.png HTTP/1.1" 200 8953 "https://example.com/" "Mozilla/5.0 (Macintosh; Intel Mac OS X 10_15_7) AppleWebKit/537.36"
10.0.0.50 - - [07/May/2026:22:38:01 +0000] "GET /api/users HTTP/1.1" 200 1814 "https://example.com/" "Mozilla/5.0 (Windows NT 10.0; Win64; x64) AppleWebKit/537.36"
198.51.100.23 - - [07/May/2026:22:45:44 +0000] "POST /admin/login HTTP/1.1" 373 44892 "-" "Mozilla/5.0 (Windows NT 10.0; Win64; x64) AppleWebKit/537.36"
93.184.216.34 - - [07/May/2026:23:01:10 +0000] "GET /api/internal HTTP/1.1" 503 201 "https://example.com/" "Mozilla/5.0 (X11; Linux x86_64) AppleWebKit/537.36"
192.168.1.102 - - [07/May/2026:22:59:28 +0000] "GET /admin/login HTTP/1.1" 235 9847 "https://example.com/" "Mozilla/5.0 (X11; Linux x86_64) AppleWebKit/537.36"
172.16.0.10 - - [07/May/2026:23:15:02 +0000] "GET /static/css/style.css HTTP/1.1" 200 45745 "https://example.com/" "Mozilla/5.0 (Macintosh; Intel Mac OS X 10_15_7) AppleWebKit/537.36"
93.184.216.34 - - [07/May/2026:23:13:35 +0000] "GET /images/logo.png HTTP/1.1" 200 32095 "https://example.com/" "Mozilla/5.0 (Windows NT 10.0; Win64; x64) AppleWebKit/537.36"
10.0.0.51 - - [07/May/2026:23:24:27 +0000] "GET /api/orders HTTP/1.1" 201 19447 "https://example.com/" "Mozilla/5.0 (Windows NT 10.0; Win64; x64) AppleWebKit/537.36"
93.184.216.34 - - [07/May/2026:23:32:44 +0000] "GET /api/users HTTP/1.1" 200 30054 "https://example.com/" "Mozilla/5.0 (X11; Linux x86_64) AppleWebKit/537.36"
198.51.100.23 - - [07/May/2026:23:54:26 +0000] "GET /index.html HTTP/1.1" 200 12347 "https://example.com/" "Python-urllib/3.8"
192.168.1.102 - - [07/May/2026:23:56:08 +0000] "POST /static/js/app.js HTTP/1.1" 200 7477 "-" "Python-urllib/3.8"
10.0.0.51 - - [08/May/2026:00:11:45 +0000] "GET /static/js/app.js HTTP/1.1" 200 31334 "https://example.com/" "Python-urllib/3.8"
10.0.1.100 - - [08/May/2026:00:07:36 +0000] "PUT /static/js/app.js HTTP/1.1" 200 37228 "https://example.com/" "curl/7.68.0"
10.0.1.100 - - [08/May/2026:00:17:55 +0000] "GET /api/products HTTP/1.1" 200 46771 "https://example.com/" "Python-urllib/3.8"
10.0.0.50 - - [08/May/2026:00:29:43 +0000] "GET /admin/login HTTP/1.1" 376 34167 "https://example.com/" "Mozilla/5.0 (Windows NT 10.0; Win64; x64) AppleWebKit/537.36"
93.184.216.34 - - [08/May/2026:00:38:36 +0000] "GET / HTTP/1.1" 200 49463 "https://example.com/" "Python-urllib/3.8"
172.16.0.20 - - [08/May/2026:00:54:57 +0000] "GET / HTTP/1.1" 200 33351 "-" "Mozilla/5.0 (Macintosh; Intel Mac OS X 10_15_7) AppleWebKit/537.36"
192.168.1.100 - - [08/May/2026:00:58:28 +0000] "GET /api/search HTTP/1.1" 200 30694 "https://example.com/" "Mozilla/5.0 (Macintosh; Intel Mac OS X 10_15_7) AppleWebKit/537.36"
10.0.0.51 - - [08/May/2026:00:59:13 +0000] "GET /index.html HTTP/1.1" 200 606 "-" "Mozilla/5.0 (Windows NT 10.0; Win64; x64) AppleWebKit/537.36"
172.16.0.10 - - [08/May/2026:01:20:30 +0000] "GET / HTTP/1.1" 200 3367 "https://example.com/" "Python-urllib/3.8"
198.51.100.23 - - [08/May/2026:01:30:53 +0000] "POST / HTTP/1.1" 200 6957 "https://example.com/" "curl/7.68.0"
10.0.0.50 - - [08/May/2026:01:30:00 +0000] "GET / HTTP/1.1" 200 34315 "-" "Python-urllib/3.8"
93.184.216.34 - - [08/May/2026:01:37:00 +0000] "PUT /static/css/style.css HTTP/1.1" 200 47787 "-" "Python-urllib/3.8"
10.0.0.51 - - [08/May/2026:01:49:30 +0000] "GET /index.html HTTP/1.1" 200 17916 "-" "Mozilla/5.0 (Macintosh; Intel Mac OS X 10_15_7) AppleWebKit/537.36"
10.0.1.100 - - [08/May/2026:01:53:00 +0000] "GET /api/search HTTP/1.1" 200 25397 "-" "Mozilla/5.0 (Macintosh; Intel Mac OS X 10_15_7) AppleWebKit/537.36"
192.168.1.101 - - [08/May/2026:02:12:48 +0000] "PUT /index.html HTTP/1.1" 200 25225 "https://example.com/" "Mozilla/5.0 (Windows NT 10.0; Win64; x64) AppleWebKit/537.36"
93.184.216.34 - - [08/May/2026:02:21:13 +0000] "GET /index.html HTTP/1.1" 200 11310 "https://example.com/" "Mozilla/5.0 (X11; Linux x86_64) AppleWebKit/537.36"
192.168.1.102 - - [08/May/2026:02:29:08 +0000] "GET /index.html HTTP/1.1" 200 28432 "https://example.com/" "Python-urllib/3.8"
192.168.1.100 - - [08/May/2026:02:31:09 +0000] "GET /api/orders HTTP/1.1" 200 3912 "-" "curl/7.68.0"
10.0.1.100 - - [08/May/2026:02:39:48 +0000] "POST /index.html HTTP/1.1" 200 12349 "https://example.com/" "curl/7.68.0"
93.184.216.34 - - [08/May/2026:02:45:36 +0000] "GET /static/js/app.js HTTP/1.1" 200 40682 "https://example.com/" "Python-urllib/3.8"
192.168.1.100 - - [08/May/2026:02:49:20 +0000] "GET / HTTP/1.1" 200 40671 "https://example.com/" "Mozilla/5.0 (Macintosh; Intel Mac OS X 10_15_7) AppleWebKit/537.36"
93.184.216.34 - - [08/May/2026:03:10:45 +0000] "GET /index.html HTTP/1.1" 200 49787 "https://example.com/" "Mozilla/5.0 (Windows NT 10.0; Win64; x64) AppleWebKit/537.36"
192.168.1.102 - - [08/May/2026:03:17:40 +0000] "GET / HTTP/1.1" 200 19744 "https://example.com/" "Python-urllib/3.8"
172.16.0.10 - - [08/May/2026:03:19:33 +0000] "GET /api/users HTTP/1.1" 200 32469 "https://example.com/" "Python-urllib/3.8"
192.168.1.101 - - [08/May/2026:03:38:21 +0000] "POST /index.html HTTP/1.1" 200 14343 "https://example.com/" "curl/7.68.0"
10.0.0.51 - - [08/May/2026:03:32:10 +0000] "GET /static/js/app.js HTTP/1.1" 200 6319 "https://example.com/" "Mozilla/5.0 (Macintosh; Intel Mac OS X 10_15_7) AppleWebKit/537.36"
10.0.1.100 - - [08/May/2026:03:52:22 +0000] "GET /static/js/app.js HTTP/1.1" 200 3384 "https://example.com/" "Mozilla/5.0 (Macintosh; Intel Mac OS X 10_15_7) AppleWebKit/537.36"
172.16.0.10 - - [08/May/2026:04:04:41 +0000] "GET /index.html HTTP/1.1" 200 39063 "-" "Python-urllib/3.8"
198.51.100.23 - - [08/May/2026:04:00:04 +0000] "DELETE /api/users HTTP/1.1" 200 44785 "-" "Python-urllib/3.8"
10.0.0.51 - - [08/May/2026:04:15:19 +0000] "POST / HTTP/1.1" 200 9165 "https://example.com/" "Mozilla/5.0 (Windows NT 10.0; Win64; x64) AppleWebKit/537.36"
93.184.216.34 - - [08/May/2026:04:29:52 +0000] "GET / HTTP/1.1" 200 19246 "https://example.com/" "curl/7.68.0"
172.16.0.10 - - [08/May/2026:04:43:30 +0000] "GET /index.html HTTP/1.1" 200 2589 "-" "Python-urllib/3.8"
10.0.0.51 - - [08/May/2026:04:36:37 +0000] "GET /api/search HTTP/1.1" 200 19685 "https://example.com/" "Mozilla/5.0 (Windows NT 10.0; Win64; x64) AppleWebKit/537.36"
192.168.1.102 - - [08/May/2026:04:45:34 +0000] "GET /static/js/app.js HTTP/1.1" 200 48089 "https://example.com/" "Mozilla/5.0 (Macintosh; Intel Mac OS X 10_15_7) AppleWebKit/537.36"
10.0.0.50 - - [08/May/2026:05:06:28 +0000] "GET /static/js/app.js HTTP/1.1" 200 37191 "https://example.com/" "Mozilla/5.0 (Windows NT 10.0; Win64; x64) AppleWebKit/537.36"
192.168.1.101 - - [08/May/2026:05:14:50 +0000] "POST /index.html HTTP/1.1" 200 26847 "https://example.com/" "Mozilla/5.0 (X11; Linux x86_64) AppleWebKit/537.36"
172.16.0.10 - - [08/May/2026:05:20:55 +0000] "POST / HTTP/1.1" 200 32463 "https://example.com/" "Python-urllib/3.8"
10.0.0.50 - - [08/May/2026:05:28:05 +0000] "GET /api/orders HTTP/1.1" 201 38005 "-" "Python-urllib/3.8"
192.168.1.100 - - [08/May/2026:05:43:24 +0000] "PUT /static/js/app.js HTTP/1.1" 200 46685 "-" "Mozilla/5.0 (Macintosh; Intel Mac OS X 10_15_7) AppleWebKit/537.36"
10.0.1.100 - - [08/May/2026:05:34:01 +0000] "GET /images/logo.png HTTP/1.1" 200 49611 "https://example.com/" "Mozilla/5.0 (X11; Linux x86_64) AppleWebKit/537.36"
192.168.1.101 - - [08/May/2026:06:00:08 +0000] "POST /index.html HTTP/1.1" 200 3458 "https://example.com/" "Mozilla/5.0 (Macintosh; Intel Mac OS X 10_15_7) AppleWebKit/537.36"
10.0.0.51 - - [08/May/2026:06:00:30 +0000] "GET /static/css/style.css HTTP/1.1" 200 33700 "https://example.com/" "Mozilla/5.0 (Macintosh; Intel Mac OS X 10_15_7) AppleWebKit/537.36"
93.184.216.34 - - [08/May/2026:06:16:26 +0000] "GET /api/search HTTP/1.1" 200 16224 "https://example.com/" "Mozilla/5.0 (X11; Linux x86_64) AppleWebKit/537.36"
192.168.1.101 - - [08/May/2026:06:11:49 +0000] "GET / HTTP/1.1" 200 14603 "https://example.com/" "Mozilla/5.0 (X11; Linux x86_64) AppleWebKit/537.36"
10.0.0.51 - - [08/May/2026:06:29:41 +0000] "POST /images/logo.png HTTP/1.1" 200 24133 "-" "Mozilla/5.0 (X11; Linux x86_64) AppleWebKit/537.36"
172.16.0.10 - - [08/May/2026:06:33:47 +0000] "GET /static/js/app.js HTTP/1.1" 200 32175 "-" "Mozilla/5.0 (Macintosh; Intel Mac OS X 10_15_7) AppleWebKit/537.36"
198.51.100.23 - - [08/May/2026:06:47:10 +0000] "GET /api/search HTTP/1.1" 200 46110 "https://example.com/" "curl/7.68.0"
192.168.1.100 - - [08/May/2026:06:50:56 +0000] "PUT /api/users HTTP/1.1" 200 28151 "-" "Python-urllib/3.8"
10.0.1.100 - - [08/May/2026:07:06:34 +0000] "GET /static/css/style.css HTTP/1.1" 200 30573 "https://example.com/" "Mozilla/5.0 (Windows NT 10.0; Win64; x64) AppleWebKit/537.36"
172.16.0.10 - - [08/May/2026:07:13:36 +0000] "POST / HTTP/1.1" 200 27656 "https://example.com/" "Python-urllib/3.8"
10.0.0.50 - - [08/May/2026:07:15:07 +0000] "GET /static/js/app.js HTTP/1.1" 200 8145 "https://example.com/" "curl/7.68.0"
203.0.113.45 - - [08/May/2026:07:16:42 +0000] "PUT /static/css/style.css HTTP/1.1" 200 43874 "https://example.com/" "Mozilla/5.0 (X11; Linux x86_64) AppleWebKit/537.36"
93.184.216.34 - - [08/May/2026:07:28:58 +0000] "GET /api/users HTTP/1.1" 200 34177 "https://example.com/" "curl/7.68.0"
10.0.0.50 - - [08/May/2026:07:36:22 +0000] "GET /api/users HTTP/1.1" 200 6085 "https://example.com/" "curl/7.68.0"
192.168.1.100 - - [08/May/2026:07:48:11 +0000] "POST /static/js/app.js HTTP/1.1" 200 48782 "https://example.com/" "Mozilla/5.0 (Windows NT 10.0; Win64; x64) AppleWebKit/537.36"
192.168.1.102 - - [08/May/2026:08:02:27 +0000] "POST /api/search HTTP/1.1" 200 8549 "https://example.com/" "Mozilla/5.0 (Windows NT 10.0; Win64; x64) AppleWebKit/537.36"
172.16.0.20 - - [08/May/2026:08:16:50 +0000] "POST /index.html HTTP/1.1" 200 42563 "https://example.com/" "Python-urllib/3.8"
198.51.100.23 - - [08/May/2026:08:17:26 +0000] "POST / HTTP/1.1" 200 5282 "https://example.com/" "Mozilla/5.0 (Windows NT 10.0; Win64; x64) AppleWebKit/537.36"
10.0.0.51 - - [08/May/2026:08:29:52 +0000] "GET /api/products HTTP/1.1" 200 34785 "-" "Mozilla/5.0 (X11; Linux x86_64) AppleWebKit/537.36"
93.184.216.34 - - [08/May/2026:08:41:02 +0000] "GET / HTTP/1.1" 200 31665 "-" "Mozilla/5.0 (Windows NT 10.0; Win64; x64) AppleWebKit/537.36"
192.168.1.102 - - [08/May/2026:08:41:14 +0000] "POST /static/js/app.js HTTP/1.1" 200 10690 "-" "Mozilla/5.0 (X11; Linux x86_64) AppleWebKit/537.36"
10.0.0.50 - - [08/May/2026:09:00:32 +0000] "POST / HTTP/1.1" 200 27178 "-" "Mozilla/5.0 (Macintosh; Intel Mac OS X 10_15_7) AppleWebKit/537.36"
192.168.1.100 - - [08/May/2026:09:08:30 +0000] "GET / HTTP/1.1" 200 23951 "-" "Mozilla/5.0 (Windows NT 10.0; Win64; x64) AppleWebKit/537.36"
