10.0.1.100 - - [10/May/2026:03:17:47 +0000] "GET /index.html HTTP/1.1" 200 1207 "-" "Mozilla/5.0 (Windows NT 10.0; Win64; x64) AppleWebKit/537.36"
10.0.0.50 - - [10/May/2026:03:25:49 +0000] "POST /images/logo.png HTTP/1.1" 200 32772 "https://example.com/" "Mozilla/5.0 (X11; Linux x86_64) AppleWebKit/537.36"
192.168.1.101 - - [10/May/2026:03:30:41 +0000] "GET /admin/login HTTP/1.1" 296 16075 "https://example.com/" "Mozilla/5.0 (Windows NT 10.0; Win64; x64) AppleWebKit/537.36"
10.0.0.51 - - [10/May/2026:03:40:31 +0000] "GET /static/js/app.js HTTP/1.1" 200 1709 "https://example.com/" "Python-urllib/3.8"
93.184.216.34 - - [10/May/2026:03:47:13 +0000] "GET /api/users HTTP/1.1" 200 1400 "https://example.com/" "Mozilla/5.0 (X11; Linux x86_64) AppleWebKit/537.36"
10.0.0.51 - - [10/May/2026:04:03:46 +0000] "GET / HTTP/1.1" 200 18282 "-" "Python-urllib/3.8"
10.0.1.100 - - [10/May/2026:03:54:53 +0000] "POST / HTTP/1.1" 200 27059 "https://example.com/" "Mozilla/5.0 (X11; Linux x86_64) AppleWebKit/537.36"
192.168.1.100 - - [10/May/2026:04:05:14 +0000] "PUT /api/users HTTP/1.1" 200 43074 "https://example.com/" "Python-urllib/3.8"
192.168.1.101 - - [10/May/2026:04:20:34 +0000] "PATCH /index.html HTTP/1.1" 200 13047 "https://example.com/" "Python-urllib/3.8"
172.16.0.10 - - [10/May/2026:04:30:16 +0000] "GET /api/products HTTP/1.1" 200 4373 "-" "curl/7.68.0"
198.51.100.23 - - [10/May/2026:04:29:04 +0000] "GET /api/search HTTP/1.1" 200 15788 "-" "Mozilla/5.0 (Windows NT 10.0; Win64; x64) AppleWebKit/537.36"
172.16.0.20 - - [10/May/2026:04:54:13 +0000] "GET /index.html HTTP/1.1" 200 40646 "-" "Mozilla/5.0 (X11; Linux x86_64) AppleWebKit/537.36"
203.0.113.45 - - [10/May/2026:04:50:44 +0000] "GET /static/js/app.js HTTP/1.1" 200 46676 "https://example.com/" "Mozilla/5.0 (Macintosh; Intel Mac OS X 10_15_7) AppleWebKit/537.36"
192.168.1.101 - - [10/May/2026:05:06:54 +0000] "POST /images/logo.png HTTP/1.1" 200 50080 "https://example.com/" "Mozilla/5.0 (X11; Linux x86_64) AppleWebKit/537.36"
192.168.1.100 - - [10/May/2026:05:21:02 +0000] "PUT /api/users HTTP/1.1" 200 14178 "https://example.com/" "Mozilla/5.0 (Windows NT 10.0; Win64; x64) AppleWebKit/537.36"
203.0.113.45 - - [10/May/2026:05:14:06 +0000] "POST /static/js/app.js HTTP/1.1" 200 12352 "https://example.com/" "Mozilla/5.0 (Windows NT 10.0; Win64; x64) AppleWebKit/537.36"
10.0.1.100 - - [10/May/2026:05:34:04 +0000] "GET /static/css/style.css HTTP/1.1" 200 39317 "-" "curl/7.68.0"
203.0.113.45 - - [10/May/2026:05:45:09 +0000] "GET /api/users HTTP/1.1" 200 34416 "-" "Mozilla/5.0 (X11; Linux x86_64) AppleWebKit/537.36"
192.168.1.101 - - [10/May/2026:05:42:59 +0000] "GET /index.html HTTP/1.1" 200 9364 "https://example.com/" "Mozilla/5.0 (Macintosh; Intel Mac OS X 10_15_7) AppleWebKit/537.36"
93.184.216.34 - - [10/May/2026:05:54:56 +0000] "POST /static/css/style.css HTTP/1.1" 200 2301 "-" "Python-urllib/3.8"
10.0.0.50 - - [10/May/2026:06:09:33 +0000] "POST /api/search HTTP/1.1" 200 4390 "https://example.com/" "Mozilla/5.0 (Windows NT 10.0; Win64; x64) AppleWebKit/537.36"
10.0.0.50 - - [10/May/2026:06:14:57 +0000] "GET / HTTP/1.1" 200 35550 "https://example.com/" "Mozilla/5.0 (Macintosh; Intel Mac OS X 10_15_7) AppleWebKit/537.36"
192.168.1.102 - - [10/May/2026:06:15:23 +0000] "GET /api/users HTTP/1.1" 200 24386 "https://example.com/" "Python-urllib/3.8"
192.168.1.101 - - [10/May/2026:06:39:37 +0000] "GET / HTTP/1.1" 200 41876 "https://example.com/" "Python-urllib/3.8"
172.16.0.10 - - [10/May/2026:06:49:30 +0000] "GET / HTTP/1.1" 200 24524 "-" "Mozilla/5.0 (Macintosh; Intel Mac OS X 10_15_7) AppleWebKit/537.36"
192.168.1.100 - - [10/May/2026:06:56:19 +0000] "GET /static/css/style.css HTTP/1.1" 200 17672 "https://example.com/" "Mozilla/5.0 (Macintosh; Intel Mac OS X 10_15_7) AppleWebKit/537.36"
10.0.1.100 - - [10/May/2026:06:57:33 +0000] "GET /images/logo.png HTTP/1.1" 200 5379 "https://example.com/" "Mozilla/5.0 (Windows NT 10.0; Win64; x64) AppleWebKit/537.36"
192.168.1.101 - - [10/May/2026:07:08:33 +0000] "GET /images/logo.png HTTP/1.1" 200 25930 "https://example.com/" "curl/7.68.0"
10.0.1.100 - - [10/May/2026:07:04:33 +0000] "POST /static/css/style.css HTTP/1.1" 200 29702 "https://example.com/" "curl/7.68.0"
10.0.0.50 - - [10/May/2026:07:26:52 +0000] "GET /api/orders HTTP/1.1" 201 42521 "https://example.com/" "Mozilla/5.0 (Windows NT 10.0; Win64; x64) AppleWebKit/537.36"
10.0.0.50 - - [10/May/2026:07:30:03 +0000] "PUT / HTTP/1.1" 200 48311 "https://example.com/" "Mozilla/5.0 (Macintosh; Intel Mac OS X 10_15_7) AppleWebKit/537.36"
172.16.0.20 - - [10/May/2026:07:43:34 +0000] "GET /images/logo.png HTTP/1.1" 200 23681 "-" "curl/7.68.0"
10.0.1.100 - - [10/May/2026:07:56:29 +0000] "GET / HTTP/1.1" 200 19137 "https://example.com/" "curl/7.68.0"
10.0.0.51 - - [10/May/2026:08:07:07 +0000] "GET / HTTP/1.1" 200 18400 "https://example.com/" "Mozilla/5.0 (Macintosh; Intel Mac OS X 10_15_7) AppleWebKit/537.36"
192.168.1.101 - - [10/May/2026:08:14:10 +0000] "GET / HTTP/1.1" 200 20482 "https://example.com/" "Mozilla/5.0 (Windows NT 10.0; Win64; x64) AppleWebKit/537.36"
10.0.1.100 - - [10/May/2026:08:14:01 +0000] "GET /static/css/style.css HTTP/1.1" 200 684 "https://example.com/" "Mozilla/5.0 (Windows NT 10.0; Win64; x64) AppleWebKit/537.36"
172.16.0.20 - - [10/May/2026:08:22:59 +0000] "GET / HTTP/1.1" 200 14816 "-" "Mozilla/5.0 (X11; Linux x86_64) AppleWebKit/537.36"
192.168.1.101 - - [10/May/2026:08:37:18 +0000] "POST / HTTP/1.1" 200 32876 "https://example.com/" "curl/7.68.0"
198.51.100.23 - - [10/May/2026:08:35:28 +0000] "PUT / HTTP/1.1" 200 5430 "-" "Mozilla/5.0 (X11; Linux x86_64) AppleWebKit/537.36"
192.168.1.101 - - [10/May/2026:08:54:41 +0000] "GET /static/css/style.css HTTP/1.1" 200 49380 "https://example.com/" "Mozilla/5.0 (X11; Linux x86_64) AppleWebKit/537.36"
172.16.0.20 - - [10/May/2026:08:59:12 +0000] "GET /static/js/app.js HTTP/1.1" 200 39303 "https://example.com/" "Mozilla/5.0 (X11; Linux x86_64) AppleWebKit/537.36"
192.168.1.102 - - [10/May/2026:09:07:58 +0000] "DELETE /images/logo.png HTTP/1.1" 200 44998 "https://example.com/" "Mozilla/5.0 (X11; Linux x86_64) AppleWebKit/537.36"
192.168.1.102 - - [10/May/2026:09:06:39 +0000] "GET /api/users HTTP/1.1" 200 6974 "https://example.com/" "Mozilla/5.0 (X11; Linux x86_64) AppleWebKit/537.36"
10.0.0.50 - - [10/May/2026:09:30:47 +0000] "GET /api/products HTTP/1.1" 200 17156 "-" "Mozilla/5.0 (X11; Linux x86_64) AppleWebKit/537.36"
192.168.1.102 - - [10/May/2026:09:34:09 +0000] "POST / HTTP/1.1" 200 48420 "https://example.com/" "Python-urllib/3.8"
192.168.1.102 - - [10/May/2026:09:35:56 +0000] "POST /admin/login HTTP/1.1" 271 8878 "https://example.com/" "curl/7.68.0"
172.16.0.20 - - [10/May/2026:09:50:05 +0000] "GET /api/users HTTP/1.1" 200 30252 "https://example.com/" "Mozilla/5.0 (X11; Linux x86_64) AppleWebKit/537.36"
203.0.113.45 - - [10/May/2026:10:07:13 +0000] "GET /api/orders HTTP/1.1" 201 15782 "https://example.com/" "curl/7.68.0"
172.16.0.10 - - [10/May/2026:10:06:35 +0000] "GET /api/orders HTTP/1.1" 200 26751 "https://example.com/" "curl/7.68.0"
10.0.0.51 - - [10/May/2026:10:08:00 +0000] "GET /api/products HTTP/1.1" 200 35916 "https://example.com/" "curl/7.68.0"
172.16.0.10 - - [10/May/2026:10:21:18 +0000] "GET /static/css/style.css HTTP/1.1" 200 31568 "https://example.com/" "Mozilla/5.0 (Macintosh; Intel Mac OS X 10_15_7) AppleWebKit/537.36"
10.0.0.51 - - [10/May/2026:10:28:35 +0000] "GET /api/users HTTP/1.1" 200 42895 "-" "curl/7.68.0"
10.0.1.100 - - [10/May/2026:10:43:14 +0000] "GET /api/products HTTP/1.1" 200 12699 "https://example.com/" "Mozilla/5.0 (X11; Linux x86_64) AppleWebKit/537.36"
198.51.100.23 - - [10/May/2026:10:40:29 +0000] "GET /static/js/app.js HTTP/1.1" 200 35502 "https://example.com/" "Mozilla/5.0 (X11; Linux x86_64) AppleWebKit/537.36"
172.16.0.10 - - [10/May/2026:11:08:36 +0000] "GET /api/search HTTP/1.1" 200 13428 "https://example.com/" "Mozilla/5.0 (Windows NT 10.0; Win64; x64) AppleWebKit/537.36"
192.168.1.101 - - [10/May/2026:11:04:21 +0000] "GET /static/css/style.css HTTP/1.1" 200 20275 "https://example.com/" "Python-urllib/3.8"
10.0.0.51 - - [10/May/2026:11:21:45 +0000] "GET / HTTP/1.1" 200 18930 "https://example.com/" "Mozilla/5.0 (Macintosh; Intel Mac OS X 10_15_7) AppleWebKit/537.36"
192.168.1.100 - - [10/May/2026:11:31:21 +0000] "GET /index.html HTTP/1.1" 200 21471 "https://example.com/" "Mozilla/5.0 (Windows NT 10.0; Win64; x64) AppleWebKit/537.36"
192.168.1.101 - - [10/May/2026:11:42:24 +0000] "GET / HTTP/1.1" 200 17233 "https://example.com/" "Mozilla/5.0 (Macintosh; Intel Mac OS X 10_15_7) AppleWebKit/537.36"
172.16.0.10 - - [10/May/2026:11:46:38 +0000] "GET /images/logo.png HTTP/1.1" 200 45067 "-" "Mozilla/5.0 (Macintosh; Intel Mac OS X 10_15_7) AppleWebKit/537.36"
93.184.216.34 - - [10/May/2026:11:52:31 +0000] "GET /api/products HTTP/1.1" 200 16380 "https://example.com/" "Mozilla/5.0 (Macintosh; Intel Mac OS X 10_15_7) AppleWebKit/537.36"
172.16.0.10 - - [10/May/2026:12:00:37 +0000] "GET /images/logo.png HTTP/1.1" 200 4510 "https://example.com/" "Mozilla/5.0 (Windows NT 10.0; Win64; x64) AppleWebKit/537.36"
10.0.1.100 - - [10/May/2026:12:01:13 +0000] "GET /static/js/app.js HTTP/1.1" 200 15793 "https://example.com/" "Mozilla/5.0 (Windows NT 10.0; Win64; x64) AppleWebKit/537.36"
10.0.0.51 - - [10/May/2026:12:19:49 +0000] "GET /static/js/app.js HTTP/1.1" 200 9737 "https://example.com/" "Mozilla/5.0 (X11; Linux x86_64) AppleWebKit/537.36"
10.0.1.100 - - [10/May/2026:12:25:34 +0000] "GET /api/search HTTP/1.1" 200 17846 "-" "Mozilla/5.0 (Macintosh; Intel Mac OS X 10_15_7) AppleWebKit/537.36"
192.168.1.100 - - [10/May/2026:12:37:07 +0000] "DELETE /static/js/app.js HTTP/1.1" 200 42847 "https://example.com/" "Mozilla/5.0 (Windows NT 10.0; Win64; x64) AppleWebKit/537.36"
172.16.0.20 - - [10/May/2026:12:52:03 +0000] "POST /api/users HTTP/1.1" 200 2520 "https://example.com/" "curl/7.68.0"
10.0.1.100 - - [10/May/2026:12:55:49 +0000] "GET /static/js/app.js HTTP/1.1" 200 3832 "https://example.com/" "curl/7.68.0"
172.16.0.20 - - [10/May/2026:13:05:24 +0000] "POST /index.html HTTP/1.1" 200 35533 "-" "Mozilla/5.0 (Windows NT 10.0; Win64; x64) AppleWebKit/537.36"
10.0.0.50 - - [10/May/2026:13:04:12 +0000] "GET /images/logo.png HTTP/1.1" 200 4256 "https://example.com/" "Mozilla/5.0 (X11; Linux x86_64) AppleWebKit/537.36"
10.0.0.51 - - [10/May/2026:13:15:43 +0000] "PUT /admin/login HTTP/1.1" 329 46014 "-" "Mozilla/5.0 (X11; Linux x86_64) AppleWebKit/537.36"
10.0.1.100 - - [10/May/2026:13:19:05 +0000] "GET /static/css/style.css HTTP/1.1" 200 38806 "https://example.com/" "Mozilla/5.0 (Macintosh; Intel Mac OS X 10_15_7) AppleWebKit/537.36"
10.0.1.100 - - [10/May/2026:13:25:22 +0000] "GET /api/users HTTP/1.1" 200 33479 "https://example.com/" "Mozilla/5.0 (X11; Linux x86_64) AppleWebKit/537.36"
192.168.1.102 - - [10/May/2026:13:52:34 +0000] "GET / HTTP/1.1" 200 1358 "-" "Mozilla/5.0 (Macintosh; Intel Mac OS X 10_15_7) AppleWebKit/537.36"
10.0.0.50 - - [10/May/2026:13:57:00 +0000] "PUT /static/css/style.css HTTP/1.1" 200 35721 "-" "curl/7.68.0"
10.0.0.51 - - [10/May/2026:14:09:27 +0000] "GET /static/css/style.css HTTP/1.1" 200 27560 "https://example.com/" "Python-urllib/3.8"
203.0.113.45 - - [10/May/2026:14:08:36 +0000] "GET /images/logo.png HTTP/1.1" 200 24215 "https://example.com/" "Mozilla/5.0 (Windows NT 10.0; Win64; x64) AppleWebKit/537.36"
203.0.113.45 - - [10/May/2026:14:19:22 +0000] "GET / HTTP/1.1" 200 19082 "-" "curl/7.68.0"
203.0.113.45 - - [10/May/2026:14:19:39 +0000] "GET /static/js/app.js HTTP/1.1" 200 7419 "https://example.com/" "Mozilla/5.0 (X11; Linux x86_64) AppleWebKit/537.36"
203.0.113.45 - - [10/May/2026:14:34:06 +0000] "POST /static/css/style.css HTTP/1.1" 200 40282 "https://example.com/" "Mozilla/5.0 (Macintosh; Intel Mac OS X 10_15_7) AppleWebKit/537.36"
172.16.0.10 - - [10/May/2026:14:34:26 +0000] "GET /api/users HTTP/1.1" 200 12952 "https://example.com/" "curl/7.68.0"
93.184.216.34 - - [10/May/2026:14:58:29 +0000] "POST /static/js/app.js HTTP/1.1" 200 21888 "https://example.com/" "curl/7.68.0"
10.0.0.51 - - [10/May/2026:15:03:02 +0000] "GET /api/users HTTP/1.1" 200 46392 "https://example.com/" "Mozilla/5.0 (X11; Linux x86_64) AppleWebKit/537.36"
10.0.1.100 - - [10/May/2026:15:19:02 +0000] "POST /images/logo.png HTTP/1.1" 200 8424 "https://example.com/" "Mozilla/5.0 (X11; Linux x86_64) AppleWebKit/537.36"
172.16.0.10 - - [10/May/2026:15:15:56 +0000] "GET /static/js/app.js HTTP/1.1" 200 48384 "https://example.com/" "curl/7.68.0"
203.0.113.45 - - [10/May/2026:15:28:25 +0000] "POST /static/js/app.js HTTP/1.1" 200 24192 "https://example.com/" "Mozilla/5.0 (X11; Linux x86_64) AppleWebKit/537.36"
172.16.0.20 - - [10/May/2026:15:36:55 +0000] "GET /static/js/app.js HTTP/1.1" 200 2870 "https://example.com/" "Mozilla/5.0 (Macintosh; Intel Mac OS X 10_15_7) AppleWebKit/537.36"
198.51.100.23 - - [10/May/2026:15:51:06 +0000] "POST / HTTP/1.1" 200 48982 "https://example.com/" "Mozilla/5.0 (Windows NT 10.0; Win64; x64) AppleWebKit/537.36"
192.168.1.100 - - [10/May/2026:16:02:09 +0000] "GET /index.html HTTP/1.1" 200 8929 "https://example.com/" "Python-urllib/3.8"
93.184.216.34 - - [10/May/2026:15:55:54 +0000] "GET /images/logo.png HTTP/1.1" 200 28790 "https://example.com/" "Mozilla/5.0 (X11; Linux x86_64) AppleWebKit/537.36"
203.0.113.45 - - [10/May/2026:16:06:31 +0000] "GET /static/css/style.css HTTP/1.1" 200 20419 "-" "Python-urllib/3.8"
93.184.216.34 - - [10/May/2026:16:12:47 +0000] "PUT /static/js/app.js HTTP/1.1" 200 29908 "-" "curl/7.68.0"
10.0.0.51 - - [10/May/2026:16:21:26 +0000] "GET /index.html HTTP/1.1" 200 35866 "https://example.com/" "curl/7.68.0"
192.168.1.100 - - [10/May/2026:16:42:38 +0000] "POST /static/css/style.css HTTP/1.1" 200 16058 "https://example.com/" "Python-urllib/3.8"
93.184.216.34 - - [10/May/2026:16:38:49 +0000] "POST /static/js/app.js HTTP/1.1" 200 13298 "https://example.com/" "Mozilla/5.0 (Macintosh; Intel Mac OS X 10_15_7) AppleWebKit/537.36"
198.51.100.23 - - [10/May/2026:16:54:29 +0000] "GET / HTTP/1.1" 200 35830 "https://example.com/" "Python-urllib/3.8"
10.0.0.51 - - [10/May/2026:16:57:37 +0000] "GET /api/search HTTP/1.1" 200 32044 "https://example.com/" "Mozilla/5.0 (Windows NT 10.0; Win64; x64) AppleWebKit/537.36"
10.0.0.51 - - [10/May/2026:17:02:26 +0000] "GET /api/users HTTP/1.1" 200 20109 "https://example.com/" "Python-urllib/3.8"
10.0.1.100 - - [10/May/2026:17:22:02 +0000] "GET /api/products HTTP/1.1" 200 38867 "-" "curl/7.68.0"
93.184.216.34 - - [10/May/2026:17:37:18 +0000] "GET /images/logo.png HTTP/1.1" 200 3442 "-" "Mozilla/5.0 (Windows NT 10.0; Win64; x64) AppleWebKit/537.36"
172.16.0.20 - - [10/May/2026:17:43:36 +0000] "GET /index.html HTTP/1.1" 200 6780 "https://example.com/" "Mozilla/5.0 (Windows NT 10.0; Win64; x64) AppleWebKit/537.36"
192.168.1.100 - - [10/May/2026:17:45:34 +0000] "POST /index.html HTTP/1.1" 200 17010 "https://example.com/" "curl/7.68.0"
93.184.216.34 - - [10/May/2026:17:58:19 +0000] "GET /static/js/app.js HTTP/1.1" 200 1304 "https://example.com/" "Python-urllib/3.8"
10.0.1.100 - - [10/May/2026:17:58:38 +0000] "GET /index.html HTTP/1.1" 200 48261 "-" "curl/7.68.0"
172.16.0.20 - - [10/May/2026:18:06:08 +0000] "POST /index.html HTTP/1.1" 200 20102 "-" "curl/7.68.0"
10.0.0.50 - - [10/May/2026:18:20:18 +0000] "GET /api/products HTTP/1.1" 200 26205 "-" "Python-urllib/3.8"
192.168.1.101 - - [10/May/2026:18:27:49 +0000] "GET /static/css/style.css HTTP/1.1" 200 37203 "-" "Mozilla/5.0 (X11; Linux x86_64) AppleWebKit/537.36"
172.16.0.20 - - [10/May/2026:18:45:27 +0000] "POST /index.html HTTP/1.1" 200 9720 "https://example.com/" "curl/7.68.0"
172.16.0.20 - - [10/May/2026:18:38:40 +0000] "GET /index.html HTTP/1.1" 200 10073 "https://example.com/" "Python-urllib/3.8"
172.16.0.10 - - [10/May/2026:19:03:05 +0000] "GET /static/css/style.css HTTP/1.1" 200 819 "https://example.com/" "Mozilla/5.0 (X11; Linux x86_64) AppleWebKit/537.36"
172.16.0.20 - - [10/May/2026:19:05:52 +0000] "GET / HTTP/1.1" 200 47006 "https://example.com/" "curl/7.68.0"
192.168.1.101 - - [10/May/2026:19:08:23 +0000] "GET /images/logo.png HTTP/1.1" 200 14218 "-" "Mozilla/5.0 (X11; Linux x86_64) AppleWebKit/537.36"
192.168.1.100 - - [10/May/2026:19:25:02 +0000] "POST /static/js/app.js HTTP/1.1" 200 5358 "https://example.com/" "Mozilla/5.0 (X11; Linux x86_64) AppleWebKit/537.36"
192.168.1.101 - - [10/May/2026:19:38:34 +0000] "POST /index.html HTTP/1.1" 200 41748 "https://example.com/" "Python-urllib/3.8"
10.0.0.50 - - [10/May/2026:19:40:17 +0000] "GET /api/search HTTP/1.1" 200 32685 "https://example.com/" "Python-urllib/3.8"
203.0.113.45 - - [10/May/2026:19:54:19 +0000] "GET /static/js/app.js HTTP/1.1" 200 22206 "https://example.com/" "Mozilla/5.0 (Macintosh; Intel Mac OS X 10_15_7) AppleWebKit/537.36"
203.0.113.45 - - [10/May/2026:19:47:42 +0000] "GET /api/users HTTP/1.1" 200 21855 "https://example.com/" "Mozilla/5.0 (Macintosh; Intel Mac OS X 10_15_7) AppleWebKit/537.36"
198.51.100.23 - - [10/May/2026:20:10:17 +0000] "PATCH / HTTP/1.1" 200 46397 "https://example.com/" "Mozilla/5.0 (Macintosh; Intel Mac OS X 10_15_7) AppleWebKit/537.36"
172.16.0.20 - - [10/May/2026:20:07:49 +0000] "GET /api/users HTTP/1.1" 200 14814 "https://example.com/" "Mozilla/5.0 (Macintosh; Intel Mac OS X 10_15_7) AppleWebKit/537.36"
93.184.216.34 - - [10/May/2026:20:18:12 +0000] "GET /admin/login HTTP/1.1" 275 43028 "https://example.com/" "Mozilla/5.0 (X11; Linux x86_64) AppleWebKit/537.36"
10.0.0.51 - - [10/May/2026:20:34:39 +0000] "GET /api/orders HTTP/1.1" 201 38509 "https://example.com/" "Mozilla/5.0 (Macintosh; Intel Mac OS X 10_15_7) AppleWebKit/537.36"
203.0.113.45 - - [10/May/2026:20:29:38 +0000] "PUT / HTTP/1.1" 200 46489 "https://example.com/" "Mozilla/5.0 (Windows NT 10.0; Win64; x64) AppleWebKit/537.36"
192.168.1.100 - - [10/May/2026:20:37:25 +0000] "DELETE /static/js/app.js HTTP/1.1" 200 43254 "-" "Mozilla/5.0 (Macintosh; Intel Mac OS X 10_15_7) AppleWebKit/537.36"
172.16.0.10 - - [10/May/2026:20:53:52 +0000] "GET /api/products HTTP/1.1" 200 31258 "https://example.com/" "Python-urllib/3.8"
192.168.1.102 - - [10/May/2026:20:55:39 +0000] "GET /api/users HTTP/1.1" 200 26368 "https://example.com/" "Python-urllib/3.8"
192.168.1.100 - - [10/May/2026:21:06:21 +0000] "GET / HTTP/1.1" 200 36408 "https://example.com/" "Mozilla/5.0 (Macintosh; Intel Mac OS X 10_15_7) AppleWebKit/537.36"
192.168.1.100 - - [10/May/2026:21:22:48 +0000] "GET /api/users HTTP/1.1" 200 26177 "https://example.com/" "Mozilla/5.0 (X11; Linux x86_64) AppleWebKit/537.36"
10.0.0.50 - - [10/May/2026:21:33:39 +0000] "POST /index.html HTTP/1.1" 200 21484 "https://example.com/" "Mozilla/5.0 (Macintosh; Intel Mac OS X 10_15_7) AppleWebKit/537.36"
172.16.0.20 - - [10/May/2026:21:44:10 +0000] "GET / HTTP/1.1" 200 11657 "https://example.com/" "Mozilla/5.0 (Macintosh; Intel Mac OS X 10_15_7) AppleWebKit/537.36"
10.0.1.100 - - [10/May/2026:21:40:02 +0000] "DELETE / HTTP/1.1" 200 23593 "https://example.com/" "Python-urllib/3.8"
172.16.0.20 - - [10/May/2026:22:01:37 +0000] "POST / HTTP/1.1" 200 32784 "https://example.com/" "Mozilla/5.0 (Macintosh; Intel Mac OS X 10_15_7) AppleWebKit/537.36"
10.0.0.50 - - [10/May/2026:22:00:23 +0000] "GET /images/logo.png HTTP/1.1" 200 20414 "https://example.com/" "Mozilla/5.0 (Windows NT 10.0; Win64; x64) AppleWebKit/537.36"
10.0.0.51 - - [10/May/2026:22:04:38 +0000] "GET /admin/login HTTP/1.1" 201 8632 "-" "Mozilla/5.0 (Macintosh; Intel Mac OS X 10_15_7) AppleWebKit/537.36"
10.0.1.100 - - [10/May/2026:22:16:09 +0000] "GET /static/js/app.js HTTP/1.1" 200 14623 "https://example.com/" "Mozilla/5.0 (X11; Linux x86_64) AppleWebKit/537.36"
10.0.0.50 - - [10/May/2026:22:36:29 +0000] "PUT /static/js/app.js HTTP/1.1" 200 14981 "https://example.com/" "curl/7.68.0"
203.0.113.45 - - [10/May/2026:22:37:35 +0000] "GET /static/js/app.js HTTP/1.1" 200 19895 "-" "curl/7.68.0"
93.184.216.34 - - [10/May/2026:22:38:34 +0000] "GET /static/css/style.css HTTP/1.1" 200 26723 "https://example.com/" "Mozilla/5.0 (X11; Linux x86_64) AppleWebKit/537.36"
93.184.216.34 - - [10/May/2026:22:58:00 +0000] "GET /static/css/style.css HTTP/1.1" 200 46095 "https://example.com/" "Mozilla/5.0 (Windows NT 10.0; Win64; x64) AppleWebKit/537.36"
10.0.0.50 - - [10/May/2026:23:03:29 +0000] "GET /static/css/style.css HTTP/1.1" 200 41282 "https://example.com/" "Python-urllib/3.8"
10.0.0.51 - - [10/May/2026:23:10:24 +0000] "POST /images/logo.png HTTP/1.1" 200 2765 "-" "Mozilla/5.0 (Windows NT 10.0; Win64; x64) AppleWebKit/537.36"
93.184.216.34 - - [10/May/2026:23:26:28 +0000] "POST /api/users HTTP/1.1" 200 20612 "https://example.com/" "Mozilla/5.0 (Macintosh; Intel Mac OS X 10_15_7) AppleWebKit/537.36"
192.168.1.101 - - [10/May/2026:23:32:13 +0000] "POST /api/users HTTP/1.1" 200 12401 "https://example.com/" "curl/7.68.0"
198.51.100.23 - - [10/May/2026:23:47:41 +0000] "GET /api/users HTTP/1.1" 200 50070 "https://example.com/" "Python-urllib/3.8"
93.184.216.34 - - [10/May/2026:23:50:35 +0000] "POST /images/logo.png HTTP/1.1" 200 43954 "https://example.com/" "curl/7.68.0"
172.16.0.20 - - [11/May/2026:00:02:00 +0000] "GET /api/orders HTTP/1.1" 200 31481 "https://example.com/" "Mozilla/5.0 (Macintosh; Intel Mac OS X 10_15_7) AppleWebKit/537.36"
93.184.216.34 - - [11/May/2026:00:04:19 +0000] "DELETE / HTTP/1.1" 200 9512 "https://example.com/" "Mozilla/5.0 (Windows NT 10.0; Win64; x64) AppleWebKit/537.36"
172.16.0.20 - - [11/May/2026:00:18:59 +0000] "POST /api/users HTTP/1.1" 200 26727 "https://example.com/" "Python-urllib/3.8"
172.16.0.20 - - [11/May/2026:00:25:59 +0000] "GET /images/logo.png HTTP/1.1" 200 6381 "https://example.com/" "curl/7.68.0"
203.0.113.45 - - [11/May/2026:00:26:45 +0000] "GET /static/js/app.js HTTP/1.1" 200 23053 "https://example.com/" "Python-urllib/3.8"
198.51.100.23 - - [11/May/2026:00:41:19 +0000] "POST /api/orders HTTP/1.1" 200 47172 "https://example.com/" "Python-urllib/3.8"
192.168.1.102 - - [11/May/2026:00:46:21 +0000] "GET /images/logo.png HTTP/1.1" 200 44039 "-" "Mozilla/5.0 (X11; Linux x86_64) AppleWebKit/537.36"
198.51.100.23 - - [11/May/2026:00:55:59 +0000] "POST /admin/login HTTP/1.1" 358 43668 "https://example.com/" "Mozilla/5.0 (X11; Linux x86_64) AppleWebKit/537.36"
93.184.216.34 - - [11/May/2026:01:11:56 +0000] "GET /api/users HTTP/1.1" 200 40467 "https://example.com/" "Mozilla/5.0 (X11; Linux x86_64) AppleWebKit/537.36"
198.51.100.23 - - [11/May/2026:01:09:10 +0000] "POST /api/search HTTP/1.1" 200 29643 "https://example.com/" "curl/7.68.0"
93.184.216.34 - - [11/May/2026:01:13:44 +0000] "GET /api/orders HTTP/1.1" 200 21795 "https://example.com/" "curl/7.68.0"
192.168.1.101 - - [11/May/2026:01:36:10 +0000] "POST /images/logo.png HTTP/1.1" 200 31558 "https://example.com/" "curl/7.68.0"
10.0.0.51 - - [11/May/2026:01:33:15 +0000] "POST /images/logo.png HTTP/1.1" 200 30173 "https://example.com/" "Mozilla/5.0 (Windows NT 10.0; Win64; x64) AppleWebKit/537.36"
10.0.0.51 - - [11/May/2026:01:53:17 +0000] "POST /api/orders HTTP/1.1" 201 19082 "https://example.com/" "Mozilla/5.0 (Windows NT 10.0; Win64; x64) AppleWebKit/537.36"
192.168.1.102 - - [11/May/2026:01:54:35 +0000] "GET /api/users HTTP/1.1" 200 30471 "https://example.com/" "Mozilla/5.0 (X11; Linux x86_64) AppleWebKit/537.36"
192.168.1.100 - - [11/May/2026:02:02:28 +0000] "POST / HTTP/1.1" 200 49967 "https://example.com/" "curl/7.68.0"
203.0.113.45 - - [11/May/2026:02:21:24 +0000] "GET /static/css/style.css HTTP/1.1" 200 11226 "https://example.com/" "Mozilla/5.0 (X11; Linux x86_64) AppleWebKit/537.36"
203.0.113.45 - - [11/May/2026:02:21:00 +0000] "GET /api/orders HTTP/1.1" 200 19645 "-" "Mozilla/5.0 (X11; Linux x86_64) AppleWebKit/537.36"
10.0.1.100 - - [11/May/2026:02:31:39 +0000] "GET /static/css/style.css HTTP/1.1" 200 31177 "https://example.com/" "curl/7.68.0"
10.0.0.50 - - [11/May/2026:02:34:42 +0000] "POST /images/logo.png HTTP/1.1" 200 2186 "-" "Mozilla/5.0 (Windows NT 10.0; Win64; x64) AppleWebKit/537.36"
172.16.0.10 - - [11/May/2026:02:40:33 +0000] "GET /api/search HTTP/1.1" 200 20569 "https://example.com/" "Mozilla/5.0 (X11; Linux x86_64) AppleWebKit/537.36"
10.0.0.51 - - [11/May/2026:02:50:11 +0000] "GET /api/orders HTTP/1.1" 200 27387 "https://example.com/" "Mozilla/5.0 (Macintosh; Intel Mac OS X 10_15_7) AppleWebKit/537.36"
192.168.1.101 - - [11/May/2026:02:58:18 +0000] "GET /static/css/style.css HTTP/1.1" 200 16937 "https://example.com/" "Mozilla/5.0 (Windows NT 10.0; Win64; x64) AppleWebKit/537.36"
192.168.1.102 - - [11/May/2026:03:21:36 +0000] "GET /images/logo.png HTTP/1.1" 200 42410 "https://example.com/" "Mozilla/5.0 (Windows NT 10.0; Win64; x64) AppleWebKit/537.36"
93.184.216.34 - - [11/May/2026:03:25:30 +0000] "GET /static/css/style.css HTTP/1.1" 200 32280 "-" "Mozilla/5.0 (X11; Linux x86_64) AppleWebKit/537.36"
10.0.0.50 - - [11/May/2026:03:34:55 +0000] "GET /index.html HTTP/1.1" 200 38498 "https://example.com/" "Python-urllib/3.8"
10.0.1.100 - - [11/May/2026:03:31:58 +0000] "GET /images/logo.png HTTP/1.1" 200 34230 "https://example.com/" "Python-urllib/3.8"
10.0.1.100 - - [11/May/2026:03:41:57 +0000] "POST / HTTP/1.1" 200 5631 "https://example.com/" "Mozilla/5.0 (Windows NT 10.0; Win64; x64) AppleWebKit/537.36"
10.0.1.100 - - [11/May/2026:03:58:29 +0000] "GET /static/js/app.js HTTP/1.1" 200 39837 "https://example.com/" "Mozilla/5.0 (Macintosh; Intel Mac OS X 10_15_7) AppleWebKit/537.36"
192.168.1.101 - - [11/May/2026:04:01:44 +0000] "GET / HTTP/1.1" 200 27003 "https://example.com/" "curl/7.68.0"
93.184.216.34 - - [11/May/2026:04:13:27 +0000] "PUT / HTTP/1.1" 200 1105 "https://example.com/" "Mozilla/5.0 (Macintosh; Intel Mac OS X 10_15_7) AppleWebKit/537.36"
10.0.0.50 - - [11/May/2026:04:25:59 +0000] "GET /images/logo.png HTTP/1.1" 200 16967 "https://example.com/" "Mozilla/5.0 (Windows NT 10.0; Win64; x64) AppleWebKit/537.36"
10.0.0.51 - - [11/May/2026:04:43:08 +0000] "GET /static/css/style.css HTTP/1.1" 200 39468 "-" "Mozilla/5.0 (X11; Linux x86_64) AppleWebKit/537.36"
10.0.1.100 - - [11/May/2026:04:42:46 +0000] "GET /static/css/style.css HTTP/1.1" 200 33031 "https://example.com/" "curl/7.68.0"
203.0.113.45 - - [11/May/2026:04:51:02 +0000] "POST /static/js/app.js HTTP/1.1" 200 601 "https://example.com/" "curl/7.68.0"
192.168.1.101 - - [11/May/2026:04:53:23 +0000] "GET /api/products HTTP/1.1" 200 45405 "https://example.com/" "Mozilla/5.0 (Macintosh; Intel Mac OS X 10_15_7) AppleWebKit/537.36"
192.168.1.100 - - [11/May/2026:04:59:48 +0000] "GET /api/orders HTTP/1.1" 201 11571 "https://example.com/" "Mozilla/5.0 (X11; Linux x86_64) AppleWebKit/537.36"
10.0.1.100 - - [11/May/2026:05:19:06 +0000] "GET /api/products HTTP/1.1" 200 37327 "-" "curl/7.68.0"
203.0.113.45 - - [11/May/2026:05:31:03 +0000] "GET /static/css/style.css HTTP/1.1" 200 745 "https://example.com/" "Python-urllib/3.8"
10.0.0.51 - - [11/May/2026:05:33:14 +0000] "POST / HTTP/1.1" 200 9161 "https://example.com/" "Mozilla/5.0 (X11; Linux x86_64) AppleWebKit/537.36"
10.0.0.51 - - [11/May/2026:05:46:17 +0000] "PUT /static/css/style.css HTTP/1.1" 200 28884 "https://example.com/" "Mozilla/5.0 (Windows NT 10.0; Win64; x64) AppleWebKit/537.36"
198.51.100.23 - - [11/May/2026:05:51:51 +0000] "GET / HTTP/1.1" 200 49780 "https://example.com/" "Python-urllib/3.8"
192.168.1.101 - - [11/May/2026:05:51:22 +0000] "GET /static/js/app.js HTTP/1.1" 200 28897 "https://example.com/" "Mozilla/5.0 (X11; Linux x86_64) AppleWebKit/537.36"
93.184.216.34 - - [11/May/2026:06:01:26 +0000] "GET /index.html HTTP/1.1" 200 12579 "https://example.com/" "Python-urllib/3.8"
192.168.1.101 - - [11/May/2026:06:18:24 +0000] "GET /index.html HTTP/1.1" 200 10936 "https://example.com/" "Mozilla/5.0 (X11; Linux x86_64) AppleWebKit/537.36"
198.51.100.23 - - [11/May/2026:06:15:49 +0000] "POST / HTTP/1.1" 200 50145 "-" "Mozilla/5.0 (Windows NT 10.0; Win64; x64) AppleWebKit/537.36"
10.0.0.50 - - [11/May/2026:06:39:34 +0000] "POST /static/css/style.css HTTP/1.1" 200 9607 "https://example.com/" "Python-urllib/3.8"
172.16.0.10 - - [11/May/2026:06:51:11 +0000] "GET /static/css/style.css HTTP/1.1" 200 38900 "-" "Mozilla/5.0 (X11; Linux x86_64) AppleWebKit/537.36"
203.0.113.45 - - [11/May/2026:06:41:56 +0000] "GET /static/css/style.css HTTP/1.1" 200 48451 "https://example.com/" "curl/7.68.0"
10.0.0.51 - - [11/May/2026:06:56:30 +0000] "GET / HTTP/1.1" 200 20913 "-" "Mozilla/5.0 (Macintosh; Intel Mac OS X 10_15_7) AppleWebKit/537.36"
172.16.0.20 - - [11/May/2026:06:59:40 +0000] "GET / HTTP/1.1" 200 15508 "https://example.com/" "Python-urllib/3.8"
10.0.0.51 - - [11/May/2026:07:09:15 +0000] "GET /api/users HTTP/1.1" 200 37512 "https://example.com/" "Mozilla/5.0 (X11; Linux x86_64) AppleWebKit/537.36"
192.168.1.100 - - [11/May/2026:07:25:22 +0000] "GET /static/css/style.css HTTP/1.1" 200 28384 "-" "Mozilla/5.0 (X11; Linux x86_64) AppleWebKit/537.36"
172.16.0.20 - - [11/May/2026:07:28:31 +0000] "GET /images/logo.png HTTP/1.1" 200 8970 "-" "Mozilla/5.0 (Macintosh; Intel Mac OS X 10_15_7) AppleWebKit/537.36"
10.0.1.100 - - [11/May/2026:07:47:58 +0000] "GET /static/css/style.css HTTP/1.1" 200 30831 "https://example.com/" "Mozilla/5.0 (Macintosh; Intel Mac OS X 10_15_7) AppleWebKit/537.36"
10.0.0.50 - - [11/May/2026:07:50:52 +0000] "GET /api/search HTTP/1.1" 200 39583 "https://example.com/" "curl/7.68.0"
10.0.1.100 - - [11/May/2026:08:04:39 +0000] "GET /images/logo.png HTTP/1.1" 200 22513 "https://example.com/" "Mozilla/5.0 (Macintosh; Intel Mac OS X 10_15_7) AppleWebKit/537.36"
93.184.216.34 - - [11/May/2026:08:03:19 +0000] "GET /admin/login HTTP/1.1" 283 4369 "https://example.com/" "curl/7.68.0"
10.0.1.100 - - [11/May/2026:08:21:23 +0000] "POST /index.html HTTP/1.1" 200 28671 "https://example.com/" "curl/7.68.0"
10.0.1.100 - - [11/May/2026:08:24:36 +0000] "GET / HTTP/1.1" 200 12921 "https://example.com/" "Mozilla/5.0 (Windows NT 10.0; Win64; x64) AppleWebKit/537.36"
192.168.1.102 - - [11/May/2026:08:26:04 +0000] "GET /images/logo.png HTTP/1.1" 200 1123 "https://example.com/" "Mozilla/5.0 (Windows NT 10.0; Win64; x64) AppleWebKit/537.36"
10.0.0.51 - - [11/May/2026:08:50:56 +0000] "DELETE /static/css/style.css HTTP/1.1" 200 26071 "https://example.com/" "Mozilla/5.0 (Windows NT 10.0; Win64; x64) AppleWebKit/537.36"
203.0.113.45 - - [11/May/2026:08:53:02 +0000] "GET /static/js/app.js HTTP/1.1" 200 45488 "https://example.com/" "Python-urllib/3.8"
10.0.0.50 - - [11/May/2026:09:09:31 +0000] "GET /images/logo.png HTTP/1.1" 200 29125 "https://example.com/" "Python-urllib/3.8"
192.168.1.101 - - [11/May/2026:09:16:17 +0000] "GET /static/js/app.js HTTP/1.1" 200 28033 "-" "Mozilla/5.0 (Windows NT 10.0; Win64; x64) AppleWebKit/537.36"
10.0.0.51 - - [11/May/2026:09:23:26 +0000] "GET /images/logo.png HTTP/1.1" 200 39833 "https://example.com/" "Mozilla/5.0 (Macintosh; Intel Mac OS X 10_15_7) AppleWebKit/537.36"
192.168.1.100 - - [11/May/2026:09:18:40 +0000] "POST / HTTP/1.1" 200 43712 "https://example.com/" "Mozilla/5.0 (Macintosh; Intel Mac OS X 10_15_7) AppleWebKit/537.36"
203.0.113.45 - - [11/May/2026:09:34:46 +0000] "GET /api/search HTTP/1.1" 200 26293 "https://example.com/" "Mozilla/5.0 (X11; Linux x86_64) AppleWebKit/537.36"
10.0.1.100 - - [11/May/2026:09:34:31 +0000] "GET /api/users HTTP/1.1" 200 37021 "https://example.com/" "Python-urllib/3.8"
172.16.0.20 - - [11/May/2026:09:56:17 +0000] "GET /api/products HTTP/1.1" 200 38627 "https://example.com/" "Mozilla/5.0 (X11; Linux x86_64) AppleWebKit/537.36"
198.51.100.23 - - [11/May/2026:10:01:41 +0000] "GET /api/users HTTP/1.1" 200 27621 "https://example.com/" "Python-urllib/3.8"
93.184.216.34 - - [11/May/2026:10:05:41 +0000] "GET /images/logo.png HTTP/1.1" 200 34765 "https://example.com/" "Python-urllib/3.8"
172.16.0.10 - - [11/May/2026:10:08:56 +0000] "GET / HTTP/1.1" 200 13468 "-" "Mozilla/5.0 (Windows NT 10.0; Win64; x64) AppleWebKit/537.36"
192.168.1.102 - - [11/May/2026:10:35:33 +0000] "POST /admin/login HTTP/1.1" 200 14250 "-" "Mozilla/5.0 (Windows NT 10.0; Win64; x64) AppleWebKit/537.36"
192.168.1.100 - - [11/May/2026:10:43:45 +0000] "GET /api/users HTTP/1.1" 200 25128 "https://example.com/" "Mozilla/5.0 (Windows NT 10.0; Win64; x64) AppleWebKit/537.36"
172.16.0.20 - - [11/May/2026:10:44:45 +0000] "POST /static/css/style.css HTTP/1.1" 200 5858 "https://example.com/" "Mozilla/5.0 (X11; Linux x86_64) AppleWebKit/537.36"
203.0.113.45 - - [11/May/2026:11:02:30 +0000] "GET / HTTP/1.1" 200 882 "-" "Mozilla/5.0 (Macintosh; Intel Mac OS X 10_15_7) AppleWebKit/537.36"
10.0.0.50 - - [11/May/2026:11:02:07 +0000] "GET /images/logo.png HTTP/1.1" 200 24425 "https://example.com/" "Mozilla/5.0 (Windows NT 10.0; Win64; x64) AppleWebKit/537.36"
10.0.0.50 - - [11/May/2026:11:07:44 +0000] "GET /static/css/style.css HTTP/1.1" 200 18265 "https://example.com/" "Python-urllib/3.8"
93.184.216.34 - - [11/May/2026:11:28:20 +0000] "PUT /images/logo.png HTTP/1.1" 200 7085 "https://example.com/" "Mozilla/5.0 (Macintosh; Intel Mac OS X 10_15_7) AppleWebKit/537.36"
10.0.0.50 - - [11/May/2026:11:29:29 +0000] "GET /static/css/style.css HTTP/1.1" 200 5536 "https://example.com/" "Mozilla/5.0 (Windows NT 10.0; Win64; x64) AppleWebKit/537.36"
192.168.1.100 - - [11/May/2026:11:36:02 +0000] "GET / HTTP/1.1" 200 24550 "-" "Mozilla/5.0 (Windows NT 10.0; Win64; x64) AppleWebKit/537.36"
192.168.1.100 - - [11/May/2026:11:47:18 +0000] "GET /images/logo.png HTTP/1.1" 200 33077 "-" "Mozilla/5.0 (X11; Linux x86_64) AppleWebKit/537.36"
172.16.0.10 - - [11/May/2026:11:56:10 +0000] "GET /static/css/style.css HTTP/1.1" 200 46620 "https://example.com/" "Mozilla/5.0 (Windows NT 10.0; Win64; x64) AppleWebKit/537.36"
10.0.0.51 - - [11/May/2026:12:03:25 +0000] "GET /static/css/style.css HTTP/1.1" 200 16241 "https://example.com/" "Mozilla/5.0 (X11; Linux x86_64) AppleWebKit/537.36"
10.0.1.100 - - [11/May/2026:12:06:34 +0000] "GET /static/css/style.css HTTP/1.1" 200 21730 "https://example.com/" "curl/7.68.0"
10.0.0.50 - - [11/May/2026:12:11:05 +0000] "GET / HTTP/1.1" 200 40562 "https://example.com/" "Python-urllib/3.8"
172.16.0.20 - - [11/May/2026:12:22:21 +0000] "GET /api/users HTTP/1.1" 200 5029 "https://example.com/" "Mozilla/5.0 (Windows NT 10.0; Win64; x64) AppleWebKit/537.36"
10.0.0.51 - - [11/May/2026:12:30:22 +0000] "GET /admin/login HTTP/1.1" 295 41189 "https://example.com/" "curl/7.68.0"
192.168.1.100 - - [11/May/2026:12:50:47 +0000] "GET /api/products HTTP/1.1" 200 33286 "https://example.com/" "Mozilla/5.0 (Windows NT 10.0; Win64; x64) AppleWebKit/537.36"
192.168.1.101 - - [11/May/2026:12:50:01 +0000] "GET /api/users HTTP/1.1" 200 16907 "https://example.com/" "curl/7.68.0"
172.16.0.20 - - [11/May/2026:13:08:04 +0000] "POST / HTTP/1.1" 200 49144 "-" "curl/7.68.0"
10.0.0.51 - - [11/May/2026:13:13:34 +0000] "GET / HTTP/1.1" 200 2942 "-" "Python-urllib/3.8"
192.168.1.102 - - [11/May/2026:13:14:55 +0000] "POST /static/css/style.css HTTP/1.1" 200 13299 "https://example.com/" "Mozilla/5.0 (Windows NT 10.0; Win64; x64) AppleWebKit/537.36"
198.51.100.23 - - [11/May/2026:13:38:36 +0000] "PUT /index.html HTTP/1.1" 200 35423 "https://example.com/" "Mozilla/5.0 (Windows NT 10.0; Win64; x64) AppleWebKit/537.36"
10.0.0.51 - - [11/May/2026:13:28:51 +0000] "GET /images/logo.png HTTP/1.1" 200 15329 "https://example.com/" "Python-urllib/3.8"
198.51.100.23 - - [11/May/2026:13:47:21 +0000] "GET /api/search HTTP/1.1" 200 36649 "-" "curl/7.68.0"
10.0.0.50 - - [11/May/2026:14:00:29 +0000] "GET /api/search HTTP/1.1" 200 43937 "https://example.com/" "Mozilla/5.0 (X11; Linux x86_64) AppleWebKit/537.36"
10.0.1.100 - - [11/May/2026:13:57:20 +0000] "GET / HTTP/1.1" 200 45197 "https://example.com/" "Mozilla/5.0 (X11; Linux x86_64) AppleWebKit/537.36"
203.0.113.45 - - [11/May/2026:14:09:03 +0000] "GET /api/products HTTP/1.1" 200 13129 "https://example.com/" "Python-urllib/3.8"
10.0.0.51 - - [11/May/2026:14:21:39 +0000] "GET /static/css/style.css HTTP/1.1" 200 30770 "-" "curl/7.68.0"
172.16.0.10 - - [11/May/2026:14:32:11 +0000] "GET / HTTP/1.1" 200 2512 "https://example.com/" "curl/7.68.0"
192.168.1.100 - - [11/May/2026:14:31:19 +0000] "GET /index.html HTTP/1.1" 200 37169 "https://example.com/" "Python-urllib/3.8"
10.0.1.100 - - [11/May/2026:14:39:22 +0000] "POST /static/js/app.js HTTP/1.1" 200 13873 "https://example.com/" "Mozilla/5.0 (Macintosh; Intel Mac OS X 10_15_7) AppleWebKit/537.36"
192.168.1.101 - - [11/May/2026:14:58:38 +0000] "POST /api/search HTTP/1.1" 200 46878 "https://example.com/" "curl/7.68.0"
192.168.1.101 - - [11/May/2026:15:10:34 +0000] "POST /api/products HTTP/1.1" 200 17948 "https://example.com/" "Mozilla/5.0 (Macintosh; Intel Mac OS X 10_15_7) AppleWebKit/537.36"
192.168.1.102 - - [11/May/2026:15:19:25 +0000] "POST /images/logo.png HTTP/1.1" 200 36126 "https://example.com/" "Python-urllib/3.8"
192.168.1.102 - - [11/May/2026:15:29:25 +0000] "GET /api/search HTTP/1.1" 200 47188 "-" "Python-urllib/3.8"
172.16.0.20 - - [11/May/2026:15:20:49 +0000] "GET /api/search HTTP/1.1" 200 7853 "https://example.com/" "Mozilla/5.0 (Macintosh; Intel Mac OS X 10_15_7) AppleWebKit/537.36"
198.51.100.23 - - [11/May/2026:15:36:30 +0000] "GET / HTTP/1.1" 200 38360 "https://example.com/" "Python-urllib/3.8"
10.0.0.50 - - [11/May/2026:15:51:25 +0000] "GET / HTTP/1.1" 200 22610 "-" "Python-urllib/3.8"
203.0.113.45 - - [11/May/2026:15:48:00 +0000] "GET /api/users HTTP/1.1" 200 43165 "https://example.com/" "Mozilla/5.0 (Windows NT 10.0; Win64; x64) AppleWebKit/537.36"
93.184.216.34 - - [11/May/2026:15:56:55 +0000] "GET /api/products HTTP/1.1" 200 3036 "-" "Mozilla/5.0 (X11; Linux x86_64) AppleWebKit/537.36"
10.0.0.50 - - [11/May/2026:16:13:41 +0000] "GET /static/js/app.js HTTP/1.1" 200 4531 "https://example.com/" "Mozilla/5.0 (Macintosh; Intel Mac OS X 10_15_7) AppleWebKit/537.36"
10.0.0.50 - - [11/May/2026:16:15:42 +0000] "GET /api/products HTTP/1.1" 200 49241 "https://example.com/" "Mozilla/5.0 (X11; Linux x86_64) AppleWebKit/537.36"
192.168.1.101 - - [11/May/2026:16:34:28 +0000] "GET /api/users HTTP/1.1" 200 6823 "-" "Mozilla/5.0 (X11; Linux x86_64) AppleWebKit/537.36"
192.168.1.102 - - [11/May/2026:16:45:24 +0000] "GET /index.html HTTP/1.1" 200 20040 "https://example.com/" "Python-urllib/3.8"
192.168.1.100 - - [11/May/2026:16:51:22 +0000] "GET /index.html HTTP/1.1" 200 11418 "-" "Mozilla/5.0 (X11; Linux x86_64) AppleWebKit/537.36"
172.16.0.20 - - [11/May/2026:17:02:01 +0000] "GET / HTTP/1.1" 200 43819 "https://example.com/" "Mozilla/5.0 (Macintosh; Intel Mac OS X 10_15_7) AppleWebKit/537.36"
192.168.1.102 - - [11/May/2026:17:09:11 +0000] "POST /api/search HTTP/1.1" 200 48107 "https://example.com/" "curl/7.68.0"
172.16.0.20 - - [11/May/2026:17:22:19 +0000] "GET / HTTP/1.1" 200 10441 "https://example.com/" "Mozilla/5.0 (Windows NT 10.0; Win64; x64) AppleWebKit/537.36"
93.184.216.34 - - [11/May/2026:17:16:49 +0000] "POST /api/users HTTP/1.1" 200 37964 "https://example.com/" "Mozilla/5.0 (X11; Linux x86_64) AppleWebKit/537.36"
198.51.100.23 - - [11/May/2026:17:33:48 +0000] "GET /api/products HTTP/1.1" 200 12233 "https://example.com/" "Mozilla/5.0 (X11; Linux x86_64) AppleWebKit/537.36"
198.51.100.23 - - [11/May/2026:17:32:48 +0000] "POST /api/products HTTP/1.1" 200 45823 "https://example.com/" "curl/7.68.0"
172.16.0.10 - - [11/May/2026:17:52:46 +0000] "GET /api/users HTTP/1.1" 200 20370 "-" "Mozilla/5.0 (Macintosh; Intel Mac OS X 10_15_7) AppleWebKit/537.36"
93.184.216.34 - - [11/May/2026:18:03:32 +0000] "GET /index.html HTTP/1.1" 200 34567 "https://example.com/" "Mozilla/5.0 (Macintosh; Intel Mac OS X 10_15_7) AppleWebKit/537.36"
192.168.1.102 - - [11/May/2026:18:06:43 +0000] "GET /static/css/style.css HTTP/1.1" 200 27373 "https://example.com/" "Mozilla/5.0 (Windows NT 10.0; Win64; x64) AppleWebKit/537.36"
10.0.0.50 - - [11/May/2026:18:19:56 +0000] "POST /admin/login HTTP/1.1" 272 40707 "https://example.com/" "Mozilla/5.0 (Windows NT 10.0; Win64; x64) AppleWebKit/537.36"
10.0.0.50 - - [11/May/2026:18:12:51 +0000] "GET / HTTP/1.1" 200 14446 "https://example.com/" "curl/7.68.0"
198.51.100.23 - - [11/May/2026:18:32:13 +0000] "GET /images/logo.png HTTP/1.1" 200 32388 "https://example.com/" "Mozilla/5.0 (X11; Linux x86_64) AppleWebKit/537.36"
172.16.0.20 - - [11/May/2026:18:45:59 +0000] "GET /static/js/app.js HTTP/1.1" 200 38594 "-" "Mozilla/5.0 (Windows NT 10.0; Win64; x64) AppleWebKit/537.36"
192.168.1.100 - - [11/May/2026:18:38:42 +0000] "DELETE / HTTP/1.1" 200 42763 "https://example.com/" "Mozilla/5.0 (Macintosh; Intel Mac OS X 10_15_7) AppleWebKit/537.36"
203.0.113.45 - - [11/May/2026:18:55:00 +0000] "POST /api/products HTTP/1.1" 200 8454 "https://example.com/" "Mozilla/5.0 (Macintosh; Intel Mac OS X 10_15_7) AppleWebKit/537.36"
10.0.1.100 - - [11/May/2026:19:13:21 +0000] "GET /api/products HTTP/1.1" 200 5853 "-" "Mozilla/5.0 (Windows NT 10.0; Win64; x64) AppleWebKit/537.36"
192.168.1.102 - - [11/May/2026:19:05:08 +0000] "GET /index.html HTTP/1.1" 200 1627 "-" "Mozilla/5.0 (Windows NT 10.0; Win64; x64) AppleWebKit/537.36"
198.51.100.23 - - [11/May/2026:19:25:58 +0000] "GET /index.html HTTP/1.1" 200 38158 "https://example.com/" "Mozilla/5.0 (Macintosh; Intel Mac OS X 10_15_7) AppleWebKit/537.36"
192.168.1.102 - - [11/May/2026:19:27:05 +0000] "GET /static/css/style.css HTTP/1.1" 200 15416 "https://example.com/" "Python-urllib/3.8"
192.168.1.100 - - [11/May/2026:19:37:24 +0000] "GET /notfound HTTP/1.1" 404 208 "https://example.com/" "Mozilla/5.0 (Macintosh; Intel Mac OS X 10_15_7) AppleWebKit/537.36"
93.184.216.34 - - [11/May/2026:19:39:11 +0000] "GET /api/orders HTTP/1.1" 200 29233 "https://example.com/" "Python-urllib/3.8"
10.0.0.51 - - [11/May/2026:19:49:39 +0000] "PUT /api/search HTTP/1.1" 200 30003 "https://example.com/" "Mozilla/5.0 (Macintosh; Intel Mac OS X 10_15_7) AppleWebKit/537.36"
172.16.0.20 - - [11/May/2026:20:04:03 +0000] "GET / HTTP/1.1" 200 5915 "https://example.com/" "Mozilla/5.0 (Macintosh; Intel Mac OS X 10_15_7) AppleWebKit/537.36"
192.168.1.101 - - [11/May/2026:20:23:57 +0000] "GET / HTTP/1.1" 200 48791 "https://example.com/" "Mozilla/5.0 (X11; Linux x86_64) AppleWebKit/537.36"
10.0.0.50 - - [11/May/2026:20:20:57 +0000] "GET / HTTP/1.1" 200 4763 "https://example.com/" "curl/7.68.0"
93.184.216.34 - - [11/May/2026:20:24:41 +0000] "GET /static/js/app.js HTTP/1.1" 200 17764 "https://example.com/" "Mozilla/5.0 (X11; Linux x86_64) AppleWebKit/537.36"
10.0.0.50 - - [11/May/2026:20:42:50 +0000] "GET /images/logo.png HTTP/1.1" 200 49164 "https://example.com/" "Mozilla/5.0 (X11; Linux x86_64) AppleWebKit/537.36"
93.184.216.34 - - [11/May/2026:20:40:00 +0000] "GET / HTTP/1.1" 200 35458 "https://example.com/" "Mozilla/5.0 (X11; Linux x86_64) AppleWebKit/537.36"
198.51.100.23 - - [11/May/2026:20:55:37 +0000] "PATCH / HTTP/1.1" 200 39572 "https://example.com/" "Mozilla/5.0 (X11; Linux x86_64) AppleWebKit/537.36"
10.0.1.100 - - [11/May/2026:20:58:13 +0000] "GET /static/css/style.css HTTP/1.1" 200 29584 "https://example.com/" "Mozilla/5.0 (Windows NT 10.0; Win64; x64) AppleWebKit/537.36"
192.168.1.101 - - [11/May/2026:21:24:32 +0000] "POST /api/products HTTP/1.1" 200 13419 "https://example.com/" "Python-urllib/3.8"
10.0.0.51 - - [11/May/2026:21:33:46 +0000] "POST /api/search HTTP/1.1" 200 35897 "https://example.com/" "Mozilla/5.0 (Windows NT 10.0; Win64; x64) AppleWebKit/537.36"
172.16.0.10 - - [11/May/2026:21:28:36 +0000] "DELETE /static/css/style.css HTTP/1.1" 200 31466 "https://example.com/" "Mozilla/5.0 (Windows NT 10.0; Win64; x64) AppleWebKit/537.36"
198.51.100.23 - - [11/May/2026:21:51:10 +0000] "GET / HTTP/1.1" 200 4509 "https://example.com/" "Mozilla/5.0 (X11; Linux x86_64) AppleWebKit/537.36"
172.16.0.20 - - [11/May/2026:21:57:23 +0000] "GET / HTTP/1.1" 200 21026 "https://example.com/" "Python-urllib/3.8"
192.168.1.100 - - [11/May/2026:21:59:21 +0000] "GET / HTTP/1.1" 200 3438 "https://example.com/" "Mozilla/5.0 (Macintosh; Intel Mac OS X 10_15_7) AppleWebKit/537.36"
10.0.0.51 - - [11/May/2026:22:15:22 +0000] "POST /admin/login HTTP/1.1" 227 27284 "https://example.com/" "Mozilla/5.0 (X11; Linux x86_64) AppleWebKit/537.36"
192.168.1.102 - - [11/May/2026:22:19:44 +0000] "GET /api/users HTTP/1.1" 200 45715 "-" "curl/7.68.0"
203.0.113.45 - - [11/May/2026:22:20:04 +0000] "POST /images/logo.png HTTP/1.1" 200 38805 "https://example.com/" "curl/7.68.0"
198.51.100.23 - - [11/May/2026:22:39:11 +0000] "GET /images/logo.png HTTP/1.1" 200 20524 "https://example.com/" "Mozilla/5.0 (Windows NT 10.0; Win64; x64) AppleWebKit/537.36"
10.0.1.100 - - [11/May/2026:22:38:58 +0000] "POST /index.html HTTP/1.1" 200 9021 "-" "curl/7.68.0"
10.0.1.100 - - [11/May/2026:22:48:04 +0000] "POST /api/users HTTP/1.1" 200 10240 "-" "curl/7.68.0"
192.168.1.101 - - [11/May/2026:23:04:13 +0000] "GET /index.html HTTP/1.1" 200 9484 "https://example.com/" "curl/7.68.0"
172.16.0.10 - - [11/May/2026:22:59:13 +0000] "POST /api/search HTTP/1.1" 200 25691 "https://example.com/" "Python-urllib/3.8"
93.184.216.34 - - [11/May/2026:23:13:17 +0000] "GET / HTTP/1.1" 200 1897 "https://example.com/" "Python-urllib/3.8"
10.0.0.51 - - [11/May/2026:23:19:30 +0000] "GET / HTTP/1.1" 200 28124 "https://example.com/" "Python-urllib/3.8"
192.168.1.101 - - [11/May/2026:23:38:55 +0000] "GET /images/logo.png HTTP/1.1" 200 32967 "https://example.com/" "Python-urllib/3.8"
192.168.1.102 - - [11/May/2026:23:49:49 +0000] "GET /api/users HTTP/1.1" 200 12456 "https://example.com/" "Mozilla/5.0 (Windows NT 10.0; Win64; x64) AppleWebKit/537.36"
192.168.1.102 - - [11/May/2026:23:52:35 +0000] "GET / HTTP/1.1" 200 37461 "https://example.com/" "Mozilla/5.0 (Macintosh; Intel Mac OS X 10_15_7) AppleWebKit/537.36"
10.0.0.51 - - [11/May/2026:23:54:45 +0000] "GET /images/logo.png HTTP/1.1" 200 28319 "https://example.com/" "Python-urllib/3.8"
192.168.1.102 - - [12/May/2026:00:14:47 +0000] "POST / HTTP/1.1" 200 20135 "-" "Mozilla/5.0 (Macintosh; Intel Mac OS X 10_15_7) AppleWebKit/537.36"
192.168.1.100 - - [12/May/2026:00:14:25 +0000] "GET / HTTP/1.1" 200 25357 "https://example.com/" "Mozilla/5.0 (X11; Linux x86_64) AppleWebKit/537.36"
93.184.216.34 - - [12/May/2026:00:34:54 +0000] "GET /static/css/style.css HTTP/1.1" 200 26061 "-" "curl/7.68.0"
192.168.1.102 - - [12/May/2026:00:32:03 +0000] "GET / HTTP/1.1" 200 30616 "-" "curl/7.68.0"
93.184.216.34 - - [12/May/2026:00:50:53 +0000] "GET /admin/login HTTP/1.1" 234 36023 "https://example.com/" "Mozilla/5.0 (Macintosh; Intel Mac OS X 10_15_7) AppleWebKit/537.36"
10.0.0.50 - - [12/May/2026:00:44:50 +0000] "GET /index.html HTTP/1.1" 200 19495 "https://example.com/" "Mozilla/5.0 (Windows NT 10.0; Win64; x64) AppleWebKit/537.36"
10.0.1.100 - - [12/May/2026:01:03:17 +0000] "POST /static/js/app.js HTTP/1.1" 200 7610 "-" "Mozilla/5.0 (X11; Linux x86_64) AppleWebKit/537.36"
198.51.100.23 - - [12/May/2026:01:07:22 +0000] "GET / HTTP/1.1" 200 43021 "https://example.com/" "Mozilla/5.0 (X11; Linux x86_64) AppleWebKit/537.36"
93.184.216.34 - - [12/May/2026:01:14:41 +0000] "GET /index.html HTTP/1.1" 200 43197 "-" "Mozilla/5.0 (Macintosh; Intel Mac OS X 10_15_7) AppleWebKit/537.36"
10.0.0.50 - - [12/May/2026:01:32:11 +0000] "POST /api/users HTTP/1.1" 200 44382 "https://example.com/" "Python-urllib/3.8"
93.184.216.34 - - [12/May/2026:01:38:25 +0000] "GET /static/js/app.js HTTP/1.1" 200 33658 "-" "Mozilla/5.0 (Windows NT 10.0; Win64; x64) AppleWebKit/537.36"
192.168.1.101 - - [12/May/2026:01:51:04 +0000] "GET /api/users HTTP/1.1" 200 17682 "-" "Python-urllib/3.8"
172.16.0.20 - - [12/May/2026:01:43:36 +0000] "POST /static/js/app.js HTTP/1.1" 200 34302 "https://example.com/" "Mozilla/5.0 (X11; Linux x86_64) AppleWebKit/537.36"
10.0.1.100 - - [12/May/2026:01:58:51 +0000] "GET /images/logo.png HTTP/1.1" 200 24479 "https://example.com/" "Mozilla/5.0 (X11; Linux x86_64) AppleWebKit/537.36"
10.0.0.50 - - [12/May/2026:02:09:23 +0000] "POST /static/css/style.css HTTP/1.1" 200 35321 "https://example.com/" "curl/7.68.0"
172.16.0.20 - - [12/May/2026:02:13:19 +0000] "PATCH /api/orders HTTP/1.1" 200 49304 "-" "Mozilla/5.0 (X11; Linux x86_64) AppleWebKit/537.36"
93.184.216.34 - - [12/May/2026:02:31:35 +0000] "GET /static/css/style.css HTTP/1.1" 200 39065 "https://example.com/" "curl/7.68.0"
198.51.100.23 - - [12/May/2026:02:28:27 +0000] "GET /index.html HTTP/1.1" 200 9365 "https://example.com/" "curl/7.68.0"
203.0.113.45 - - [12/May/2026:02:42:11 +0000] "POST /api/products HTTP/1.1" 200 22516 "https://example.com/" "curl/7.68.0"
10.0.0.51 - - [12/May/2026:02:54:42 +0000] "POST /static/css/style.css HTTP/1.1" 200 24387 "https://example.com/" "Mozilla/5.0 (Windows NT 10.0; Win64; x64) AppleWebKit/537.36"
10.0.1.100 - - [12/May/2026:03:01:43 +0000] "GET /static/js/app.js HTTP/1.1" 200 29327 "https://example.com/" "Mozilla/5.0 (X11; Linux x86_64) AppleWebKit/537.36"
93.184.216.34 - - [12/May/2026:03:08:43 +0000] "GET /images/logo.png HTTP/1.1" 200 42088 "https://example.com/" "curl/7.68.0"
203.0.113.45 - - [12/May/2026:03:22:30 +0000] "GET /static/js/app.js HTTP/1.1" 200 12125 "-" "Mozilla/5.0 (Macintosh; Intel Mac OS X 10_15_7) AppleWebKit/537.36"
10.0.0.51 - - [12/May/2026:03:30:57 +0000] "GET /api/search HTTP/1.1" 200 3050 "https://example.com/" "Python-urllib/3.8"
93.184.216.34 - - [12/May/2026:03:32:03 +0000] "DELETE /index.html HTTP/1.1" 200 30271 "-" "Mozilla/5.0 (X11; Linux x86_64) AppleWebKit/537.36"
203.0.113.45 - - [12/May/2026:03:50:02 +0000] "PUT /api/products HTTP/1.1" 200 2288 "-" "Mozilla/5.0 (Windows NT 10.0; Win64; x64) AppleWebKit/537.36"
93.184.216.34 - - [12/May/2026:03:52:27 +0000] "GET /static/js/app.js HTTP/1.1" 200 24661 "-" "Mozilla/5.0 (X11; Linux x86_64) AppleWebKit/537.36"
192.168.1.102 - - [12/May/2026:04:07:07 +0000] "POST /api/search HTTP/1.1" 200 10188 "https://example.com/" "Mozilla/5.0 (Windows NT 10.0; Win64; x64) AppleWebKit/537.36"
10.0.0.51 - - [12/May/2026:04:17:26 +0000] "POST /images/logo.png HTTP/1.1" 200 12525 "https://example.com/" "Python-urllib/3.8"
192.168.1.102 - - [12/May/2026:04:25:23 +0000] "GET /static/css/style.css HTTP/1.1" 200 4945 "-" "Mozilla/5.0 (Macintosh; Intel Mac OS X 10_15_7) AppleWebKit/537.36"
