93.184.216.34 - - [11/May/2026:08:06:44 +0000] "GET /api/users HTTP/1.1" 200 30066 "https://example.com/" "Mozilla/5.0 (Macintosh; Intel Mac OS X 10_15_7) AppleWebKit/537.36"
203.0.113.45 - - [11/May/2026:08:15:19 +0000] "POST / HTTP/1.1" 200 12215 "https://example.com/" "Python-urllib/3.8"
10.0.0.51 - - [11/May/2026:08:07:09 +0000] "POST /api/orders HTTP/1.1" 200 13956 "https://example.com/" "curl/7.68.0"
172.16.0.10 - - [11/May/2026:08:30:54 +0000] "DELETE /images/logo.png HTTP/1.1" 200 3855 "https://example.com/" "curl/7.68.0"
93.184.216.34 - - [11/May/2026:08:27:04 +0000] "GET /index.html HTTP/1.1" 200 46978 "https://example.com/" "Python-urllib/3.8"
10.0.0.51 - - [11/May/2026:08:38:19 +0000] "POST / HTTP/1.1" 200 27692 "https://example.com/" "Mozilla/5.0 (Macintosh; Intel Mac OS X 10_15_7) AppleWebKit/537.36"
10.0.0.51 - - [11/May/2026:08:39:57 +0000] "GET / HTTP/1.1" 200 49511 "https://example.com/" "Python-urllib/3.8"
192.168.1.101 - - [11/May/2026:08:48:58 +0000] "GET / HTTP/1.1" 200 29954 "https://example.com/" "curl/7.68.0"
172.16.0.10 - - [11/May/2026:09:15:50 +0000] "GET /api/users HTTP/1.1" 200 17830 "-" "Mozilla/5.0 (Windows NT 10.0; Win64; x64) AppleWebKit/537.36"
192.168.1.101 - - [11/May/2026:09:21:07 +0000] "PATCH /static/js/app.js HTTP/1.1" 200 1619 "https://example.com/" "curl/7.68.0"
93.184.216.34 - - [11/May/2026:09:31:28 +0000] "POST /static/js/app.js HTTP/1.1" 200 37033 "https://example.com/" "Mozilla/5.0 (Windows NT 10.0; Win64; x64) AppleWebKit/537.36"
172.16.0.10 - - [11/May/2026:09:28:08 +0000] "GET /images/logo.png HTTP/1.1" 200 30239 "https://example.com/" "Mozilla/5.0 (Macintosh; Intel Mac OS X 10_15_7) AppleWebKit/537.36"
10.0.0.50 - - [11/May/2026:09:36:48 +0000] "GET /api/products HTTP/1.1" 200 4223 "-" "Mozilla/5.0 (Macintosh; Intel Mac OS X 10_15_7) AppleWebKit/537.36"
10.0.0.51 - - [11/May/2026:09:49:45 +0000] "GET /api/users HTTP/1.1" 200 32703 "-" "Mozilla/5.0 (Windows NT 10.0; Win64; x64) AppleWebKit/537.36"
192.168.1.100 - - [11/May/2026:09:49:34 +0000] "GET / HTTP/1.1" 200 21501 "https://example.com/" "Mozilla/5.0 (Windows NT 10.0; Win64; x64) AppleWebKit/537.36"
93.184.216.34 - - [11/May/2026:10:02:31 +0000] "GET / HTTP/1.1" 200 1360 "-" "Mozilla/5.0 (Windows NT 10.0; Win64; x64) AppleWebKit/537.36"
172.16.0.10 - - [11/May/2026:10:14:46 +0000] "PUT /api/users HTTP/1.1" 200 14209 "https://example.com/" "Mozilla/5.0 (X11; Linux x86_64) AppleWebKit/537.36"
10.0.0.50 - - [11/May/2026:10:31:26 +0000] "PUT /images/logo.png HTTP/1.1" 200 47208 "https://example.com/" "curl/7.68.0"
172.16.0.20 - - [11/May/2026:10:24:44 +0000] "PATCH / HTTP/1.1" 200 18160 "-" "Python-urllib/3.8"
192.168.1.100 - - [11/May/2026:10:35:04 +0000] "GET /api/products HTTP/1.1" 200 36884 "-" "Mozilla/5.0 (X11; Linux x86_64) AppleWebKit/537.36"
172.16.0.10 - - [11/May/2026:10:54:13 +0000] "GET /static/css/style.css HTTP/1.1" 200 30277 "https://example.com/" "Python-urllib/3.8"
192.168.1.100 - - [11/May/2026:11:06:54 +0000] "GET /static/css/style.css HTTP/1.1" 200 7510 "https://example.com/" "Mozilla/5.0 (X11; Linux x86_64) AppleWebKit/537.36"
203.0.113.45 - - [11/May/2026:10:59:25 +0000] "GET /static/js/app.js HTTP/1.1" 200 42819 "https://example.com/" "Mozilla/5.0 (X11; Linux x86_64) AppleWebKit/537.36"
198.51.100.23 - - [11/May/2026:11:11:35 +0000] "PATCH /images/logo.png HTTP/1.1" 200 24538 "-" "Mozilla/5.0 (X11; Linux x86_64) AppleWebKit/537.36"
93.184.216.34 - - [11/May/2026:11:15:05 +0000] "GET /images/logo.png HTTP/1.1" 200 50139 "https://example.com/" "Mozilla/5.0 (Windows NT 10.0; Win64; x64) AppleWebKit/537.36"
172.16.0.20 - - [11/May/2026:11:40:17 +0000] "GET /api/products HTTP/1.1" 200 10220 "https://example.com/" "Mozilla/5.0 (X11; Linux x86_64) AppleWebKit/537.36"
203.0.113.45 - - [11/May/2026:11:44:09 +0000] "GET /images/logo.png HTTP/1.1" 200 21720 "https://example.com/" "Mozilla/5.0 (Macintosh; Intel Mac OS X 10_15_7) AppleWebKit/537.36"
192.168.1.102 - - [11/May/2026:11:58:49 +0000] "GET /api/products HTTP/1.1" 200 40557 "https://example.com/" "curl/7.68.0"
172.16.0.10 - - [11/May/2026:11:56:43 +0000] "GET /index.html HTTP/1.1" 200 7091 "-" "Python-urllib/3.8"
192.168.1.102 - - [11/May/2026:12:15:05 +0000] "GET /static/js/app.js HTTP/1.1" 200 42807 "https://example.com/" "Mozilla/5.0 (Macintosh; Intel Mac OS X 10_15_7) AppleWebKit/537.36"
198.51.100.23 - - [11/May/2026:12:12:52 +0000] "POST /index.html HTTP/1.1" 200 49250 "https://example.com/" "Mozilla/5.0 (Macintosh; Intel Mac OS X 10_15_7) AppleWebKit/537.36"
10.0.0.50 - - [11/May/2026:12:20:33 +0000] "GET / HTTP/1.1" 200 11457 "-" "Mozilla/5.0 (Windows NT 10.0; Win64; x64) AppleWebKit/537.36"
192.168.1.100 - - [11/May/2026:12:26:36 +0000] "GET /api/orders HTTP/1.1" 201 7367 "-" "Mozilla/5.0 (X11; Linux x86_64) AppleWebKit/537.36"
172.16.0.10 - - [11/May/2026:12:45:51 +0000] "POST / HTTP/1.1" 200 13526 "https://example.com/" "Mozilla/5.0 (X11; Linux x86_64) AppleWebKit/537.36"
172.16.0.10 - - [11/May/2026:12:50:09 +0000] "GET / HTTP/1.1" 200 39320 "https://example.com/" "Mozilla/5.0 (Windows NT 10.0; Win64; x64) AppleWebKit/537.36"
10.0.1.100 - - [11/May/2026:13:07:59 +0000] "GET /api/search HTTP/1.1" 200 17057 "https://example.com/" "curl/7.68.0"
192.168.1.101 - - [11/May/2026:13:01:11 +0000] "PATCH /static/js/app.js HTTP/1.1" 200 33713 "https://example.com/" "Mozilla/5.0 (Macintosh; Intel Mac OS X 10_15_7) AppleWebKit/537.36"
198.51.100.23 - - [11/May/2026:13:07:34 +0000] "PATCH / HTTP/1.1" 200 9917 "-" "Mozilla/5.0 (Windows NT 10.0; Win64; x64) AppleWebKit/537.36"
10.0.0.50 - - [11/May/2026:13:23:03 +0000] "POST /api/orders HTTP/1.1" 200 25005 "-" "Python-urllib/3.8"
172.16.0.20 - - [11/May/2026:13:25:06 +0000] "GET /images/logo.png HTTP/1.1" 200 13699 "https://example.com/" "Mozilla/5.0 (X11; Linux x86_64) AppleWebKit/537.36"
93.184.216.34 - - [11/May/2026:13:49:05 +0000] "POST /images/logo.png HTTP/1.1" 200 45373 "https://example.com/" "Mozilla/5.0 (Windows NT 10.0; Win64; x64) AppleWebKit/537.36"
172.16.0.10 - - [11/May/2026:13:55:31 +0000] "GET /api/users HTTP/1.1" 200 28069 "https://example.com/" "curl/7.68.0"
198.51.100.23 - - [11/May/2026:14:08:36 +0000] "GET /index.html HTTP/1.1" 200 10519 "https://example.com/" "Mozilla/5.0 (Windows NT 10.0; Win64; x64) AppleWebKit/537.36"
10.0.0.50 - - [11/May/2026:14:06:48 +0000] "GET / HTTP/1.1" 200 49797 "-" "Mozilla/5.0 (X11; Linux x86_64) AppleWebKit/537.36"
172.16.0.10 - - [11/May/2026:14:09:08 +0000] "GET /images/logo.png HTTP/1.1" 200 6630 "-" "Mozilla/5.0 (Windows NT 10.0; Win64; x64) AppleWebKit/537.36"
192.168.1.102 - - [11/May/2026:14:25:24 +0000] "POST /images/logo.png HTTP/1.1" 200 26516 "https://example.com/" "Mozilla/5.0 (X11; Linux x86_64) AppleWebKit/537.36"
198.51.100.23 - - [11/May/2026:14:37:05 +0000] "POST /api/search HTTP/1.1" 200 42820 "https://example.com/" "Mozilla/5.0 (Windows NT 10.0; Win64; x64) AppleWebKit/537.36"
198.51.100.23 - - [11/May/2026:14:39:05 +0000] "POST /index.html HTTP/1.1" 200 10463 "https://example.com/" "Mozilla/5.0 (Macintosh; Intel Mac OS X 10_15_7) AppleWebKit/537.36"
172.16.0.20 - - [11/May/2026:14:43:04 +0000] "GET /static/js/app.js HTTP/1.1" 200 36139 "-" "Mozilla/5.0 (Windows NT 10.0; Win64; x64) AppleWebKit/537.36"
10.0.0.50 - - [11/May/2026:14:53:33 +0000] "GET /static/css/style.css HTTP/1.1" 200 48188 "https://example.com/" "Mozilla/5.0 (Macintosh; Intel Mac OS X 10_15_7) AppleWebKit/537.36"
198.51.100.23 - - [11/May/2026:15:13:38 +0000] "GET /static/js/app.js HTTP/1.1" 200 6348 "https://example.com/" "Mozilla/5.0 (Macintosh; Intel Mac OS X 10_15_7) AppleWebKit/537.36"
192.168.1.102 - - [11/May/2026:15:17:27 +0000] "PUT /index.html HTTP/1.1" 200 29765 "https://example.com/" "Mozilla/5.0 (X11; Linux x86_64) AppleWebKit/537.36"
203.0.113.45 - - [11/May/2026:15:36:18 +0000] "GET /api/search HTTP/1.1" 200 47629 "https://example.com/" "Mozilla/5.0 (X11; Linux x86_64) AppleWebKit/537.36"
10.0.1.100 - - [11/May/2026:15:44:44 +0000] "GET /static/js/app.js HTTP/1.1" 200 3699 "https://example.com/" "curl/7.68.0"
172.16.0.10 - - [11/May/2026:15:47:55 +0000] "GET /api/users HTTP/1.1" 200 39976 "https://example.com/" "Python-urllib/3.8"
10.0.0.50 - - [11/May/2026:15:51:18 +0000] "GET /api/products HTTP/1.1" 200 12322 "https://example.com/" "Mozilla/5.0 (Windows NT 10.0; Win64; x64) AppleWebKit/537.36"
172.16.0.20 - - [11/May/2026:16:01:50 +0000] "GET /api/users HTTP/1.1" 200 13794 "https://example.com/" "Mozilla/5.0 (Macintosh; Intel Mac OS X 10_15_7) AppleWebKit/537.36"
203.0.113.45 - - [11/May/2026:16:00:13 +0000] "GET /api/products HTTP/1.1" 200 31459 "-" "Mozilla/5.0 (Macintosh; Intel Mac OS X 10_15_7) AppleWebKit/537.36"
93.184.216.34 - - [11/May/2026:16:16:58 +0000] "GET / HTTP/1.1" 200 35100 "-" "curl/7.68.0"
10.0.0.50 - - [11/May/2026:16:25:04 +0000] "DELETE /index.html HTTP/1.1" 200 6357 "-" "Mozilla/5.0 (Macintosh; Intel Mac OS X 10_15_7) AppleWebKit/537.36"
10.0.0.51 - - [11/May/2026:16:27:04 +0000] "GET /api/search HTTP/1.1" 200 21504 "-" "Python-urllib/3.8"
203.0.113.45 - - [11/May/2026:16:46:02 +0000] "GET /static/js/app.js HTTP/1.1" 200 34550 "-" "Mozilla/5.0 (X11; Linux x86_64) AppleWebKit/537.36"
172.16.0.10 - - [11/May/2026:16:53:11 +0000] "GET / HTTP/1.1" 200 7065 "https://example.com/" "curl/7.68.0"
10.0.1.100 - - [11/May/2026:16:57:46 +0000] "GET /index.html HTTP/1.1" 200 2153 "https://example.com/" "Python-urllib/3.8"
192.168.1.101 - - [11/May/2026:17:05:29 +0000] "GET /static/js/app.js HTTP/1.1" 200 21951 "https://example.com/" "Python-urllib/3.8"
192.168.1.100 - - [11/May/2026:17:16:32 +0000] "GET /images/logo.png HTTP/1.1" 200 34305 "-" "Mozilla/5.0 (Windows NT 10.0; Win64; x64) AppleWebKit/537.36"
172.16.0.20 - - [11/May/2026:17:35:10 +0000] "GET /index.html HTTP/1.1" 200 6649 "-" "Mozilla/5.0 (Windows NT 10.0; Win64; x64) AppleWebKit/537.36"
10.0.1.100 - - [11/May/2026:17:44:48 +0000] "GET /api/search HTTP/1.1" 200 48087 "https://example.com/" "curl/7.68.0"
192.168.1.100 - - [11/May/2026:17:42:12 +0000] "GET /static/css/style.css HTTP/1.1" 200 31699 "https://example.com/" "Mozilla/5.0 (Macintosh; Intel Mac OS X 10_15_7) AppleWebKit/537.36"
192.168.1.100 - - [11/May/2026:17:47:41 +0000] "GET /index.html HTTP/1.1" 200 33847 "https://example.com/" "Mozilla/5.0 (Windows NT 10.0; Win64; x64) AppleWebKit/537.36"
172.16.0.10 - - [11/May/2026:18:10:33 +0000] "DELETE / HTTP/1.1" 200 19343 "https://example.com/" "Mozilla/5.0 (Macintosh; Intel Mac OS X 10_15_7) AppleWebKit/537.36"
192.168.1.101 - - [11/May/2026:18:16:31 +0000] "GET / HTTP/1.1" 200 25237 "https://example.com/" "Mozilla/5.0 (Macintosh; Intel Mac OS X 10_15_7) AppleWebKit/537.36"
93.184.216.34 - - [11/May/2026:18:14:03 +0000] "POST /static/js/app.js HTTP/1.1" 200 36863 "-" "Mozilla/5.0 (Macintosh; Intel Mac OS X 10_15_7) AppleWebKit/537.36"
203.0.113.45 - - [11/May/2026:18:29:58 +0000] "GET /api/search HTTP/1.1" 200 24226 "-" "Mozilla/5.0 (Windows NT 10.0; Win64; x64) AppleWebKit/537.36"
192.168.1.100 - - [11/May/2026:18:37:08 +0000] "PUT /static/js/app.js HTTP/1.1" 200 47641 "https://example.com/" "Mozilla/5.0 (Macintosh; Intel Mac OS X 10_15_7) AppleWebKit/537.36"
10.0.0.50 - - [11/May/2026:18:54:17 +0000] "GET /api/search HTTP/1.1" 200 3703 "-" "curl/7.68.0"
203.0.113.45 - - [11/May/2026:18:49:40 +0000] "GET /api/users HTTP/1.1" 200 17372 "-" "Mozilla/5.0 (Macintosh; Intel Mac OS X 10_15_7) AppleWebKit/537.36"
192.168.1.100 - - [11/May/2026:19:12:25 +0000] "GET /admin/login HTTP/1.1" 395 7127 "https://example.com/" "Mozilla/5.0 (Macintosh; Intel Mac OS X 10_15_7) AppleWebKit/537.36"
93.184.216.34 - - [11/May/2026:19:20:24 +0000] "PUT /api/products HTTP/1.1" 200 39289 "https://example.com/" "curl/7.68.0"
192.168.1.102 - - [11/May/2026:19:28:45 +0000] "GET / HTTP/1.1" 200 33282 "https://example.com/" "Mozilla/5.0 (X11; Linux x86_64) AppleWebKit/537.36"
10.0.1.100 - - [11/May/2026:19:23:00 +0000] "GET /images/logo.png HTTP/1.1" 200 37261 "https://example.com/" "Mozilla/5.0 (Macintosh; Intel Mac OS X 10_15_7) AppleWebKit/537.36"
93.184.216.34 - - [11/May/2026:19:32:28 +0000] "GET /api/search HTTP/1.1" 200 7690 "https://example.com/" "Mozilla/5.0 (Windows NT 10.0; Win64; x64) AppleWebKit/537.36"
192.168.1.102 - - [11/May/2026:19:38:39 +0000] "POST /static/js/app.js HTTP/1.1" 200 21864 "https://example.com/" "Python-urllib/3.8"
10.0.0.51 - - [11/May/2026:19:47:01 +0000] "GET /static/css/style.css HTTP/1.1" 200 18524 "https://example.com/" "Mozilla/5.0 (Macintosh; Intel Mac OS X 10_15_7) AppleWebKit/537.36"
10.0.1.100 - - [11/May/2026:19:53:13 +0000] "POST /api/search HTTP/1.1" 200 45188 "https://example.com/" "Mozilla/5.0 (Macintosh; Intel Mac OS X 10_15_7) AppleWebKit/537.36"
10.0.1.100 - - [11/May/2026:20:12:34 +0000] "GET / HTTP/1.1" 200 47531 "https://example.com/" "Mozilla/5.0 (Macintosh; Intel Mac OS X 10_15_7) AppleWebKit/537.36"
93.184.216.34 - - [11/May/2026:20:19:56 +0000] "GET / HTTP/1.1" 200 5362 "https://example.com/" "Mozilla/5.0 (Macintosh; Intel Mac OS X 10_15_7) AppleWebKit/537.36"
93.184.216.34 - - [11/May/2026:20:29:28 +0000] "GET /index.html HTTP/1.1" 200 31544 "https://example.com/" "Mozilla/5.0 (Macintosh; Intel Mac OS X 10_15_7) AppleWebKit/537.36"
10.0.0.50 - - [11/May/2026:20:38:00 +0000] "GET /api/users HTTP/1.1" 200 20460 "https://example.com/" "curl/7.68.0"
203.0.113.45 - - [11/May/2026:20:53:47 +0000] "GET /static/css/style.css HTTP/1.1" 200 26134 "https://example.com/" "curl/7.68.0"
172.16.0.10 - - [11/May/2026:20:48:34 +0000] "GET /index.html HTTP/1.1" 200 11867 "-" "Mozilla/5.0 (X11; Linux x86_64) AppleWebKit/537.36"
192.168.1.101 - - [11/May/2026:20:56:36 +0000] "GET /index.html HTTP/1.1" 200 45410 "-" "curl/7.68.0"
93.184.216.34 - - [11/May/2026:21:20:40 +0000] "GET /images/logo.png HTTP/1.1" 200 49086 "https://example.com/" "Mozilla/5.0 (Windows NT 10.0; Win64; x64) AppleWebKit/537.36"
192.168.1.100 - - [11/May/2026:21:19:58 +0000] "GET /admin/login HTTP/1.1" 264 11417 "https://example.com/" "curl/7.68.0"
172.16.0.20 - - [11/May/2026:21:22:38 +0000] "GET /api/users HTTP/1.1" 200 23619 "-" "Mozilla/5.0 (X11; Linux x86_64) AppleWebKit/537.36"
192.168.1.102 - - [11/May/2026:21:31:22 +0000] "GET /static/css/style.css HTTP/1.1" 200 47373 "-" "Mozilla/5.0 (X11; Linux x86_64) AppleWebKit/537.36"
198.51.100.23 - - [11/May/2026:21:50:38 +0000] "GET /images/logo.png HTTP/1.1" 200 20618 "https://example.com/" "Mozilla/5.0 (X11; Linux x86_64) AppleWebKit/537.36"
10.0.0.50 - - [11/May/2026:21:50:34 +0000] "GET /api/orders HTTP/1.1" 201 14048 "-" "Mozilla/5.0 (Macintosh; Intel Mac OS X 10_15_7) AppleWebKit/537.36"
10.0.1.100 - - [11/May/2026:22:13:07 +0000] "GET / HTTP/1.1" 200 11434 "https://example.com/" "Mozilla/5.0 (Windows NT 10.0; Win64; x64) AppleWebKit/537.36"
10.0.0.50 - - [11/May/2026:22:04:44 +0000] "GET /index.html HTTP/1.1" 200 18681 "https://example.com/" "Mozilla/5.0 (Windows NT 10.0; Win64; x64) AppleWebKit/537.36"
10.0.0.50 - - [11/May/2026:22:27:11 +0000] "GET / HTTP/1.1" 200 17751 "-" "Mozilla/5.0 (X11; Linux x86_64) AppleWebKit/537.36"
203.0.113.45 - - [11/May/2026:22:22:44 +0000] "POST /index.html HTTP/1.1" 200 16782 "https://example.com/" "Python-urllib/3.8"
93.184.216.34 - - [11/May/2026:22:45:00 +0000] "GET / HTTP/1.1" 200 5312 "https://example.com/" "Python-urllib/3.8"
10.0.0.50 - - [11/May/2026:22:52:14 +0000] "GET /images/logo.png HTTP/1.1" 200 2961 "https://example.com/" "curl/7.68.0"
172.16.0.10 - - [11/May/2026:22:49:09 +0000] "POST /api/users HTTP/1.1" 200 39975 "https://example.com/" "Mozilla/5.0 (X11; Linux x86_64) AppleWebKit/537.36"
172.16.0.20 - - [11/May/2026:23:12:31 +0000] "GET /admin/login HTTP/1.1" 378 23676 "-" "curl/7.68.0"
198.51.100.23 - - [11/May/2026:23:22:58 +0000] "GET / HTTP/1.1" 200 26250 "https://example.com/" "Mozilla/5.0 (Windows NT 10.0; Win64; x64) AppleWebKit/537.36"
192.168.1.102 - - [11/May/2026:23:22:34 +0000] "GET /index.html HTTP/1.1" 200 19471 "https://example.com/" "Mozilla/5.0 (Macintosh; Intel Mac OS X 10_15_7) AppleWebKit/537.36"
192.168.1.101 - - [11/May/2026:23:30:22 +0000] "GET /index.html HTTP/1.1" 200 16305 "https://example.com/" "Mozilla/5.0 (Macintosh; Intel Mac OS X 10_15_7) AppleWebKit/537.36"
10.0.0.50 - - [11/May/2026:23:45:46 +0000] "GET / HTTP/1.1" 200 11131 "https://example.com/" "Mozilla/5.0 (X11; Linux x86_64) AppleWebKit/537.36"
203.0.113.45 - - [11/May/2026:23:40:25 +0000] "GET /static/css/style.css HTTP/1.1" 200 15022 "https://example.com/" "Mozilla/5.0 (Windows NT 10.0; Win64; x64) AppleWebKit/537.36"
203.0.113.45 - - [11/May/2026:23:57:35 +0000] "POST / HTTP/1.1" 200 24697 "-" "Mozilla/5.0 (X11; Linux x86_64) AppleWebKit/537.36"
192.168.1.101 - - [12/May/2026:00:14:30 +0000] "DELETE /api/products HTTP/1.1" 200 24776 "https://example.com/" "Mozilla/5.0 (X11; Linux x86_64) AppleWebKit/537.36"
93.184.216.34 - - [12/May/2026:00:18:21 +0000] "GET /static/js/app.js HTTP/1.1" 200 41518 "https://example.com/" "Python-urllib/3.8"
93.184.216.34 - - [12/May/2026:00:13:09 +0000] "GET /api/users HTTP/1.1" 200 47338 "https://example.com/" "curl/7.68.0"
10.0.0.50 - - [12/May/2026:00:23:38 +0000] "POST / HTTP/1.1" 200 12171 "https://example.com/" "curl/7.68.0"
172.16.0.10 - - [12/May/2026:00:40:44 +0000] "GET /api/search HTTP/1.1" 200 23786 "https://example.com/" "Python-urllib/3.8"
10.0.0.51 - - [12/May/2026:00:44:16 +0000] "GET /api/orders HTTP/1.1" 201 718 "https://example.com/" "curl/7.68.0"
10.0.0.50 - - [12/May/2026:00:55:34 +0000] "GET /index.html HTTP/1.1" 200 14385 "https://example.com/" "Mozilla/5.0 (Macintosh; Intel Mac OS X 10_15_7) AppleWebKit/537.36"
172.16.0.10 - - [12/May/2026:01:01:49 +0000] "GET /api/products HTTP/1.1" 200 31734 "-" "curl/7.68.0"
10.0.0.51 - - [12/May/2026:01:23:16 +0000] "GET / HTTP/1.1" 200 19673 "https://example.com/" "Mozilla/5.0 (Macintosh; Intel Mac OS X 10_15_7) AppleWebKit/537.36"
172.16.0.20 - - [12/May/2026:01:13:10 +0000] "POST /static/css/style.css HTTP/1.1" 200 32376 "https://example.com/" "curl/7.68.0"
198.51.100.23 - - [12/May/2026:01:23:00 +0000] "GET /static/js/app.js HTTP/1.1" 200 41373 "https://example.com/" "Python-urllib/3.8"
192.168.1.101 - - [12/May/2026:01:41:54 +0000] "GET /api/search HTTP/1.1" 200 10794 "https://example.com/" "curl/7.68.0"
172.16.0.10 - - [12/May/2026:01:50:51 +0000] "GET /admin/login HTTP/1.1" 307 5917 "https://example.com/" "curl/7.68.0"
203.0.113.45 - - [12/May/2026:01:55:10 +0000] "PUT /api/search HTTP/1.1" 200 31429 "https://example.com/" "curl/7.68.0"
192.168.1.101 - - [12/May/2026:02:02:38 +0000] "GET /api/products HTTP/1.1" 200 17583 "-" "Mozilla/5.0 (Windows NT 10.0; Win64; x64) AppleWebKit/537.36"
93.184.216.34 - - [12/May/2026:02:08:22 +0000] "POST /static/css/style.css HTTP/1.1" 200 35685 "https://example.com/" "Mozilla/5.0 (X11; Linux x86_64) AppleWebKit/537.36"
203.0.113.45 - - [12/May/2026:02:20:35 +0000] "GET / HTTP/1.1" 200 12188 "https://example.com/" "Mozilla/5.0 (X11; Linux x86_64) AppleWebKit/537.36"
192.168.1.102 - - [12/May/2026:02:27:01 +0000] "GET /static/js/app.js HTTP/1.1" 200 49118 "https://example.com/" "Mozilla/5.0 (X11; Linux x86_64) AppleWebKit/537.36"
203.0.113.45 - - [12/May/2026:02:48:52 +0000] "GET /static/css/style.css HTTP/1.1" 200 40749 "-" "Python-urllib/3.8"
10.0.0.50 - - [12/May/2026:02:47:15 +0000] "GET /static/css/style.css HTTP/1.1" 200 22886 "https://example.com/" "Mozilla/5.0 (X11; Linux x86_64) AppleWebKit/537.36"
10.0.0.50 - - [12/May/2026:02:59:53 +0000] "GET /api/orders HTTP/1.1" 200 43913 "https://example.com/" "Mozilla/5.0 (X11; Linux x86_64) AppleWebKit/537.36"
172.16.0.20 - - [12/May/2026:02:57:43 +0000] "GET /api/search HTTP/1.1" 200 44058 "https://example.com/" "curl/7.68.0"
172.16.0.20 - - [12/May/2026:03:18:52 +0000] "GET /static/js/app.js HTTP/1.1" 200 28945 "-" "Python-urllib/3.8"
203.0.113.45 - - [12/May/2026:03:17:56 +0000] "GET / HTTP/1.1" 200 26078 "https://example.com/" "Python-urllib/3.8"
192.168.1.102 - - [12/May/2026:03:23:46 +0000] "POST /api/internal HTTP/1.1" 501 247 "https://example.com/" "Mozilla/5.0 (X11; Linux x86_64) AppleWebKit/537.36"
10.0.0.51 - - [12/May/2026:03:38:56 +0000] "GET /images/logo.png HTTP/1.1" 200 43581 "https://example.com/" "Mozilla/5.0 (X11; Linux x86_64) AppleWebKit/537.36"
172.16.0.10 - - [12/May/2026:03:47:26 +0000] "GET /index.html HTTP/1.1" 200 23590 "https://example.com/" "Mozilla/5.0 (Macintosh; Intel Mac OS X 10_15_7) AppleWebKit/537.36"
172.16.0.10 - - [12/May/2026:04:05:01 +0000] "GET /images/logo.png HTTP/1.1" 200 16073 "https://example.com/" "Mozilla/5.0 (X11; Linux x86_64) AppleWebKit/537.36"
192.168.1.101 - - [12/May/2026:04:06:24 +0000] "GET / HTTP/1.1" 200 35222 "https://example.com/" "curl/7.68.0"
172.16.0.10 - - [12/May/2026:04:14:14 +0000] "POST /static/css/style.css HTTP/1.1" 200 28281 "https://example.com/" "Python-urllib/3.8"
93.184.216.34 - - [12/May/2026:04:21:56 +0000] "POST /images/logo.png HTTP/1.1" 200 16123 "-" "Mozilla/5.0 (X11; Linux x86_64) AppleWebKit/537.36"
172.16.0.20 - - [12/May/2026:04:40:37 +0000] "GET /index.html HTTP/1.1" 200 23701 "https://example.com/" "Mozilla/5.0 (Windows NT 10.0; Win64; x64) AppleWebKit/537.36"
172.16.0.20 - - [12/May/2026:04:37:45 +0000] "GET /static/js/app.js HTTP/1.1" 200 29262 "-" "Mozilla/5.0 (X11; Linux x86_64) AppleWebKit/537.36"
192.168.1.102 - - [12/May/2026:04:58:13 +0000] "GET / HTTP/1.1" 200 2384 "https://example.com/" "Mozilla/5.0 (X11; Linux x86_64) AppleWebKit/537.36"
192.168.1.100 - - [12/May/2026:04:49:52 +0000] "GET /api/search HTTP/1.1" 200 34400 "https://example.com/" "Mozilla/5.0 (Windows NT 10.0; Win64; x64) AppleWebKit/537.36"
10.0.1.100 - - [12/May/2026:05:02:49 +0000] "GET /api/search HTTP/1.1" 200 8264 "https://example.com/" "Mozilla/5.0 (X11; Linux x86_64) AppleWebKit/537.36"
203.0.113.45 - - [12/May/2026:05:15:29 +0000] "GET /index.html HTTP/1.1" 200 16465 "-" "Mozilla/5.0 (Macintosh; Intel Mac OS X 10_15_7) AppleWebKit/537.36"
198.51.100.23 - - [12/May/2026:05:33:30 +0000] "GET /api/orders HTTP/1.1" 201 3463 "https://example.com/" "Mozilla/5.0 (X11; Linux x86_64) AppleWebKit/537.36"
192.168.1.101 - - [12/May/2026:05:29:14 +0000] "GET /static/css/style.css HTTP/1.1" 200 30137 "https://example.com/" "Mozilla/5.0 (Macintosh; Intel Mac OS X 10_15_7) AppleWebKit/537.36"
172.16.0.10 - - [12/May/2026:05:39:02 +0000] "POST /admin/login HTTP/1.1" 247 4477 "-" "Python-urllib/3.8"
10.0.0.50 - - [12/May/2026:05:43:43 +0000] "GET /index.html HTTP/1.1" 200 22602 "-" "Mozilla/5.0 (Windows NT 10.0; Win64; x64) AppleWebKit/537.36"
10.0.1.100 - - [12/May/2026:06:07:22 +0000] "GET /index.html HTTP/1.1" 200 47570 "https://example.com/" "Python-urllib/3.8"
172.16.0.10 - - [12/May/2026:06:10:17 +0000] "GET /api/search HTTP/1.1" 200 2452 "https://example.com/" "Mozilla/5.0 (X11; Linux x86_64) AppleWebKit/537.36"
192.168.1.102 - - [12/May/2026:06:18:26 +0000] "POST / HTTP/1.1" 200 9677 "https://example.com/" "Mozilla/5.0 (Windows NT 10.0; Win64; x64) AppleWebKit/537.36"
10.0.0.50 - - [12/May/2026:06:20:17 +0000] "GET / HTTP/1.1" 200 15415 "https://example.com/" "Python-urllib/3.8"
198.51.100.23 - - [12/May/2026:06:34:07 +0000] "GET / HTTP/1.1" 200 19475 "https://example.com/" "Python-urllib/3.8"
192.168.1.100 - - [12/May/2026:06:39:54 +0000] "GET /index.html HTTP/1.1" 200 5867 "https://example.com/" "curl/7.68.0"
93.184.216.34 - - [12/May/2026:06:49:46 +0000] "POST /static/css/style.css HTTP/1.1" 200 10851 "https://example.com/" "Mozilla/5.0 (X11; Linux x86_64) AppleWebKit/537.36"
172.16.0.20 - - [12/May/2026:06:54:26 +0000] "GET /index.html HTTP/1.1" 200 10817 "-" "curl/7.68.0"
172.16.0.10 - - [12/May/2026:07:04:48 +0000] "GET / HTTP/1.1" 200 32285 "https://example.com/" "Mozilla/5.0 (X11; Linux x86_64) AppleWebKit/537.36"
10.0.0.50 - - [12/May/2026:07:12:14 +0000] "GET /api/search HTTP/1.1" 200 3487 "https://example.com/" "Mozilla/5.0 (X11; Linux x86_64) AppleWebKit/537.36"
192.168.1.100 - - [12/May/2026:07:34:06 +0000] "GET /static/css/style.css HTTP/1.1" 200 30277 "https://example.com/" "curl/7.68.0"
198.51.100.23 - - [12/May/2026:07:39:47 +0000] "POST /index.html HTTP/1.1" 200 33201 "https://example.com/" "Python-urllib/3.8"
203.0.113.45 - - [12/May/2026:07:43:15 +0000] "GET /api/users HTTP/1.1" 200 32348 "https://example.com/" "curl/7.68.0"
172.16.0.20 - - [12/May/2026:07:54:40 +0000] "POST /api/products HTTP/1.1" 200 5493 "https://example.com/" "curl/7.68.0"
192.168.1.100 - - [12/May/2026:07:55:47 +0000] "GET /api/search HTTP/1.1" 200 6987 "https://example.com/" "Mozilla/5.0 (X11; Linux x86_64) AppleWebKit/537.36"
172.16.0.20 - - [12/May/2026:08:09:56 +0000] "GET /index.html HTTP/1.1" 200 4496 "https://example.com/" "Mozilla/5.0 (X11; Linux x86_64) AppleWebKit/537.36"
93.184.216.34 - - [12/May/2026:08:12:28 +0000] "GET /index.html HTTP/1.1" 200 22857 "https://example.com/" "Mozilla/5.0 (Windows NT 10.0; Win64; x64) AppleWebKit/537.36"
192.168.1.102 - - [12/May/2026:08:32:06 +0000] "GET /static/css/style.css HTTP/1.1" 200 6040 "https://example.com/" "Mozilla/5.0 (X11; Linux x86_64) AppleWebKit/537.36"
93.184.216.34 - - [12/May/2026:08:39:33 +0000] "PATCH /static/js/app.js HTTP/1.1" 200 9967 "https://example.com/" "Mozilla/5.0 (Windows NT 10.0; Win64; x64) AppleWebKit/537.36"
10.0.0.51 - - [12/May/2026:08:51:52 +0000] "GET / HTTP/1.1" 200 3593 "https://example.com/" "Python-urllib/3.8"
192.168.1.100 - - [12/May/2026:09:00:13 +0000] "GET / HTTP/1.1" 200 19586 "https://example.com/" "curl/7.68.0"
172.16.0.20 - - [12/May/2026:09:07:18 +0000] "POST / HTTP/1.1" 200 9521 "https://example.com/" "Mozilla/5.0 (Macintosh; Intel Mac OS X 10_15_7) AppleWebKit/537.36"
192.168.1.102 - - [12/May/2026:09:02:03 +0000] "GET /api/users HTTP/1.1" 200 37765 "https://example.com/" "Mozilla/5.0 (X11; Linux x86_64) AppleWebKit/537.36"
172.16.0.10 - - [12/May/2026:09:26:03 +0000] "GET /admin/login HTTP/1.1" 356 40157 "-" "Mozilla/5.0 (X11; Linux x86_64) AppleWebKit/537.36"
192.168.1.100 - - [12/May/2026:09:35:09 +0000] "GET /index.html HTTP/1.1" 200 3955 "https://example.com/" "Python-urllib/3.8"
192.168.1.101 - - [12/May/2026:09:26:47 +0000] "GET /api/products HTTP/1.1" 200 41886 "-" "Python-urllib/3.8"
10.0.0.51 - - [12/May/2026:09:38:55 +0000] "GET /index.html HTTP/1.1" 200 21292 "-" "Mozilla/5.0 (Windows NT 10.0; Win64; x64) AppleWebKit/537.36"
172.16.0.20 - - [12/May/2026:09:53:02 +0000] "POST /index.html HTTP/1.1" 200 9406 "https://example.com/" "curl/7.68.0"
192.168.1.101 - - [12/May/2026:09:53:54 +0000] "PUT /api/products HTTP/1.1" 200 42558 "https://example.com/" "Mozilla/5.0 (X11; Linux x86_64) AppleWebKit/537.36"
172.16.0.20 - - [12/May/2026:10:17:36 +0000] "GET / HTTP/1.1" 200 18772 "https://example.com/" "Mozilla/5.0 (X11; Linux x86_64) AppleWebKit/537.36"
10.0.1.100 - - [12/May/2026:10:15:18 +0000] "POST /static/css/style.css HTTP/1.1" 200 41233 "https://example.com/" "Mozilla/5.0 (Macintosh; Intel Mac OS X 10_15_7) AppleWebKit/537.36"
10.0.1.100 - - [12/May/2026:10:29:12 +0000] "GET /static/css/style.css HTTP/1.1" 200 21970 "-" "curl/7.68.0"
10.0.0.51 - - [12/May/2026:10:38:41 +0000] "GET /images/logo.png HTTP/1.1" 200 49136 "https://example.com/" "Mozilla/5.0 (X11; Linux x86_64) AppleWebKit/537.36"
172.16.0.10 - - [12/May/2026:10:39:17 +0000] "GET / HTTP/1.1" 200 39016 "https://example.com/" "Mozilla/5.0 (X11; Linux x86_64) AppleWebKit/537.36"
192.168.1.102 - - [12/May/2026:10:56:10 +0000] "GET /static/css/style.css HTTP/1.1" 200 24822 "https://example.com/" "Mozilla/5.0 (Macintosh; Intel Mac OS X 10_15_7) AppleWebKit/537.36"
10.0.1.100 - - [12/May/2026:10:55:55 +0000] "PATCH / HTTP/1.1" 200 17312 "-" "Mozilla/5.0 (Macintosh; Intel Mac OS X 10_15_7) AppleWebKit/537.36"
10.0.0.50 - - [12/May/2026:11:10:53 +0000] "POST / HTTP/1.1" 200 42425 "https://example.com/" "Mozilla/5.0 (Macintosh; Intel Mac OS X 10_15_7) AppleWebKit/537.36"
172.16.0.20 - - [12/May/2026:11:17:30 +0000] "GET /static/css/style.css HTTP/1.1" 200 15675 "https://example.com/" "curl/7.68.0"
192.168.1.100 - - [12/May/2026:11:25:46 +0000] "GET /images/logo.png HTTP/1.1" 200 9956 "https://example.com/" "Mozilla/5.0 (Macintosh; Intel Mac OS X 10_15_7) AppleWebKit/537.36"
10.0.1.100 - - [12/May/2026:11:28:24 +0000] "GET /api/users HTTP/1.1" 200 49148 "-" "Mozilla/5.0 (X11; Linux x86_64) AppleWebKit/537.36"
93.184.216.34 - - [12/May/2026:11:45:04 +0000] "GET / HTTP/1.1" 200 33784 "https://example.com/" "Mozilla/5.0 (Macintosh; Intel Mac OS X 10_15_7) AppleWebKit/537.36"
93.184.216.34 - - [12/May/2026:11:57:00 +0000] "GET / HTTP/1.1" 200 36947 "-" "Mozilla/5.0 (Macintosh; Intel Mac OS X 10_15_7) AppleWebKit/537.36"
10.0.1.100 - - [12/May/2026:12:11:44 +0000] "GET /static/js/app.js HTTP/1.1" 200 24227 "https://example.com/" "Mozilla/5.0 (X11; Linux x86_64) AppleWebKit/537.36"
10.0.1.100 - - [12/May/2026:12:06:23 +0000] "POST /images/logo.png HTTP/1.1" 200 25674 "https://example.com/" "curl/7.68.0"
10.0.0.50 - - [12/May/2026:12:12:20 +0000] "GET /api/users HTTP/1.1" 200 5148 "https://example.com/" "Python-urllib/3.8"
172.16.0.10 - - [12/May/2026:12:30:16 +0000] "PATCH / HTTP/1.1" 200 20306 "https://example.com/" "Mozilla/5.0 (X11; Linux x86_64) AppleWebKit/537.36"
192.168.1.102 - - [12/May/2026:12:30:57 +0000] "GET /api/search HTTP/1.1" 200 16111 "https://example.com/" "Mozilla/5.0 (Macintosh; Intel Mac OS X 10_15_7) AppleWebKit/537.36"
192.168.1.101 - - [12/May/2026:12:50:11 +0000] "GET /api/users HTTP/1.1" 200 24801 "https://example.com/" "curl/7.68.0"
172.16.0.20 - - [12/May/2026:12:48:35 +0000] "GET / HTTP/1.1" 200 11148 "https://example.com/" "Mozilla/5.0 (X11; Linux x86_64) AppleWebKit/537.36"
203.0.113.45 - - [12/May/2026:13:06:46 +0000] "POST /index.html HTTP/1.1" 200 38451 "https://example.com/" "Python-urllib/3.8"
192.168.1.100 - - [12/May/2026:13:03:53 +0000] "GET /index.html HTTP/1.1" 200 33589 "https://example.com/" "Mozilla/5.0 (Windows NT 10.0; Win64; x64) AppleWebKit/537.36"
10.0.0.50 - - [12/May/2026:13:14:55 +0000] "GET /static/css/style.css HTTP/1.1" 200 5514 "https://example.com/" "curl/7.68.0"
93.184.216.34 - - [12/May/2026:13:27:09 +0000] "GET / HTTP/1.1" 200 38747 "-" "Mozilla/5.0 (Windows NT 10.0; Win64; x64) AppleWebKit/537.36"
10.0.0.51 - - [12/May/2026:13:27:59 +0000] "GET /images/logo.png HTTP/1.1" 200 21513 "https://example.com/" "Mozilla/5.0 (Macintosh; Intel Mac OS X 10_15_7) AppleWebKit/537.36"
172.16.0.10 - - [12/May/2026:13:38:34 +0000] "GET /index.html HTTP/1.1" 200 21844 "-" "Mozilla/5.0 (Macintosh; Intel Mac OS X 10_15_7) AppleWebKit/537.36"
10.0.1.100 - - [12/May/2026:14:04:13 +0000] "GET / HTTP/1.1" 200 27216 "https://example.com/" "Python-urllib/3.8"
172.16.0.20 - - [12/May/2026:14:08:38 +0000] "PATCH /static/css/style.css HTTP/1.1" 200 36454 "-" "curl/7.68.0"
172.16.0.10 - - [12/May/2026:14:04:18 +0000] "GET /images/logo.png HTTP/1.1" 200 19475 "https://example.com/" "Mozilla/5.0 (Windows NT 10.0; Win64; x64) AppleWebKit/537.36"
10.0.1.100 - - [12/May/2026:14:30:11 +0000] "GET /index.html HTTP/1.1" 200 9559 "-" "Mozilla/5.0 (Windows NT 10.0; Win64; x64) AppleWebKit/537.36"
192.168.1.102 - - [12/May/2026:14:31:37 +0000] "GET /static/css/style.css HTTP/1.1" 200 14906 "-" "Mozilla/5.0 (X11; Linux x86_64) AppleWebKit/537.36"
192.168.1.102 - - [12/May/2026:14:32:14 +0000] "GET / HTTP/1.1" 200 38356 "https://example.com/" "curl/7.68.0"
10.0.0.50 - - [12/May/2026:14:52:21 +0000] "GET /static/css/style.css HTTP/1.1" 200 2204 "https://example.com/" "Mozilla/5.0 (Macintosh; Intel Mac OS X 10_15_7) AppleWebKit/537.36"
203.0.113.45 - - [12/May/2026:14:56:16 +0000] "GET / HTTP/1.1" 200 43347 "https://example.com/" "Mozilla/5.0 (Macintosh; Intel Mac OS X 10_15_7) AppleWebKit/537.36"
198.51.100.23 - - [12/May/2026:15:05:22 +0000] "GET /static/js/app.js HTTP/1.1" 200 29743 "https://example.com/" "Python-urllib/3.8"
192.168.1.102 - - [12/May/2026:15:02:15 +0000] "GET / HTTP/1.1" 200 9204 "https://example.com/" "Mozilla/5.0 (Macintosh; Intel Mac OS X 10_15_7) AppleWebKit/537.36"
203.0.113.45 - - [12/May/2026:15:12:45 +0000] "GET /api/products HTTP/1.1" 200 11180 "https://example.com/" "Mozilla/5.0 (X11; Linux x86_64) AppleWebKit/537.36"
93.184.216.34 - - [12/May/2026:15:32:35 +0000] "GET /images/logo.png HTTP/1.1" 200 49288 "-" "Python-urllib/3.8"
10.0.0.51 - - [12/May/2026:15:35:25 +0000] "GET /static/css/style.css HTTP/1.1" 200 37630 "https://example.com/" "Python-urllib/3.8"
192.168.1.102 - - [12/May/2026:15:55:32 +0000] "GET /api/search HTTP/1.1" 200 7408 "https://example.com/" "Mozilla/5.0 (X11; Linux x86_64) AppleWebKit/537.36"
10.0.1.100 - - [12/May/2026:15:45:38 +0000] "GET /static/css/style.css HTTP/1.1" 200 42663 "https://example.com/" "Mozilla/5.0 (X11; Linux x86_64) AppleWebKit/537.36"
192.168.1.102 - - [12/May/2026:16:07:19 +0000] "GET / HTTP/1.1" 200 18931 "-" "Python-urllib/3.8"
93.184.216.34 - - [12/May/2026:16:09:43 +0000] "POST /api/users HTTP/1.1" 200 40681 "https://example.com/" "Mozilla/5.0 (X11; Linux x86_64) AppleWebKit/537.36"
93.184.216.34 - - [12/May/2026:16:19:05 +0000] "GET / HTTP/1.1" 200 43398 "https://example.com/" "curl/7.68.0"
10.0.1.100 - - [12/May/2026:16:23:25 +0000] "POST / HTTP/1.1" 200 29599 "-" "curl/7.68.0"
192.168.1.100 - - [12/May/2026:16:42:12 +0000] "GET /static/js/app.js HTTP/1.1" 200 47327 "https://example.com/" "Python-urllib/3.8"
10.0.0.51 - - [12/May/2026:16:50:46 +0000] "GET /api/users HTTP/1.1" 200 50349 "https://example.com/" "Python-urllib/3.8"
192.168.1.100 - - [12/May/2026:16:52:18 +0000] "GET /static/js/app.js HTTP/1.1" 200 48892 "https://example.com/" "Mozilla/5.0 (Macintosh; Intel Mac OS X 10_15_7) AppleWebKit/537.36"
172.16.0.20 - - [12/May/2026:16:56:03 +0000] "GET /api/search HTTP/1.1" 200 10584 "https://example.com/" "Python-urllib/3.8"
10.0.0.51 - - [12/May/2026:17:22:06 +0000] "GET /static/js/app.js HTTP/1.1" 200 49445 "https://example.com/" "Python-urllib/3.8"
10.0.0.51 - - [12/May/2026:17:27:14 +0000] "GET /api/products HTTP/1.1" 200 22067 "https://example.com/" "Mozilla/5.0 (Windows NT 10.0; Win64; x64) AppleWebKit/537.36"
198.51.100.23 - - [12/May/2026:17:30:45 +0000] "GET /api/search HTTP/1.1" 200 13203 "https://example.com/" "Python-urllib/3.8"
10.0.0.50 - - [12/May/2026:17:40:42 +0000] "PUT /notfound HTTP/1.1" 404 248 "https://example.com/" "Mozilla/5.0 (X11; Linux x86_64) AppleWebKit/537.36"
192.168.1.101 - - [12/May/2026:17:57:28 +0000] "GET /index.html HTTP/1.1" 200 36838 "https://example.com/" "Python-urllib/3.8"
172.16.0.10 - - [12/May/2026:18:00:18 +0000] "POST /api/users HTTP/1.1" 200 4597 "https://example.com/" "Mozilla/5.0 (Windows NT 10.0; Win64; x64) AppleWebKit/537.36"
192.168.1.101 - - [12/May/2026:18:09:26 +0000] "GET /index.html HTTP/1.1" 200 27357 "-" "curl/7.68.0"
192.168.1.100 - - [12/May/2026:18:09:40 +0000] "POST /index.html HTTP/1.1" 200 34974 "-" "Mozilla/5.0 (Windows NT 10.0; Win64; x64) AppleWebKit/537.36"
10.0.0.51 - - [12/May/2026:18:18:31 +0000] "GET /index.html HTTP/1.1" 200 4374 "-" "Mozilla/5.0 (X11; Linux x86_64) AppleWebKit/537.36"
10.0.0.50 - - [12/May/2026:18:37:49 +0000] "GET /api/orders HTTP/1.1" 200 36133 "https://example.com/" "curl/7.68.0"
198.51.100.23 - - [12/May/2026:18:34:55 +0000] "PATCH /admin/login HTTP/1.1" 202 26885 "https://example.com/" "Mozilla/5.0 (Macintosh; Intel Mac OS X 10_15_7) AppleWebKit/537.36"
10.0.1.100 - - [12/May/2026:18:43:36 +0000] "GET /static/css/style.css HTTP/1.1" 200 23179 "https://example.com/" "Python-urllib/3.8"
172.16.0.20 - - [12/May/2026:19:01:24 +0000] "POST /api/users HTTP/1.1" 200 33961 "https://example.com/" "curl/7.68.0"
198.51.100.23 - - [12/May/2026:19:02:50 +0000] "POST / HTTP/1.1" 200 42017 "-" "Python-urllib/3.8"
10.0.1.100 - - [12/May/2026:19:14:37 +0000] "DELETE /api/products HTTP/1.1" 200 10363 "https://example.com/" "Mozilla/5.0 (Windows NT 10.0; Win64; x64) AppleWebKit/537.36"
10.0.1.100 - - [12/May/2026:19:23:35 +0000] "GET / HTTP/1.1" 200 17335 "-" "Python-urllib/3.8"
172.16.0.10 - - [12/May/2026:19:25:52 +0000] "POST /api/search HTTP/1.1" 200 16330 "https://example.com/" "Mozilla/5.0 (Windows NT 10.0; Win64; x64) AppleWebKit/537.36"
192.168.1.100 - - [12/May/2026:19:30:47 +0000] "GET /static/js/app.js HTTP/1.1" 200 26527 "https://example.com/" "curl/7.68.0"
192.168.1.101 - - [12/May/2026:19:57:47 +0000] "GET / HTTP/1.1" 200 50401 "https://example.com/" "curl/7.68.0"
172.16.0.20 - - [12/May/2026:19:56:45 +0000] "GET /index.html HTTP/1.1" 200 49410 "https://example.com/" "Mozilla/5.0 (Windows NT 10.0; Win64; x64) AppleWebKit/537.36"
192.168.1.101 - - [12/May/2026:20:10:56 +0000] "GET / HTTP/1.1" 200 6372 "https://example.com/" "Mozilla/5.0 (Windows NT 10.0; Win64; x64) AppleWebKit/537.36"
10.0.0.51 - - [12/May/2026:20:12:12 +0000] "GET /api/users HTTP/1.1" 200 5261 "-" "curl/7.68.0"
192.168.1.101 - - [12/May/2026:20:26:24 +0000] "GET /index.html HTTP/1.1" 200 35277 "https://example.com/" "curl/7.68.0"
10.0.0.50 - - [12/May/2026:20:25:45 +0000] "GET /static/js/app.js HTTP/1.1" 200 36457 "https://example.com/" "Mozilla/5.0 (X11; Linux x86_64) AppleWebKit/537.36"
10.0.0.51 - - [12/May/2026:20:38:20 +0000] "GET /static/js/app.js HTTP/1.1" 200 22575 "-" "Mozilla/5.0 (Windows NT 10.0; Win64; x64) AppleWebKit/537.36"
93.184.216.34 - - [12/May/2026:20:44:59 +0000] "POST / HTTP/1.1" 200 33764 "https://example.com/" "Mozilla/5.0 (X11; Linux x86_64) AppleWebKit/537.36"
192.168.1.102 - - [12/May/2026:20:48:16 +0000] "GET / HTTP/1.1" 200 30195 "https://example.com/" "Mozilla/5.0 (Macintosh; Intel Mac OS X 10_15_7) AppleWebKit/537.36"
172.16.0.10 - - [12/May/2026:21:10:12 +0000] "GET /admin/login HTTP/1.1" 238 29231 "https://example.com/" "Mozilla/5.0 (Macintosh; Intel Mac OS X 10_15_7) AppleWebKit/537.36"
172.16.0.20 - - [12/May/2026:21:16:07 +0000] "POST / HTTP/1.1" 200 37459 "https://example.com/" "Mozilla/5.0 (X11; Linux x86_64) AppleWebKit/537.36"
10.0.0.51 - - [12/May/2026:21:27:31 +0000] "GET /images/logo.png HTTP/1.1" 200 25169 "https://example.com/" "Mozilla/5.0 (X11; Linux x86_64) AppleWebKit/537.36"
192.168.1.102 - - [12/May/2026:21:33:14 +0000] "POST / HTTP/1.1" 200 9103 "https://example.com/" "Mozilla/5.0 (X11; Linux x86_64) AppleWebKit/537.36"
172.16.0.10 - - [12/May/2026:21:33:28 +0000] "POST /static/js/app.js HTTP/1.1" 200 33764 "https://example.com/" "Mozilla/5.0 (Windows NT 10.0; Win64; x64) AppleWebKit/537.36"
93.184.216.34 - - [12/May/2026:21:52:55 +0000] "POST /index.html HTTP/1.1" 200 16099 "https://example.com/" "Mozilla/5.0 (Macintosh; Intel Mac OS X 10_15_7) AppleWebKit/537.36"
172.16.0.10 - - [12/May/2026:22:03:30 +0000] "GET / HTTP/1.1" 200 44603 "-" "Mozilla/5.0 (Windows NT 10.0; Win64; x64) AppleWebKit/537.36"
10.0.1.100 - - [12/May/2026:22:03:09 +0000] "GET /api/users HTTP/1.1" 200 35261 "https://example.com/" "Mozilla/5.0 (Macintosh; Intel Mac OS X 10_15_7) AppleWebKit/537.36"
192.168.1.102 - - [12/May/2026:22:20:51 +0000] "PUT /api/users HTTP/1.1" 200 44166 "https://example.com/" "Mozilla/5.0 (Windows NT 10.0; Win64; x64) AppleWebKit/537.36"
172.16.0.20 - - [12/May/2026:22:16:24 +0000] "POST /index.html HTTP/1.1" 200 33244 "-" "Mozilla/5.0 (X11; Linux x86_64) AppleWebKit/537.36"
93.184.216.34 - - [12/May/2026:22:34:27 +0000] "GET / HTTP/1.1" 200 36189 "https://example.com/" "curl/7.68.0"
93.184.216.34 - - [12/May/2026:22:34:43 +0000] "GET / HTTP/1.1" 200 12262 "-" "curl/7.68.0"
192.168.1.100 - - [12/May/2026:22:41:24 +0000] "GET /api/users HTTP/1.1" 200 10346 "https://example.com/" "Mozilla/5.0 (Windows NT 10.0; Win64; x64) AppleWebKit/537.36"
172.16.0.10 - - [12/May/2026:22:53:12 +0000] "GET /static/css/style.css HTTP/1.1" 200 42500 "-" "Mozilla/5.0 (Windows NT 10.0; Win64; x64) AppleWebKit/537.36"
10.0.1.100 - - [12/May/2026:23:15:42 +0000] "GET /images/logo.png HTTP/1.1" 200 2862 "https://example.com/" "Mozilla/5.0 (Windows NT 10.0; Win64; x64) AppleWebKit/537.36"
10.0.0.51 - - [12/May/2026:23:06:55 +0000] "GET /index.html HTTP/1.1" 200 33153 "https://example.com/" "curl/7.68.0"
10.0.0.50 - - [12/May/2026:23:34:10 +0000] "GET /api/users HTTP/1.1" 200 23024 "-" "curl/7.68.0"
93.184.216.34 - - [12/May/2026:23:42:52 +0000] "PUT /api/search HTTP/1.1" 200 32704 "-" "curl/7.68.0"
192.168.1.100 - - [12/May/2026:23:42:03 +0000] "GET /index.html HTTP/1.1" 200 22249 "-" "curl/7.68.0"
192.168.1.101 - - [12/May/2026:23:42:30 +0000] "PATCH /static/css/style.css HTTP/1.1" 200 25793 "https://example.com/" "Mozilla/5.0 (Windows NT 10.0; Win64; x64) AppleWebKit/537.36"
10.0.1.100 - - [12/May/2026:23:55:02 +0000] "GET /api/users HTTP/1.1" 200 25274 "https://example.com/" "curl/7.68.0"
10.0.0.50 - - [13/May/2026:00:12:53 +0000] "GET /static/js/app.js HTTP/1.1" 200 4938 "https://example.com/" "Mozilla/5.0 (Macintosh; Intel Mac OS X 10_15_7) AppleWebKit/537.36"
10.0.0.50 - - [13/May/2026:00:16:27 +0000] "PUT /api/search HTTP/1.1" 200 10660 "https://example.com/" "Mozilla/5.0 (Macintosh; Intel Mac OS X 10_15_7) AppleWebKit/537.36"
172.16.0.10 - - [13/May/2026:00:27:00 +0000] "GET /static/css/style.css HTTP/1.1" 200 16029 "-" "Mozilla/5.0 (Windows NT 10.0; Win64; x64) AppleWebKit/537.36"
172.16.0.10 - - [13/May/2026:00:37:32 +0000] "GET /index.html HTTP/1.1" 200 40482 "https://example.com/" "curl/7.68.0"
192.168.1.100 - - [13/May/2026:00:45:04 +0000] "PUT /index.html HTTP/1.1" 200 34100 "https://example.com/" "Mozilla/5.0 (Macintosh; Intel Mac OS X 10_15_7) AppleWebKit/537.36"
192.168.1.102 - - [13/May/2026:00:54:17 +0000] "GET /static/js/app.js HTTP/1.1" 200 22688 "https://example.com/" "Mozilla/5.0 (Macintosh; Intel Mac OS X 10_15_7) AppleWebKit/537.36"
10.0.1.100 - - [13/May/2026:00:54:45 +0000] "PUT /index.html HTTP/1.1" 200 21156 "-" "Mozilla/5.0 (Macintosh; Intel Mac OS X 10_15_7) AppleWebKit/537.36"
10.0.0.50 - - [13/May/2026:01:14:48 +0000] "GET / HTTP/1.1" 200 42497 "-" "Python-urllib/3.8"
172.16.0.20 - - [13/May/2026:01:25:53 +0000] "GET /index.html HTTP/1.1" 200 42885 "https://example.com/" "Python-urllib/3.8"
192.168.1.102 - - [13/May/2026:01:21:18 +0000] "POST /static/js/app.js HTTP/1.1" 200 22384 "https://example.com/" "curl/7.68.0"
93.184.216.34 - - [13/May/2026:01:32:11 +0000] "GET /images/logo.png HTTP/1.1" 200 40029 "https://example.com/" "Mozilla/5.0 (Windows NT 10.0; Win64; x64) AppleWebKit/537.36"
10.0.0.51 - - [13/May/2026:01:36:02 +0000] "POST / HTTP/1.1" 200 11328 "-" "Mozilla/5.0 (X11; Linux x86_64) AppleWebKit/537.36"
192.168.1.101 - - [13/May/2026:01:42:00 +0000] "GET / HTTP/1.1" 200 2742 "https://example.com/" "Mozilla/5.0 (Macintosh; Intel Mac OS X 10_15_7) AppleWebKit/537.36"
192.168.1.101 - - [13/May/2026:02:06:33 +0000] "DELETE /index.html HTTP/1.1" 200 38090 "https://example.com/" "Mozilla/5.0 (Macintosh; Intel Mac OS X 10_15_7) AppleWebKit/537.36"
203.0.113.45 - - [13/May/2026:02:09:18 +0000] "GET /static/css/style.css HTTP/1.1" 200 31933 "https://example.com/" "Mozilla/5.0 (Macintosh; Intel Mac OS X 10_15_7) AppleWebKit/537.36"
172.16.0.10 - - [13/May/2026:02:16:53 +0000] "GET / HTTP/1.1" 200 24387 "-" "Mozilla/5.0 (Macintosh; Intel Mac OS X 10_15_7) AppleWebKit/537.36"
198.51.100.23 - - [13/May/2026:02:28:04 +0000] "GET / HTTP/1.1" 200 18856 "https://example.com/" "curl/7.68.0"
192.168.1.100 - - [13/May/2026:02:27:17 +0000] "GET /api/search HTTP/1.1" 200 43496 "https://example.com/" "Mozilla/5.0 (X11; Linux x86_64) AppleWebKit/537.36"
93.184.216.34 - - [13/May/2026:02:36:32 +0000] "PUT / HTTP/1.1" 200 1807 "https://example.com/" "Python-urllib/3.8"
10.0.0.50 - - [13/May/2026:02:54:25 +0000] "GET /admin/login HTTP/1.1" 308 23649 "https://example.com/" "Mozilla/5.0 (X11; Linux x86_64) AppleWebKit/537.36"
10.0.0.50 - - [13/May/2026:02:52:05 +0000] "GET /api/search HTTP/1.1" 200 26341 "https://example.com/" "Mozilla/5.0 (Macintosh; Intel Mac OS X 10_15_7) AppleWebKit/537.36"
10.0.1.100 - - [13/May/2026:03:14:38 +0000] "GET /api/users HTTP/1.1" 200 21321 "-" "Mozilla/5.0 (X11; Linux x86_64) AppleWebKit/537.36"
198.51.100.23 - - [13/May/2026:03:26:39 +0000] "GET /static/css/style.css HTTP/1.1" 200 12489 "https://example.com/" "Mozilla/5.0 (Macintosh; Intel Mac OS X 10_15_7) AppleWebKit/537.36"
172.16.0.20 - - [13/May/2026:03:19:03 +0000] "GET /images/logo.png HTTP/1.1" 200 18226 "-" "Mozilla/5.0 (Windows NT 10.0; Win64; x64) AppleWebKit/537.36"
10.0.1.100 - - [13/May/2026:03:39:51 +0000] "POST /static/css/style.css HTTP/1.1" 200 17642 "-" "curl/7.68.0"
192.168.1.101 - - [13/May/2026:03:36:59 +0000] "GET / HTTP/1.1" 200 3401 "https://example.com/" "Python-urllib/3.8"
10.0.1.100 - - [13/May/2026:03:44:35 +0000] "DELETE /images/logo.png HTTP/1.1" 200 37507 "-" "Mozilla/5.0 (Windows NT 10.0; Win64; x64) AppleWebKit/537.36"
192.168.1.102 - - [13/May/2026:04:00:20 +0000] "POST /api/users HTTP/1.1" 200 39166 "https://example.com/" "Mozilla/5.0 (Windows NT 10.0; Win64; x64) AppleWebKit/537.36"
203.0.113.45 - - [13/May/2026:04:13:02 +0000] "GET /index.html HTTP/1.1" 200 42690 "https://example.com/" "Mozilla/5.0 (Windows NT 10.0; Win64; x64) AppleWebKit/537.36"
172.16.0.10 - - [13/May/2026:04:10:40 +0000] "GET /api/users HTTP/1.1" 200 6975 "-" "Python-urllib/3.8"
192.168.1.101 - - [13/May/2026:04:25:56 +0000] "GET / HTTP/1.1" 200 34315 "https://example.com/" "curl/7.68.0"
192.168.1.102 - - [13/May/2026:04:45:19 +0000] "POST /static/js/app.js HTTP/1.1" 200 26783 "https://example.com/" "Mozilla/5.0 (X11; Linux x86_64) AppleWebKit/537.36"
172.16.0.20 - - [13/May/2026:04:42:44 +0000] "POST /api/users HTTP/1.1" 200 8584 "https://example.com/" "Python-urllib/3.8"
172.16.0.10 - - [13/May/2026:05:00:08 +0000] "GET /api/orders HTTP/1.1" 201 40700 "https://example.com/" "Python-urllib/3.8"
93.184.216.34 - - [13/May/2026:04:58:15 +0000] "GET /static/js/app.js HTTP/1.1" 200 50205 "https://example.com/" "curl/7.68.0"
10.0.0.51 - - [13/May/2026:05:12:04 +0000] "PUT /admin/login HTTP/1.1" 350 11416 "https://example.com/" "Python-urllib/3.8"
172.16.0.20 - - [13/May/2026:05:23:43 +0000] "GET /api/search HTTP/1.1" 200 8142 "-" "Mozilla/5.0 (X11; Linux x86_64) AppleWebKit/537.36"
203.0.113.45 - - [13/May/2026:05:32:43 +0000] "GET / HTTP/1.1" 200 19434 "https://example.com/" "Python-urllib/3.8"
192.168.1.100 - - [13/May/2026:05:37:20 +0000] "GET /index.html HTTP/1.1" 200 34002 "https://example.com/" "Python-urllib/3.8"
10.0.0.51 - - [13/May/2026:05:47:27 +0000] "GET / HTTP/1.1" 200 35116 "https://example.com/" "Python-urllib/3.8"
10.0.0.51 - - [13/May/2026:05:49:03 +0000] "GET /images/logo.png HTTP/1.1" 200 39939 "-" "Mozilla/5.0 (Macintosh; Intel Mac OS X 10_15_7) AppleWebKit/537.36"
192.168.1.101 - - [13/May/2026:06:10:10 +0000] "GET /images/logo.png HTTP/1.1" 200 48139 "https://example.com/" "curl/7.68.0"
10.0.1.100 - - [13/May/2026:06:03:40 +0000] "GET /static/js/app.js HTTP/1.1" 200 22034 "https://example.com/" "Python-urllib/3.8"
192.168.1.102 - - [13/May/2026:06:13:22 +0000] "GET /api/orders HTTP/1.1" 201 43428 "https://example.com/" "Mozilla/5.0 (X11; Linux x86_64) AppleWebKit/537.36"
198.51.100.23 - - [13/May/2026:06:33:28 +0000] "POST /api/internal HTTP/1.1" 502 307 "https://example.com/" "Mozilla/5.0 (Macintosh; Intel Mac OS X 10_15_7) AppleWebKit/537.36"
10.0.1.100 - - [13/May/2026:06:39:57 +0000] "GET /api/search HTTP/1.1" 200 18080 "https://example.com/" "Mozilla/5.0 (Windows NT 10.0; Win64; x64) AppleWebKit/537.36"
198.51.100.23 - - [13/May/2026:06:43:22 +0000] "GET / HTTP/1.1" 200 14344 "-" "Mozilla/5.0 (X11; Linux x86_64) AppleWebKit/537.36"
10.0.0.50 - - [13/May/2026:06:54:57 +0000] "GET / HTTP/1.1" 200 48818 "-" "curl/7.68.0"
172.16.0.20 - - [13/May/2026:07:08:51 +0000] "GET / HTTP/1.1" 200 41940 "-" "curl/7.68.0"
93.184.216.34 - - [13/May/2026:07:17:05 +0000] "GET /static/css/style.css HTTP/1.1" 200 27671 "https://example.com/" "Mozilla/5.0 (Windows NT 10.0; Win64; x64) AppleWebKit/537.36"
192.168.1.101 - - [13/May/2026:07:22:26 +0000] "POST /static/js/app.js HTTP/1.1" 200 39615 "-" "Mozilla/5.0 (X11; Linux x86_64) AppleWebKit/537.36"
198.51.100.23 - - [13/May/2026:07:27:52 +0000] "GET /admin/login HTTP/1.1" 390 729 "https://example.com/" "Mozilla/5.0 (X11; Linux x86_64) AppleWebKit/537.36"
192.168.1.100 - - [13/May/2026:07:34:20 +0000] "POST /api/orders HTTP/1.1" 201 38862 "-" "Python-urllib/3.8"
192.168.1.100 - - [13/May/2026:07:53:59 +0000] "GET /static/js/app.js HTTP/1.1" 200 39269 "-" "curl/7.68.0"
203.0.113.45 - - [13/May/2026:07:58:17 +0000] "GET /index.html HTTP/1.1" 200 17776 "-" "Mozilla/5.0 (Windows NT 10.0; Win64; x64) AppleWebKit/537.36"
93.184.216.34 - - [13/May/2026:08:05:33 +0000] "GET / HTTP/1.1" 200 3830 "https://example.com/" "Mozilla/5.0 (Macintosh; Intel Mac OS X 10_15_7) AppleWebKit/537.36"
172.16.0.20 - - [13/May/2026:08:15:58 +0000] "POST /index.html HTTP/1.1" 200 27319 "https://example.com/" "Mozilla/5.0 (Windows NT 10.0; Win64; x64) AppleWebKit/537.36"
10.0.0.51 - - [13/May/2026:08:29:17 +0000] "GET /index.html HTTP/1.1" 200 47109 "https://example.com/" "Mozilla/5.0 (X11; Linux x86_64) AppleWebKit/537.36"
192.168.1.101 - - [13/May/2026:08:28:41 +0000] "POST /static/css/style.css HTTP/1.1" 200 16957 "https://example.com/" "Mozilla/5.0 (X11; Linux x86_64) AppleWebKit/537.36"
198.51.100.23 - - [13/May/2026:08:29:54 +0000] "GET / HTTP/1.1" 200 17935 "https://example.com/" "Python-urllib/3.8"
93.184.216.34 - - [13/May/2026:08:41:36 +0000] "GET /api/users HTTP/1.1" 200 15424 "https://example.com/" "Mozilla/5.0 (X11; Linux x86_64) AppleWebKit/537.36"
198.51.100.23 - - [13/May/2026:09:00:41 +0000] "GET /api/orders HTTP/1.1" 201 1664 "https://example.com/" "curl/7.68.0"
10.0.0.51 - - [13/May/2026:08:55:56 +0000] "GET /api/search HTTP/1.1" 200 37851 "https://example.com/" "Mozilla/5.0 (Macintosh; Intel Mac OS X 10_15_7) AppleWebKit/537.36"
10.0.0.50 - - [13/May/2026:09:12:37 +0000] "GET /static/js/app.js HTTP/1.1" 200 15313 "https://example.com/" "Mozilla/5.0 (Macintosh; Intel Mac OS X 10_15_7) AppleWebKit/537.36"
203.0.113.45 - - [13/May/2026:09:20:46 +0000] "GET /index.html HTTP/1.1" 200 26437 "https://example.com/" "Mozilla/5.0 (Macintosh; Intel Mac OS X 10_15_7) AppleWebKit/537.36"
192.168.1.100 - - [13/May/2026:09:30:38 +0000] "GET / HTTP/1.1" 200 9863 "https://example.com/" "Python-urllib/3.8"
