10.0.0.51 - - [01/May/2026:20:14:29 +0000] "GET / HTTP/1.1" 200 35901 "https://example.com/" "Mozilla/5.0 (Windows NT 10.0; Win64; x64) AppleWebKit/537.36"
203.0.113.45 - - [01/May/2026:20:30:42 +0000] "PUT /index.html HTTP/1.1" 200 6832 "https://example.com/" "Mozilla/5.0 (Windows NT 10.0; Win64; x64) AppleWebKit/537.36"
192.168.1.101 - - [01/May/2026:20:40:31 +0000] "GET /index.html HTTP/1.1" 200 28589 "https://example.com/" "Mozilla/5.0 (Macintosh; Intel Mac OS X 10_15_7) AppleWebKit/537.36"
203.0.113.45 - - [01/May/2026:20:50:27 +0000] "GET / HTTP/1.1" 200 16238 "https://example.com/" "Python-urllib/3.8"
203.0.113.45 - - [01/May/2026:21:00:06 +0000] "GET / HTTP/1.1" 200 42266 "-" "Mozilla/5.0 (Windows NT 10.0; Win64; x64) AppleWebKit/537.36"
93.184.216.34 - - [01/May/2026:21:05:52 +0000] "GET /images/logo.png HTTP/1.1" 200 33640 "https://example.com/" "curl/7.68.0"
192.168.1.102 - - [01/May/2026:21:13:44 +0000] "GET /static/css/style.css HTTP/1.1" 200 3468 "https://example.com/" "curl/7.68.0"
10.0.1.100 - - [01/May/2026:21:14:39 +0000] "GET /index.html HTTP/1.1" 200 28442 "https://example.com/" "Python-urllib/3.8"
10.0.0.51 - - [01/May/2026:21:20:21 +0000] "GET / HTTP/1.1" 200 36619 "-" "Mozilla/5.0 (Macintosh; Intel Mac OS X 10_15_7) AppleWebKit/537.36"
198.51.100.23 - - [01/May/2026:21:33:12 +0000] "PUT /static/css/style.css HTTP/1.1" 200 47081 "https://example.com/" "Mozilla/5.0 (Windows NT 10.0; Win64; x64) AppleWebKit/537.36"
203.0.113.45 - - [01/May/2026:21:51:38 +0000] "POST /static/css/style.css HTTP/1.1" 200 25376 "-" "Mozilla/5.0 (X11; Linux x86_64) AppleWebKit/537.36"
192.168.1.102 - - [01/May/2026:21:55:40 +0000] "GET /api/users HTTP/1.1" 200 7796 "-" "Python-urllib/3.8"
198.51.100.23 - - [01/May/2026:22:00:52 +0000] "GET /api/orders HTTP/1.1" 201 25662 "https://example.com/" "Python-urllib/3.8"
192.168.1.102 - - [01/May/2026:22:13:25 +0000] "POST /static/js/app.js HTTP/1.1" 200 29538 "-" "Mozilla/5.0 (Macintosh; Intel Mac OS X 10_15_7) AppleWebKit/537.36"
10.0.0.51 - - [01/May/2026:22:30:22 +0000] "GET / HTTP/1.1" 200 18630 "-" "Mozilla/5.0 (X11; Linux x86_64) AppleWebKit/537.36"
192.168.1.102 - - [01/May/2026:22:23:41 +0000] "POST /admin/login HTTP/1.1" 215 19527 "-" "Python-urllib/3.8"
172.16.0.10 - - [01/May/2026:22:48:33 +0000] "GET /static/css/style.css HTTP/1.1" 200 17753 "-" "Mozilla/5.0 (X11; Linux x86_64) AppleWebKit/537.36"
93.184.216.34 - - [01/May/2026:22:52:39 +0000] "GET / HTTP/1.1" 200 49379 "https://example.com/" "Mozilla/5.0 (Macintosh; Intel Mac OS X 10_15_7) AppleWebKit/537.36"
198.51.100.23 - - [01/May/2026:22:52:24 +0000] "GET / HTTP/1.1" 200 29074 "https://example.com/" "Mozilla/5.0 (Windows NT 10.0; Win64; x64) AppleWebKit/537.36"
203.0.113.45 - - [01/May/2026:23:04:34 +0000] "GET /api/users HTTP/1.1" 200 45956 "https://example.com/" "Mozilla/5.0 (Windows NT 10.0; Win64; x64) AppleWebKit/537.36"
172.16.0.20 - - [01/May/2026:23:11:32 +0000] "POST / HTTP/1.1" 200 39327 "https://example.com/" "Mozilla/5.0 (X11; Linux x86_64) AppleWebKit/537.36"
198.51.100.23 - - [01/May/2026:23:19:20 +0000] "GET / HTTP/1.1" 200 17151 "https://example.com/" "Mozilla/5.0 (X11; Linux x86_64) AppleWebKit/537.36"
203.0.113.45 - - [01/May/2026:23:32:08 +0000] "POST /index.html HTTP/1.1" 200 45651 "https://example.com/" "Mozilla/5.0 (X11; Linux x86_64) AppleWebKit/537.36"
192.168.1.102 - - [01/May/2026:23:30:41 +0000] "POST /api/search HTTP/1.1" 200 32288 "-" "Mozilla/5.0 (Windows NT 10.0; Win64; x64) AppleWebKit/537.36"
203.0.113.45 - - [01/May/2026:23:38:47 +0000] "POST / HTTP/1.1" 200 39203 "-" "Mozilla/5.0 (Windows NT 10.0; Win64; x64) AppleWebKit/537.36"
10.0.0.50 - - [01/May/2026:23:58:51 +0000] "GET / HTTP/1.1" 200 29335 "https://example.com/" "curl/7.68.0"
172.16.0.20 - - [02/May/2026:00:13:26 +0000] "POST /index.html HTTP/1.1" 200 37330 "-" "Mozilla/5.0 (X11; Linux x86_64) AppleWebKit/537.36"
192.168.1.100 - - [02/May/2026:00:10:19 +0000] "GET /static/css/style.css HTTP/1.1" 200 33613 "-" "Mozilla/5.0 (X11; Linux x86_64) AppleWebKit/537.36"
10.0.1.100 - - [02/May/2026:00:27:37 +0000] "GET / HTTP/1.1" 200 35700 "-" "Mozilla/5.0 (Windows NT 10.0; Win64; x64) AppleWebKit/537.36"
203.0.113.45 - - [02/May/2026:00:32:10 +0000] "GET /index.html HTTP/1.1" 200 42686 "https://example.com/" "Python-urllib/3.8"
10.0.0.50 - - [02/May/2026:00:33:34 +0000] "GET /static/css/style.css HTTP/1.1" 200 15531 "-" "Mozilla/5.0 (Macintosh; Intel Mac OS X 10_15_7) AppleWebKit/537.36"
10.0.0.51 - - [02/May/2026:00:49:34 +0000] "GET /static/css/style.css HTTP/1.1" 200 11070 "https://example.com/" "Mozilla/5.0 (Windows NT 10.0; Win64; x64) AppleWebKit/537.36"
192.168.1.102 - - [02/May/2026:01:01:06 +0000] "GET /images/logo.png HTTP/1.1" 200 6099 "-" "curl/7.68.0"
172.16.0.10 - - [02/May/2026:01:09:07 +0000] "GET /api/products HTTP/1.1" 200 46577 "-" "Mozilla/5.0 (Windows NT 10.0; Win64; x64) AppleWebKit/537.36"
10.0.1.100 - - [02/May/2026:01:08:50 +0000] "PUT /api/users HTTP/1.1" 200 23434 "https://example.com/" "Mozilla/5.0 (Macintosh; Intel Mac OS X 10_15_7) AppleWebKit/537.36"
203.0.113.45 - - [02/May/2026:01:18:23 +0000] "GET /images/logo.png HTTP/1.1" 200 24801 "https://example.com/" "Mozilla/5.0 (Macintosh; Intel Mac OS X 10_15_7) AppleWebKit/537.36"
10.0.1.100 - - [02/May/2026:01:22:55 +0000] "GET / HTTP/1.1" 200 28003 "https://example.com/" "Mozilla/5.0 (X11; Linux x86_64) AppleWebKit/537.36"
172.16.0.20 - - [02/May/2026:01:35:24 +0000] "GET /api/users HTTP/1.1" 200 35717 "https://example.com/" "Mozilla/5.0 (Windows NT 10.0; Win64; x64) AppleWebKit/537.36"
192.168.1.101 - - [02/May/2026:01:47:14 +0000] "GET /api/search HTTP/1.1" 200 36982 "https://example.com/" "Mozilla/5.0 (X11; Linux x86_64) AppleWebKit/537.36"
10.0.0.50 - - [02/May/2026:01:51:16 +0000] "PUT /images/logo.png HTTP/1.1" 200 17084 "https://example.com/" "curl/7.68.0"
172.16.0.20 - - [02/May/2026:02:11:02 +0000] "PUT /notfound HTTP/1.1" 404 160 "https://example.com/" "Mozilla/5.0 (Windows NT 10.0; Win64; x64) AppleWebKit/537.36"
10.0.0.50 - - [02/May/2026:02:17:41 +0000] "GET / HTTP/1.1" 200 44542 "-" "Mozilla/5.0 (Windows NT 10.0; Win64; x64) AppleWebKit/537.36"
10.0.0.50 - - [02/May/2026:02:21:13 +0000] "POST / HTTP/1.1" 200 24242 "https://example.com/" "Mozilla/5.0 (Windows NT 10.0; Win64; x64) AppleWebKit/537.36"
192.168.1.101 - - [02/May/2026:02:25:57 +0000] "GET / HTTP/1.1" 200 27733 "-" "Python-urllib/3.8"
93.184.216.34 - - [02/May/2026:02:33:40 +0000] "GET /api/orders HTTP/1.1" 201 44546 "https://example.com/" "Mozilla/5.0 (X11; Linux x86_64) AppleWebKit/537.36"
192.168.1.102 - - [02/May/2026:02:51:35 +0000] "GET /notfound HTTP/1.1" 404 206 "https://example.com/" "Mozilla/5.0 (X11; Linux x86_64) AppleWebKit/537.36"
10.0.1.100 - - [02/May/2026:02:49:09 +0000] "GET /static/js/app.js HTTP/1.1" 200 17498 "https://example.com/" "Mozilla/5.0 (X11; Linux x86_64) AppleWebKit/537.36"
172.16.0.10 - - [02/May/2026:03:01:34 +0000] "POST / HTTP/1.1" 200 35357 "https://example.com/" "curl/7.68.0"
198.51.100.23 - - [02/May/2026:03:12:17 +0000] "POST /index.html HTTP/1.1" 200 22768 "-" "Python-urllib/3.8"
192.168.1.102 - - [02/May/2026:03:19:18 +0000] "GET /index.html HTTP/1.1" 200 12743 "https://example.com/" "Mozilla/5.0 (Macintosh; Intel Mac OS X 10_15_7) AppleWebKit/537.36"
10.0.1.100 - - [02/May/2026:03:37:40 +0000] "POST / HTTP/1.1" 200 26513 "https://example.com/" "Mozilla/5.0 (Windows NT 10.0; Win64; x64) AppleWebKit/537.36"
10.0.0.50 - - [02/May/2026:03:41:32 +0000] "GET /api/users HTTP/1.1" 200 30888 "https://example.com/" "Mozilla/5.0 (X11; Linux x86_64) AppleWebKit/537.36"
198.51.100.23 - - [02/May/2026:03:47:24 +0000] "GET /static/css/style.css HTTP/1.1" 200 27236 "https://example.com/" "Mozilla/5.0 (Windows NT 10.0; Win64; x64) AppleWebKit/537.36"
203.0.113.45 - - [02/May/2026:03:58:41 +0000] "GET /api/products HTTP/1.1" 200 49423 "https://example.com/" "Mozilla/5.0 (Windows NT 10.0; Win64; x64) AppleWebKit/537.36"
93.184.216.34 - - [02/May/2026:04:02:33 +0000] "POST /static/js/app.js HTTP/1.1" 200 46248 "https://example.com/" "Mozilla/5.0 (X11; Linux x86_64) AppleWebKit/537.36"
192.168.1.101 - - [02/May/2026:04:21:55 +0000] "GET /static/css/style.css HTTP/1.1" 200 17270 "https://example.com/" "Mozilla/5.0 (Windows NT 10.0; Win64; x64) AppleWebKit/537.36"
192.168.1.100 - - [02/May/2026:04:19:42 +0000] "GET /api/users HTTP/1.1" 200 28264 "https://example.com/" "Mozilla/5.0 (X11; Linux x86_64) AppleWebKit/537.36"
93.184.216.34 - - [02/May/2026:04:24:03 +0000] "POST /api/users HTTP/1.1" 200 14540 "-" "Mozilla/5.0 (Macintosh; Intel Mac OS X 10_15_7) AppleWebKit/537.36"
172.16.0.10 - - [02/May/2026:04:47:03 +0000] "GET / HTTP/1.1" 200 45007 "https://example.com/" "Mozilla/5.0 (Windows NT 10.0; Win64; x64) AppleWebKit/537.36"
192.168.1.102 - - [02/May/2026:04:43:54 +0000] "GET /api/users HTTP/1.1" 200 22682 "-" "Mozilla/5.0 (X11; Linux x86_64) AppleWebKit/537.36"
198.51.100.23 - - [02/May/2026:04:51:37 +0000] "GET /api/search HTTP/1.1" 200 4316 "-" "Python-urllib/3.8"
172.16.0.10 - - [02/May/2026:05:03:16 +0000] "GET /images/logo.png HTTP/1.1" 200 3352 "-" "Mozilla/5.0 (Windows NT 10.0; Win64; x64) AppleWebKit/537.36"
10.0.0.51 - - [02/May/2026:05:20:26 +0000] "GET /static/css/style.css HTTP/1.1" 200 34451 "-" "Mozilla/5.0 (Macintosh; Intel Mac OS X 10_15_7) AppleWebKit/537.36"
172.16.0.20 - - [02/May/2026:05:15:10 +0000] "GET /static/css/style.css HTTP/1.1" 200 44973 "https://example.com/" "curl/7.68.0"
172.16.0.10 - - [02/May/2026:05:34:35 +0000] "GET /index.html HTTP/1.1" 200 37427 "https://example.com/" "Python-urllib/3.8"
93.184.216.34 - - [02/May/2026:05:43:52 +0000] "GET /index.html HTTP/1.1" 200 33868 "https://example.com/" "Mozilla/5.0 (Windows NT 10.0; Win64; x64) AppleWebKit/537.36"
198.51.100.23 - - [02/May/2026:05:43:48 +0000] "GET /api/orders HTTP/1.1" 201 1242 "https://example.com/" "curl/7.68.0"
203.0.113.45 - - [02/May/2026:06:02:29 +0000] "GET /api/products HTTP/1.1" 200 49284 "https://example.com/" "Mozilla/5.0 (X11; Linux x86_64) AppleWebKit/537.36"
192.168.1.101 - - [02/May/2026:06:10:25 +0000] "POST /images/logo.png HTTP/1.1" 200 5266 "https://example.com/" "Python-urllib/3.8"
203.0.113.45 - - [02/May/2026:06:24:46 +0000] "GET /index.html HTTP/1.1" 200 50208 "-" "Mozilla/5.0 (Macintosh; Intel Mac OS X 10_15_7) AppleWebKit/537.36"
10.0.1.100 - - [02/May/2026:06:19:40 +0000] "GET /static/js/app.js HTTP/1.1" 200 28774 "https://example.com/" "Mozilla/5.0 (Windows NT 10.0; Win64; x64) AppleWebKit/537.36"
192.168.1.101 - - [02/May/2026:06:40:17 +0000] "POST /api/orders HTTP/1.1" 200 11449 "https://example.com/" "curl/7.68.0"
198.51.100.23 - - [02/May/2026:06:52:35 +0000] "GET /index.html HTTP/1.1" 200 33231 "https://example.com/" "Mozilla/5.0 (Windows NT 10.0; Win64; x64) AppleWebKit/537.36"
192.168.1.100 - - [02/May/2026:06:50:01 +0000] "GET /images/logo.png HTTP/1.1" 200 20935 "https://example.com/" "curl/7.68.0"
93.184.216.34 - - [02/May/2026:07:06:26 +0000] "PUT /index.html HTTP/1.1" 200 35024 "https://example.com/" "Mozilla/5.0 (Macintosh; Intel Mac OS X 10_15_7) AppleWebKit/537.36"
93.184.216.34 - - [02/May/2026:07:10:22 +0000] "PUT /static/css/style.css HTTP/1.1" 200 42609 "https://example.com/" "Mozilla/5.0 (X11; Linux x86_64) AppleWebKit/537.36"
198.51.100.23 - - [02/May/2026:07:24:58 +0000] "GET /static/js/app.js HTTP/1.1" 200 19635 "https://example.com/" "Python-urllib/3.8"
192.168.1.101 - - [02/May/2026:07:19:37 +0000] "GET /api/users HTTP/1.1" 200 43733 "https://example.com/" "Mozilla/5.0 (X11; Linux x86_64) AppleWebKit/537.36"
93.184.216.34 - - [02/May/2026:07:38:17 +0000] "GET /static/css/style.css HTTP/1.1" 200 7107 "https://example.com/" "Mozilla/5.0 (Macintosh; Intel Mac OS X 10_15_7) AppleWebKit/537.36"
10.0.1.100 - - [02/May/2026:07:38:46 +0000] "GET /static/js/app.js HTTP/1.1" 200 3586 "https://example.com/" "curl/7.68.0"
10.0.1.100 - - [02/May/2026:07:47:40 +0000] "POST /api/users HTTP/1.1" 200 35940 "https://example.com/" "curl/7.68.0"
172.16.0.20 - - [02/May/2026:08:05:59 +0000] "GET /static/css/style.css HTTP/1.1" 200 46290 "https://example.com/" "Mozilla/5.0 (Macintosh; Intel Mac OS X 10_15_7) AppleWebKit/537.36"
192.168.1.100 - - [02/May/2026:08:16:14 +0000] "GET /index.html HTTP/1.1" 200 20585 "https://example.com/" "Mozilla/5.0 (Macintosh; Intel Mac OS X 10_15_7) AppleWebKit/537.36"
192.168.1.102 - - [02/May/2026:08:12:41 +0000] "GET /images/logo.png HTTP/1.1" 200 36572 "https://example.com/" "Mozilla/5.0 (X11; Linux x86_64) AppleWebKit/537.36"
10.0.1.100 - - [02/May/2026:08:21:38 +0000] "GET /admin/login HTTP/1.1" 200 15546 "https://example.com/" "Mozilla/5.0 (Macintosh; Intel Mac OS X 10_15_7) AppleWebKit/537.36"
10.0.0.50 - - [02/May/2026:08:32:37 +0000] "GET /api/orders HTTP/1.1" 201 26246 "https://example.com/" "Mozilla/5.0 (X11; Linux x86_64) AppleWebKit/537.36"
198.51.100.23 - - [02/May/2026:08:53:25 +0000] "GET /api/users HTTP/1.1" 200 11340 "https://example.com/" "curl/7.68.0"
10.0.1.100 - - [02/May/2026:08:54:47 +0000] "GET / HTTP/1.1" 200 30429 "https://example.com/" "Mozilla/5.0 (Macintosh; Intel Mac OS X 10_15_7) AppleWebKit/537.36"
10.0.1.100 - - [02/May/2026:09:09:11 +0000] "GET /index.html HTTP/1.1" 200 19210 "https://example.com/" "curl/7.68.0"
93.184.216.34 - - [02/May/2026:09:10:57 +0000] "PATCH /index.html HTTP/1.1" 200 769 "https://example.com/" "Mozilla/5.0 (Macintosh; Intel Mac OS X 10_15_7) AppleWebKit/537.36"
10.0.0.50 - - [02/May/2026:09:08:32 +0000] "GET / HTTP/1.1" 200 27686 "https://example.com/" "Python-urllib/3.8"
10.0.0.51 - - [02/May/2026:09:29:54 +0000] "POST /static/js/app.js HTTP/1.1" 200 2820 "-" "Mozilla/5.0 (X11; Linux x86_64) AppleWebKit/537.36"
192.168.1.102 - - [02/May/2026:09:43:04 +0000] "GET /index.html HTTP/1.1" 200 31185 "-" "Mozilla/5.0 (Macintosh; Intel Mac OS X 10_15_7) AppleWebKit/537.36"
198.51.100.23 - - [02/May/2026:09:36:39 +0000] "GET /index.html HTTP/1.1" 200 48226 "-" "curl/7.68.0"
203.0.113.45 - - [02/May/2026:10:01:59 +0000] "POST /static/js/app.js HTTP/1.1" 200 2164 "https://example.com/" "Mozilla/5.0 (Macintosh; Intel Mac OS X 10_15_7) AppleWebKit/537.36"
93.184.216.34 - - [02/May/2026:09:58:59 +0000] "GET /admin/login HTTP/1.1" 389 1777 "https://example.com/" "curl/7.68.0"
172.16.0.20 - - [02/May/2026:10:01:22 +0000] "GET /index.html HTTP/1.1" 200 28276 "-" "Mozilla/5.0 (Macintosh; Intel Mac OS X 10_15_7) AppleWebKit/537.36"
172.16.0.10 - - [02/May/2026:10:26:48 +0000] "DELETE /api/users HTTP/1.1" 200 41608 "https://example.com/" "curl/7.68.0"
172.16.0.20 - - [02/May/2026:10:34:05 +0000] "GET /api/products HTTP/1.1" 200 30348 "-" "Python-urllib/3.8"
93.184.216.34 - - [02/May/2026:10:29:50 +0000] "POST /index.html HTTP/1.1" 200 15737 "https://example.com/" "curl/7.68.0"
172.16.0.20 - - [02/May/2026:10:35:47 +0000] "GET /index.html HTTP/1.1" 200 41063 "https://example.com/" "curl/7.68.0"
10.0.0.51 - - [02/May/2026:10:55:39 +0000] "GET /static/js/app.js HTTP/1.1" 200 5316 "https://example.com/" "Mozilla/5.0 (X11; Linux x86_64) AppleWebKit/537.36"
192.168.1.101 - - [02/May/2026:11:04:03 +0000] "POST /images/logo.png HTTP/1.1" 200 18679 "https://example.com/" "curl/7.68.0"
203.0.113.45 - - [02/May/2026:11:20:16 +0000] "POST /static/css/style.css HTTP/1.1" 200 38670 "-" "curl/7.68.0"
198.51.100.23 - - [02/May/2026:11:18:34 +0000] "PUT /index.html HTTP/1.1" 200 20820 "https://example.com/" "Mozilla/5.0 (Windows NT 10.0; Win64; x64) AppleWebKit/537.36"
93.184.216.34 - - [02/May/2026:11:25:57 +0000] "POST /api/products HTTP/1.1" 200 1325 "https://example.com/" "Python-urllib/3.8"
10.0.1.100 - - [02/May/2026:11:33:05 +0000] "GET /api/search HTTP/1.1" 200 13396 "https://example.com/" "Python-urllib/3.8"
172.16.0.10 - - [02/May/2026:11:38:58 +0000] "GET /static/js/app.js HTTP/1.1" 200 38326 "https://example.com/" "Python-urllib/3.8"
192.168.1.102 - - [02/May/2026:11:56:16 +0000] "GET /admin/login HTTP/1.1" 318 15033 "-" "Python-urllib/3.8"
192.168.1.100 - - [02/May/2026:11:57:07 +0000] "GET /api/users HTTP/1.1" 200 46425 "https://example.com/" "Mozilla/5.0 (Windows NT 10.0; Win64; x64) AppleWebKit/537.36"
172.16.0.10 - - [02/May/2026:12:01:07 +0000] "GET /index.html HTTP/1.1" 200 28718 "-" "Mozilla/5.0 (Windows NT 10.0; Win64; x64) AppleWebKit/537.36"
198.51.100.23 - - [02/May/2026:12:23:23 +0000] "GET /index.html HTTP/1.1" 200 44896 "-" "Mozilla/5.0 (Windows NT 10.0; Win64; x64) AppleWebKit/537.36"
10.0.1.100 - - [02/May/2026:12:18:59 +0000] "GET /api/products HTTP/1.1" 200 23864 "-" "Python-urllib/3.8"
192.168.1.101 - - [02/May/2026:12:31:10 +0000] "GET /static/css/style.css HTTP/1.1" 200 2638 "-" "Python-urllib/3.8"
192.168.1.102 - - [02/May/2026:12:35:54 +0000] "GET / HTTP/1.1" 200 36287 "https://example.com/" "Mozilla/5.0 (Windows NT 10.0; Win64; x64) AppleWebKit/537.36"
172.16.0.10 - - [02/May/2026:13:03:34 +0000] "GET /api/products HTTP/1.1" 200 33193 "https://example.com/" "Python-urllib/3.8"
198.51.100.23 - - [02/May/2026:13:04:25 +0000] "PUT /static/js/app.js HTTP/1.1" 200 36012 "https://example.com/" "Mozilla/5.0 (X11; Linux x86_64) AppleWebKit/537.36"
93.184.216.34 - - [02/May/2026:13:15:23 +0000] "GET /api/products HTTP/1.1" 200 39318 "https://example.com/" "Mozilla/5.0 (Windows NT 10.0; Win64; x64) AppleWebKit/537.36"
172.16.0.10 - - [02/May/2026:13:18:40 +0000] "GET /static/css/style.css HTTP/1.1" 200 36240 "https://example.com/" "Python-urllib/3.8"
10.0.0.51 - - [02/May/2026:13:36:50 +0000] "PUT /static/css/style.css HTTP/1.1" 200 10728 "https://example.com/" "Mozilla/5.0 (Windows NT 10.0; Win64; x64) AppleWebKit/537.36"
198.51.100.23 - - [02/May/2026:13:42:50 +0000] "GET /index.html HTTP/1.1" 200 38378 "https://example.com/" "Python-urllib/3.8"
10.0.0.51 - - [02/May/2026:13:51:51 +0000] "GET / HTTP/1.1" 200 18574 "https://example.com/" "Mozilla/5.0 (Windows NT 10.0; Win64; x64) AppleWebKit/537.36"
192.168.1.102 - - [02/May/2026:13:52:11 +0000] "POST /images/logo.png HTTP/1.1" 200 18911 "https://example.com/" "curl/7.68.0"
192.168.1.102 - - [02/May/2026:13:55:07 +0000] "POST /admin/login HTTP/1.1" 361 31768 "-" "curl/7.68.0"
10.0.1.100 - - [02/May/2026:14:05:58 +0000] "PUT / HTTP/1.1" 200 15007 "https://example.com/" "Mozilla/5.0 (Macintosh; Intel Mac OS X 10_15_7) AppleWebKit/537.36"
172.16.0.10 - - [02/May/2026:14:15:04 +0000] "GET /admin/login HTTP/1.1" 381 46276 "https://example.com/" "Mozilla/5.0 (X11; Linux x86_64) AppleWebKit/537.36"
10.0.1.100 - - [02/May/2026:14:27:23 +0000] "GET / HTTP/1.1" 200 36725 "https://example.com/" "curl/7.68.0"
93.184.216.34 - - [02/May/2026:14:34:45 +0000] "DELETE /api/users HTTP/1.1" 200 49166 "https://example.com/" "Mozilla/5.0 (X11; Linux x86_64) AppleWebKit/537.36"
203.0.113.45 - - [02/May/2026:14:42:17 +0000] "POST /index.html HTTP/1.1" 200 18951 "https://example.com/" "Mozilla/5.0 (X11; Linux x86_64) AppleWebKit/537.36"
192.168.1.100 - - [02/May/2026:14:49:32 +0000] "GET /index.html HTTP/1.1" 200 44228 "-" "Python-urllib/3.8"
192.168.1.101 - - [02/May/2026:15:11:29 +0000] "GET /static/js/app.js HTTP/1.1" 200 41360 "-" "Mozilla/5.0 (Macintosh; Intel Mac OS X 10_15_7) AppleWebKit/537.36"
192.168.1.101 - - [02/May/2026:15:06:30 +0000] "GET /static/css/style.css HTTP/1.1" 200 27573 "-" "curl/7.68.0"
10.0.0.51 - - [02/May/2026:15:13:29 +0000] "GET /api/users HTTP/1.1" 200 45532 "https://example.com/" "Python-urllib/3.8"
198.51.100.23 - - [02/May/2026:15:37:03 +0000] "GET /api/search HTTP/1.1" 200 38270 "https://example.com/" "curl/7.68.0"
10.0.0.51 - - [02/May/2026:15:32:37 +0000] "GET /api/products HTTP/1.1" 200 42916 "-" "Python-urllib/3.8"
93.184.216.34 - - [02/May/2026:15:51:41 +0000] "DELETE /admin/login HTTP/1.1" 233 48584 "https://example.com/" "Mozilla/5.0 (Macintosh; Intel Mac OS X 10_15_7) AppleWebKit/537.36"
10.0.0.51 - - [02/May/2026:15:47:43 +0000] "PATCH /api/users HTTP/1.1" 200 30127 "-" "Mozilla/5.0 (Macintosh; Intel Mac OS X 10_15_7) AppleWebKit/537.36"
172.16.0.20 - - [02/May/2026:16:07:43 +0000] "GET /static/js/app.js HTTP/1.1" 200 19859 "https://example.com/" "Mozilla/5.0 (X11; Linux x86_64) AppleWebKit/537.36"
192.168.1.101 - - [02/May/2026:16:05:09 +0000] "GET /api/products HTTP/1.1" 200 1344 "https://example.com/" "Python-urllib/3.8"
10.0.1.100 - - [02/May/2026:16:31:13 +0000] "GET /images/logo.png HTTP/1.1" 200 6722 "https://example.com/" "curl/7.68.0"
203.0.113.45 - - [02/May/2026:16:24:36 +0000] "GET /api/users HTTP/1.1" 200 49574 "https://example.com/" "Python-urllib/3.8"
192.168.1.100 - - [02/May/2026:16:33:57 +0000] "PATCH /api/products HTTP/1.1" 200 37484 "https://example.com/" "Mozilla/5.0 (Macintosh; Intel Mac OS X 10_15_7) AppleWebKit/537.36"
192.168.1.100 - - [02/May/2026:16:42:29 +0000] "POST / HTTP/1.1" 200 20979 "-" "curl/7.68.0"
198.51.100.23 - - [02/May/2026:16:54:08 +0000] "GET /images/logo.png HTTP/1.1" 200 39290 "https://example.com/" "Python-urllib/3.8"
203.0.113.45 - - [02/May/2026:16:57:35 +0000] "GET /static/css/style.css HTTP/1.1" 200 9016 "https://example.com/" "curl/7.68.0"
172.16.0.20 - - [02/May/2026:17:09:11 +0000] "GET /api/users HTTP/1.1" 200 11265 "https://example.com/" "Mozilla/5.0 (Windows NT 10.0; Win64; x64) AppleWebKit/537.36"
10.0.1.100 - - [02/May/2026:17:20:29 +0000] "GET /index.html HTTP/1.1" 200 37309 "https://example.com/" "Mozilla/5.0 (Windows NT 10.0; Win64; x64) AppleWebKit/537.36"
192.168.1.100 - - [02/May/2026:17:28:06 +0000] "GET /api/users HTTP/1.1" 200 23231 "https://example.com/" "Mozilla/5.0 (Windows NT 10.0; Win64; x64) AppleWebKit/537.36"
192.168.1.100 - - [02/May/2026:17:40:37 +0000] "GET /index.html HTTP/1.1" 200 45424 "https://example.com/" "Mozilla/5.0 (Macintosh; Intel Mac OS X 10_15_7) AppleWebKit/537.36"
198.51.100.23 - - [02/May/2026:17:54:35 +0000] "GET /index.html HTTP/1.1" 200 28712 "https://example.com/" "Python-urllib/3.8"
93.184.216.34 - - [02/May/2026:17:56:18 +0000] "POST /static/css/style.css HTTP/1.1" 200 27155 "-" "Mozilla/5.0 (Macintosh; Intel Mac OS X 10_15_7) AppleWebKit/537.36"
10.0.0.51 - - [02/May/2026:17:58:56 +0000] "GET /index.html HTTP/1.1" 200 11978 "-" "Mozilla/5.0 (Windows NT 10.0; Win64; x64) AppleWebKit/537.36"
192.168.1.100 - - [02/May/2026:18:19:59 +0000] "DELETE / HTTP/1.1" 200 27236 "-" "Mozilla/5.0 (Windows NT 10.0; Win64; x64) AppleWebKit/537.36"
192.168.1.100 - - [02/May/2026:18:26:56 +0000] "POST / HTTP/1.1" 200 45023 "https://example.com/" "Python-urllib/3.8"
192.168.1.100 - - [02/May/2026:18:40:10 +0000] "GET /api/users HTTP/1.1" 200 35357 "-" "Mozilla/5.0 (Windows NT 10.0; Win64; x64) AppleWebKit/537.36"
172.16.0.20 - - [02/May/2026:18:34:17 +0000] "GET /images/logo.png HTTP/1.1" 200 18300 "https://example.com/" "Python-urllib/3.8"
192.168.1.101 - - [02/May/2026:18:45:42 +0000] "GET /static/css/style.css HTTP/1.1" 200 37701 "-" "Mozilla/5.0 (Windows NT 10.0; Win64; x64) AppleWebKit/537.36"
192.168.1.100 - - [02/May/2026:19:06:07 +0000] "GET /api/search HTTP/1.1" 200 38494 "https://example.com/" "Mozilla/5.0 (Windows NT 10.0; Win64; x64) AppleWebKit/537.36"
172.16.0.10 - - [02/May/2026:19:04:25 +0000] "GET / HTTP/1.1" 200 42276 "-" "curl/7.68.0"
93.184.216.34 - - [02/May/2026:19:07:32 +0000] "GET /index.html HTTP/1.1" 200 36553 "-" "Mozilla/5.0 (Macintosh; Intel Mac OS X 10_15_7) AppleWebKit/537.36"
192.168.1.101 - - [02/May/2026:19:29:51 +0000] "GET /api/users HTTP/1.1" 200 10688 "https://example.com/" "curl/7.68.0"
93.184.216.34 - - [02/May/2026:19:30:45 +0000] "GET / HTTP/1.1" 200 18213 "-" "Mozilla/5.0 (X11; Linux x86_64) AppleWebKit/537.36"
172.16.0.20 - - [02/May/2026:19:38:49 +0000] "POST /api/products HTTP/1.1" 200 48585 "https://example.com/" "Mozilla/5.0 (X11; Linux x86_64) AppleWebKit/537.36"
198.51.100.23 - - [02/May/2026:19:42:33 +0000] "GET / HTTP/1.1" 200 41362 "https://example.com/" "Python-urllib/3.8"
10.0.0.50 - - [02/May/2026:20:02:06 +0000] "POST /index.html HTTP/1.1" 200 12904 "https://example.com/" "curl/7.68.0"
172.16.0.10 - - [02/May/2026:19:59:29 +0000] "PUT /index.html HTTP/1.1" 200 23663 "https://example.com/" "Mozilla/5.0 (X11; Linux x86_64) AppleWebKit/537.36"
10.0.0.50 - - [02/May/2026:20:05:24 +0000] "GET /api/orders HTTP/1.1" 200 31635 "https://example.com/" "Mozilla/5.0 (Windows NT 10.0; Win64; x64) AppleWebKit/537.36"
172.16.0.20 - - [02/May/2026:20:20:33 +0000] "POST /api/users HTTP/1.1" 200 35455 "https://example.com/" "Mozilla/5.0 (X11; Linux x86_64) AppleWebKit/537.36"
10.0.0.51 - - [02/May/2026:20:26:01 +0000] "DELETE /static/css/style.css HTTP/1.1" 200 30306 "https://example.com/" "Mozilla/5.0 (Macintosh; Intel Mac OS X 10_15_7) AppleWebKit/537.36"
192.168.1.100 - - [02/May/2026:20:33:35 +0000] "GET /static/js/app.js HTTP/1.1" 200 38431 "-" "Python-urllib/3.8"
203.0.113.45 - - [02/May/2026:20:45:07 +0000] "GET /api/products HTTP/1.1" 200 22049 "-" "Mozilla/5.0 (X11; Linux x86_64) AppleWebKit/537.36"
192.168.1.100 - - [02/May/2026:20:52:04 +0000] "GET /api/orders HTTP/1.1" 200 12313 "-" "Mozilla/5.0 (Macintosh; Intel Mac OS X 10_15_7) AppleWebKit/537.36"
10.0.0.51 - - [02/May/2026:21:15:42 +0000] "GET /static/css/style.css HTTP/1.1" 200 6451 "https://example.com/" "Mozilla/5.0 (X11; Linux x86_64) AppleWebKit/537.36"
192.168.1.101 - - [02/May/2026:21:16:38 +0000] "POST /api/search HTTP/1.1" 200 42115 "https://example.com/" "Python-urllib/3.8"
198.51.100.23 - - [02/May/2026:21:24:52 +0000] "GET /index.html HTTP/1.1" 200 32753 "https://example.com/" "curl/7.68.0"
10.0.0.50 - - [02/May/2026:21:34:26 +0000] "POST /images/logo.png HTTP/1.1" 200 45969 "-" "Python-urllib/3.8"
203.0.113.45 - - [02/May/2026:21:46:02 +0000] "GET /static/css/style.css HTTP/1.1" 200 15321 "-" "Mozilla/5.0 (X11; Linux x86_64) AppleWebKit/537.36"
192.168.1.101 - - [02/May/2026:21:58:42 +0000] "GET /static/css/style.css HTTP/1.1" 200 9000 "https://example.com/" "curl/7.68.0"
203.0.113.45 - - [02/May/2026:22:03:51 +0000] "GET /api/users HTTP/1.1" 200 8683 "https://example.com/" "Mozilla/5.0 (X11; Linux x86_64) AppleWebKit/537.36"
10.0.1.100 - - [02/May/2026:22:11:12 +0000] "POST /index.html HTTP/1.1" 200 3360 "https://example.com/" "Python-urllib/3.8"
10.0.0.51 - - [02/May/2026:22:24:42 +0000] "GET /api/internal HTTP/1.1" 503 287 "https://example.com/" "Python-urllib/3.8"
10.0.1.100 - - [02/May/2026:22:28:06 +0000] "POST /api/products HTTP/1.1" 200 26822 "https://example.com/" "Mozilla/5.0 (X11; Linux x86_64) AppleWebKit/537.36"
172.16.0.20 - - [02/May/2026:22:41:40 +0000] "GET /admin/login HTTP/1.1" 334 48137 "-" "Mozilla/5.0 (X11; Linux x86_64) AppleWebKit/537.36"
192.168.1.102 - - [02/May/2026:22:41:56 +0000] "GET / HTTP/1.1" 200 14323 "-" "Mozilla/5.0 (X11; Linux x86_64) AppleWebKit/537.36"
198.51.100.23 - - [02/May/2026:22:51:11 +0000] "GET / HTTP/1.1" 200 40466 "-" "Mozilla/5.0 (Macintosh; Intel Mac OS X 10_15_7) AppleWebKit/537.36"
10.0.0.50 - - [02/May/2026:23:06:37 +0000] "GET /static/js/app.js HTTP/1.1" 200 4893 "-" "Python-urllib/3.8"
192.168.1.102 - - [02/May/2026:23:07:59 +0000] "GET /admin/login HTTP/1.1" 270 8608 "https://example.com/" "Mozilla/5.0 (Windows NT 10.0; Win64; x64) AppleWebKit/537.36"
192.168.1.101 - - [02/May/2026:23:07:09 +0000] "GET / HTTP/1.1" 200 10932 "https://example.com/" "curl/7.68.0"
10.0.0.51 - - [02/May/2026:23:17:34 +0000] "PUT /static/js/app.js HTTP/1.1" 200 8105 "https://example.com/" "Mozilla/5.0 (X11; Linux x86_64) AppleWebKit/537.36"
10.0.0.50 - - [02/May/2026:23:33:18 +0000] "POST /api/search HTTP/1.1" 200 46714 "https://example.com/" "curl/7.68.0"
10.0.0.50 - - [02/May/2026:23:38:35 +0000] "GET / HTTP/1.1" 200 25646 "https://example.com/" "Mozilla/5.0 (X11; Linux x86_64) AppleWebKit/537.36"
172.16.0.10 - - [02/May/2026:23:41:02 +0000] "GET / HTTP/1.1" 200 27174 "-" "Python-urllib/3.8"
198.51.100.23 - - [03/May/2026:00:00:32 +0000] "POST /api/orders HTTP/1.1" 201 44867 "https://example.com/" "Python-urllib/3.8"
10.0.0.51 - - [03/May/2026:00:01:54 +0000] "POST /static/css/style.css HTTP/1.1" 200 35121 "-" "curl/7.68.0"
10.0.1.100 - - [03/May/2026:00:23:52 +0000] "GET /api/orders HTTP/1.1" 200 13864 "https://example.com/" "Mozilla/5.0 (Macintosh; Intel Mac OS X 10_15_7) AppleWebKit/537.36"
192.168.1.100 - - [03/May/2026:00:31:23 +0000] "GET /index.html HTTP/1.1" 200 41872 "https://example.com/" "Python-urllib/3.8"
172.16.0.20 - - [03/May/2026:00:40:50 +0000] "GET / HTTP/1.1" 200 41992 "-" "Mozilla/5.0 (Windows NT 10.0; Win64; x64) AppleWebKit/537.36"
10.0.0.51 - - [03/May/2026:00:47:07 +0000] "GET / HTTP/1.1" 200 30096 "-" "curl/7.68.0"
192.168.1.101 - - [03/May/2026:00:57:30 +0000] "GET /static/css/style.css HTTP/1.1" 200 19049 "https://example.com/" "Mozilla/5.0 (Windows NT 10.0; Win64; x64) AppleWebKit/537.36"
192.168.1.101 - - [03/May/2026:01:01:56 +0000] "DELETE /images/logo.png HTTP/1.1" 200 4895 "https://example.com/" "Mozilla/5.0 (X11; Linux x86_64) AppleWebKit/537.36"
192.168.1.102 - - [03/May/2026:01:14:49 +0000] "GET /api/search HTTP/1.1" 200 41186 "https://example.com/" "curl/7.68.0"
10.0.1.100 - - [03/May/2026:01:16:58 +0000] "PATCH /api/search HTTP/1.1" 200 13086 "https://example.com/" "Mozilla/5.0 (Windows NT 10.0; Win64; x64) AppleWebKit/537.36"
198.51.100.23 - - [03/May/2026:01:31:32 +0000] "POST /images/logo.png HTTP/1.1" 200 2495 "https://example.com/" "Python-urllib/3.8"
10.0.1.100 - - [03/May/2026:01:27:00 +0000] "POST / HTTP/1.1" 200 7178 "https://example.com/" "curl/7.68.0"
93.184.216.34 - - [03/May/2026:01:37:00 +0000] "GET /index.html HTTP/1.1" 200 38531 "https://example.com/" "Python-urllib/3.8"
203.0.113.45 - - [03/May/2026:01:46:22 +0000] "GET /images/logo.png HTTP/1.1" 200 15679 "https://example.com/" "Mozilla/5.0 (Macintosh; Intel Mac OS X 10_15_7) AppleWebKit/537.36"
192.168.1.102 - - [03/May/2026:02:06:37 +0000] "GET /index.html HTTP/1.1" 200 47952 "https://example.com/" "Mozilla/5.0 (Macintosh; Intel Mac OS X 10_15_7) AppleWebKit/537.36"
10.0.1.100 - - [03/May/2026:02:09:10 +0000] "GET /static/js/app.js HTTP/1.1" 200 37462 "https://example.com/" "curl/7.68.0"
10.0.0.50 - - [03/May/2026:02:21:00 +0000] "POST /static/css/style.css HTTP/1.1" 200 6832 "https://example.com/" "Mozilla/5.0 (Macintosh; Intel Mac OS X 10_15_7) AppleWebKit/537.36"
10.0.0.51 - - [03/May/2026:02:28:22 +0000] "POST /api/products HTTP/1.1" 200 12076 "-" "Mozilla/5.0 (Windows NT 10.0; Win64; x64) AppleWebKit/537.36"
203.0.113.45 - - [03/May/2026:02:37:40 +0000] "GET /static/js/app.js HTTP/1.1" 200 558 "-" "Python-urllib/3.8"
203.0.113.45 - - [03/May/2026:02:38:54 +0000] "POST / HTTP/1.1" 200 16863 "https://example.com/" "Python-urllib/3.8"
172.16.0.10 - - [03/May/2026:02:56:59 +0000] "GET / HTTP/1.1" 200 24544 "https://example.com/" "Mozilla/5.0 (Macintosh; Intel Mac OS X 10_15_7) AppleWebKit/537.36"
10.0.0.50 - - [03/May/2026:03:09:48 +0000] "GET / HTTP/1.1" 200 17226 "-" "Mozilla/5.0 (Macintosh; Intel Mac OS X 10_15_7) AppleWebKit/537.36"
172.16.0.10 - - [03/May/2026:03:18:01 +0000] "GET /api/search HTTP/1.1" 200 17508 "https://example.com/" "Mozilla/5.0 (Macintosh; Intel Mac OS X 10_15_7) AppleWebKit/537.36"
203.0.113.45 - - [03/May/2026:03:19:23 +0000] "GET /static/css/style.css HTTP/1.1" 200 28324 "-" "Mozilla/5.0 (Macintosh; Intel Mac OS X 10_15_7) AppleWebKit/537.36"
10.0.0.50 - - [03/May/2026:03:26:43 +0000] "GET /api/users HTTP/1.1" 200 5873 "https://example.com/" "Mozilla/5.0 (X11; Linux x86_64) AppleWebKit/537.36"
10.0.0.50 - - [03/May/2026:03:29:11 +0000] "GET /images/logo.png HTTP/1.1" 200 39442 "-" "Mozilla/5.0 (Windows NT 10.0; Win64; x64) AppleWebKit/537.36"
203.0.113.45 - - [03/May/2026:03:47:52 +0000] "POST / HTTP/1.1" 200 11263 "https://example.com/" "Mozilla/5.0 (X11; Linux x86_64) AppleWebKit/537.36"
172.16.0.20 - - [03/May/2026:03:51:34 +0000] "GET /api/search HTTP/1.1" 200 40859 "https://example.com/" "Python-urllib/3.8"
172.16.0.10 - - [03/May/2026:03:53:44 +0000] "GET /static/js/app.js HTTP/1.1" 200 29831 "-" "Mozilla/5.0 (Windows NT 10.0; Win64; x64) AppleWebKit/537.36"
192.168.1.100 - - [03/May/2026:04:05:12 +0000] "POST /api/products HTTP/1.1" 200 42151 "-" "Mozilla/5.0 (X11; Linux x86_64) AppleWebKit/537.36"
10.0.1.100 - - [03/May/2026:04:17:52 +0000] "GET /api/products HTTP/1.1" 200 32123 "-" "Mozilla/5.0 (X11; Linux x86_64) AppleWebKit/537.36"
93.184.216.34 - - [03/May/2026:04:36:22 +0000] "GET /api/users HTTP/1.1" 200 43420 "https://example.com/" "Python-urllib/3.8"
172.16.0.10 - - [03/May/2026:04:39:54 +0000] "GET / HTTP/1.1" 200 31348 "https://example.com/" "Mozilla/5.0 (Windows NT 10.0; Win64; x64) AppleWebKit/537.36"
192.168.1.102 - - [03/May/2026:04:44:20 +0000] "POST /static/js/app.js HTTP/1.1" 200 29269 "https://example.com/" "curl/7.68.0"
93.184.216.34 - - [03/May/2026:04:56:12 +0000] "GET /api/users HTTP/1.1" 200 28932 "-" "Mozilla/5.0 (Windows NT 10.0; Win64; x64) AppleWebKit/537.36"
172.16.0.10 - - [03/May/2026:04:52:05 +0000] "POST / HTTP/1.1" 200 30366 "https://example.com/" "curl/7.68.0"
10.0.1.100 - - [03/May/2026:05:06:14 +0000] "GET /api/users HTTP/1.1" 200 15953 "-" "Mozilla/5.0 (X11; Linux x86_64) AppleWebKit/537.36"
10.0.1.100 - - [03/May/2026:05:27:36 +0000] "GET /api/products HTTP/1.1" 200 19305 "https://example.com/" "Mozilla/5.0 (Macintosh; Intel Mac OS X 10_15_7) AppleWebKit/537.36"
93.184.216.34 - - [03/May/2026:05:36:39 +0000] "POST /api/users HTTP/1.1" 200 10421 "https://example.com/" "Mozilla/5.0 (X11; Linux x86_64) AppleWebKit/537.36"
192.168.1.100 - - [03/May/2026:05:39:05 +0000] "GET /static/css/style.css HTTP/1.1" 200 14789 "https://example.com/" "Mozilla/5.0 (Macintosh; Intel Mac OS X 10_15_7) AppleWebKit/537.36"
192.168.1.102 - - [03/May/2026:05:37:45 +0000] "GET /static/js/app.js HTTP/1.1" 200 48454 "https://example.com/" "Mozilla/5.0 (Windows NT 10.0; Win64; x64) AppleWebKit/537.36"
172.16.0.10 - - [03/May/2026:05:53:07 +0000] "GET /images/logo.png HTTP/1.1" 200 28377 "-" "Mozilla/5.0 (Windows NT 10.0; Win64; x64) AppleWebKit/537.36"
192.168.1.102 - - [03/May/2026:05:57:09 +0000] "GET /static/js/app.js HTTP/1.1" 200 13391 "https://example.com/" "Mozilla/5.0 (Macintosh; Intel Mac OS X 10_15_7) AppleWebKit/537.36"
172.16.0.10 - - [03/May/2026:06:14:37 +0000] "GET /static/js/app.js HTTP/1.1" 200 42203 "-" "Mozilla/5.0 (Macintosh; Intel Mac OS X 10_15_7) AppleWebKit/537.36"
10.0.1.100 - - [03/May/2026:06:28:48 +0000] "PUT /static/js/app.js HTTP/1.1" 200 35851 "https://example.com/" "Python-urllib/3.8"
10.0.0.50 - - [03/May/2026:06:20:08 +0000] "GET /api/internal HTTP/1.1" 503 214 "https://example.com/" "curl/7.68.0"
10.0.1.100 - - [03/May/2026:06:33:39 +0000] "GET /static/css/style.css HTTP/1.1" 200 20539 "-" "Mozilla/5.0 (Windows NT 10.0; Win64; x64) AppleWebKit/537.36"
10.0.0.50 - - [03/May/2026:06:47:01 +0000] "GET /static/js/app.js HTTP/1.1" 200 36125 "https://example.com/" "Mozilla/5.0 (Macintosh; Intel Mac OS X 10_15_7) AppleWebKit/537.36"
192.168.1.100 - - [03/May/2026:06:50:30 +0000] "POST / HTTP/1.1" 200 41260 "https://example.com/" "curl/7.68.0"
10.0.1.100 - - [03/May/2026:07:08:20 +0000] "GET / HTTP/1.1" 200 10540 "-" "Mozilla/5.0 (Windows NT 10.0; Win64; x64) AppleWebKit/537.36"
192.168.1.102 - - [03/May/2026:07:05:00 +0000] "GET / HTTP/1.1" 200 8400 "https://example.com/" "curl/7.68.0"
10.0.0.50 - - [03/May/2026:07:15:03 +0000] "GET /images/logo.png HTTP/1.1" 200 12760 "https://example.com/" "curl/7.68.0"
172.16.0.10 - - [03/May/2026:07:23:37 +0000] "DELETE /index.html HTTP/1.1" 200 47070 "-" "Mozilla/5.0 (X11; Linux x86_64) AppleWebKit/537.36"
192.168.1.101 - - [03/May/2026:07:42:59 +0000] "GET /index.html HTTP/1.1" 200 36044 "-" "Python-urllib/3.8"
10.0.0.51 - - [03/May/2026:07:49:12 +0000] "GET /static/css/style.css HTTP/1.1" 200 22347 "https://example.com/" "Mozilla/5.0 (Macintosh; Intel Mac OS X 10_15_7) AppleWebKit/537.36"
172.16.0.10 - - [03/May/2026:07:59:45 +0000] "GET /index.html HTTP/1.1" 200 4183 "https://example.com/" "Mozilla/5.0 (Macintosh; Intel Mac OS X 10_15_7) AppleWebKit/537.36"
10.0.0.51 - - [03/May/2026:08:11:40 +0000] "POST /static/css/style.css HTTP/1.1" 200 13405 "https://example.com/" "Mozilla/5.0 (Windows NT 10.0; Win64; x64) AppleWebKit/537.36"
198.51.100.23 - - [03/May/2026:08:19:10 +0000] "POST /api/search HTTP/1.1" 200 48014 "https://example.com/" "Mozilla/5.0 (Windows NT 10.0; Win64; x64) AppleWebKit/537.36"
203.0.113.45 - - [03/May/2026:08:21:39 +0000] "PUT /images/logo.png HTTP/1.1" 200 45068 "https://example.com/" "Mozilla/5.0 (Macintosh; Intel Mac OS X 10_15_7) AppleWebKit/537.36"
198.51.100.23 - - [03/May/2026:08:26:15 +0000] "GET /api/users HTTP/1.1" 200 5394 "https://example.com/" "curl/7.68.0"
172.16.0.20 - - [03/May/2026:08:36:48 +0000] "GET /api/products HTTP/1.1" 200 20981 "https://example.com/" "curl/7.68.0"
192.168.1.101 - - [03/May/2026:08:52:15 +0000] "GET /static/css/style.css HTTP/1.1" 200 38120 "https://example.com/" "Mozilla/5.0 (X11; Linux x86_64) AppleWebKit/537.36"
172.16.0.20 - - [03/May/2026:09:04:10 +0000] "GET /api/users HTTP/1.1" 200 38291 "https://example.com/" "Mozilla/5.0 (X11; Linux x86_64) AppleWebKit/537.36"
198.51.100.23 - - [03/May/2026:09:06:32 +0000] "POST /static/css/style.css HTTP/1.1" 200 3512 "https://example.com/" "Python-urllib/3.8"
93.184.216.34 - - [03/May/2026:09:20:59 +0000] "DELETE /static/js/app.js HTTP/1.1" 200 46505 "https://example.com/" "Python-urllib/3.8"
192.168.1.100 - - [03/May/2026:09:11:48 +0000] "GET /images/logo.png HTTP/1.1" 200 24538 "https://example.com/" "Mozilla/5.0 (Macintosh; Intel Mac OS X 10_15_7) AppleWebKit/537.36"
10.0.0.50 - - [03/May/2026:09:33:18 +0000] "GET /static/css/style.css HTTP/1.1" 200 39695 "https://example.com/" "Mozilla/5.0 (Windows NT 10.0; Win64; x64) AppleWebKit/537.36"
10.0.0.50 - - [03/May/2026:09:38:13 +0000] "POST /index.html HTTP/1.1" 200 17729 "-" "Python-urllib/3.8"
192.168.1.102 - - [03/May/2026:09:54:26 +0000] "GET /admin/login HTTP/1.1" 224 49507 "https://example.com/" "Mozilla/5.0 (X11; Linux x86_64) AppleWebKit/537.36"
192.168.1.100 - - [03/May/2026:09:52:03 +0000] "GET /index.html HTTP/1.1" 200 44427 "-" "Mozilla/5.0 (Windows NT 10.0; Win64; x64) AppleWebKit/537.36"
192.168.1.100 - - [03/May/2026:10:06:06 +0000] "GET /api/orders HTTP/1.1" 201 12646 "https://example.com/" "Mozilla/5.0 (X11; Linux x86_64) AppleWebKit/537.36"
10.0.1.100 - - [03/May/2026:10:18:41 +0000] "GET /static/js/app.js HTTP/1.1" 200 37936 "-" "curl/7.68.0"
192.168.1.102 - - [03/May/2026:10:16:47 +0000] "GET /static/js/app.js HTTP/1.1" 200 16380 "-" "Mozilla/5.0 (X11; Linux x86_64) AppleWebKit/537.36"
172.16.0.20 - - [03/May/2026:10:39:47 +0000] "GET /admin/login HTTP/1.1" 380 4506 "-" "Mozilla/5.0 (X11; Linux x86_64) AppleWebKit/537.36"
192.168.1.100 - - [03/May/2026:10:39:41 +0000] "POST / HTTP/1.1" 200 33915 "-" "curl/7.68.0"
198.51.100.23 - - [03/May/2026:10:53:41 +0000] "GET /admin/login HTTP/1.1" 232 15311 "https://example.com/" "Mozilla/5.0 (Windows NT 10.0; Win64; x64) AppleWebKit/537.36"
10.0.0.51 - - [03/May/2026:11:03:46 +0000] "POST /static/css/style.css HTTP/1.1" 200 26474 "-" "Python-urllib/3.8"
192.168.1.100 - - [03/May/2026:11:10:44 +0000] "GET /api/products HTTP/1.1" 200 23603 "-" "Mozilla/5.0 (Windows NT 10.0; Win64; x64) AppleWebKit/537.36"
172.16.0.10 - - [03/May/2026:11:14:26 +0000] "GET /index.html HTTP/1.1" 200 42018 "https://example.com/" "Python-urllib/3.8"
10.0.0.51 - - [03/May/2026:11:12:59 +0000] "GET /static/css/style.css HTTP/1.1" 200 14387 "https://example.com/" "Mozilla/5.0 (Macintosh; Intel Mac OS X 10_15_7) AppleWebKit/537.36"
172.16.0.10 - - [03/May/2026:11:24:56 +0000] "GET / HTTP/1.1" 200 24906 "-" "Mozilla/5.0 (X11; Linux x86_64) AppleWebKit/537.36"
172.16.0.20 - - [03/May/2026:11:49:05 +0000] "GET /api/orders HTTP/1.1" 200 22740 "https://example.com/" "Mozilla/5.0 (Windows NT 10.0; Win64; x64) AppleWebKit/537.36"
10.0.1.100 - - [03/May/2026:11:49:24 +0000] "POST /api/products HTTP/1.1" 200 39987 "-" "Mozilla/5.0 (Windows NT 10.0; Win64; x64) AppleWebKit/537.36"
198.51.100.23 - - [03/May/2026:11:47:29 +0000] "GET /api/search HTTP/1.1" 200 21987 "https://example.com/" "Mozilla/5.0 (X11; Linux x86_64) AppleWebKit/537.36"
192.168.1.102 - - [03/May/2026:11:58:36 +0000] "PUT /api/products HTTP/1.1" 200 36055 "https://example.com/" "curl/7.68.0"
192.168.1.102 - - [03/May/2026:12:12:08 +0000] "GET /images/logo.png HTTP/1.1" 200 17001 "https://example.com/" "Mozilla/5.0 (X11; Linux x86_64) AppleWebKit/537.36"
172.16.0.10 - - [03/May/2026:12:24:58 +0000] "GET /static/js/app.js HTTP/1.1" 200 24399 "-" "Python-urllib/3.8"
10.0.0.51 - - [03/May/2026:12:37:41 +0000] "POST /images/logo.png HTTP/1.1" 200 2772 "-" "Mozilla/5.0 (Macintosh; Intel Mac OS X 10_15_7) AppleWebKit/537.36"
10.0.0.50 - - [03/May/2026:12:32:32 +0000] "GET /images/logo.png HTTP/1.1" 200 45370 "https://example.com/" "Mozilla/5.0 (Windows NT 10.0; Win64; x64) AppleWebKit/537.36"
172.16.0.10 - - [03/May/2026:12:52:17 +0000] "GET /admin/login HTTP/1.1" 281 25304 "https://example.com/" "Mozilla/5.0 (Macintosh; Intel Mac OS X 10_15_7) AppleWebKit/537.36"
93.184.216.34 - - [03/May/2026:13:03:31 +0000] "GET / HTTP/1.1" 200 25853 "https://example.com/" "Mozilla/5.0 (Windows NT 10.0; Win64; x64) AppleWebKit/537.36"
192.168.1.100 - - [03/May/2026:13:05:32 +0000] "GET /index.html HTTP/1.1" 200 20110 "https://example.com/" "curl/7.68.0"
198.51.100.23 - - [03/May/2026:13:05:54 +0000] "GET /api/users HTTP/1.1" 200 30402 "https://example.com/" "Mozilla/5.0 (X11; Linux x86_64) AppleWebKit/537.36"
93.184.216.34 - - [03/May/2026:13:32:40 +0000] "GET /index.html HTTP/1.1" 200 15334 "https://example.com/" "Mozilla/5.0 (X11; Linux x86_64) AppleWebKit/537.36"
172.16.0.10 - - [03/May/2026:13:29:02 +0000] "GET / HTTP/1.1" 200 41036 "-" "Mozilla/5.0 (Windows NT 10.0; Win64; x64) AppleWebKit/537.36"
10.0.1.100 - - [03/May/2026:13:41:03 +0000] "PUT / HTTP/1.1" 200 32679 "https://example.com/" "Mozilla/5.0 (X11; Linux x86_64) AppleWebKit/537.36"
192.168.1.102 - - [03/May/2026:13:55:30 +0000] "GET /api/products HTTP/1.1" 200 40151 "-" "curl/7.68.0"
10.0.0.51 - - [03/May/2026:13:53:32 +0000] "GET /notfound HTTP/1.1" 404 231 "https://example.com/" "Python-urllib/3.8"
10.0.0.51 - - [03/May/2026:14:11:32 +0000] "POST /admin/login HTTP/1.1" 315 44301 "https://example.com/" "Mozilla/5.0 (X11; Linux x86_64) AppleWebKit/537.36"
172.16.0.10 - - [03/May/2026:14:07:02 +0000] "GET /api/products HTTP/1.1" 200 19002 "https://example.com/" "Mozilla/5.0 (X11; Linux x86_64) AppleWebKit/537.36"
172.16.0.10 - - [03/May/2026:14:23:28 +0000] "GET /static/js/app.js HTTP/1.1" 200 26272 "https://example.com/" "curl/7.68.0"
10.0.0.51 - - [03/May/2026:14:23:22 +0000] "POST /static/css/style.css HTTP/1.1" 200 34638 "https://example.com/" "Mozilla/5.0 (X11; Linux x86_64) AppleWebKit/537.36"
10.0.0.51 - - [03/May/2026:14:43:28 +0000] "POST /api/users HTTP/1.1" 200 9814 "https://example.com/" "Mozilla/5.0 (Macintosh; Intel Mac OS X 10_15_7) AppleWebKit/537.36"
198.51.100.23 - - [03/May/2026:14:44:44 +0000] "GET / HTTP/1.1" 200 28028 "-" "curl/7.68.0"
172.16.0.10 - - [03/May/2026:14:55:18 +0000] "PUT / HTTP/1.1" 200 25083 "https://example.com/" "Mozilla/5.0 (Windows NT 10.0; Win64; x64) AppleWebKit/537.36"
192.168.1.102 - - [03/May/2026:15:08:33 +0000] "GET /admin/login HTTP/1.1" 304 7352 "https://example.com/" "Python-urllib/3.8"
192.168.1.101 - - [03/May/2026:15:10:33 +0000] "GET /static/css/style.css HTTP/1.1" 200 8817 "https://example.com/" "Mozilla/5.0 (X11; Linux x86_64) AppleWebKit/537.36"
203.0.113.45 - - [03/May/2026:15:28:21 +0000] "GET /api/search HTTP/1.1" 200 30002 "https://example.com/" "Mozilla/5.0 (Macintosh; Intel Mac OS X 10_15_7) AppleWebKit/537.36"
93.184.216.34 - - [03/May/2026:15:38:11 +0000] "GET /images/logo.png HTTP/1.1" 200 24235 "-" "Mozilla/5.0 (Macintosh; Intel Mac OS X 10_15_7) AppleWebKit/537.36"
10.0.0.51 - - [03/May/2026:15:51:02 +0000] "POST /api/products HTTP/1.1" 200 6041 "https://example.com/" "Python-urllib/3.8"
10.0.0.50 - - [03/May/2026:15:52:24 +0000] "GET /api/orders HTTP/1.1" 200 17513 "-" "Mozilla/5.0 (Windows NT 10.0; Win64; x64) AppleWebKit/537.36"
10.0.0.50 - - [03/May/2026:16:02:13 +0000] "POST /api/users HTTP/1.1" 200 30282 "-" "Mozilla/5.0 (Windows NT 10.0; Win64; x64) AppleWebKit/537.36"
10.0.0.51 - - [03/May/2026:16:03:05 +0000] "POST /static/css/style.css HTTP/1.1" 200 18211 "-" "Mozilla/5.0 (Windows NT 10.0; Win64; x64) AppleWebKit/537.36"
198.51.100.23 - - [03/May/2026:16:16:21 +0000] "GET /static/js/app.js HTTP/1.1" 200 20071 "https://example.com/" "curl/7.68.0"
172.16.0.20 - - [03/May/2026:16:24:12 +0000] "GET /index.html HTTP/1.1" 200 19311 "https://example.com/" "Python-urllib/3.8"
10.0.0.51 - - [03/May/2026:16:33:34 +0000] "POST /images/logo.png HTTP/1.1" 200 20105 "https://example.com/" "curl/7.68.0"
198.51.100.23 - - [03/May/2026:16:47:27 +0000] "POST /static/css/style.css HTTP/1.1" 200 9312 "https://example.com/" "curl/7.68.0"
203.0.113.45 - - [03/May/2026:16:55:51 +0000] "POST /admin/login HTTP/1.1" 216 8786 "-" "Mozilla/5.0 (Macintosh; Intel Mac OS X 10_15_7) AppleWebKit/537.36"
10.0.0.51 - - [03/May/2026:16:51:02 +0000] "GET /api/products HTTP/1.1" 200 24529 "-" "curl/7.68.0"
192.168.1.102 - - [03/May/2026:17:12:18 +0000] "GET /static/js/app.js HTTP/1.1" 200 16676 "https://example.com/" "Python-urllib/3.8"
172.16.0.20 - - [03/May/2026:17:09:44 +0000] "GET /static/css/style.css HTTP/1.1" 200 16360 "https://example.com/" "Mozilla/5.0 (Macintosh; Intel Mac OS X 10_15_7) AppleWebKit/537.36"
172.16.0.20 - - [03/May/2026:17:19:30 +0000] "GET /static/js/app.js HTTP/1.1" 200 43017 "https://example.com/" "Mozilla/5.0 (X11; Linux x86_64) AppleWebKit/537.36"
203.0.113.45 - - [03/May/2026:17:30:22 +0000] "GET /api/search HTTP/1.1" 200 13333 "-" "Mozilla/5.0 (Macintosh; Intel Mac OS X 10_15_7) AppleWebKit/537.36"
192.168.1.101 - - [03/May/2026:17:33:19 +0000] "GET /images/logo.png HTTP/1.1" 200 15733 "https://example.com/" "curl/7.68.0"
192.168.1.101 - - [03/May/2026:17:43:37 +0000] "GET /api/orders HTTP/1.1" 200 40955 "https://example.com/" "curl/7.68.0"
203.0.113.45 - - [03/May/2026:18:01:27 +0000] "POST /static/js/app.js HTTP/1.1" 200 12948 "https://example.com/" "Mozilla/5.0 (X11; Linux x86_64) AppleWebKit/537.36"
203.0.113.45 - - [03/May/2026:18:05:27 +0000] "POST /static/css/style.css HTTP/1.1" 200 30694 "https://example.com/" "Mozilla/5.0 (Windows NT 10.0; Win64; x64) AppleWebKit/537.36"
192.168.1.100 - - [03/May/2026:18:14:36 +0000] "GET /admin/login HTTP/1.1" 224 16863 "https://example.com/" "curl/7.68.0"
192.168.1.102 - - [03/May/2026:18:24:13 +0000] "POST /static/js/app.js HTTP/1.1" 200 27075 "-" "Mozilla/5.0 (Macintosh; Intel Mac OS X 10_15_7) AppleWebKit/537.36"
192.168.1.101 - - [03/May/2026:18:38:53 +0000] "POST /images/logo.png HTTP/1.1" 200 27619 "https://example.com/" "Mozilla/5.0 (X11; Linux x86_64) AppleWebKit/537.36"
198.51.100.23 - - [03/May/2026:18:45:12 +0000] "POST /api/users HTTP/1.1" 200 39299 "-" "curl/7.68.0"
10.0.1.100 - - [03/May/2026:18:51:23 +0000] "GET /static/js/app.js HTTP/1.1" 200 24596 "-" "Mozilla/5.0 (Windows NT 10.0; Win64; x64) AppleWebKit/537.36"
192.168.1.102 - - [03/May/2026:18:51:03 +0000] "GET /api/products HTTP/1.1" 200 37025 "https://example.com/" "Mozilla/5.0 (Macintosh; Intel Mac OS X 10_15_7) AppleWebKit/537.36"
10.0.0.50 - - [03/May/2026:19:16:14 +0000] "GET /static/js/app.js HTTP/1.1" 200 38526 "https://example.com/" "Mozilla/5.0 (Macintosh; Intel Mac OS X 10_15_7) AppleWebKit/537.36"
93.184.216.34 - - [03/May/2026:19:13:06 +0000] "GET / HTTP/1.1" 200 36518 "https://example.com/" "Mozilla/5.0 (Macintosh; Intel Mac OS X 10_15_7) AppleWebKit/537.36"
192.168.1.100 - - [03/May/2026:19:16:15 +0000] "POST /index.html HTTP/1.1" 200 16567 "https://example.com/" "curl/7.68.0"
10.0.1.100 - - [03/May/2026:19:34:00 +0000] "PATCH /images/logo.png HTTP/1.1" 200 14756 "https://example.com/" "Mozilla/5.0 (Windows NT 10.0; Win64; x64) AppleWebKit/537.36"
198.51.100.23 - - [03/May/2026:19:38:48 +0000] "GET /api/users HTTP/1.1" 200 13553 "-" "Mozilla/5.0 (Windows NT 10.0; Win64; x64) AppleWebKit/537.36"
172.16.0.10 - - [03/May/2026:19:53:13 +0000] "GET / HTTP/1.1" 200 26393 "https://example.com/" "curl/7.68.0"
10.0.1.100 - - [03/May/2026:20:02:23 +0000] "GET /images/logo.png HTTP/1.1" 200 13088 "https://example.com/" "Mozilla/5.0 (Windows NT 10.0; Win64; x64) AppleWebKit/537.36"
192.168.1.102 - - [03/May/2026:20:16:46 +0000] "GET /index.html HTTP/1.1" 200 4896 "-" "Mozilla/5.0 (Macintosh; Intel Mac OS X 10_15_7) AppleWebKit/537.36"
172.16.0.20 - - [03/May/2026:20:12:00 +0000] "GET /api/search HTTP/1.1" 200 6393 "https://example.com/" "Mozilla/5.0 (X11; Linux x86_64) AppleWebKit/537.36"
198.51.100.23 - - [03/May/2026:20:18:53 +0000] "GET /admin/login HTTP/1.1" 304 39271 "-" "curl/7.68.0"
172.16.0.10 - - [03/May/2026:20:29:50 +0000] "GET /static/js/app.js HTTP/1.1" 200 49891 "https://example.com/" "Mozilla/5.0 (Windows NT 10.0; Win64; x64) AppleWebKit/537.36"
192.168.1.100 - - [03/May/2026:20:40:46 +0000] "POST /api/users HTTP/1.1" 200 34948 "https://example.com/" "curl/7.68.0"
198.51.100.23 - - [03/May/2026:20:49:09 +0000] "GET /index.html HTTP/1.1" 200 32504 "-" "Mozilla/5.0 (X11; Linux x86_64) AppleWebKit/537.36"
192.168.1.101 - - [03/May/2026:21:04:49 +0000] "POST /images/logo.png HTTP/1.1" 200 11145 "https://example.com/" "curl/7.68.0"
192.168.1.100 - - [03/May/2026:21:02:27 +0000] "GET /notfound HTTP/1.1" 404 244 "-" "Mozilla/5.0 (Windows NT 10.0; Win64; x64) AppleWebKit/537.36"
192.168.1.102 - - [03/May/2026:21:23:03 +0000] "GET /static/js/app.js HTTP/1.1" 200 13984 "-" "curl/7.68.0"
93.184.216.34 - - [03/May/2026:21:22:29 +0000] "GET /api/users HTTP/1.1" 200 43977 "-" "curl/7.68.0"
10.0.0.50 - - [03/May/2026:21:29:27 +0000] "PATCH /admin/login HTTP/1.1" 284 47971 "https://example.com/" "curl/7.68.0"
172.16.0.20 - - [03/May/2026:21:52:58 +0000] "GET /api/products HTTP/1.1" 200 45288 "https://example.com/" "Mozilla/5.0 (Windows NT 10.0; Win64; x64) AppleWebKit/537.36"
198.51.100.23 - - [03/May/2026:21:46:51 +0000] "POST /static/css/style.css HTTP/1.1" 200 38817 "https://example.com/" "curl/7.68.0"
