10.0.0.50 - - [03/May/2026:00:07:25 +0000] "GET /admin/login HTTP/1.1" 391 14908 "-" "Mozilla/5.0 (X11; Linux x86_64) AppleWebKit/537.36"
10.0.0.50 - - [03/May/2026:00:21:04 +0000] "GET /api/search HTTP/1.1" 200 19048 "https://example.com/" "curl/7.68.0"
192.168.1.101 - - [03/May/2026:00:24:34 +0000] "POST /admin/login HTTP/1.1" 214 33439 "https://example.com/" "Mozilla/5.0 (Windows NT 10.0; Win64; x64) AppleWebKit/537.36"
192.168.1.101 - - [03/May/2026:00:41:37 +0000] "POST /api/users HTTP/1.1" 200 2448 "https://example.com/" "Mozilla/5.0 (X11; Linux x86_64) AppleWebKit/537.36"
192.168.1.100 - - [03/May/2026:00:47:45 +0000] "PUT /index.html HTTP/1.1" 200 26474 "-" "Python-urllib/3.8"
192.168.1.102 - - [03/May/2026:00:59:23 +0000] "GET /api/products HTTP/1.1" 200 21569 "https://example.com/" "Mozilla/5.0 (Windows NT 10.0; Win64; x64) AppleWebKit/537.36"
10.0.0.51 - - [03/May/2026:01:14:35 +0000] "GET /api/products HTTP/1.1" 200 8356 "https://example.com/" "Python-urllib/3.8"
198.51.100.23 - - [03/May/2026:01:24:04 +0000] "PATCH /api/products HTTP/1.1" 200 30862 "https://example.com/" "Mozilla/5.0 (Windows NT 10.0; Win64; x64) AppleWebKit/537.36"
192.168.1.100 - - [03/May/2026:01:24:37 +0000] "GET /images/logo.png HTTP/1.1" 200 2710 "https://example.com/" "curl/7.68.0"
10.0.0.50 - - [03/May/2026:01:31:10 +0000] "GET /index.html HTTP/1.1" 200 35561 "-" "Mozilla/5.0 (Macintosh; Intel Mac OS X 10_15_7) AppleWebKit/537.36"
192.168.1.102 - - [03/May/2026:01:38:06 +0000] "POST / HTTP/1.1" 200 42393 "-" "Mozilla/5.0 (X11; Linux x86_64) AppleWebKit/537.36"
203.0.113.45 - - [03/May/2026:01:54:32 +0000] "POST /api/users HTTP/1.1" 200 42812 "https://example.com/" "Mozilla/5.0 (Macintosh; Intel Mac OS X 10_15_7) AppleWebKit/537.36"
198.51.100.23 - - [03/May/2026:02:05:16 +0000] "POST /index.html HTTP/1.1" 200 19517 "-" "Mozilla/5.0 (Windows NT 10.0; Win64; x64) AppleWebKit/537.36"
172.16.0.10 - - [03/May/2026:02:15:38 +0000] "GET /api/products HTTP/1.1" 200 16388 "https://example.com/" "Python-urllib/3.8"
192.168.1.102 - - [03/May/2026:02:12:59 +0000] "GET /index.html HTTP/1.1" 200 33080 "https://example.com/" "Mozilla/5.0 (Windows NT 10.0; Win64; x64) AppleWebKit/537.36"
10.0.1.100 - - [03/May/2026:02:14:29 +0000] "GET /images/logo.png HTTP/1.1" 200 40723 "-" "Mozilla/5.0 (Windows NT 10.0; Win64; x64) AppleWebKit/537.36"
10.0.1.100 - - [03/May/2026:02:30:50 +0000] "GET /static/css/style.css HTTP/1.1" 200 11050 "https://example.com/" "Mozilla/5.0 (Windows NT 10.0; Win64; x64) AppleWebKit/537.36"
10.0.0.50 - - [03/May/2026:02:35:53 +0000] "GET /static/js/app.js HTTP/1.1" 200 18106 "https://example.com/" "Mozilla/5.0 (Macintosh; Intel Mac OS X 10_15_7) AppleWebKit/537.36"
93.184.216.34 - - [03/May/2026:02:56:37 +0000] "GET /index.html HTTP/1.1" 200 13073 "-" "Mozilla/5.0 (Macintosh; Intel Mac OS X 10_15_7) AppleWebKit/537.36"
198.51.100.23 - - [03/May/2026:02:59:35 +0000] "DELETE /images/logo.png HTTP/1.1" 200 1028 "https://example.com/" "curl/7.68.0"
10.0.1.100 - - [03/May/2026:03:08:11 +0000] "GET / HTTP/1.1" 200 22015 "https://example.com/" "curl/7.68.0"
192.168.1.102 - - [03/May/2026:03:05:24 +0000] "GET /api/orders HTTP/1.1" 200 29128 "https://example.com/" "Mozilla/5.0 (Macintosh; Intel Mac OS X 10_15_7) AppleWebKit/537.36"
93.184.216.34 - - [03/May/2026:03:33:34 +0000] "GET /api/users HTTP/1.1" 200 6428 "https://example.com/" "Mozilla/5.0 (Macintosh; Intel Mac OS X 10_15_7) AppleWebKit/537.36"
192.168.1.100 - - [03/May/2026:03:38:02 +0000] "GET /static/css/style.css HTTP/1.1" 200 42493 "https://example.com/" "curl/7.68.0"
192.168.1.102 - - [03/May/2026:03:42:36 +0000] "GET /api/orders HTTP/1.1" 200 46806 "https://example.com/" "Mozilla/5.0 (X11; Linux x86_64) AppleWebKit/537.36"
172.16.0.10 - - [03/May/2026:03:56:31 +0000] "GET /static/js/app.js HTTP/1.1" 200 34691 "https://example.com/" "Mozilla/5.0 (X11; Linux x86_64) AppleWebKit/537.36"
93.184.216.34 - - [03/May/2026:04:00:31 +0000] "GET /static/css/style.css HTTP/1.1" 200 50208 "https://example.com/" "Python-urllib/3.8"
10.0.0.50 - - [03/May/2026:04:08:08 +0000] "GET / HTTP/1.1" 200 22185 "https://example.com/" "Mozilla/5.0 (Macintosh; Intel Mac OS X 10_15_7) AppleWebKit/537.36"
203.0.113.45 - - [03/May/2026:04:12:59 +0000] "GET /api/users HTTP/1.1" 200 37569 "https://example.com/" "Mozilla/5.0 (Windows NT 10.0; Win64; x64) AppleWebKit/537.36"
10.0.1.100 - - [03/May/2026:04:16:21 +0000] "POST / HTTP/1.1" 200 39810 "https://example.com/" "Mozilla/5.0 (X11; Linux x86_64) AppleWebKit/537.36"
93.184.216.34 - - [03/May/2026:04:41:13 +0000] "GET /api/orders HTTP/1.1" 201 15088 "-" "curl/7.68.0"
10.0.0.51 - - [03/May/2026:04:41:03 +0000] "GET /api/search HTTP/1.1" 200 45410 "https://example.com/" "Python-urllib/3.8"
192.168.1.102 - - [03/May/2026:04:47:42 +0000] "GET /admin/login HTTP/1.1" 261 1272 "https://example.com/" "Mozilla/5.0 (X11; Linux x86_64) AppleWebKit/537.36"
203.0.113.45 - - [03/May/2026:05:00:58 +0000] "GET /api/orders HTTP/1.1" 200 2837 "https://example.com/" "Python-urllib/3.8"
192.168.1.101 - - [03/May/2026:05:00:37 +0000] "GET /index.html HTTP/1.1" 200 25008 "https://example.com/" "Python-urllib/3.8"
93.184.216.34 - - [03/May/2026:05:12:31 +0000] "GET / HTTP/1.1" 200 28049 "https://example.com/" "Mozilla/5.0 (X11; Linux x86_64) AppleWebKit/537.36"
198.51.100.23 - - [03/May/2026:05:32:28 +0000] "PUT / HTTP/1.1" 200 20781 "https://example.com/" "Mozilla/5.0 (X11; Linux x86_64) AppleWebKit/537.36"
172.16.0.20 - - [03/May/2026:05:38:31 +0000] "GET /index.html HTTP/1.1" 200 13284 "https://example.com/" "Mozilla/5.0 (Windows NT 10.0; Win64; x64) AppleWebKit/537.36"
192.168.1.102 - - [03/May/2026:05:43:12 +0000] "GET /api/orders HTTP/1.1" 201 38225 "https://example.com/" "curl/7.68.0"
192.168.1.102 - - [03/May/2026:05:41:49 +0000] "GET /static/js/app.js HTTP/1.1" 200 26660 "https://example.com/" "curl/7.68.0"
203.0.113.45 - - [03/May/2026:06:08:56 +0000] "GET /index.html HTTP/1.1" 200 15233 "https://example.com/" "Mozilla/5.0 (X11; Linux x86_64) AppleWebKit/537.36"
192.168.1.102 - - [03/May/2026:06:12:27 +0000] "DELETE /api/search HTTP/1.1" 200 40767 "https://example.com/" "Python-urllib/3.8"
198.51.100.23 - - [03/May/2026:06:09:15 +0000] "POST /static/css/style.css HTTP/1.1" 200 2951 "https://example.com/" "Mozilla/5.0 (Macintosh; Intel Mac OS X 10_15_7) AppleWebKit/537.36"
10.0.1.100 - - [03/May/2026:06:31:27 +0000] "GET /api/products HTTP/1.1" 200 49400 "https://example.com/" "Mozilla/5.0 (Windows NT 10.0; Win64; x64) AppleWebKit/537.36"
203.0.113.45 - - [03/May/2026:06:28:10 +0000] "GET / HTTP/1.1" 200 4127 "https://example.com/" "Mozilla/5.0 (Macintosh; Intel Mac OS X 10_15_7) AppleWebKit/537.36"
192.168.1.101 - - [03/May/2026:06:44:20 +0000] "POST /api/users HTTP/1.1" 200 39253 "https://example.com/" "Mozilla/5.0 (Macintosh; Intel Mac OS X 10_15_7) AppleWebKit/537.36"
172.16.0.20 - - [03/May/2026:06:43:59 +0000] "POST / HTTP/1.1" 200 40023 "https://example.com/" "Mozilla/5.0 (Windows NT 10.0; Win64; x64) AppleWebKit/537.36"
192.168.1.102 - - [03/May/2026:07:09:19 +0000] "GET /static/css/style.css HTTP/1.1" 200 30015 "https://example.com/" "Mozilla/5.0 (X11; Linux x86_64) AppleWebKit/537.36"
10.0.1.100 - - [03/May/2026:07:05:18 +0000] "PUT /images/logo.png HTTP/1.1" 200 5877 "https://example.com/" "Mozilla/5.0 (Windows NT 10.0; Win64; x64) AppleWebKit/537.36"
10.0.0.51 - - [03/May/2026:07:17:06 +0000] "GET /api/orders HTTP/1.1" 200 6745 "-" "Mozilla/5.0 (Macintosh; Intel Mac OS X 10_15_7) AppleWebKit/537.36"
172.16.0.10 - - [03/May/2026:07:18:33 +0000] "GET /api/users HTTP/1.1" 200 14044 "https://example.com/" "curl/7.68.0"
192.168.1.100 - - [03/May/2026:07:25:18 +0000] "GET /static/css/style.css HTTP/1.1" 200 4766 "-" "Mozilla/5.0 (Macintosh; Intel Mac OS X 10_15_7) AppleWebKit/537.36"
172.16.0.20 - - [03/May/2026:07:38:47 +0000] "GET /static/js/app.js HTTP/1.1" 200 23169 "https://example.com/" "Mozilla/5.0 (X11; Linux x86_64) AppleWebKit/537.36"
192.168.1.102 - - [03/May/2026:07:56:29 +0000] "POST / HTTP/1.1" 200 23420 "https://example.com/" "Mozilla/5.0 (Windows NT 10.0; Win64; x64) AppleWebKit/537.36"
203.0.113.45 - - [03/May/2026:08:02:11 +0000] "GET /images/logo.png HTTP/1.1" 200 34715 "https://example.com/" "Mozilla/5.0 (X11; Linux x86_64) AppleWebKit/537.36"
192.168.1.101 - - [03/May/2026:08:00:43 +0000] "GET / HTTP/1.1" 200 36782 "-" "Mozilla/5.0 (Macintosh; Intel Mac OS X 10_15_7) AppleWebKit/537.36"
192.168.1.102 - - [03/May/2026:08:15:51 +0000] "GET /images/logo.png HTTP/1.1" 200 43867 "-" "curl/7.68.0"
172.16.0.20 - - [03/May/2026:08:22:37 +0000] "GET /static/js/app.js HTTP/1.1" 200 32397 "-" "Mozilla/5.0 (Windows NT 10.0; Win64; x64) AppleWebKit/537.36"
203.0.113.45 - - [03/May/2026:08:44:17 +0000] "GET /api/products HTTP/1.1" 200 33889 "https://example.com/" "Mozilla/5.0 (Macintosh; Intel Mac OS X 10_15_7) AppleWebKit/537.36"
10.0.0.51 - - [03/May/2026:08:39:22 +0000] "GET /api/search HTTP/1.1" 200 1583 "-" "Python-urllib/3.8"
192.168.1.100 - - [03/May/2026:08:44:01 +0000] "GET /images/logo.png HTTP/1.1" 200 29065 "https://example.com/" "Mozilla/5.0 (Windows NT 10.0; Win64; x64) AppleWebKit/537.36"
198.51.100.23 - - [03/May/2026:08:55:27 +0000] "GET /static/css/style.css HTTP/1.1" 200 32931 "https://example.com/" "Mozilla/5.0 (Macintosh; Intel Mac OS X 10_15_7) AppleWebKit/537.36"
10.0.0.51 - - [03/May/2026:09:04:49 +0000] "GET /static/js/app.js HTTP/1.1" 200 14323 "-" "curl/7.68.0"
192.168.1.102 - - [03/May/2026:09:14:04 +0000] "GET /static/css/style.css HTTP/1.1" 200 30297 "https://example.com/" "Mozilla/5.0 (Macintosh; Intel Mac OS X 10_15_7) AppleWebKit/537.36"
10.0.0.50 - - [03/May/2026:09:17:58 +0000] "GET / HTTP/1.1" 200 40843 "https://example.com/" "Mozilla/5.0 (Macintosh; Intel Mac OS X 10_15_7) AppleWebKit/537.36"
10.0.0.51 - - [03/May/2026:09:40:24 +0000] "POST /static/js/app.js HTTP/1.1" 200 23997 "-" "Python-urllib/3.8"
172.16.0.20 - - [03/May/2026:09:39:23 +0000] "GET /images/logo.png HTTP/1.1" 200 20930 "https://example.com/" "Mozilla/5.0 (Macintosh; Intel Mac OS X 10_15_7) AppleWebKit/537.36"
203.0.113.45 - - [03/May/2026:09:59:18 +0000] "GET / HTTP/1.1" 200 21663 "-" "Python-urllib/3.8"
93.184.216.34 - - [03/May/2026:10:00:32 +0000] "GET /api/users HTTP/1.1" 200 23921 "https://example.com/" "Python-urllib/3.8"
10.0.0.50 - - [03/May/2026:10:15:55 +0000] "GET /api/orders HTTP/1.1" 201 20152 "https://example.com/" "Mozilla/5.0 (X11; Linux x86_64) AppleWebKit/537.36"
192.168.1.102 - - [03/May/2026:10:26:09 +0000] "GET /index.html HTTP/1.1" 200 36422 "https://example.com/" "Python-urllib/3.8"
10.0.0.50 - - [03/May/2026:10:31:22 +0000] "PATCH /index.html HTTP/1.1" 200 17605 "https://example.com/" "Mozilla/5.0 (X11; Linux x86_64) AppleWebKit/537.36"
203.0.113.45 - - [03/May/2026:10:36:19 +0000] "DELETE /index.html HTTP/1.1" 200 19005 "https://example.com/" "Python-urllib/3.8"
10.0.0.50 - - [03/May/2026:10:36:28 +0000] "POST / HTTP/1.1" 200 2196 "-" "Mozilla/5.0 (Windows NT 10.0; Win64; x64) AppleWebKit/537.36"
192.168.1.100 - - [03/May/2026:10:58:51 +0000] "POST /images/logo.png HTTP/1.1" 200 24367 "-" "Mozilla/5.0 (Windows NT 10.0; Win64; x64) AppleWebKit/537.36"
93.184.216.34 - - [03/May/2026:11:01:29 +0000] "GET / HTTP/1.1" 200 23593 "https://example.com/" "curl/7.68.0"
203.0.113.45 - - [03/May/2026:11:10:17 +0000] "GET /index.html HTTP/1.1" 200 5856 "https://example.com/" "Python-urllib/3.8"
203.0.113.45 - - [03/May/2026:11:19:59 +0000] "GET /static/js/app.js HTTP/1.1" 200 3925 "https://example.com/" "Python-urllib/3.8"
192.168.1.102 - - [03/May/2026:11:29:37 +0000] "GET /index.html HTTP/1.1" 200 5281 "https://example.com/" "Mozilla/5.0 (X11; Linux x86_64) AppleWebKit/537.36"
192.168.1.100 - - [03/May/2026:11:37:03 +0000] "GET /static/js/app.js HTTP/1.1" 200 33696 "-" "Python-urllib/3.8"
10.0.1.100 - - [03/May/2026:11:45:34 +0000] "GET /images/logo.png HTTP/1.1" 200 2327 "https://example.com/" "curl/7.68.0"
192.168.1.102 - - [03/May/2026:11:56:35 +0000] "PUT /api/products HTTP/1.1" 200 43101 "https://example.com/" "curl/7.68.0"
93.184.216.34 - - [03/May/2026:11:59:16 +0000] "DELETE /images/logo.png HTTP/1.1" 200 533 "-" "curl/7.68.0"
10.0.0.51 - - [03/May/2026:12:07:42 +0000] "GET /images/logo.png HTTP/1.1" 200 18688 "https://example.com/" "Mozilla/5.0 (Macintosh; Intel Mac OS X 10_15_7) AppleWebKit/537.36"
203.0.113.45 - - [03/May/2026:12:25:02 +0000] "PUT /api/users HTTP/1.1" 200 24931 "-" "Mozilla/5.0 (Windows NT 10.0; Win64; x64) AppleWebKit/537.36"
10.0.0.50 - - [03/May/2026:12:29:03 +0000] "DELETE /api/search HTTP/1.1" 200 28619 "https://example.com/" "Mozilla/5.0 (X11; Linux x86_64) AppleWebKit/537.36"
192.168.1.101 - - [03/May/2026:12:31:16 +0000] "GET /api/users HTTP/1.1" 200 28094 "https://example.com/" "curl/7.68.0"
198.51.100.23 - - [03/May/2026:12:41:40 +0000] "GET /api/products HTTP/1.1" 200 20889 "https://example.com/" "Python-urllib/3.8"
10.0.0.51 - - [03/May/2026:12:46:08 +0000] "GET /api/search HTTP/1.1" 200 47294 "-" "Mozilla/5.0 (X11; Linux x86_64) AppleWebKit/537.36"
203.0.113.45 - - [03/May/2026:13:12:16 +0000] "GET /api/users HTTP/1.1" 200 43025 "https://example.com/" "Mozilla/5.0 (Windows NT 10.0; Win64; x64) AppleWebKit/537.36"
10.0.0.50 - - [03/May/2026:13:05:21 +0000] "GET /api/orders HTTP/1.1" 200 1455 "https://example.com/" "Mozilla/5.0 (Windows NT 10.0; Win64; x64) AppleWebKit/537.36"
192.168.1.102 - - [03/May/2026:13:26:20 +0000] "GET / HTTP/1.1" 200 1900 "-" "Mozilla/5.0 (Windows NT 10.0; Win64; x64) AppleWebKit/537.36"
192.168.1.101 - - [03/May/2026:13:21:39 +0000] "GET /images/logo.png HTTP/1.1" 200 11832 "https://example.com/" "Mozilla/5.0 (X11; Linux x86_64) AppleWebKit/537.36"
93.184.216.34 - - [03/May/2026:13:41:17 +0000] "GET /images/logo.png HTTP/1.1" 200 40950 "-" "Mozilla/5.0 (X11; Linux x86_64) AppleWebKit/537.36"
198.51.100.23 - - [03/May/2026:13:44:28 +0000] "POST /index.html HTTP/1.1" 200 19411 "https://example.com/" "Python-urllib/3.8"
10.0.1.100 - - [03/May/2026:14:01:26 +0000] "GET /static/js/app.js HTTP/1.1" 200 48399 "-" "Python-urllib/3.8"
192.168.1.101 - - [03/May/2026:14:07:18 +0000] "POST /static/css/style.css HTTP/1.1" 200 10800 "-" "Mozilla/5.0 (Macintosh; Intel Mac OS X 10_15_7) AppleWebKit/537.36"
192.168.1.102 - - [03/May/2026:14:02:17 +0000] "GET /admin/login HTTP/1.1" 294 20479 "https://example.com/" "Python-urllib/3.8"
198.51.100.23 - - [03/May/2026:14:18:25 +0000] "POST / HTTP/1.1" 200 1667 "-" "curl/7.68.0"
172.16.0.10 - - [03/May/2026:14:22:43 +0000] "PATCH / HTTP/1.1" 200 2896 "https://example.com/" "Python-urllib/3.8"
172.16.0.10 - - [03/May/2026:14:36:33 +0000] "GET /api/orders HTTP/1.1" 201 3788 "-" "Mozilla/5.0 (Windows NT 10.0; Win64; x64) AppleWebKit/537.36"
192.168.1.100 - - [03/May/2026:14:40:46 +0000] "GET /api/orders HTTP/1.1" 200 5920 "-" "Mozilla/5.0 (X11; Linux x86_64) AppleWebKit/537.36"
172.16.0.10 - - [03/May/2026:14:52:10 +0000] "GET /api/search HTTP/1.1" 200 45463 "https://example.com/" "Mozilla/5.0 (Windows NT 10.0; Win64; x64) AppleWebKit/537.36"
192.168.1.101 - - [03/May/2026:15:00:10 +0000] "POST /api/users HTTP/1.1" 200 39152 "-" "Python-urllib/3.8"
203.0.113.45 - - [03/May/2026:15:16:26 +0000] "GET /index.html HTTP/1.1" 200 31339 "https://example.com/" "Mozilla/5.0 (Windows NT 10.0; Win64; x64) AppleWebKit/537.36"
198.51.100.23 - - [03/May/2026:15:27:41 +0000] "GET /api/products HTTP/1.1" 200 29927 "https://example.com/" "Mozilla/5.0 (Macintosh; Intel Mac OS X 10_15_7) AppleWebKit/537.36"
192.168.1.101 - - [03/May/2026:15:19:31 +0000] "GET / HTTP/1.1" 200 17655 "https://example.com/" "Mozilla/5.0 (Windows NT 10.0; Win64; x64) AppleWebKit/537.36"
10.0.0.50 - - [03/May/2026:15:36:47 +0000] "POST / HTTP/1.1" 200 39481 "https://example.com/" "Python-urllib/3.8"
10.0.1.100 - - [03/May/2026:15:50:41 +0000] "GET /index.html HTTP/1.1" 200 25314 "https://example.com/" "Python-urllib/3.8"
192.168.1.100 - - [03/May/2026:15:59:39 +0000] "GET /api/users HTTP/1.1" 200 49671 "-" "Mozilla/5.0 (Macintosh; Intel Mac OS X 10_15_7) AppleWebKit/537.36"
192.168.1.101 - - [03/May/2026:16:04:02 +0000] "POST /api/users HTTP/1.1" 200 40605 "https://example.com/" "curl/7.68.0"
172.16.0.20 - - [03/May/2026:16:03:43 +0000] "GET /api/products HTTP/1.1" 200 28386 "https://example.com/" "Mozilla/5.0 (Macintosh; Intel Mac OS X 10_15_7) AppleWebKit/537.36"
192.168.1.101 - - [03/May/2026:16:18:21 +0000] "GET /index.html HTTP/1.1" 200 27913 "https://example.com/" "Mozilla/5.0 (X11; Linux x86_64) AppleWebKit/537.36"
172.16.0.20 - - [03/May/2026:16:30:26 +0000] "GET /static/css/style.css HTTP/1.1" 200 14342 "-" "Mozilla/5.0 (Macintosh; Intel Mac OS X 10_15_7) AppleWebKit/537.36"
172.16.0.20 - - [03/May/2026:16:38:51 +0000] "GET /static/js/app.js HTTP/1.1" 200 44326 "https://example.com/" "Mozilla/5.0 (Macintosh; Intel Mac OS X 10_15_7) AppleWebKit/537.36"
10.0.0.51 - - [03/May/2026:16:42:00 +0000] "GET /index.html HTTP/1.1" 200 21431 "https://example.com/" "curl/7.68.0"
172.16.0.10 - - [03/May/2026:16:52:05 +0000] "GET / HTTP/1.1" 200 40863 "https://example.com/" "Python-urllib/3.8"
10.0.0.50 - - [03/May/2026:16:56:41 +0000] "PUT /static/js/app.js HTTP/1.1" 200 12897 "-" "curl/7.68.0"
10.0.0.50 - - [03/May/2026:17:07:10 +0000] "GET / HTTP/1.1" 200 35441 "https://example.com/" "curl/7.68.0"
192.168.1.101 - - [03/May/2026:17:30:29 +0000] "GET /index.html HTTP/1.1" 200 31794 "https://example.com/" "Mozilla/5.0 (X11; Linux x86_64) AppleWebKit/537.36"
93.184.216.34 - - [03/May/2026:17:24:14 +0000] "POST /index.html HTTP/1.1" 200 38875 "https://example.com/" "Mozilla/5.0 (Windows NT 10.0; Win64; x64) AppleWebKit/537.36"
198.51.100.23 - - [03/May/2026:17:47:18 +0000] "POST /index.html HTTP/1.1" 200 43350 "https://example.com/" "Mozilla/5.0 (Windows NT 10.0; Win64; x64) AppleWebKit/537.36"
192.168.1.101 - - [03/May/2026:17:51:04 +0000] "GET /static/js/app.js HTTP/1.1" 200 44377 "-" "Mozilla/5.0 (X11; Linux x86_64) AppleWebKit/537.36"
10.0.0.50 - - [03/May/2026:17:52:33 +0000] "GET /static/css/style.css HTTP/1.1" 200 16694 "-" "Mozilla/5.0 (Windows NT 10.0; Win64; x64) AppleWebKit/537.36"
192.168.1.102 - - [03/May/2026:18:13:10 +0000] "GET /static/js/app.js HTTP/1.1" 200 7669 "https://example.com/" "Python-urllib/3.8"
192.168.1.100 - - [03/May/2026:18:09:25 +0000] "GET /images/logo.png HTTP/1.1" 200 15023 "https://example.com/" "curl/7.68.0"
192.168.1.100 - - [03/May/2026:18:14:25 +0000] "GET /static/css/style.css HTTP/1.1" 200 29234 "https://example.com/" "curl/7.68.0"
192.168.1.101 - - [03/May/2026:18:23:40 +0000] "GET /images/logo.png HTTP/1.1" 200 33183 "https://example.com/" "curl/7.68.0"
172.16.0.20 - - [03/May/2026:18:43:24 +0000] "GET /index.html HTTP/1.1" 200 728 "-" "curl/7.68.0"
93.184.216.34 - - [03/May/2026:18:54:51 +0000] "PATCH / HTTP/1.1" 200 18822 "https://example.com/" "Mozilla/5.0 (Macintosh; Intel Mac OS X 10_15_7) AppleWebKit/537.36"
192.168.1.101 - - [03/May/2026:19:00:10 +0000] "GET /admin/login HTTP/1.1" 338 31125 "-" "curl/7.68.0"
10.0.0.51 - - [03/May/2026:19:09:19 +0000] "GET /api/products HTTP/1.1" 200 22042 "-" "Mozilla/5.0 (Macintosh; Intel Mac OS X 10_15_7) AppleWebKit/537.36"
192.168.1.102 - - [03/May/2026:19:11:17 +0000] "GET /static/js/app.js HTTP/1.1" 200 5641 "-" "Python-urllib/3.8"
172.16.0.20 - - [03/May/2026:19:22:01 +0000] "PUT /api/users HTTP/1.1" 200 20761 "https://example.com/" "Mozilla/5.0 (Macintosh; Intel Mac OS X 10_15_7) AppleWebKit/537.36"
172.16.0.20 - - [03/May/2026:19:21:38 +0000] "GET /static/js/app.js HTTP/1.1" 200 27658 "https://example.com/" "curl/7.68.0"
172.16.0.10 - - [03/May/2026:19:33:07 +0000] "GET /api/users HTTP/1.1" 200 575 "https://example.com/" "Mozilla/5.0 (Macintosh; Intel Mac OS X 10_15_7) AppleWebKit/537.36"
10.0.1.100 - - [03/May/2026:19:45:40 +0000] "GET /index.html HTTP/1.1" 200 4640 "https://example.com/" "Mozilla/5.0 (Windows NT 10.0; Win64; x64) AppleWebKit/537.36"
93.184.216.34 - - [03/May/2026:20:02:02 +0000] "GET / HTTP/1.1" 200 10627 "https://example.com/" "Python-urllib/3.8"
10.0.0.51 - - [03/May/2026:20:15:47 +0000] "GET /static/js/app.js HTTP/1.1" 200 49755 "https://example.com/" "Mozilla/5.0 (Macintosh; Intel Mac OS X 10_15_7) AppleWebKit/537.36"
10.0.0.51 - - [03/May/2026:20:11:32 +0000] "GET /images/logo.png HTTP/1.1" 200 44416 "https://example.com/" "curl/7.68.0"
192.168.1.100 - - [03/May/2026:20:26:27 +0000] "GET /api/products HTTP/1.1" 200 21171 "https://example.com/" "Mozilla/5.0 (Macintosh; Intel Mac OS X 10_15_7) AppleWebKit/537.36"
10.0.0.51 - - [03/May/2026:20:34:39 +0000] "GET /api/search HTTP/1.1" 200 45358 "https://example.com/" "Mozilla/5.0 (X11; Linux x86_64) AppleWebKit/537.36"
192.168.1.100 - - [03/May/2026:20:46:10 +0000] "GET / HTTP/1.1" 200 27963 "-" "Mozilla/5.0 (X11; Linux x86_64) AppleWebKit/537.36"
192.168.1.100 - - [03/May/2026:20:57:49 +0000] "GET /images/logo.png HTTP/1.1" 200 36918 "-" "Mozilla/5.0 (Windows NT 10.0; Win64; x64) AppleWebKit/537.36"
10.0.1.100 - - [03/May/2026:20:53:24 +0000] "GET /api/search HTTP/1.1" 200 582 "-" "Python-urllib/3.8"
172.16.0.10 - - [03/May/2026:21:08:14 +0000] "GET / HTTP/1.1" 200 35559 "https://example.com/" "Mozilla/5.0 (Windows NT 10.0; Win64; x64) AppleWebKit/537.36"
203.0.113.45 - - [03/May/2026:21:16:16 +0000] "GET /api/users HTTP/1.1" 200 17220 "-" "Mozilla/5.0 (X11; Linux x86_64) AppleWebKit/537.36"
10.0.1.100 - - [03/May/2026:21:16:48 +0000] "GET /images/logo.png HTTP/1.1" 200 15462 "https://example.com/" "Mozilla/5.0 (X11; Linux x86_64) AppleWebKit/537.36"
10.0.0.50 - - [03/May/2026:21:32:03 +0000] "GET /api/internal HTTP/1.1" 501 215 "https://example.com/" "curl/7.68.0"
192.168.1.100 - - [03/May/2026:21:33:11 +0000] "GET /images/logo.png HTTP/1.1" 200 4076 "https://example.com/" "Mozilla/5.0 (Windows NT 10.0; Win64; x64) AppleWebKit/537.36"
10.0.1.100 - - [03/May/2026:21:40:21 +0000] "GET /images/logo.png HTTP/1.1" 200 2663 "https://example.com/" "Mozilla/5.0 (Windows NT 10.0; Win64; x64) AppleWebKit/537.36"
93.184.216.34 - - [03/May/2026:21:54:06 +0000] "GET /api/users HTTP/1.1" 200 41128 "https://example.com/" "Python-urllib/3.8"
172.16.0.20 - - [03/May/2026:22:05:39 +0000] "GET / HTTP/1.1" 200 36756 "-" "Mozilla/5.0 (X11; Linux x86_64) AppleWebKit/537.36"
192.168.1.100 - - [03/May/2026:22:10:06 +0000] "DELETE /api/orders HTTP/1.1" 201 20411 "https://example.com/" "Mozilla/5.0 (X11; Linux x86_64) AppleWebKit/537.36"
192.168.1.100 - - [03/May/2026:22:26:40 +0000] "GET /images/logo.png HTTP/1.1" 200 39689 "https://example.com/" "Mozilla/5.0 (X11; Linux x86_64) AppleWebKit/537.36"
198.51.100.23 - - [03/May/2026:22:34:58 +0000] "GET /admin/login HTTP/1.1" 370 13375 "-" "Python-urllib/3.8"
203.0.113.45 - - [03/May/2026:22:32:20 +0000] "POST /api/products HTTP/1.1" 200 11913 "https://example.com/" "Mozilla/5.0 (Macintosh; Intel Mac OS X 10_15_7) AppleWebKit/537.36"
192.168.1.101 - - [03/May/2026:22:53:32 +0000] "GET / HTTP/1.1" 200 34613 "https://example.com/" "Mozilla/5.0 (X11; Linux x86_64) AppleWebKit/537.36"
172.16.0.10 - - [03/May/2026:23:07:24 +0000] "GET / HTTP/1.1" 200 30437 "https://example.com/" "Python-urllib/3.8"
192.168.1.101 - - [03/May/2026:23:04:47 +0000] "GET /static/js/app.js HTTP/1.1" 200 11401 "https://example.com/" "Mozilla/5.0 (Windows NT 10.0; Win64; x64) AppleWebKit/537.36"
192.168.1.101 - - [03/May/2026:23:22:21 +0000] "PATCH /api/users HTTP/1.1" 200 28662 "https://example.com/" "Mozilla/5.0 (Macintosh; Intel Mac OS X 10_15_7) AppleWebKit/537.36"
192.168.1.100 - - [03/May/2026:23:33:31 +0000] "GET /images/logo.png HTTP/1.1" 200 16979 "https://example.com/" "Python-urllib/3.8"
10.0.0.50 - - [03/May/2026:23:32:25 +0000] "DELETE / HTTP/1.1" 200 48318 "https://example.com/" "Mozilla/5.0 (X11; Linux x86_64) AppleWebKit/537.36"
10.0.1.100 - - [03/May/2026:23:47:06 +0000] "GET /api/products HTTP/1.1" 200 14308 "https://example.com/" "Mozilla/5.0 (Macintosh; Intel Mac OS X 10_15_7) AppleWebKit/537.36"
93.184.216.34 - - [03/May/2026:23:59:07 +0000] "GET / HTTP/1.1" 200 40364 "https://example.com/" "Mozilla/5.0 (Windows NT 10.0; Win64; x64) AppleWebKit/537.36"
203.0.113.45 - - [03/May/2026:23:55:35 +0000] "GET /api/products HTTP/1.1" 200 20607 "-" "Mozilla/5.0 (Windows NT 10.0; Win64; x64) AppleWebKit/537.36"
198.51.100.23 - - [04/May/2026:00:07:42 +0000] "POST /index.html HTTP/1.1" 200 29266 "-" "Mozilla/5.0 (Macintosh; Intel Mac OS X 10_15_7) AppleWebKit/537.36"
192.168.1.100 - - [04/May/2026:00:08:50 +0000] "GET /api/products HTTP/1.1" 200 28053 "https://example.com/" "Mozilla/5.0 (Macintosh; Intel Mac OS X 10_15_7) AppleWebKit/537.36"
192.168.1.102 - - [04/May/2026:00:23:44 +0000] "GET /index.html HTTP/1.1" 200 23203 "https://example.com/" "Python-urllib/3.8"
172.16.0.20 - - [04/May/2026:00:26:37 +0000] "POST /static/js/app.js HTTP/1.1" 200 48649 "https://example.com/" "Python-urllib/3.8"
203.0.113.45 - - [04/May/2026:00:36:45 +0000] "DELETE /api/search HTTP/1.1" 200 29459 "https://example.com/" "Mozilla/5.0 (Macintosh; Intel Mac OS X 10_15_7) AppleWebKit/537.36"
203.0.113.45 - - [04/May/2026:00:56:33 +0000] "GET / HTTP/1.1" 200 41377 "https://example.com/" "Mozilla/5.0 (Macintosh; Intel Mac OS X 10_15_7) AppleWebKit/537.36"
10.0.0.51 - - [04/May/2026:01:02:47 +0000] "GET /static/js/app.js HTTP/1.1" 200 23856 "https://example.com/" "Python-urllib/3.8"
198.51.100.23 - - [04/May/2026:00:59:22 +0000] "GET /api/search HTTP/1.1" 200 42077 "-" "Mozilla/5.0 (X11; Linux x86_64) AppleWebKit/537.36"
10.0.0.51 - - [04/May/2026:01:15:00 +0000] "GET /static/css/style.css HTTP/1.1" 200 15983 "https://example.com/" "Mozilla/5.0 (Macintosh; Intel Mac OS X 10_15_7) AppleWebKit/537.36"
192.168.1.102 - - [04/May/2026:01:23:03 +0000] "GET /api/orders HTTP/1.1" 200 39831 "-" "Mozilla/5.0 (Macintosh; Intel Mac OS X 10_15_7) AppleWebKit/537.36"
192.168.1.101 - - [04/May/2026:01:35:48 +0000] "GET /api/products HTTP/1.1" 200 37156 "https://example.com/" "Mozilla/5.0 (Macintosh; Intel Mac OS X 10_15_7) AppleWebKit/537.36"
198.51.100.23 - - [04/May/2026:01:41:32 +0000] "GET /static/js/app.js HTTP/1.1" 200 45659 "https://example.com/" "Mozilla/5.0 (Windows NT 10.0; Win64; x64) AppleWebKit/537.36"
10.0.0.51 - - [04/May/2026:01:46:57 +0000] "POST / HTTP/1.1" 200 41405 "-" "Python-urllib/3.8"
93.184.216.34 - - [04/May/2026:01:52:30 +0000] "PUT /static/css/style.css HTTP/1.1" 200 22268 "https://example.com/" "Mozilla/5.0 (X11; Linux x86_64) AppleWebKit/537.36"
203.0.113.45 - - [04/May/2026:02:03:52 +0000] "POST / HTTP/1.1" 200 14503 "-" "Mozilla/5.0 (X11; Linux x86_64) AppleWebKit/537.36"
192.168.1.102 - - [04/May/2026:02:11:50 +0000] "GET /static/css/style.css HTTP/1.1" 200 31367 "https://example.com/" "Mozilla/5.0 (Macintosh; Intel Mac OS X 10_15_7) AppleWebKit/537.36"
93.184.216.34 - - [04/May/2026:02:35:47 +0000] "GET / HTTP/1.1" 200 17557 "https://example.com/" "Mozilla/5.0 (Macintosh; Intel Mac OS X 10_15_7) AppleWebKit/537.36"
93.184.216.34 - - [04/May/2026:02:44:09 +0000] "GET /images/logo.png HTTP/1.1" 200 5140 "https://example.com/" "Python-urllib/3.8"
192.168.1.102 - - [04/May/2026:02:40:14 +0000] "GET / HTTP/1.1" 200 26137 "https://example.com/" "Mozilla/5.0 (Windows NT 10.0; Win64; x64) AppleWebKit/537.36"
192.168.1.102 - - [04/May/2026:02:42:44 +0000] "POST /static/js/app.js HTTP/1.1" 200 30486 "-" "Mozilla/5.0 (Windows NT 10.0; Win64; x64) AppleWebKit/537.36"
203.0.113.45 - - [04/May/2026:02:50:48 +0000] "POST /admin/login HTTP/1.1" 251 11959 "https://example.com/" "Python-urllib/3.8"
10.0.1.100 - - [04/May/2026:03:00:28 +0000] "GET /images/logo.png HTTP/1.1" 200 9021 "-" "curl/7.68.0"
192.168.1.101 - - [04/May/2026:03:26:06 +0000] "GET /static/js/app.js HTTP/1.1" 200 15363 "https://example.com/" "Mozilla/5.0 (Windows NT 10.0; Win64; x64) AppleWebKit/537.36"
172.16.0.20 - - [04/May/2026:03:18:43 +0000] "GET /images/logo.png HTTP/1.1" 200 6302 "https://example.com/" "Python-urllib/3.8"
10.0.0.50 - - [04/May/2026:03:41:28 +0000] "GET /index.html HTTP/1.1" 200 32971 "-" "curl/7.68.0"
172.16.0.20 - - [04/May/2026:03:38:37 +0000] "GET /api/orders HTTP/1.1" 201 35239 "https://example.com/" "Python-urllib/3.8"
10.0.0.50 - - [04/May/2026:04:01:12 +0000] "GET /admin/login HTTP/1.1" 348 48719 "https://example.com/" "Python-urllib/3.8"
172.16.0.20 - - [04/May/2026:03:59:57 +0000] "POST /images/logo.png HTTP/1.1" 200 24456 "-" "Mozilla/5.0 (X11; Linux x86_64) AppleWebKit/537.36"
192.168.1.100 - - [04/May/2026:04:15:57 +0000] "GET /notfound HTTP/1.1" 404 205 "https://example.com/" "Mozilla/5.0 (Macintosh; Intel Mac OS X 10_15_7) AppleWebKit/537.36"
198.51.100.23 - - [04/May/2026:04:27:39 +0000] "GET / HTTP/1.1" 200 17568 "https://example.com/" "Mozilla/5.0 (Windows NT 10.0; Win64; x64) AppleWebKit/537.36"
93.184.216.34 - - [04/May/2026:04:30:51 +0000] "GET /api/users HTTP/1.1" 200 7569 "-" "Mozilla/5.0 (Macintosh; Intel Mac OS X 10_15_7) AppleWebKit/537.36"
10.0.0.51 - - [04/May/2026:04:27:14 +0000] "GET /static/js/app.js HTTP/1.1" 200 1761 "-" "curl/7.68.0"
93.184.216.34 - - [04/May/2026:04:40:33 +0000] "GET /static/js/app.js HTTP/1.1" 200 5947 "https://example.com/" "curl/7.68.0"
172.16.0.10 - - [04/May/2026:05:00:36 +0000] "GET /api/orders HTTP/1.1" 200 3118 "https://example.com/" "Mozilla/5.0 (Macintosh; Intel Mac OS X 10_15_7) AppleWebKit/537.36"
192.168.1.102 - - [04/May/2026:04:59:35 +0000] "POST /images/logo.png HTTP/1.1" 200 6397 "https://example.com/" "Mozilla/5.0 (Windows NT 10.0; Win64; x64) AppleWebKit/537.36"
203.0.113.45 - - [04/May/2026:05:06:22 +0000] "GET /static/css/style.css HTTP/1.1" 200 9531 "https://example.com/" "curl/7.68.0"
10.0.0.50 - - [04/May/2026:05:25:58 +0000] "POST /admin/login HTTP/1.1" 273 6065 "https://example.com/" "Mozilla/5.0 (X11; Linux x86_64) AppleWebKit/537.36"
10.0.0.51 - - [04/May/2026:05:18:12 +0000] "PUT / HTTP/1.1" 200 16766 "https://example.com/" "Mozilla/5.0 (Windows NT 10.0; Win64; x64) AppleWebKit/537.36"
172.16.0.10 - - [04/May/2026:05:43:33 +0000] "POST /index.html HTTP/1.1" 200 34404 "https://example.com/" "curl/7.68.0"
198.51.100.23 - - [04/May/2026:05:49:07 +0000] "GET / HTTP/1.1" 200 32755 "https://example.com/" "Mozilla/5.0 (Windows NT 10.0; Win64; x64) AppleWebKit/537.36"
10.0.0.50 - - [04/May/2026:05:48:11 +0000] "GET /index.html HTTP/1.1" 200 34754 "https://example.com/" "Mozilla/5.0 (Windows NT 10.0; Win64; x64) AppleWebKit/537.36"
93.184.216.34 - - [04/May/2026:06:08:20 +0000] "GET / HTTP/1.1" 200 47257 "https://example.com/" "Mozilla/5.0 (X11; Linux x86_64) AppleWebKit/537.36"
203.0.113.45 - - [04/May/2026:06:17:02 +0000] "GET /static/js/app.js HTTP/1.1" 200 26411 "-" "curl/7.68.0"
10.0.1.100 - - [04/May/2026:06:25:33 +0000] "GET / HTTP/1.1" 200 37283 "https://example.com/" "Mozilla/5.0 (X11; Linux x86_64) AppleWebKit/537.36"
192.168.1.100 - - [04/May/2026:06:28:42 +0000] "GET /api/products HTTP/1.1" 200 17470 "https://example.com/" "Mozilla/5.0 (Windows NT 10.0; Win64; x64) AppleWebKit/537.36"
10.0.1.100 - - [04/May/2026:06:40:27 +0000] "GET /static/css/style.css HTTP/1.1" 200 26466 "https://example.com/" "Mozilla/5.0 (Windows NT 10.0; Win64; x64) AppleWebKit/537.36"
93.184.216.34 - - [04/May/2026:06:53:16 +0000] "GET /static/css/style.css HTTP/1.1" 200 48767 "https://example.com/" "Mozilla/5.0 (Macintosh; Intel Mac OS X 10_15_7) AppleWebKit/537.36"
198.51.100.23 - - [04/May/2026:06:52:49 +0000] "GET /index.html HTTP/1.1" 200 17148 "-" "Mozilla/5.0 (Windows NT 10.0; Win64; x64) AppleWebKit/537.36"
172.16.0.10 - - [04/May/2026:07:09:49 +0000] "GET / HTTP/1.1" 200 28864 "-" "Mozilla/5.0 (Macintosh; Intel Mac OS X 10_15_7) AppleWebKit/537.36"
198.51.100.23 - - [04/May/2026:07:16:51 +0000] "GET /index.html HTTP/1.1" 200 29055 "https://example.com/" "curl/7.68.0"
192.168.1.102 - - [04/May/2026:07:11:56 +0000] "GET /api/orders HTTP/1.1" 201 3522 "https://example.com/" "Mozilla/5.0 (Windows NT 10.0; Win64; x64) AppleWebKit/537.36"
203.0.113.45 - - [04/May/2026:07:25:53 +0000] "POST /static/css/style.css HTTP/1.1" 200 3572 "https://example.com/" "Python-urllib/3.8"
192.168.1.101 - - [04/May/2026:07:34:58 +0000] "POST /index.html HTTP/1.1" 200 18941 "https://example.com/" "curl/7.68.0"
10.0.0.50 - - [04/May/2026:07:55:07 +0000] "GET /images/logo.png HTTP/1.1" 200 39109 "https://example.com/" "Mozilla/5.0 (Windows NT 10.0; Win64; x64) AppleWebKit/537.36"
172.16.0.20 - - [04/May/2026:07:44:57 +0000] "POST /api/orders HTTP/1.1" 200 39922 "https://example.com/" "Mozilla/5.0 (X11; Linux x86_64) AppleWebKit/537.36"
203.0.113.45 - - [04/May/2026:08:02:41 +0000] "PUT /api/products HTTP/1.1" 200 18288 "https://example.com/" "Mozilla/5.0 (Macintosh; Intel Mac OS X 10_15_7) AppleWebKit/537.36"
10.0.0.50 - - [04/May/2026:08:17:02 +0000] "GET /api/orders HTTP/1.1" 200 46774 "-" "Python-urllib/3.8"
203.0.113.45 - - [04/May/2026:08:25:01 +0000] "GET /api/products HTTP/1.1" 200 30918 "https://example.com/" "Mozilla/5.0 (Macintosh; Intel Mac OS X 10_15_7) AppleWebKit/537.36"
203.0.113.45 - - [04/May/2026:08:21:51 +0000] "POST /images/logo.png HTTP/1.1" 200 45268 "https://example.com/" "Python-urllib/3.8"
192.168.1.102 - - [04/May/2026:08:43:56 +0000] "PUT /static/js/app.js HTTP/1.1" 200 30901 "-" "Mozilla/5.0 (Windows NT 10.0; Win64; x64) AppleWebKit/537.36"
203.0.113.45 - - [04/May/2026:08:37:09 +0000] "GET /api/orders HTTP/1.1" 200 27465 "-" "Mozilla/5.0 (Windows NT 10.0; Win64; x64) AppleWebKit/537.36"
93.184.216.34 - - [04/May/2026:09:01:19 +0000] "GET /admin/login HTTP/1.1" 381 5519 "https://example.com/" "Python-urllib/3.8"
203.0.113.45 - - [04/May/2026:09:10:54 +0000] "GET /static/css/style.css HTTP/1.1" 200 17542 "https://example.com/" "Mozilla/5.0 (Macintosh; Intel Mac OS X 10_15_7) AppleWebKit/537.36"
192.168.1.100 - - [04/May/2026:09:14:56 +0000] "GET /api/orders HTTP/1.1" 200 6195 "https://example.com/" "Python-urllib/3.8"
10.0.0.51 - - [04/May/2026:09:12:29 +0000] "GET /index.html HTTP/1.1" 200 4105 "-" "curl/7.68.0"
198.51.100.23 - - [04/May/2026:09:28:19 +0000] "DELETE /admin/login HTTP/1.1" 200 37545 "-" "curl/7.68.0"
93.184.216.34 - - [04/May/2026:09:34:52 +0000] "GET /static/css/style.css HTTP/1.1" 200 46608 "https://example.com/" "Mozilla/5.0 (Macintosh; Intel Mac OS X 10_15_7) AppleWebKit/537.36"
192.168.1.100 - - [04/May/2026:09:44:57 +0000] "POST /images/logo.png HTTP/1.1" 200 34643 "-" "Mozilla/5.0 (Windows NT 10.0; Win64; x64) AppleWebKit/537.36"
172.16.0.10 - - [04/May/2026:10:03:40 +0000] "GET /admin/login HTTP/1.1" 328 21381 "-" "Python-urllib/3.8"
198.51.100.23 - - [04/May/2026:09:58:45 +0000] "GET / HTTP/1.1" 200 10517 "-" "Mozilla/5.0 (X11; Linux x86_64) AppleWebKit/537.36"
172.16.0.20 - - [04/May/2026:10:05:28 +0000] "POST /index.html HTTP/1.1" 200 24166 "https://example.com/" "Mozilla/5.0 (Macintosh; Intel Mac OS X 10_15_7) AppleWebKit/537.36"
10.0.0.51 - - [04/May/2026:10:31:10 +0000] "GET /api/search HTTP/1.1" 200 3299 "-" "curl/7.68.0"
192.168.1.102 - - [04/May/2026:10:22:44 +0000] "GET /index.html HTTP/1.1" 200 39096 "https://example.com/" "Mozilla/5.0 (X11; Linux x86_64) AppleWebKit/537.36"
192.168.1.102 - - [04/May/2026:10:32:28 +0000] "GET /api/products HTTP/1.1" 200 27966 "https://example.com/" "curl/7.68.0"
172.16.0.10 - - [04/May/2026:10:55:19 +0000] "GET /api/orders HTTP/1.1" 201 27743 "https://example.com/" "Mozilla/5.0 (Windows NT 10.0; Win64; x64) AppleWebKit/537.36"
192.168.1.100 - - [04/May/2026:11:05:36 +0000] "GET /index.html HTTP/1.1" 200 25425 "https://example.com/" "Python-urllib/3.8"
10.0.0.51 - - [04/May/2026:11:03:57 +0000] "GET / HTTP/1.1" 200 44119 "-" "Mozilla/5.0 (X11; Linux x86_64) AppleWebKit/537.36"
192.168.1.102 - - [04/May/2026:11:13:49 +0000] "GET / HTTP/1.1" 200 48940 "-" "Python-urllib/3.8"
172.16.0.20 - - [04/May/2026:11:17:41 +0000] "GET /static/css/style.css HTTP/1.1" 200 6832 "https://example.com/" "curl/7.68.0"
172.16.0.20 - - [04/May/2026:11:33:24 +0000] "GET /api/users HTTP/1.1" 200 49346 "https://example.com/" "Mozilla/5.0 (Macintosh; Intel Mac OS X 10_15_7) AppleWebKit/537.36"
198.51.100.23 - - [04/May/2026:11:31:59 +0000] "GET / HTTP/1.1" 200 27989 "-" "curl/7.68.0"
192.168.1.101 - - [04/May/2026:11:42:06 +0000] "GET /static/css/style.css HTTP/1.1" 200 47413 "https://example.com/" "Mozilla/5.0 (Windows NT 10.0; Win64; x64) AppleWebKit/537.36"
198.51.100.23 - - [04/May/2026:11:54:49 +0000] "GET /static/css/style.css HTTP/1.1" 200 14463 "-" "Mozilla/5.0 (Macintosh; Intel Mac OS X 10_15_7) AppleWebKit/537.36"
192.168.1.102 - - [04/May/2026:11:59:57 +0000] "PUT /api/users HTTP/1.1" 200 32768 "https://example.com/" "Python-urllib/3.8"
10.0.0.50 - - [04/May/2026:12:22:14 +0000] "GET /api/search HTTP/1.1" 200 2112 "https://example.com/" "Python-urllib/3.8"
93.184.216.34 - - [04/May/2026:12:24:00 +0000] "PATCH /api/orders HTTP/1.1" 201 19906 "https://example.com/" "Mozilla/5.0 (Macintosh; Intel Mac OS X 10_15_7) AppleWebKit/537.36"
192.168.1.101 - - [04/May/2026:12:30:33 +0000] "GET /index.html HTTP/1.1" 200 31790 "https://example.com/" "Python-urllib/3.8"
192.168.1.102 - - [04/May/2026:12:37:18 +0000] "GET / HTTP/1.1" 200 7467 "-" "Python-urllib/3.8"
10.0.0.50 - - [04/May/2026:12:52:20 +0000] "GET /api/search HTTP/1.1" 200 26983 "-" "Mozilla/5.0 (Windows NT 10.0; Win64; x64) AppleWebKit/537.36"
192.168.1.100 - - [04/May/2026:13:05:51 +0000] "GET /index.html HTTP/1.1" 200 37706 "-" "Mozilla/5.0 (Macintosh; Intel Mac OS X 10_15_7) AppleWebKit/537.36"
10.0.1.100 - - [04/May/2026:12:58:15 +0000] "GET /images/logo.png HTTP/1.1" 200 21060 "https://example.com/" "Mozilla/5.0 (X11; Linux x86_64) AppleWebKit/537.36"
172.16.0.10 - - [04/May/2026:13:14:11 +0000] "GET /images/logo.png HTTP/1.1" 200 7303 "-" "curl/7.68.0"
192.168.1.100 - - [04/May/2026:13:15:37 +0000] "GET /static/js/app.js HTTP/1.1" 200 5677 "-" "curl/7.68.0"
192.168.1.102 - - [04/May/2026:13:29:07 +0000] "GET /api/users HTTP/1.1" 200 6730 "https://example.com/" "Python-urllib/3.8"
203.0.113.45 - - [04/May/2026:13:46:33 +0000] "GET /api/users HTTP/1.1" 200 48308 "https://example.com/" "Mozilla/5.0 (X11; Linux x86_64) AppleWebKit/537.36"
172.16.0.20 - - [04/May/2026:13:44:52 +0000] "GET / HTTP/1.1" 200 11614 "https://example.com/" "curl/7.68.0"
93.184.216.34 - - [04/May/2026:13:52:38 +0000] "GET / HTTP/1.1" 200 30385 "https://example.com/" "Mozilla/5.0 (Macintosh; Intel Mac OS X 10_15_7) AppleWebKit/537.36"
198.51.100.23 - - [04/May/2026:13:59:33 +0000] "GET /api/users HTTP/1.1" 200 16482 "-" "Mozilla/5.0 (Windows NT 10.0; Win64; x64) AppleWebKit/537.36"
192.168.1.100 - - [04/May/2026:14:14:03 +0000] "GET /images/logo.png HTTP/1.1" 200 31444 "https://example.com/" "Mozilla/5.0 (Windows NT 10.0; Win64; x64) AppleWebKit/537.36"
10.0.1.100 - - [04/May/2026:14:32:28 +0000] "GET / HTTP/1.1" 200 4775 "https://example.com/" "Mozilla/5.0 (Windows NT 10.0; Win64; x64) AppleWebKit/537.36"
192.168.1.100 - - [04/May/2026:14:25:04 +0000] "PUT /static/js/app.js HTTP/1.1" 200 5531 "https://example.com/" "Mozilla/5.0 (X11; Linux x86_64) AppleWebKit/537.36"
10.0.1.100 - - [04/May/2026:14:45:01 +0000] "GET /static/js/app.js HTTP/1.1" 200 28384 "https://example.com/" "Mozilla/5.0 (Windows NT 10.0; Win64; x64) AppleWebKit/537.36"
192.168.1.100 - - [04/May/2026:14:43:38 +0000] "PUT /index.html HTTP/1.1" 200 11654 "-" "Mozilla/5.0 (X11; Linux x86_64) AppleWebKit/537.36"
198.51.100.23 - - [04/May/2026:14:48:40 +0000] "GET /static/js/app.js HTTP/1.1" 200 28424 "https://example.com/" "Mozilla/5.0 (Macintosh; Intel Mac OS X 10_15_7) AppleWebKit/537.36"
10.0.1.100 - - [04/May/2026:15:06:27 +0000] "GET /index.html HTTP/1.1" 200 14915 "https://example.com/" "Python-urllib/3.8"
10.0.0.50 - - [04/May/2026:15:15:05 +0000] "GET /index.html HTTP/1.1" 200 27402 "https://example.com/" "Python-urllib/3.8"
203.0.113.45 - - [04/May/2026:15:33:32 +0000] "GET /api/orders HTTP/1.1" 201 11161 "https://example.com/" "Mozilla/5.0 (Windows NT 10.0; Win64; x64) AppleWebKit/537.36"
192.168.1.102 - - [04/May/2026:15:34:16 +0000] "GET /api/search HTTP/1.1" 200 21433 "-" "Mozilla/5.0 (X11; Linux x86_64) AppleWebKit/537.36"
172.16.0.10 - - [04/May/2026:15:35:06 +0000] "POST /static/css/style.css HTTP/1.1" 200 18018 "https://example.com/" "Mozilla/5.0 (Macintosh; Intel Mac OS X 10_15_7) AppleWebKit/537.36"
172.16.0.20 - - [04/May/2026:15:58:38 +0000] "PUT / HTTP/1.1" 200 29710 "https://example.com/" "Mozilla/5.0 (Windows NT 10.0; Win64; x64) AppleWebKit/537.36"
172.16.0.20 - - [04/May/2026:16:04:18 +0000] "GET /static/css/style.css HTTP/1.1" 200 22480 "https://example.com/" "Mozilla/5.0 (X11; Linux x86_64) AppleWebKit/537.36"
172.16.0.20 - - [04/May/2026:16:00:58 +0000] "POST /admin/login HTTP/1.1" 312 47225 "https://example.com/" "Mozilla/5.0 (Macintosh; Intel Mac OS X 10_15_7) AppleWebKit/537.36"
198.51.100.23 - - [04/May/2026:16:11:09 +0000] "GET /static/js/app.js HTTP/1.1" 200 1755 "https://example.com/" "Mozilla/5.0 (Macintosh; Intel Mac OS X 10_15_7) AppleWebKit/537.36"
203.0.113.45 - - [04/May/2026:16:32:55 +0000] "GET /index.html HTTP/1.1" 200 25336 "-" "Python-urllib/3.8"
172.16.0.20 - - [04/May/2026:16:41:08 +0000] "GET / HTTP/1.1" 200 6425 "-" "Mozilla/5.0 (Macintosh; Intel Mac OS X 10_15_7) AppleWebKit/537.36"
198.51.100.23 - - [04/May/2026:16:48:51 +0000] "POST /images/logo.png HTTP/1.1" 200 30965 "-" "Python-urllib/3.8"
93.184.216.34 - - [04/May/2026:16:53:19 +0000] "GET /api/orders HTTP/1.1" 200 43221 "https://example.com/" "Mozilla/5.0 (Macintosh; Intel Mac OS X 10_15_7) AppleWebKit/537.36"
10.0.0.50 - - [04/May/2026:17:04:55 +0000] "GET /api/products HTTP/1.1" 200 4428 "https://example.com/" "Mozilla/5.0 (X11; Linux x86_64) AppleWebKit/537.36"
172.16.0.20 - - [04/May/2026:17:16:13 +0000] "PUT /static/css/style.css HTTP/1.1" 200 44609 "-" "curl/7.68.0"
192.168.1.100 - - [04/May/2026:17:21:40 +0000] "GET / HTTP/1.1" 200 7891 "-" "curl/7.68.0"
10.0.1.100 - - [04/May/2026:17:30:20 +0000] "POST /index.html HTTP/1.1" 200 44594 "https://example.com/" "Mozilla/5.0 (Macintosh; Intel Mac OS X 10_15_7) AppleWebKit/537.36"
10.0.0.50 - - [04/May/2026:17:29:29 +0000] "GET /api/users HTTP/1.1" 200 13113 "-" "Mozilla/5.0 (Windows NT 10.0; Win64; x64) AppleWebKit/537.36"
192.168.1.100 - - [04/May/2026:17:41:00 +0000] "DELETE /api/users HTTP/1.1" 200 19083 "https://example.com/" "Mozilla/5.0 (Windows NT 10.0; Win64; x64) AppleWebKit/537.36"
198.51.100.23 - - [04/May/2026:17:58:02 +0000] "GET /notfound HTTP/1.1" 404 204 "https://example.com/" "Mozilla/5.0 (X11; Linux x86_64) AppleWebKit/537.36"
10.0.1.100 - - [04/May/2026:18:09:13 +0000] "GET /api/products HTTP/1.1" 200 40259 "https://example.com/" "Mozilla/5.0 (Windows NT 10.0; Win64; x64) AppleWebKit/537.36"
192.168.1.101 - - [04/May/2026:18:08:48 +0000] "GET / HTTP/1.1" 200 46686 "https://example.com/" "Python-urllib/3.8"
192.168.1.102 - - [04/May/2026:18:19:52 +0000] "GET /images/logo.png HTTP/1.1" 200 6083 "https://example.com/" "Mozilla/5.0 (Windows NT 10.0; Win64; x64) AppleWebKit/537.36"
10.0.0.50 - - [04/May/2026:18:23:49 +0000] "GET /images/logo.png HTTP/1.1" 200 38049 "-" "Mozilla/5.0 (X11; Linux x86_64) AppleWebKit/537.36"
192.168.1.101 - - [04/May/2026:18:39:45 +0000] "GET /images/logo.png HTTP/1.1" 200 44453 "-" "Mozilla/5.0 (X11; Linux x86_64) AppleWebKit/537.36"
10.0.1.100 - - [04/May/2026:18:41:00 +0000] "GET /api/products HTTP/1.1" 200 33442 "https://example.com/" "Mozilla/5.0 (X11; Linux x86_64) AppleWebKit/537.36"
203.0.113.45 - - [04/May/2026:18:59:07 +0000] "GET /static/css/style.css HTTP/1.1" 200 8193 "https://example.com/" "Mozilla/5.0 (Windows NT 10.0; Win64; x64) AppleWebKit/537.36"
10.0.0.50 - - [04/May/2026:18:57:41 +0000] "GET /api/users HTTP/1.1" 200 50466 "https://example.com/" "Mozilla/5.0 (Windows NT 10.0; Win64; x64) AppleWebKit/537.36"
192.168.1.100 - - [04/May/2026:19:02:50 +0000] "GET / HTTP/1.1" 200 6338 "-" "Mozilla/5.0 (X11; Linux x86_64) AppleWebKit/537.36"
192.168.1.102 - - [04/May/2026:19:23:34 +0000] "GET /api/search HTTP/1.1" 200 18266 "-" "Python-urllib/3.8"
192.168.1.102 - - [04/May/2026:19:27:28 +0000] "GET /api/products HTTP/1.1" 200 12205 "-" "Mozilla/5.0 (X11; Linux x86_64) AppleWebKit/537.36"
192.168.1.102 - - [04/May/2026:19:27:37 +0000] "DELETE / HTTP/1.1" 200 16447 "-" "Mozilla/5.0 (Macintosh; Intel Mac OS X 10_15_7) AppleWebKit/537.36"
10.0.1.100 - - [04/May/2026:19:44:02 +0000] "POST /api/users HTTP/1.1" 200 45371 "https://example.com/" "Mozilla/5.0 (Macintosh; Intel Mac OS X 10_15_7) AppleWebKit/537.36"
198.51.100.23 - - [04/May/2026:19:46:44 +0000] "POST /api/users HTTP/1.1" 200 19451 "https://example.com/" "Python-urllib/3.8"
10.0.0.50 - - [04/May/2026:20:08:52 +0000] "GET /api/users HTTP/1.1" 200 39312 "https://example.com/" "Mozilla/5.0 (X11; Linux x86_64) AppleWebKit/537.36"
192.168.1.100 - - [04/May/2026:20:07:29 +0000] "PUT /images/logo.png HTTP/1.1" 200 14601 "-" "Mozilla/5.0 (X11; Linux x86_64) AppleWebKit/537.36"
192.168.1.102 - - [04/May/2026:20:14:11 +0000] "GET / HTTP/1.1" 200 5899 "https://example.com/" "Mozilla/5.0 (X11; Linux x86_64) AppleWebKit/537.36"
192.168.1.102 - - [04/May/2026:20:33:59 +0000] "GET /static/css/style.css HTTP/1.1" 200 35953 "-" "Mozilla/5.0 (Macintosh; Intel Mac OS X 10_15_7) AppleWebKit/537.36"
172.16.0.20 - - [04/May/2026:20:44:04 +0000] "GET /static/js/app.js HTTP/1.1" 200 43961 "https://example.com/" "Python-urllib/3.8"
192.168.1.101 - - [04/May/2026:20:51:19 +0000] "POST /api/products HTTP/1.1" 200 960 "https://example.com/" "Mozilla/5.0 (X11; Linux x86_64) AppleWebKit/537.36"
93.184.216.34 - - [04/May/2026:20:50:37 +0000] "GET / HTTP/1.1" 200 20792 "-" "Python-urllib/3.8"
192.168.1.100 - - [04/May/2026:20:58:07 +0000] "GET /api/products HTTP/1.1" 200 31019 "-" "curl/7.68.0"
198.51.100.23 - - [04/May/2026:21:04:46 +0000] "GET /index.html HTTP/1.1" 200 16767 "https://example.com/" "Mozilla/5.0 (Windows NT 10.0; Win64; x64) AppleWebKit/537.36"
203.0.113.45 - - [04/May/2026:21:16:47 +0000] "GET / HTTP/1.1" 200 49410 "-" "Mozilla/5.0 (X11; Linux x86_64) AppleWebKit/537.36"
10.0.0.50 - - [04/May/2026:21:32:00 +0000] "GET /api/products HTTP/1.1" 200 47116 "https://example.com/" "Mozilla/5.0 (Macintosh; Intel Mac OS X 10_15_7) AppleWebKit/537.36"
192.168.1.102 - - [04/May/2026:21:32:57 +0000] "GET /api/products HTTP/1.1" 200 10500 "-" "Mozilla/5.0 (Macintosh; Intel Mac OS X 10_15_7) AppleWebKit/537.36"
192.168.1.100 - - [04/May/2026:21:48:26 +0000] "GET /admin/login HTTP/1.1" 325 19710 "https://example.com/" "curl/7.68.0"
192.168.1.100 - - [04/May/2026:21:51:38 +0000] "GET / HTTP/1.1" 200 7850 "-" "Mozilla/5.0 (X11; Linux x86_64) AppleWebKit/537.36"
10.0.0.51 - - [04/May/2026:22:01:48 +0000] "GET /static/js/app.js HTTP/1.1" 200 32936 "https://example.com/" "curl/7.68.0"
203.0.113.45 - - [04/May/2026:22:00:33 +0000] "POST /index.html HTTP/1.1" 200 2728 "https://example.com/" "Python-urllib/3.8"
172.16.0.10 - - [04/May/2026:22:08:34 +0000] "PUT /images/logo.png HTTP/1.1" 200 29974 "-" "Mozilla/5.0 (Macintosh; Intel Mac OS X 10_15_7) AppleWebKit/537.36"
10.0.0.50 - - [04/May/2026:22:27:43 +0000] "GET /static/css/style.css HTTP/1.1" 200 1909 "https://example.com/" "Mozilla/5.0 (Windows NT 10.0; Win64; x64) AppleWebKit/537.36"
10.0.0.50 - - [04/May/2026:22:45:04 +0000] "GET /index.html HTTP/1.1" 200 4532 "https://example.com/" "Mozilla/5.0 (X11; Linux x86_64) AppleWebKit/537.36"
10.0.1.100 - - [04/May/2026:22:48:51 +0000] "GET /index.html HTTP/1.1" 200 33419 "https://example.com/" "curl/7.68.0"
203.0.113.45 - - [04/May/2026:23:01:22 +0000] "GET / HTTP/1.1" 200 7759 "https://example.com/" "Mozilla/5.0 (X11; Linux x86_64) AppleWebKit/537.36"
172.16.0.10 - - [04/May/2026:22:56:26 +0000] "GET /index.html HTTP/1.1" 200 34616 "https://example.com/" "Mozilla/5.0 (Macintosh; Intel Mac OS X 10_15_7) AppleWebKit/537.36"
172.16.0.20 - - [04/May/2026:23:12:24 +0000] "GET / HTTP/1.1" 200 47906 "-" "Mozilla/5.0 (Windows NT 10.0; Win64; x64) AppleWebKit/537.36"
10.0.1.100 - - [04/May/2026:23:26:15 +0000] "POST / HTTP/1.1" 200 19411 "-" "Mozilla/5.0 (Macintosh; Intel Mac OS X 10_15_7) AppleWebKit/537.36"
93.184.216.34 - - [04/May/2026:23:27:18 +0000] "GET /api/products HTTP/1.1" 200 16075 "https://example.com/" "Python-urllib/3.8"
10.0.1.100 - - [04/May/2026:23:46:00 +0000] "POST / HTTP/1.1" 200 11413 "https://example.com/" "Mozilla/5.0 (Macintosh; Intel Mac OS X 10_15_7) AppleWebKit/537.36"
198.51.100.23 - - [04/May/2026:23:38:41 +0000] "GET /index.html HTTP/1.1" 200 41761 "-" "Python-urllib/3.8"
172.16.0.10 - - [05/May/2026:00:00:30 +0000] "POST /images/logo.png HTTP/1.1" 200 11001 "https://example.com/" "Mozilla/5.0 (Macintosh; Intel Mac OS X 10_15_7) AppleWebKit/537.36"
172.16.0.10 - - [05/May/2026:00:09:01 +0000] "GET /images/logo.png HTTP/1.1" 200 43210 "https://example.com/" "Python-urllib/3.8"
93.184.216.34 - - [05/May/2026:00:12:12 +0000] "POST /api/products HTTP/1.1" 200 7226 "-" "Mozilla/5.0 (Macintosh; Intel Mac OS X 10_15_7) AppleWebKit/537.36"
10.0.0.51 - - [05/May/2026:00:16:45 +0000] "DELETE /static/js/app.js HTTP/1.1" 200 37925 "-" "curl/7.68.0"
192.168.1.101 - - [05/May/2026:00:36:10 +0000] "GET /api/products HTTP/1.1" 200 6138 "https://example.com/" "Python-urllib/3.8"
10.0.1.100 - - [05/May/2026:00:42:22 +0000] "GET /api/orders HTTP/1.1" 201 47921 "https://example.com/" "Python-urllib/3.8"
93.184.216.34 - - [05/May/2026:00:35:37 +0000] "DELETE /index.html HTTP/1.1" 200 30306 "https://example.com/" "Mozilla/5.0 (X11; Linux x86_64) AppleWebKit/537.36"
10.0.0.50 - - [05/May/2026:00:52:36 +0000] "GET /static/css/style.css HTTP/1.1" 200 21811 "https://example.com/" "Mozilla/5.0 (X11; Linux x86_64) AppleWebKit/537.36"
10.0.1.100 - - [05/May/2026:00:58:44 +0000] "GET /images/logo.png HTTP/1.1" 200 41763 "https://example.com/" "Python-urllib/3.8"
192.168.1.100 - - [05/May/2026:01:08:03 +0000] "GET / HTTP/1.1" 200 35860 "https://example.com/" "Mozilla/5.0 (X11; Linux x86_64) AppleWebKit/537.36"
192.168.1.102 - - [05/May/2026:01:29:36 +0000] "GET /images/logo.png HTTP/1.1" 200 49055 "https://example.com/" "curl/7.68.0"
10.0.0.50 - - [05/May/2026:01:37:54 +0000] "GET /static/js/app.js HTTP/1.1" 200 31597 "https://example.com/" "Python-urllib/3.8"
