203.0.113.45 - - [10/May/2026:10:33:26 +0000] "GET / HTTP/1.1" 200 9131 "-" "Mozilla/5.0 (X11; Linux x86_64) AppleWebKit/537.36"
10.0.0.50 - - [10/May/2026:10:46:30 +0000] "GET / HTTP/1.1" 200 43434 "https://example.com/" "Mozilla/5.0 (Macintosh; Intel Mac OS X 10_15_7) AppleWebKit/537.36"
172.16.0.20 - - [10/May/2026:11:07:21 +0000] "GET /images/logo.png HTTP/1.1" 200 27258 "https://example.com/" "Mozilla/5.0 (Windows NT 10.0; Win64; x64) AppleWebKit/537.36"
10.0.0.50 - - [10/May/2026:11:16:38 +0000] "GET /static/css/style.css HTTP/1.1" 200 29724 "-" "Mozilla/5.0 (Macintosh; Intel Mac OS X 10_15_7) AppleWebKit/537.36"
172.16.0.10 - - [10/May/2026:11:16:01 +0000] "POST /api/users HTTP/1.1" 200 45442 "https://example.com/" "Python-urllib/3.8"
10.0.0.51 - - [10/May/2026:11:34:22 +0000] "GET /images/logo.png HTTP/1.1" 200 46674 "https://example.com/" "curl/7.68.0"
93.184.216.34 - - [10/May/2026:11:42:44 +0000] "GET /static/css/style.css HTTP/1.1" 200 46533 "https://example.com/" "Mozilla/5.0 (Macintosh; Intel Mac OS X 10_15_7) AppleWebKit/537.36"
198.51.100.23 - - [10/May/2026:11:45:17 +0000] "GET /api/users HTTP/1.1" 200 36830 "https://example.com/" "curl/7.68.0"
93.184.216.34 - - [10/May/2026:11:46:38 +0000] "POST /images/logo.png HTTP/1.1" 200 26686 "https://example.com/" "Mozilla/5.0 (Macintosh; Intel Mac OS X 10_15_7) AppleWebKit/537.36"
203.0.113.45 - - [10/May/2026:12:08:11 +0000] "GET /api/search HTTP/1.1" 200 16766 "https://example.com/" "Mozilla/5.0 (Macintosh; Intel Mac OS X 10_15_7) AppleWebKit/537.36"
10.0.0.50 - - [10/May/2026:12:05:22 +0000] "GET /api/search HTTP/1.1" 200 26818 "-" "curl/7.68.0"
192.168.1.100 - - [10/May/2026:12:12:31 +0000] "PUT /api/products HTTP/1.1" 200 44457 "-" "Mozilla/5.0 (X11; Linux x86_64) AppleWebKit/537.36"
192.168.1.100 - - [10/May/2026:12:20:05 +0000] "GET /images/logo.png HTTP/1.1" 200 1370 "https://example.com/" "Python-urllib/3.8"
10.0.1.100 - - [10/May/2026:12:41:32 +0000] "GET / HTTP/1.1" 200 31323 "https://example.com/" "Mozilla/5.0 (Windows NT 10.0; Win64; x64) AppleWebKit/537.36"
192.168.1.101 - - [10/May/2026:12:37:25 +0000] "GET / HTTP/1.1" 200 33995 "-" "Mozilla/5.0 (Macintosh; Intel Mac OS X 10_15_7) AppleWebKit/537.36"
192.168.1.102 - - [10/May/2026:12:58:06 +0000] "GET /api/search HTTP/1.1" 200 41262 "https://example.com/" "Python-urllib/3.8"
93.184.216.34 - - [10/May/2026:12:55:11 +0000] "GET / HTTP/1.1" 200 3076 "https://example.com/" "Mozilla/5.0 (X11; Linux x86_64) AppleWebKit/537.36"
192.168.1.100 - - [10/May/2026:13:15:56 +0000] "GET /api/products HTTP/1.1" 200 7863 "https://example.com/" "Mozilla/5.0 (Windows NT 10.0; Win64; x64) AppleWebKit/537.36"
172.16.0.20 - - [10/May/2026:13:23:35 +0000] "GET /api/orders HTTP/1.1" 200 15402 "-" "Mozilla/5.0 (Macintosh; Intel Mac OS X 10_15_7) AppleWebKit/537.36"
192.168.1.101 - - [10/May/2026:13:27:30 +0000] "PUT /static/css/style.css HTTP/1.1" 200 21570 "-" "Mozilla/5.0 (Windows NT 10.0; Win64; x64) AppleWebKit/537.36"
172.16.0.20 - - [10/May/2026:13:41:27 +0000] "GET /index.html HTTP/1.1" 200 47983 "https://example.com/" "Mozilla/5.0 (Windows NT 10.0; Win64; x64) AppleWebKit/537.36"
198.51.100.23 - - [10/May/2026:13:41:29 +0000] "GET /api/orders HTTP/1.1" 200 34883 "-" "Python-urllib/3.8"
192.168.1.102 - - [10/May/2026:14:02:12 +0000] "POST /index.html HTTP/1.1" 200 48111 "-" "Python-urllib/3.8"
192.168.1.101 - - [10/May/2026:14:08:15 +0000] "GET /index.html HTTP/1.1" 200 38919 "https://example.com/" "Python-urllib/3.8"
203.0.113.45 - - [10/May/2026:14:01:56 +0000] "GET /images/logo.png HTTP/1.1" 200 32461 "https://example.com/" "Mozilla/5.0 (Macintosh; Intel Mac OS X 10_15_7) AppleWebKit/537.36"
203.0.113.45 - - [10/May/2026:14:12:51 +0000] "GET /images/logo.png HTTP/1.1" 200 21135 "https://example.com/" "Mozilla/5.0 (Macintosh; Intel Mac OS X 10_15_7) AppleWebKit/537.36"
10.0.0.51 - - [10/May/2026:14:19:54 +0000] "GET /index.html HTTP/1.1" 200 2147 "-" "Python-urllib/3.8"
10.0.1.100 - - [10/May/2026:14:40:00 +0000] "GET /index.html HTTP/1.1" 200 25189 "-" "Mozilla/5.0 (Windows NT 10.0; Win64; x64) AppleWebKit/537.36"
172.16.0.20 - - [10/May/2026:14:46:08 +0000] "GET /index.html HTTP/1.1" 200 29515 "-" "Mozilla/5.0 (Macintosh; Intel Mac OS X 10_15_7) AppleWebKit/537.36"
10.0.1.100 - - [10/May/2026:14:45:07 +0000] "GET /api/orders HTTP/1.1" 201 37990 "https://example.com/" "Mozilla/5.0 (Windows NT 10.0; Win64; x64) AppleWebKit/537.36"
198.51.100.23 - - [10/May/2026:14:57:45 +0000] "GET /static/css/style.css HTTP/1.1" 200 43557 "https://example.com/" "Mozilla/5.0 (Macintosh; Intel Mac OS X 10_15_7) AppleWebKit/537.36"
10.0.1.100 - - [10/May/2026:15:04:38 +0000] "PUT /static/js/app.js HTTP/1.1" 200 9561 "https://example.com/" "Python-urllib/3.8"
172.16.0.20 - - [10/May/2026:15:11:37 +0000] "POST /api/users HTTP/1.1" 200 29982 "https://example.com/" "Mozilla/5.0 (X11; Linux x86_64) AppleWebKit/537.36"
203.0.113.45 - - [10/May/2026:15:37:27 +0000] "GET /static/css/style.css HTTP/1.1" 200 753 "https://example.com/" "Python-urllib/3.8"
172.16.0.20 - - [10/May/2026:15:27:46 +0000] "GET / HTTP/1.1" 200 32115 "https://example.com/" "Python-urllib/3.8"
93.184.216.34 - - [10/May/2026:15:52:42 +0000] "GET /index.html HTTP/1.1" 200 30120 "https://example.com/" "Mozilla/5.0 (Macintosh; Intel Mac OS X 10_15_7) AppleWebKit/537.36"
10.0.0.50 - - [10/May/2026:16:01:29 +0000] "GET /index.html HTTP/1.1" 200 2960 "https://example.com/" "Python-urllib/3.8"
10.0.0.50 - - [10/May/2026:16:03:40 +0000] "POST /api/search HTTP/1.1" 200 41121 "-" "Mozilla/5.0 (Macintosh; Intel Mac OS X 10_15_7) AppleWebKit/537.36"
10.0.1.100 - - [10/May/2026:16:01:10 +0000] "GET /notfound HTTP/1.1" 404 232 "https://example.com/" "curl/7.68.0"
10.0.0.51 - - [10/May/2026:16:13:33 +0000] "GET / HTTP/1.1" 200 47999 "https://example.com/" "Mozilla/5.0 (Windows NT 10.0; Win64; x64) AppleWebKit/537.36"
172.16.0.10 - - [10/May/2026:16:30:00 +0000] "POST /index.html HTTP/1.1" 200 24961 "-" "Mozilla/5.0 (Windows NT 10.0; Win64; x64) AppleWebKit/537.36"
10.0.0.51 - - [10/May/2026:16:35:21 +0000] "GET /api/orders HTTP/1.1" 201 46439 "-" "Mozilla/5.0 (X11; Linux x86_64) AppleWebKit/537.36"
192.168.1.102 - - [10/May/2026:16:40:00 +0000] "PATCH /index.html HTTP/1.1" 200 43223 "https://example.com/" "Mozilla/5.0 (Macintosh; Intel Mac OS X 10_15_7) AppleWebKit/537.36"
192.168.1.100 - - [10/May/2026:16:49:43 +0000] "GET /api/products HTTP/1.1" 200 20900 "https://example.com/" "Mozilla/5.0 (X11; Linux x86_64) AppleWebKit/537.36"
172.16.0.20 - - [10/May/2026:17:07:12 +0000] "GET /api/users HTTP/1.1" 200 44325 "https://example.com/" "curl/7.68.0"
172.16.0.20 - - [10/May/2026:17:05:43 +0000] "GET / HTTP/1.1" 200 46951 "https://example.com/" "curl/7.68.0"
172.16.0.10 - - [10/May/2026:17:28:54 +0000] "POST /images/logo.png HTTP/1.1" 200 23682 "https://example.com/" "Python-urllib/3.8"
198.51.100.23 - - [10/May/2026:17:23:36 +0000] "POST / HTTP/1.1" 200 19967 "https://example.com/" "curl/7.68.0"
203.0.113.45 - - [10/May/2026:17:30:47 +0000] "GET /api/products HTTP/1.1" 200 21791 "https://example.com/" "Mozilla/5.0 (Windows NT 10.0; Win64; x64) AppleWebKit/537.36"
172.16.0.10 - - [10/May/2026:17:53:36 +0000] "POST /api/users HTTP/1.1" 200 34402 "https://example.com/" "Mozilla/5.0 (X11; Linux x86_64) AppleWebKit/537.36"
192.168.1.101 - - [10/May/2026:17:49:30 +0000] "GET /api/products HTTP/1.1" 200 35167 "https://example.com/" "Mozilla/5.0 (X11; Linux x86_64) AppleWebKit/537.36"
10.0.1.100 - - [10/May/2026:18:03:53 +0000] "GET /static/js/app.js HTTP/1.1" 200 35294 "https://example.com/" "Mozilla/5.0 (X11; Linux x86_64) AppleWebKit/537.36"
192.168.1.101 - - [10/May/2026:18:19:23 +0000] "PUT /api/search HTTP/1.1" 200 4750 "-" "Mozilla/5.0 (Macintosh; Intel Mac OS X 10_15_7) AppleWebKit/537.36"
10.0.1.100 - - [10/May/2026:18:22:41 +0000] "GET /index.html HTTP/1.1" 200 45814 "https://example.com/" "Mozilla/5.0 (X11; Linux x86_64) AppleWebKit/537.36"
10.0.0.50 - - [10/May/2026:18:25:07 +0000] "GET /static/css/style.css HTTP/1.1" 200 20906 "https://example.com/" "Python-urllib/3.8"
172.16.0.10 - - [10/May/2026:18:32:10 +0000] "GET / HTTP/1.1" 200 33267 "https://example.com/" "Mozilla/5.0 (Windows NT 10.0; Win64; x64) AppleWebKit/537.36"
10.0.0.50 - - [10/May/2026:18:48:57 +0000] "GET /index.html HTTP/1.1" 200 24176 "https://example.com/" "Mozilla/5.0 (Windows NT 10.0; Win64; x64) AppleWebKit/537.36"
192.168.1.101 - - [10/May/2026:18:57:00 +0000] "GET /static/css/style.css HTTP/1.1" 200 33745 "-" "curl/7.68.0"
10.0.0.51 - - [10/May/2026:19:08:43 +0000] "GET / HTTP/1.1" 200 24374 "https://example.com/" "Mozilla/5.0 (Windows NT 10.0; Win64; x64) AppleWebKit/537.36"
192.168.1.101 - - [10/May/2026:19:06:51 +0000] "GET /index.html HTTP/1.1" 200 42650 "-" "Mozilla/5.0 (Macintosh; Intel Mac OS X 10_15_7) AppleWebKit/537.36"
192.168.1.100 - - [10/May/2026:19:26:06 +0000] "GET / HTTP/1.1" 200 28745 "https://example.com/" "Python-urllib/3.8"
192.168.1.102 - - [10/May/2026:19:31:30 +0000] "GET /images/logo.png HTTP/1.1" 200 8930 "https://example.com/" "Mozilla/5.0 (X11; Linux x86_64) AppleWebKit/537.36"
192.168.1.102 - - [10/May/2026:19:28:33 +0000] "GET /api/search HTTP/1.1" 200 15905 "https://example.com/" "Mozilla/5.0 (Macintosh; Intel Mac OS X 10_15_7) AppleWebKit/537.36"
198.51.100.23 - - [10/May/2026:19:44:43 +0000] "POST / HTTP/1.1" 200 12859 "https://example.com/" "Mozilla/5.0 (Windows NT 10.0; Win64; x64) AppleWebKit/537.36"
10.0.1.100 - - [10/May/2026:19:47:12 +0000] "GET /api/orders HTTP/1.1" 201 41814 "-" "curl/7.68.0"
198.51.100.23 - - [10/May/2026:19:58:29 +0000] "PUT /api/orders HTTP/1.1" 201 30293 "https://example.com/" "Mozilla/5.0 (X11; Linux x86_64) AppleWebKit/537.36"
192.168.1.101 - - [10/May/2026:20:18:46 +0000] "GET /index.html HTTP/1.1" 200 35461 "https://example.com/" "curl/7.68.0"
203.0.113.45 - - [10/May/2026:20:23:28 +0000] "GET / HTTP/1.1" 200 45151 "https://example.com/" "Mozilla/5.0 (X11; Linux x86_64) AppleWebKit/537.36"
10.0.0.51 - - [10/May/2026:20:37:44 +0000] "GET /static/css/style.css HTTP/1.1" 200 13951 "-" "Mozilla/5.0 (Macintosh; Intel Mac OS X 10_15_7) AppleWebKit/537.36"
172.16.0.20 - - [10/May/2026:20:37:04 +0000] "GET /static/js/app.js HTTP/1.1" 200 4492 "https://example.com/" "Mozilla/5.0 (X11; Linux x86_64) AppleWebKit/537.36"
192.168.1.102 - - [10/May/2026:20:52:51 +0000] "GET /api/search HTTP/1.1" 200 19382 "-" "curl/7.68.0"
10.0.1.100 - - [10/May/2026:20:56:35 +0000] "GET /api/products HTTP/1.1" 200 27601 "https://example.com/" "Mozilla/5.0 (Windows NT 10.0; Win64; x64) AppleWebKit/537.36"
10.0.1.100 - - [10/May/2026:21:03:42 +0000] "GET / HTTP/1.1" 200 5531 "https://example.com/" "curl/7.68.0"
172.16.0.20 - - [10/May/2026:21:04:30 +0000] "GET /static/js/app.js HTTP/1.1" 200 38171 "https://example.com/" "Python-urllib/3.8"
192.168.1.101 - - [10/May/2026:21:26:10 +0000] "POST / HTTP/1.1" 200 41517 "https://example.com/" "Mozilla/5.0 (Windows NT 10.0; Win64; x64) AppleWebKit/537.36"
172.16.0.20 - - [10/May/2026:21:25:24 +0000] "GET /api/users HTTP/1.1" 200 34247 "https://example.com/" "Mozilla/5.0 (X11; Linux x86_64) AppleWebKit/537.36"
10.0.0.50 - - [10/May/2026:21:43:12 +0000] "GET /index.html HTTP/1.1" 200 4988 "-" "Mozilla/5.0 (Macintosh; Intel Mac OS X 10_15_7) AppleWebKit/537.36"
203.0.113.45 - - [10/May/2026:21:48:54 +0000] "GET /api/products HTTP/1.1" 200 19456 "https://example.com/" "Mozilla/5.0 (Macintosh; Intel Mac OS X 10_15_7) AppleWebKit/537.36"
10.0.1.100 - - [10/May/2026:21:50:07 +0000] "POST /index.html HTTP/1.1" 200 10288 "https://example.com/" "Mozilla/5.0 (Macintosh; Intel Mac OS X 10_15_7) AppleWebKit/537.36"
10.0.0.50 - - [10/May/2026:22:08:24 +0000] "GET /static/css/style.css HTTP/1.1" 200 19367 "https://example.com/" "Mozilla/5.0 (Windows NT 10.0; Win64; x64) AppleWebKit/537.36"
198.51.100.23 - - [10/May/2026:22:20:31 +0000] "GET /index.html HTTP/1.1" 200 21465 "https://example.com/" "Mozilla/5.0 (X11; Linux x86_64) AppleWebKit/537.36"
10.0.0.51 - - [10/May/2026:22:15:41 +0000] "POST /api/internal HTTP/1.1" 503 255 "https://example.com/" "Python-urllib/3.8"
192.168.1.101 - - [10/May/2026:22:33:25 +0000] "GET /index.html HTTP/1.1" 200 29604 "-" "Mozilla/5.0 (X11; Linux x86_64) AppleWebKit/537.36"
172.16.0.20 - - [10/May/2026:22:29:38 +0000] "POST /images/logo.png HTTP/1.1" 200 9898 "https://example.com/" "Mozilla/5.0 (Windows NT 10.0; Win64; x64) AppleWebKit/537.36"
172.16.0.10 - - [10/May/2026:22:57:21 +0000] "GET /static/css/style.css HTTP/1.1" 200 23615 "https://example.com/" "Mozilla/5.0 (Macintosh; Intel Mac OS X 10_15_7) AppleWebKit/537.36"
172.16.0.10 - - [10/May/2026:22:58:21 +0000] "GET /images/logo.png HTTP/1.1" 200 46238 "-" "Python-urllib/3.8"
172.16.0.10 - - [10/May/2026:23:08:41 +0000] "GET /api/orders HTTP/1.1" 200 36829 "https://example.com/" "Python-urllib/3.8"
192.168.1.102 - - [10/May/2026:23:09:24 +0000] "GET /index.html HTTP/1.1" 200 28339 "https://example.com/" "Python-urllib/3.8"
10.0.1.100 - - [10/May/2026:23:14:51 +0000] "GET /api/search HTTP/1.1" 200 48340 "https://example.com/" "Mozilla/5.0 (X11; Linux x86_64) AppleWebKit/537.36"
172.16.0.20 - - [10/May/2026:23:36:52 +0000] "GET /index.html HTTP/1.1" 200 35951 "-" "Mozilla/5.0 (Macintosh; Intel Mac OS X 10_15_7) AppleWebKit/537.36"
192.168.1.100 - - [10/May/2026:23:44:46 +0000] "GET /index.html HTTP/1.1" 200 20098 "https://example.com/" "Mozilla/5.0 (Macintosh; Intel Mac OS X 10_15_7) AppleWebKit/537.36"
93.184.216.34 - - [10/May/2026:23:50:47 +0000] "GET /api/orders HTTP/1.1" 200 45040 "https://example.com/" "Mozilla/5.0 (X11; Linux x86_64) AppleWebKit/537.36"
10.0.0.50 - - [11/May/2026:00:00:37 +0000] "GET / HTTP/1.1" 200 38466 "https://example.com/" "curl/7.68.0"
93.184.216.34 - - [10/May/2026:23:57:44 +0000] "GET /static/css/style.css HTTP/1.1" 200 38553 "https://example.com/" "Python-urllib/3.8"
10.0.0.51 - - [11/May/2026:00:16:09 +0000] "GET /api/users HTTP/1.1" 200 13304 "https://example.com/" "Mozilla/5.0 (Macintosh; Intel Mac OS X 10_15_7) AppleWebKit/537.36"
172.16.0.20 - - [11/May/2026:00:32:41 +0000] "POST / HTTP/1.1" 200 5285 "https://example.com/" "Python-urllib/3.8"
10.0.1.100 - - [11/May/2026:00:37:17 +0000] "GET /static/js/app.js HTTP/1.1" 200 42348 "https://example.com/" "curl/7.68.0"
10.0.0.50 - - [11/May/2026:00:40:44 +0000] "GET /index.html HTTP/1.1" 200 19666 "https://example.com/" "Mozilla/5.0 (Windows NT 10.0; Win64; x64) AppleWebKit/537.36"
172.16.0.20 - - [11/May/2026:00:52:48 +0000] "POST /static/css/style.css HTTP/1.1" 200 22206 "https://example.com/" "Mozilla/5.0 (X11; Linux x86_64) AppleWebKit/537.36"
192.168.1.102 - - [11/May/2026:00:48:49 +0000] "GET /images/logo.png HTTP/1.1" 200 19796 "-" "Mozilla/5.0 (Windows NT 10.0; Win64; x64) AppleWebKit/537.36"
172.16.0.20 - - [11/May/2026:01:04:26 +0000] "GET /api/orders HTTP/1.1" 201 5087 "-" "Python-urllib/3.8"
10.0.1.100 - - [11/May/2026:01:20:35 +0000] "GET /images/logo.png HTTP/1.1" 200 48684 "-" "curl/7.68.0"
10.0.1.100 - - [11/May/2026:01:32:31 +0000] "GET /api/users HTTP/1.1" 200 6553 "https://example.com/" "Mozilla/5.0 (Macintosh; Intel Mac OS X 10_15_7) AppleWebKit/537.36"
192.168.1.100 - - [11/May/2026:01:29:35 +0000] "GET / HTTP/1.1" 200 39737 "https://example.com/" "Mozilla/5.0 (X11; Linux x86_64) AppleWebKit/537.36"
198.51.100.23 - - [11/May/2026:01:34:27 +0000] "GET / HTTP/1.1" 200 47362 "https://example.com/" "Python-urllib/3.8"
172.16.0.20 - - [11/May/2026:01:49:39 +0000] "GET /api/search HTTP/1.1" 200 1372 "https://example.com/" "Mozilla/5.0 (X11; Linux x86_64) AppleWebKit/537.36"
172.16.0.20 - - [11/May/2026:02:05:53 +0000] "PUT /index.html HTTP/1.1" 200 45856 "https://example.com/" "Python-urllib/3.8"
10.0.0.50 - - [11/May/2026:02:07:04 +0000] "GET /api/orders HTTP/1.1" 200 45703 "-" "curl/7.68.0"
198.51.100.23 - - [11/May/2026:02:16:24 +0000] "GET / HTTP/1.1" 200 41985 "https://example.com/" "curl/7.68.0"
192.168.1.100 - - [11/May/2026:02:34:06 +0000] "GET /static/css/style.css HTTP/1.1" 200 33353 "https://example.com/" "Python-urllib/3.8"
203.0.113.45 - - [11/May/2026:02:22:59 +0000] "GET /static/css/style.css HTTP/1.1" 200 32100 "https://example.com/" "Mozilla/5.0 (Windows NT 10.0; Win64; x64) AppleWebKit/537.36"
198.51.100.23 - - [11/May/2026:02:46:34 +0000] "POST /static/css/style.css HTTP/1.1" 200 33233 "-" "Mozilla/5.0 (Windows NT 10.0; Win64; x64) AppleWebKit/537.36"
192.168.1.100 - - [11/May/2026:02:59:02 +0000] "GET / HTTP/1.1" 200 47773 "-" "Mozilla/5.0 (Macintosh; Intel Mac OS X 10_15_7) AppleWebKit/537.36"
203.0.113.45 - - [11/May/2026:03:00:34 +0000] "GET /images/logo.png HTTP/1.1" 200 14840 "-" "Mozilla/5.0 (Macintosh; Intel Mac OS X 10_15_7) AppleWebKit/537.36"
10.0.1.100 - - [11/May/2026:03:09:48 +0000] "GET /index.html HTTP/1.1" 200 45524 "https://example.com/" "Mozilla/5.0 (X11; Linux x86_64) AppleWebKit/537.36"
93.184.216.34 - - [11/May/2026:03:08:57 +0000] "POST /api/internal HTTP/1.1" 502 294 "https://example.com/" "Mozilla/5.0 (X11; Linux x86_64) AppleWebKit/537.36"
192.168.1.102 - - [11/May/2026:03:16:34 +0000] "GET /api/products HTTP/1.1" 200 15000 "-" "Python-urllib/3.8"
10.0.0.50 - - [11/May/2026:03:39:46 +0000] "POST /index.html HTTP/1.1" 200 11701 "https://example.com/" "Mozilla/5.0 (Windows NT 10.0; Win64; x64) AppleWebKit/537.36"
172.16.0.10 - - [11/May/2026:03:39:45 +0000] "GET /images/logo.png HTTP/1.1" 200 38906 "https://example.com/" "Mozilla/5.0 (X11; Linux x86_64) AppleWebKit/537.36"
172.16.0.10 - - [11/May/2026:03:52:58 +0000] "POST /static/js/app.js HTTP/1.1" 200 46708 "https://example.com/" "Mozilla/5.0 (X11; Linux x86_64) AppleWebKit/537.36"
172.16.0.10 - - [11/May/2026:03:59:15 +0000] "GET /api/search HTTP/1.1" 200 4845 "-" "curl/7.68.0"
172.16.0.10 - - [11/May/2026:04:04:29 +0000] "GET /api/users HTTP/1.1" 200 50496 "https://example.com/" "Mozilla/5.0 (Macintosh; Intel Mac OS X 10_15_7) AppleWebKit/537.36"
198.51.100.23 - - [11/May/2026:04:12:19 +0000] "POST /api/products HTTP/1.1" 200 23232 "https://example.com/" "Python-urllib/3.8"
10.0.0.51 - - [11/May/2026:04:26:38 +0000] "GET / HTTP/1.1" 200 2758 "-" "Mozilla/5.0 (Macintosh; Intel Mac OS X 10_15_7) AppleWebKit/537.36"
192.168.1.100 - - [11/May/2026:04:24:05 +0000] "GET /api/users HTTP/1.1" 200 27082 "https://example.com/" "curl/7.68.0"
192.168.1.100 - - [11/May/2026:04:33:44 +0000] "GET / HTTP/1.1" 200 27475 "https://example.com/" "Mozilla/5.0 (Macintosh; Intel Mac OS X 10_15_7) AppleWebKit/537.36"
93.184.216.34 - - [11/May/2026:04:43:07 +0000] "GET /index.html HTTP/1.1" 200 12745 "-" "Mozilla/5.0 (Windows NT 10.0; Win64; x64) AppleWebKit/537.36"
10.0.0.50 - - [11/May/2026:04:51:51 +0000] "GET /static/js/app.js HTTP/1.1" 200 41043 "https://example.com/" "Mozilla/5.0 (Macintosh; Intel Mac OS X 10_15_7) AppleWebKit/537.36"
198.51.100.23 - - [11/May/2026:05:04:13 +0000] "POST /images/logo.png HTTP/1.1" 200 8925 "https://example.com/" "Mozilla/5.0 (Windows NT 10.0; Win64; x64) AppleWebKit/537.36"
198.51.100.23 - - [11/May/2026:05:22:58 +0000] "POST /index.html HTTP/1.1" 200 14571 "https://example.com/" "Mozilla/5.0 (Windows NT 10.0; Win64; x64) AppleWebKit/537.36"
192.168.1.100 - - [11/May/2026:05:32:15 +0000] "POST /static/css/style.css HTTP/1.1" 200 26975 "https://example.com/" "Mozilla/5.0 (Windows NT 10.0; Win64; x64) AppleWebKit/537.36"
93.184.216.34 - - [11/May/2026:05:28:49 +0000] "PUT /api/search HTTP/1.1" 200 27766 "https://example.com/" "Mozilla/5.0 (Windows NT 10.0; Win64; x64) AppleWebKit/537.36"
192.168.1.102 - - [11/May/2026:05:42:16 +0000] "GET /images/logo.png HTTP/1.1" 200 18812 "-" "Mozilla/5.0 (Windows NT 10.0; Win64; x64) AppleWebKit/537.36"
10.0.1.100 - - [11/May/2026:05:47:09 +0000] "POST /index.html HTTP/1.1" 200 39166 "-" "curl/7.68.0"
172.16.0.20 - - [11/May/2026:06:08:21 +0000] "GET / HTTP/1.1" 200 23439 "https://example.com/" "curl/7.68.0"
172.16.0.20 - - [11/May/2026:06:14:56 +0000] "GET /static/js/app.js HTTP/1.1" 200 21822 "-" "Mozilla/5.0 (Macintosh; Intel Mac OS X 10_15_7) AppleWebKit/537.36"
192.168.1.101 - - [11/May/2026:06:23:56 +0000] "GET /api/orders HTTP/1.1" 200 20697 "-" "curl/7.68.0"
172.16.0.10 - - [11/May/2026:06:18:49 +0000] "GET /static/css/style.css HTTP/1.1" 200 24340 "https://example.com/" "Mozilla/5.0 (Macintosh; Intel Mac OS X 10_15_7) AppleWebKit/537.36"
172.16.0.10 - - [11/May/2026:06:40:44 +0000] "PUT /api/products HTTP/1.1" 200 3569 "https://example.com/" "curl/7.68.0"
192.168.1.100 - - [11/May/2026:06:49:32 +0000] "POST / HTTP/1.1" 200 25306 "https://example.com/" "Mozilla/5.0 (Windows NT 10.0; Win64; x64) AppleWebKit/537.36"
198.51.100.23 - - [11/May/2026:06:50:30 +0000] "GET /index.html HTTP/1.1" 200 12343 "-" "Python-urllib/3.8"
203.0.113.45 - - [11/May/2026:06:51:21 +0000] "GET /static/js/app.js HTTP/1.1" 200 19738 "-" "Python-urllib/3.8"
198.51.100.23 - - [11/May/2026:07:03:08 +0000] "PUT /images/logo.png HTTP/1.1" 200 49020 "https://example.com/" "Python-urllib/3.8"
198.51.100.23 - - [11/May/2026:07:26:57 +0000] "GET /api/users HTTP/1.1" 200 31119 "https://example.com/" "Mozilla/5.0 (Windows NT 10.0; Win64; x64) AppleWebKit/537.36"
203.0.113.45 - - [11/May/2026:07:27:00 +0000] "POST /images/logo.png HTTP/1.1" 200 44091 "-" "Mozilla/5.0 (Macintosh; Intel Mac OS X 10_15_7) AppleWebKit/537.36"
203.0.113.45 - - [11/May/2026:07:29:08 +0000] "POST /api/orders HTTP/1.1" 201 46092 "https://example.com/" "Mozilla/5.0 (Macintosh; Intel Mac OS X 10_15_7) AppleWebKit/537.36"
192.168.1.101 - - [11/May/2026:07:39:23 +0000] "GET /static/css/style.css HTTP/1.1" 200 48674 "https://example.com/" "curl/7.68.0"
192.168.1.102 - - [11/May/2026:07:48:35 +0000] "GET /images/logo.png HTTP/1.1" 200 23104 "https://example.com/" "Mozilla/5.0 (Windows NT 10.0; Win64; x64) AppleWebKit/537.36"
192.168.1.101 - - [11/May/2026:07:59:17 +0000] "POST /static/css/style.css HTTP/1.1" 200 27051 "-" "Python-urllib/3.8"
10.0.0.50 - - [11/May/2026:08:10:19 +0000] "POST / HTTP/1.1" 200 37491 "https://example.com/" "Mozilla/5.0 (Windows NT 10.0; Win64; x64) AppleWebKit/537.36"
192.168.1.102 - - [11/May/2026:08:18:09 +0000] "GET /images/logo.png HTTP/1.1" 200 19881 "https://example.com/" "curl/7.68.0"
10.0.0.51 - - [11/May/2026:08:22:11 +0000] "POST /api/users HTTP/1.1" 200 26496 "https://example.com/" "curl/7.68.0"
192.168.1.100 - - [11/May/2026:08:42:22 +0000] "POST /index.html HTTP/1.1" 200 46035 "https://example.com/" "curl/7.68.0"
198.51.100.23 - - [11/May/2026:08:35:46 +0000] "GET / HTTP/1.1" 200 10790 "https://example.com/" "curl/7.68.0"
10.0.0.51 - - [11/May/2026:08:57:40 +0000] "GET /index.html HTTP/1.1" 200 34453 "https://example.com/" "Python-urllib/3.8"
172.16.0.10 - - [11/May/2026:08:53:03 +0000] "GET /index.html HTTP/1.1" 200 36700 "https://example.com/" "Mozilla/5.0 (Windows NT 10.0; Win64; x64) AppleWebKit/537.36"
172.16.0.10 - - [11/May/2026:09:16:52 +0000] "GET /images/logo.png HTTP/1.1" 200 35472 "https://example.com/" "Python-urllib/3.8"
198.51.100.23 - - [11/May/2026:09:23:13 +0000] "POST /index.html HTTP/1.1" 200 47983 "https://example.com/" "Mozilla/5.0 (Macintosh; Intel Mac OS X 10_15_7) AppleWebKit/537.36"
93.184.216.34 - - [11/May/2026:09:20:25 +0000] "GET /api/search HTTP/1.1" 200 35422 "-" "Mozilla/5.0 (Windows NT 10.0; Win64; x64) AppleWebKit/537.36"
198.51.100.23 - - [11/May/2026:09:40:46 +0000] "GET /api/orders HTTP/1.1" 201 35451 "-" "curl/7.68.0"
172.16.0.20 - - [11/May/2026:09:53:37 +0000] "GET /static/js/app.js HTTP/1.1" 200 8012 "https://example.com/" "Python-urllib/3.8"
93.184.216.34 - - [11/May/2026:09:43:45 +0000] "POST / HTTP/1.1" 200 45107 "https://example.com/" "Mozilla/5.0 (Windows NT 10.0; Win64; x64) AppleWebKit/537.36"
10.0.0.50 - - [11/May/2026:09:56:59 +0000] "POST /api/orders HTTP/1.1" 200 37742 "https://example.com/" "Mozilla/5.0 (X11; Linux x86_64) AppleWebKit/537.36"
10.0.1.100 - - [11/May/2026:10:08:31 +0000] "POST /api/products HTTP/1.1" 200 45326 "-" "Mozilla/5.0 (Macintosh; Intel Mac OS X 10_15_7) AppleWebKit/537.36"
10.0.0.50 - - [11/May/2026:10:11:37 +0000] "GET /index.html HTTP/1.1" 200 17833 "-" "curl/7.68.0"
172.16.0.20 - - [11/May/2026:10:34:55 +0000] "DELETE /api/users HTTP/1.1" 200 33639 "https://example.com/" "curl/7.68.0"
10.0.1.100 - - [11/May/2026:10:43:31 +0000] "POST /static/css/style.css HTTP/1.1" 200 17975 "https://example.com/" "Python-urllib/3.8"
192.168.1.101 - - [11/May/2026:10:53:07 +0000] "GET / HTTP/1.1" 200 34008 "https://example.com/" "Mozilla/5.0 (X11; Linux x86_64) AppleWebKit/537.36"
93.184.216.34 - - [11/May/2026:11:02:50 +0000] "POST /images/logo.png HTTP/1.1" 200 20517 "-" "curl/7.68.0"
172.16.0.10 - - [11/May/2026:10:54:17 +0000] "GET / HTTP/1.1" 200 34858 "https://example.com/" "curl/7.68.0"
10.0.0.51 - - [11/May/2026:11:12:51 +0000] "GET /api/users HTTP/1.1" 200 34324 "https://example.com/" "Mozilla/5.0 (Windows NT 10.0; Win64; x64) AppleWebKit/537.36"
192.168.1.101 - - [11/May/2026:11:24:03 +0000] "GET /index.html HTTP/1.1" 200 30435 "https://example.com/" "Mozilla/5.0 (X11; Linux x86_64) AppleWebKit/537.36"
93.184.216.34 - - [11/May/2026:11:22:33 +0000] "POST /api/search HTTP/1.1" 200 44742 "https://example.com/" "Python-urllib/3.8"
192.168.1.102 - - [11/May/2026:11:37:19 +0000] "GET /api/products HTTP/1.1" 200 25899 "-" "Mozilla/5.0 (X11; Linux x86_64) AppleWebKit/537.36"
198.51.100.23 - - [11/May/2026:11:51:44 +0000] "POST /index.html HTTP/1.1" 200 10510 "https://example.com/" "curl/7.68.0"
10.0.0.50 - - [11/May/2026:11:48:19 +0000] "POST /api/products HTTP/1.1" 200 14560 "https://example.com/" "Mozilla/5.0 (Macintosh; Intel Mac OS X 10_15_7) AppleWebKit/537.36"
172.16.0.20 - - [11/May/2026:11:59:39 +0000] "GET /index.html HTTP/1.1" 200 27347 "https://example.com/" "Mozilla/5.0 (Macintosh; Intel Mac OS X 10_15_7) AppleWebKit/537.36"
192.168.1.102 - - [11/May/2026:12:12:23 +0000] "GET /index.html HTTP/1.1" 200 14855 "https://example.com/" "curl/7.68.0"
192.168.1.100 - - [11/May/2026:12:18:46 +0000] "GET /api/search HTTP/1.1" 200 10293 "https://example.com/" "Mozilla/5.0 (Macintosh; Intel Mac OS X 10_15_7) AppleWebKit/537.36"
172.16.0.10 - - [11/May/2026:12:22:22 +0000] "POST / HTTP/1.1" 200 33838 "https://example.com/" "Mozilla/5.0 (Windows NT 10.0; Win64; x64) AppleWebKit/537.36"
10.0.0.51 - - [11/May/2026:12:30:07 +0000] "POST /static/js/app.js HTTP/1.1" 200 7777 "https://example.com/" "Mozilla/5.0 (X11; Linux x86_64) AppleWebKit/537.36"
93.184.216.34 - - [11/May/2026:12:37:32 +0000] "GET /api/search HTTP/1.1" 200 7201 "https://example.com/" "curl/7.68.0"
10.0.0.50 - - [11/May/2026:13:01:42 +0000] "POST /api/search HTTP/1.1" 200 40264 "-" "Mozilla/5.0 (X11; Linux x86_64) AppleWebKit/537.36"
192.168.1.100 - - [11/May/2026:13:06:09 +0000] "GET /static/js/app.js HTTP/1.1" 200 5542 "https://example.com/" "Python-urllib/3.8"
172.16.0.20 - - [11/May/2026:13:14:23 +0000] "POST / HTTP/1.1" 200 44165 "-" "curl/7.68.0"
192.168.1.100 - - [11/May/2026:13:26:32 +0000] "GET /images/logo.png HTTP/1.1" 200 7476 "-" "Mozilla/5.0 (Macintosh; Intel Mac OS X 10_15_7) AppleWebKit/537.36"
203.0.113.45 - - [11/May/2026:13:34:05 +0000] "GET /static/js/app.js HTTP/1.1" 200 13741 "https://example.com/" "Mozilla/5.0 (X11; Linux x86_64) AppleWebKit/537.36"
192.168.1.100 - - [11/May/2026:13:44:03 +0000] "POST /index.html HTTP/1.1" 200 44961 "https://example.com/" "Python-urllib/3.8"
93.184.216.34 - - [11/May/2026:13:47:40 +0000] "POST /static/css/style.css HTTP/1.1" 200 15081 "https://example.com/" "Mozilla/5.0 (X11; Linux x86_64) AppleWebKit/537.36"
172.16.0.20 - - [11/May/2026:13:55:22 +0000] "GET / HTTP/1.1" 200 12153 "https://example.com/" "Python-urllib/3.8"
172.16.0.10 - - [11/May/2026:14:10:22 +0000] "GET /api/products HTTP/1.1" 200 31039 "-" "Mozilla/5.0 (Windows NT 10.0; Win64; x64) AppleWebKit/537.36"
198.51.100.23 - - [11/May/2026:14:18:12 +0000] "GET /static/js/app.js HTTP/1.1" 200 7951 "https://example.com/" "curl/7.68.0"
192.168.1.100 - - [11/May/2026:14:15:42 +0000] "GET / HTTP/1.1" 200 27994 "https://example.com/" "Mozilla/5.0 (X11; Linux x86_64) AppleWebKit/537.36"
172.16.0.10 - - [11/May/2026:14:33:44 +0000] "GET /index.html HTTP/1.1" 200 26799 "https://example.com/" "Mozilla/5.0 (Windows NT 10.0; Win64; x64) AppleWebKit/537.36"
10.0.1.100 - - [11/May/2026:14:40:19 +0000] "POST /images/logo.png HTTP/1.1" 200 4901 "-" "Mozilla/5.0 (Macintosh; Intel Mac OS X 10_15_7) AppleWebKit/537.36"
192.168.1.101 - - [11/May/2026:14:39:34 +0000] "PUT /index.html HTTP/1.1" 200 22572 "https://example.com/" "Mozilla/5.0 (X11; Linux x86_64) AppleWebKit/537.36"
172.16.0.10 - - [11/May/2026:15:03:47 +0000] "GET /static/css/style.css HTTP/1.1" 200 12695 "https://example.com/" "Mozilla/5.0 (X11; Linux x86_64) AppleWebKit/537.36"
198.51.100.23 - - [11/May/2026:15:01:52 +0000] "GET /index.html HTTP/1.1" 200 49788 "-" "curl/7.68.0"
10.0.0.51 - - [11/May/2026:15:09:35 +0000] "GET /index.html HTTP/1.1" 200 47267 "https://example.com/" "Mozilla/5.0 (Macintosh; Intel Mac OS X 10_15_7) AppleWebKit/537.36"
192.168.1.100 - - [11/May/2026:15:23:48 +0000] "GET /static/css/style.css HTTP/1.1" 200 33455 "-" "Mozilla/5.0 (Windows NT 10.0; Win64; x64) AppleWebKit/537.36"
172.16.0.10 - - [11/May/2026:15:30:05 +0000] "GET /images/logo.png HTTP/1.1" 200 33786 "https://example.com/" "Mozilla/5.0 (Windows NT 10.0; Win64; x64) AppleWebKit/537.36"
10.0.0.50 - - [11/May/2026:15:33:45 +0000] "GET / HTTP/1.1" 200 796 "https://example.com/" "Mozilla/5.0 (X11; Linux x86_64) AppleWebKit/537.36"
192.168.1.100 - - [11/May/2026:15:50:46 +0000] "GET /api/products HTTP/1.1" 200 43559 "https://example.com/" "Mozilla/5.0 (X11; Linux x86_64) AppleWebKit/537.36"
192.168.1.100 - - [11/May/2026:15:49:18 +0000] "PUT /api/orders HTTP/1.1" 200 13617 "-" "curl/7.68.0"
192.168.1.100 - - [11/May/2026:16:09:42 +0000] "GET /index.html HTTP/1.1" 200 44407 "https://example.com/" "Mozilla/5.0 (Macintosh; Intel Mac OS X 10_15_7) AppleWebKit/537.36"
192.168.1.100 - - [11/May/2026:16:22:30 +0000] "GET /static/js/app.js HTTP/1.1" 200 30169 "https://example.com/" "Mozilla/5.0 (Macintosh; Intel Mac OS X 10_15_7) AppleWebKit/537.36"
192.168.1.102 - - [11/May/2026:16:24:54 +0000] "GET /static/js/app.js HTTP/1.1" 200 38426 "-" "Python-urllib/3.8"
10.0.1.100 - - [11/May/2026:16:23:12 +0000] "GET / HTTP/1.1" 200 8282 "https://example.com/" "Mozilla/5.0 (Windows NT 10.0; Win64; x64) AppleWebKit/537.36"
172.16.0.20 - - [11/May/2026:16:37:52 +0000] "GET /index.html HTTP/1.1" 200 6469 "-" "curl/7.68.0"
93.184.216.34 - - [11/May/2026:16:42:47 +0000] "GET / HTTP/1.1" 200 728 "-" "Mozilla/5.0 (Macintosh; Intel Mac OS X 10_15_7) AppleWebKit/537.36"
198.51.100.23 - - [11/May/2026:16:57:38 +0000] "GET /static/css/style.css HTTP/1.1" 200 27891 "https://example.com/" "Mozilla/5.0 (X11; Linux x86_64) AppleWebKit/537.36"
192.168.1.101 - - [11/May/2026:16:57:25 +0000] "PUT /static/js/app.js HTTP/1.1" 200 19391 "https://example.com/" "Mozilla/5.0 (Windows NT 10.0; Win64; x64) AppleWebKit/537.36"
192.168.1.102 - - [11/May/2026:17:08:40 +0000] "GET /index.html HTTP/1.1" 200 43963 "https://example.com/" "Python-urllib/3.8"
192.168.1.101 - - [11/May/2026:17:16:36 +0000] "GET /static/js/app.js HTTP/1.1" 200 23726 "https://example.com/" "Mozilla/5.0 (X11; Linux x86_64) AppleWebKit/537.36"
10.0.0.51 - - [11/May/2026:17:31:30 +0000] "GET /static/js/app.js HTTP/1.1" 200 11383 "https://example.com/" "Mozilla/5.0 (Windows NT 10.0; Win64; x64) AppleWebKit/537.36"
203.0.113.45 - - [11/May/2026:17:34:35 +0000] "GET /images/logo.png HTTP/1.1" 200 32674 "https://example.com/" "Mozilla/5.0 (X11; Linux x86_64) AppleWebKit/537.36"
192.168.1.101 - - [11/May/2026:17:56:26 +0000] "GET /api/users HTTP/1.1" 200 15376 "https://example.com/" "Mozilla/5.0 (Macintosh; Intel Mac OS X 10_15_7) AppleWebKit/537.36"
93.184.216.34 - - [11/May/2026:17:59:38 +0000] "POST /index.html HTTP/1.1" 200 11222 "-" "Mozilla/5.0 (Macintosh; Intel Mac OS X 10_15_7) AppleWebKit/537.36"
198.51.100.23 - - [11/May/2026:18:14:17 +0000] "GET / HTTP/1.1" 200 2203 "https://example.com/" "Python-urllib/3.8"
192.168.1.102 - - [11/May/2026:18:07:41 +0000] "POST /api/users HTTP/1.1" 200 12965 "https://example.com/" "Mozilla/5.0 (Windows NT 10.0; Win64; x64) AppleWebKit/537.36"
192.168.1.102 - - [11/May/2026:18:16:24 +0000] "GET /index.html HTTP/1.1" 200 40688 "https://example.com/" "Python-urllib/3.8"
93.184.216.34 - - [11/May/2026:18:32:56 +0000] "GET /static/js/app.js HTTP/1.1" 200 36313 "-" "Python-urllib/3.8"
203.0.113.45 - - [11/May/2026:18:46:06 +0000] "GET /api/search HTTP/1.1" 200 50260 "https://example.com/" "Mozilla/5.0 (Macintosh; Intel Mac OS X 10_15_7) AppleWebKit/537.36"
192.168.1.101 - - [11/May/2026:18:50:12 +0000] "GET /api/orders HTTP/1.1" 201 13302 "-" "curl/7.68.0"
198.51.100.23 - - [11/May/2026:18:48:16 +0000] "PUT /index.html HTTP/1.1" 200 13280 "-" "Python-urllib/3.8"
172.16.0.10 - - [11/May/2026:19:14:57 +0000] "GET /api/search HTTP/1.1" 200 8872 "https://example.com/" "Python-urllib/3.8"
10.0.1.100 - - [11/May/2026:19:12:11 +0000] "GET /images/logo.png HTTP/1.1" 200 4597 "https://example.com/" "Mozilla/5.0 (Windows NT 10.0; Win64; x64) AppleWebKit/537.36"
93.184.216.34 - - [11/May/2026:19:28:17 +0000] "GET / HTTP/1.1" 200 27019 "-" "curl/7.68.0"
192.168.1.100 - - [11/May/2026:19:23:33 +0000] "GET / HTTP/1.1" 200 7324 "-" "curl/7.68.0"
203.0.113.45 - - [11/May/2026:19:43:35 +0000] "GET /index.html HTTP/1.1" 200 27285 "-" "Mozilla/5.0 (Macintosh; Intel Mac OS X 10_15_7) AppleWebKit/537.36"
172.16.0.10 - - [11/May/2026:19:58:07 +0000] "GET /api/users HTTP/1.1" 200 50141 "https://example.com/" "Python-urllib/3.8"
172.16.0.10 - - [11/May/2026:20:03:06 +0000] "GET / HTTP/1.1" 200 31423 "https://example.com/" "Mozilla/5.0 (Macintosh; Intel Mac OS X 10_15_7) AppleWebKit/537.36"
192.168.1.100 - - [11/May/2026:20:14:16 +0000] "POST /index.html HTTP/1.1" 200 14748 "-" "Mozilla/5.0 (Macintosh; Intel Mac OS X 10_15_7) AppleWebKit/537.36"
192.168.1.102 - - [11/May/2026:20:22:36 +0000] "GET /admin/login HTTP/1.1" 261 37982 "https://example.com/" "Mozilla/5.0 (Windows NT 10.0; Win64; x64) AppleWebKit/537.36"
10.0.0.51 - - [11/May/2026:20:16:34 +0000] "POST /images/logo.png HTTP/1.1" 200 2846 "https://example.com/" "Python-urllib/3.8"
10.0.0.51 - - [11/May/2026:20:30:36 +0000] "POST /static/css/style.css HTTP/1.1" 200 49995 "https://example.com/" "Mozilla/5.0 (Macintosh; Intel Mac OS X 10_15_7) AppleWebKit/537.36"
203.0.113.45 - - [11/May/2026:20:38:11 +0000] "GET /index.html HTTP/1.1" 200 31560 "https://example.com/" "curl/7.68.0"
198.51.100.23 - - [11/May/2026:20:54:42 +0000] "POST /index.html HTTP/1.1" 200 4557 "https://example.com/" "Mozilla/5.0 (Windows NT 10.0; Win64; x64) AppleWebKit/537.36"
10.0.0.51 - - [11/May/2026:21:01:03 +0000] "POST / HTTP/1.1" 200 22806 "https://example.com/" "Python-urllib/3.8"
93.184.216.34 - - [11/May/2026:21:14:07 +0000] "POST /api/orders HTTP/1.1" 201 7729 "-" "Mozilla/5.0 (Macintosh; Intel Mac OS X 10_15_7) AppleWebKit/537.36"
192.168.1.101 - - [11/May/2026:21:11:36 +0000] "GET /api/orders HTTP/1.1" 201 36476 "https://example.com/" "Mozilla/5.0 (X11; Linux x86_64) AppleWebKit/537.36"
192.168.1.101 - - [11/May/2026:21:20:07 +0000] "PATCH /images/logo.png HTTP/1.1" 200 3439 "https://example.com/" "Mozilla/5.0 (Macintosh; Intel Mac OS X 10_15_7) AppleWebKit/537.36"
172.16.0.10 - - [11/May/2026:21:30:04 +0000] "POST /api/orders HTTP/1.1" 201 16391 "https://example.com/" "Mozilla/5.0 (X11; Linux x86_64) AppleWebKit/537.36"
198.51.100.23 - - [11/May/2026:21:46:51 +0000] "GET /images/logo.png HTTP/1.1" 200 1797 "-" "curl/7.68.0"
192.168.1.100 - - [11/May/2026:21:45:54 +0000] "GET / HTTP/1.1" 200 10603 "-" "Mozilla/5.0 (Windows NT 10.0; Win64; x64) AppleWebKit/537.36"
10.0.0.51 - - [11/May/2026:22:03:10 +0000] "GET /api/orders HTTP/1.1" 201 18506 "https://example.com/" "Python-urllib/3.8"
172.16.0.20 - - [11/May/2026:22:02:25 +0000] "DELETE /images/logo.png HTTP/1.1" 200 47841 "https://example.com/" "Python-urllib/3.8"
93.184.216.34 - - [11/May/2026:22:06:45 +0000] "DELETE /static/css/style.css HTTP/1.1" 200 20067 "https://example.com/" "Mozilla/5.0 (Windows NT 10.0; Win64; x64) AppleWebKit/537.36"
172.16.0.10 - - [11/May/2026:22:22:48 +0000] "GET /api/search HTTP/1.1" 200 46500 "-" "Mozilla/5.0 (Macintosh; Intel Mac OS X 10_15_7) AppleWebKit/537.36"
192.168.1.101 - - [11/May/2026:22:24:22 +0000] "GET /index.html HTTP/1.1" 200 34376 "https://example.com/" "curl/7.68.0"
192.168.1.102 - - [11/May/2026:22:43:48 +0000] "GET /api/search HTTP/1.1" 200 41718 "https://example.com/" "Mozilla/5.0 (Windows NT 10.0; Win64; x64) AppleWebKit/537.36"
192.168.1.102 - - [11/May/2026:22:42:55 +0000] "GET /index.html HTTP/1.1" 200 33144 "https://example.com/" "Mozilla/5.0 (Windows NT 10.0; Win64; x64) AppleWebKit/537.36"
10.0.1.100 - - [11/May/2026:22:53:13 +0000] "GET /index.html HTTP/1.1" 200 34574 "https://example.com/" "Mozilla/5.0 (X11; Linux x86_64) AppleWebKit/537.36"
172.16.0.10 - - [11/May/2026:23:06:14 +0000] "GET /index.html HTTP/1.1" 200 41985 "-" "Mozilla/5.0 (Macintosh; Intel Mac OS X 10_15_7) AppleWebKit/537.36"
172.16.0.10 - - [11/May/2026:23:22:12 +0000] "GET /api/orders HTTP/1.1" 200 20969 "-" "Mozilla/5.0 (Windows NT 10.0; Win64; x64) AppleWebKit/537.36"
172.16.0.20 - - [11/May/2026:23:21:09 +0000] "GET /index.html HTTP/1.1" 200 10688 "https://example.com/" "curl/7.68.0"
192.168.1.102 - - [11/May/2026:23:25:09 +0000] "POST /index.html HTTP/1.1" 200 14879 "https://example.com/" "Mozilla/5.0 (Windows NT 10.0; Win64; x64) AppleWebKit/537.36"
198.51.100.23 - - [11/May/2026:23:47:42 +0000] "POST /static/css/style.css HTTP/1.1" 200 47084 "-" "Mozilla/5.0 (Windows NT 10.0; Win64; x64) AppleWebKit/537.36"
10.0.0.51 - - [11/May/2026:23:57:53 +0000] "PATCH /api/products HTTP/1.1" 200 13743 "https://example.com/" "Mozilla/5.0 (X11; Linux x86_64) AppleWebKit/537.36"
192.168.1.100 - - [11/May/2026:23:57:56 +0000] "GET /static/css/style.css HTTP/1.1" 200 40624 "-" "Mozilla/5.0 (Windows NT 10.0; Win64; x64) AppleWebKit/537.36"
10.0.1.100 - - [12/May/2026:00:03:14 +0000] "GET / HTTP/1.1" 200 8317 "https://example.com/" "Mozilla/5.0 (X11; Linux x86_64) AppleWebKit/537.36"
172.16.0.20 - - [12/May/2026:00:09:56 +0000] "GET / HTTP/1.1" 200 50300 "https://example.com/" "Mozilla/5.0 (Macintosh; Intel Mac OS X 10_15_7) AppleWebKit/537.36"
192.168.1.102 - - [12/May/2026:00:21:42 +0000] "GET /images/logo.png HTTP/1.1" 200 19147 "https://example.com/" "curl/7.68.0"
203.0.113.45 - - [12/May/2026:00:36:14 +0000] "GET /images/logo.png HTTP/1.1" 200 15373 "https://example.com/" "Mozilla/5.0 (Macintosh; Intel Mac OS X 10_15_7) AppleWebKit/537.36"
93.184.216.34 - - [12/May/2026:00:42:32 +0000] "GET /api/orders HTTP/1.1" 201 44567 "https://example.com/" "Python-urllib/3.8"
10.0.1.100 - - [12/May/2026:00:46:50 +0000] "GET /static/css/style.css HTTP/1.1" 200 6717 "https://example.com/" "Python-urllib/3.8"
192.168.1.101 - - [12/May/2026:01:06:03 +0000] "GET /images/logo.png HTTP/1.1" 200 15524 "-" "curl/7.68.0"
10.0.1.100 - - [12/May/2026:01:10:55 +0000] "GET /api/search HTTP/1.1" 200 1163 "https://example.com/" "Mozilla/5.0 (Macintosh; Intel Mac OS X 10_15_7) AppleWebKit/537.36"
203.0.113.45 - - [12/May/2026:01:09:40 +0000] "GET /api/users HTTP/1.1" 200 8466 "-" "Mozilla/5.0 (Macintosh; Intel Mac OS X 10_15_7) AppleWebKit/537.36"
172.16.0.20 - - [12/May/2026:01:30:29 +0000] "GET / HTTP/1.1" 200 29097 "-" "Mozilla/5.0 (Windows NT 10.0; Win64; x64) AppleWebKit/537.36"
192.168.1.102 - - [12/May/2026:01:37:59 +0000] "GET /api/products HTTP/1.1" 200 35302 "-" "Mozilla/5.0 (X11; Linux x86_64) AppleWebKit/537.36"
192.168.1.102 - - [12/May/2026:01:44:18 +0000] "GET / HTTP/1.1" 200 3418 "-" "Mozilla/5.0 (Windows NT 10.0; Win64; x64) AppleWebKit/537.36"
10.0.0.51 - - [12/May/2026:01:55:31 +0000] "POST / HTTP/1.1" 200 4850 "https://example.com/" "curl/7.68.0"
192.168.1.100 - - [12/May/2026:01:56:25 +0000] "DELETE /static/css/style.css HTTP/1.1" 200 29748 "https://example.com/" "Mozilla/5.0 (X11; Linux x86_64) AppleWebKit/537.36"
192.168.1.100 - - [12/May/2026:02:03:04 +0000] "GET /admin/login HTTP/1.1" 212 8495 "-" "Mozilla/5.0 (Windows NT 10.0; Win64; x64) AppleWebKit/537.36"
10.0.1.100 - - [12/May/2026:02:22:57 +0000] "POST /images/logo.png HTTP/1.1" 200 3137 "-" "Mozilla/5.0 (Windows NT 10.0; Win64; x64) AppleWebKit/537.36"
203.0.113.45 - - [12/May/2026:02:28:13 +0000] "GET /images/logo.png HTTP/1.1" 200 24535 "-" "Mozilla/5.0 (X11; Linux x86_64) AppleWebKit/537.36"
192.168.1.101 - - [12/May/2026:02:31:03 +0000] "PATCH /api/orders HTTP/1.1" 201 43402 "-" "curl/7.68.0"
172.16.0.20 - - [12/May/2026:02:44:53 +0000] "POST /api/orders HTTP/1.1" 201 44383 "-" "curl/7.68.0"
192.168.1.100 - - [12/May/2026:02:58:32 +0000] "GET /static/js/app.js HTTP/1.1" 200 4363 "https://example.com/" "Python-urllib/3.8"
192.168.1.102 - - [12/May/2026:03:04:19 +0000] "GET /api/search HTTP/1.1" 200 2610 "https://example.com/" "Mozilla/5.0 (Macintosh; Intel Mac OS X 10_15_7) AppleWebKit/537.36"
192.168.1.102 - - [12/May/2026:03:20:09 +0000] "GET /images/logo.png HTTP/1.1" 200 4686 "https://example.com/" "Mozilla/5.0 (Windows NT 10.0; Win64; x64) AppleWebKit/537.36"
192.168.1.102 - - [12/May/2026:03:28:10 +0000] "GET /index.html HTTP/1.1" 200 38270 "https://example.com/" "Mozilla/5.0 (Windows NT 10.0; Win64; x64) AppleWebKit/537.36"
93.184.216.34 - - [12/May/2026:03:17:37 +0000] "GET /admin/login HTTP/1.1" 325 8867 "https://example.com/" "Mozilla/5.0 (X11; Linux x86_64) AppleWebKit/537.36"
192.168.1.102 - - [12/May/2026:03:30:00 +0000] "GET / HTTP/1.1" 200 16070 "-" "Mozilla/5.0 (Windows NT 10.0; Win64; x64) AppleWebKit/537.36"
10.0.0.51 - - [12/May/2026:03:42:35 +0000] "GET /images/logo.png HTTP/1.1" 200 19788 "-" "Python-urllib/3.8"
192.168.1.102 - - [12/May/2026:03:48:56 +0000] "GET /index.html HTTP/1.1" 200 30042 "-" "Mozilla/5.0 (Macintosh; Intel Mac OS X 10_15_7) AppleWebKit/537.36"
192.168.1.102 - - [12/May/2026:03:56:04 +0000] "POST /api/products HTTP/1.1" 200 1112 "https://example.com/" "Mozilla/5.0 (Macintosh; Intel Mac OS X 10_15_7) AppleWebKit/537.36"
172.16.0.20 - - [12/May/2026:04:16:15 +0000] "GET /images/logo.png HTTP/1.1" 200 5885 "https://example.com/" "Python-urllib/3.8"
172.16.0.10 - - [12/May/2026:04:11:10 +0000] "GET /images/logo.png HTTP/1.1" 200 8537 "https://example.com/" "Mozilla/5.0 (X11; Linux x86_64) AppleWebKit/537.36"
172.16.0.10 - - [12/May/2026:04:33:26 +0000] "GET /images/logo.png HTTP/1.1" 200 23679 "https://example.com/" "Python-urllib/3.8"
10.0.0.50 - - [12/May/2026:04:32:01 +0000] "GET /api/users HTTP/1.1" 200 15287 "https://example.com/" "Mozilla/5.0 (X11; Linux x86_64) AppleWebKit/537.36"
192.168.1.100 - - [12/May/2026:04:51:09 +0000] "POST / HTTP/1.1" 200 20190 "https://example.com/" "Mozilla/5.0 (Macintosh; Intel Mac OS X 10_15_7) AppleWebKit/537.36"
192.168.1.100 - - [12/May/2026:04:47:43 +0000] "GET /api/products HTTP/1.1" 200 22917 "https://example.com/" "Mozilla/5.0 (Macintosh; Intel Mac OS X 10_15_7) AppleWebKit/537.36"
203.0.113.45 - - [12/May/2026:05:00:09 +0000] "GET / HTTP/1.1" 200 8390 "https://example.com/" "Mozilla/5.0 (X11; Linux x86_64) AppleWebKit/537.36"
10.0.1.100 - - [12/May/2026:05:19:02 +0000] "GET /static/js/app.js HTTP/1.1" 200 36645 "https://example.com/" "Mozilla/5.0 (Macintosh; Intel Mac OS X 10_15_7) AppleWebKit/537.36"
198.51.100.23 - - [12/May/2026:05:11:16 +0000] "GET /api/users HTTP/1.1" 200 3062 "https://example.com/" "Mozilla/5.0 (Macintosh; Intel Mac OS X 10_15_7) AppleWebKit/537.36"
172.16.0.20 - - [12/May/2026:05:28:34 +0000] "GET /index.html HTTP/1.1" 200 26923 "https://example.com/" "Mozilla/5.0 (Windows NT 10.0; Win64; x64) AppleWebKit/537.36"
172.16.0.20 - - [12/May/2026:05:33:40 +0000] "GET /api/users HTTP/1.1" 200 21270 "https://example.com/" "Python-urllib/3.8"
10.0.1.100 - - [12/May/2026:05:53:28 +0000] "GET /api/products HTTP/1.1" 200 47186 "https://example.com/" "Python-urllib/3.8"
198.51.100.23 - - [12/May/2026:05:58:16 +0000] "GET /images/logo.png HTTP/1.1" 200 21178 "https://example.com/" "Python-urllib/3.8"
192.168.1.100 - - [12/May/2026:05:59:36 +0000] "GET /api/users HTTP/1.1" 200 2253 "-" "Mozilla/5.0 (X11; Linux x86_64) AppleWebKit/537.36"
172.16.0.10 - - [12/May/2026:06:03:50 +0000] "GET /api/products HTTP/1.1" 200 44928 "https://example.com/" "curl/7.68.0"
172.16.0.20 - - [12/May/2026:06:16:10 +0000] "GET /api/products HTTP/1.1" 200 47452 "-" "Mozilla/5.0 (X11; Linux x86_64) AppleWebKit/537.36"
192.168.1.101 - - [12/May/2026:06:32:57 +0000] "POST /static/css/style.css HTTP/1.1" 200 16976 "-" "Mozilla/5.0 (Windows NT 10.0; Win64; x64) AppleWebKit/537.36"
10.0.1.100 - - [12/May/2026:06:46:03 +0000] "GET /images/logo.png HTTP/1.1" 200 1442 "-" "Mozilla/5.0 (Macintosh; Intel Mac OS X 10_15_7) AppleWebKit/537.36"
203.0.113.45 - - [12/May/2026:06:40:23 +0000] "GET / HTTP/1.1" 200 32289 "-" "Mozilla/5.0 (Windows NT 10.0; Win64; x64) AppleWebKit/537.36"
10.0.1.100 - - [12/May/2026:06:54:23 +0000] "GET /index.html HTTP/1.1" 200 4253 "https://example.com/" "Python-urllib/3.8"
203.0.113.45 - - [12/May/2026:06:58:37 +0000] "POST /static/css/style.css HTTP/1.1" 200 10777 "https://example.com/" "Mozilla/5.0 (Macintosh; Intel Mac OS X 10_15_7) AppleWebKit/537.36"
172.16.0.20 - - [12/May/2026:07:21:24 +0000] "GET /static/css/style.css HTTP/1.1" 200 27010 "https://example.com/" "curl/7.68.0"
10.0.0.50 - - [12/May/2026:07:27:33 +0000] "GET /api/orders HTTP/1.1" 200 40086 "https://example.com/" "curl/7.68.0"
172.16.0.20 - - [12/May/2026:07:36:24 +0000] "GET / HTTP/1.1" 200 27938 "-" "Mozilla/5.0 (Windows NT 10.0; Win64; x64) AppleWebKit/537.36"
198.51.100.23 - - [12/May/2026:07:32:19 +0000] "GET /static/js/app.js HTTP/1.1" 200 9116 "https://example.com/" "Mozilla/5.0 (Macintosh; Intel Mac OS X 10_15_7) AppleWebKit/537.36"
192.168.1.101 - - [12/May/2026:07:49:33 +0000] "GET /index.html HTTP/1.1" 200 45861 "https://example.com/" "Mozilla/5.0 (Windows NT 10.0; Win64; x64) AppleWebKit/537.36"
93.184.216.34 - - [12/May/2026:07:53:05 +0000] "DELETE /api/orders HTTP/1.1" 201 5299 "https://example.com/" "Mozilla/5.0 (Windows NT 10.0; Win64; x64) AppleWebKit/537.36"
172.16.0.20 - - [12/May/2026:08:00:18 +0000] "GET /static/css/style.css HTTP/1.1" 200 21858 "-" "curl/7.68.0"
172.16.0.10 - - [12/May/2026:08:21:14 +0000] "GET /admin/login HTTP/1.1" 301 35634 "-" "Mozilla/5.0 (Macintosh; Intel Mac OS X 10_15_7) AppleWebKit/537.36"
192.168.1.102 - - [12/May/2026:08:27:07 +0000] "GET /static/css/style.css HTTP/1.1" 200 1873 "https://example.com/" "Mozilla/5.0 (Macintosh; Intel Mac OS X 10_15_7) AppleWebKit/537.36"
10.0.1.100 - - [12/May/2026:08:26:49 +0000] "GET /api/users HTTP/1.1" 200 27259 "https://example.com/" "curl/7.68.0"
192.168.1.102 - - [12/May/2026:08:32:11 +0000] "GET /api/search HTTP/1.1" 200 9232 "-" "Python-urllib/3.8"
192.168.1.101 - - [12/May/2026:08:48:20 +0000] "GET / HTTP/1.1" 200 2229 "https://example.com/" "curl/7.68.0"
198.51.100.23 - - [12/May/2026:08:59:27 +0000] "GET /admin/login HTTP/1.1" 349 10055 "https://example.com/" "Mozilla/5.0 (X11; Linux x86_64) AppleWebKit/537.36"
198.51.100.23 - - [12/May/2026:09:01:33 +0000] "GET /static/css/style.css HTTP/1.1" 200 17634 "https://example.com/" "Python-urllib/3.8"
10.0.0.51 - - [12/May/2026:09:22:48 +0000] "GET /index.html HTTP/1.1" 200 34433 "https://example.com/" "Mozilla/5.0 (Windows NT 10.0; Win64; x64) AppleWebKit/537.36"
203.0.113.45 - - [12/May/2026:09:22:11 +0000] "GET /api/search HTTP/1.1" 200 41181 "-" "Mozilla/5.0 (X11; Linux x86_64) AppleWebKit/537.36"
172.16.0.20 - - [12/May/2026:09:22:54 +0000] "GET /api/users HTTP/1.1" 200 35304 "-" "Mozilla/5.0 (Windows NT 10.0; Win64; x64) AppleWebKit/537.36"
93.184.216.34 - - [12/May/2026:09:41:43 +0000] "POST /api/users HTTP/1.1" 200 18248 "https://example.com/" "Python-urllib/3.8"
192.168.1.100 - - [12/May/2026:09:45:45 +0000] "GET / HTTP/1.1" 200 43241 "-" "curl/7.68.0"
203.0.113.45 - - [12/May/2026:09:57:34 +0000] "GET / HTTP/1.1" 200 22672 "https://example.com/" "Mozilla/5.0 (Macintosh; Intel Mac OS X 10_15_7) AppleWebKit/537.36"
192.168.1.101 - - [12/May/2026:10:09:12 +0000] "GET /static/css/style.css HTTP/1.1" 200 9095 "-" "Mozilla/5.0 (X11; Linux x86_64) AppleWebKit/537.36"
10.0.0.50 - - [12/May/2026:10:13:36 +0000] "GET /static/js/app.js HTTP/1.1" 200 48581 "-" "curl/7.68.0"
10.0.0.51 - - [12/May/2026:10:22:45 +0000] "GET /static/css/style.css HTTP/1.1" 200 27520 "https://example.com/" "Mozilla/5.0 (Windows NT 10.0; Win64; x64) AppleWebKit/537.36"
10.0.1.100 - - [12/May/2026:10:29:28 +0000] "GET /index.html HTTP/1.1" 200 22023 "-" "Mozilla/5.0 (X11; Linux x86_64) AppleWebKit/537.36"
192.168.1.101 - - [12/May/2026:10:30:19 +0000] "GET /api/products HTTP/1.1" 200 34054 "https://example.com/" "Mozilla/5.0 (X11; Linux x86_64) AppleWebKit/537.36"
192.168.1.101 - - [12/May/2026:10:54:00 +0000] "GET /api/search HTTP/1.1" 200 25825 "https://example.com/" "Mozilla/5.0 (Windows NT 10.0; Win64; x64) AppleWebKit/537.36"
192.168.1.102 - - [12/May/2026:10:50:15 +0000] "GET /index.html HTTP/1.1" 200 42526 "https://example.com/" "Mozilla/5.0 (Macintosh; Intel Mac OS X 10_15_7) AppleWebKit/537.36"
93.184.216.34 - - [12/May/2026:11:12:54 +0000] "POST /static/js/app.js HTTP/1.1" 200 39193 "https://example.com/" "Mozilla/5.0 (Windows NT 10.0; Win64; x64) AppleWebKit/537.36"
192.168.1.100 - - [12/May/2026:11:21:02 +0000] "GET /images/logo.png HTTP/1.1" 200 12327 "https://example.com/" "Mozilla/5.0 (Windows NT 10.0; Win64; x64) AppleWebKit/537.36"
203.0.113.45 - - [12/May/2026:11:21:37 +0000] "POST /index.html HTTP/1.1" 200 12946 "https://example.com/" "Mozilla/5.0 (Windows NT 10.0; Win64; x64) AppleWebKit/537.36"
93.184.216.34 - - [12/May/2026:11:30:54 +0000] "GET /index.html HTTP/1.1" 200 26072 "https://example.com/" "Mozilla/5.0 (Windows NT 10.0; Win64; x64) AppleWebKit/537.36"
10.0.1.100 - - [12/May/2026:11:49:59 +0000] "GET /images/logo.png HTTP/1.1" 200 39410 "https://example.com/" "curl/7.68.0"
10.0.1.100 - - [12/May/2026:11:45:23 +0000] "GET /images/logo.png HTTP/1.1" 200 26447 "-" "curl/7.68.0"
